<html>
<body>
<pre>
<h1>µVision Build Log</h1>
<h2>Tool Versions:</h2>
IDE-Version: µVision V5.38.0.0
Copyright (C) 2022 ARM Ltd and ARM Germany GmbH. All rights reserved.
License Information: Nguyen Minh Quang, None, LIC=KRMW3-AP64H-74IS0-BPCME-PN104-DMAS4
 
Tool Versions:
Toolchain:       MDK-ARM Plus  Version: 5.38.0.0
Toolchain Path:  C:\Keil_v5\ARM\ARMCLANG\Bin
C Compiler:      ArmClang.exe V6.19
Assembler:       Armasm.exe V6.19
Linker/Locator:  ArmLink.exe V6.19
Library Manager: ArmAr.exe V6.19
Hex Converter:   FromElf.exe V6.19
CPU DLL:         SARMCM3.DLL V5.38.0.0
Dialog DLL:      DCM.DLL V1.17.5.0
Target DLL:      STLink\ST-LINKIII-KEIL_SWO.dll V3.1.0.0
Dialog DLL:      TARMSTM.DLL V1.67.1.0
 
<h2>Project:</h2>
E:\Local Github\BluePill_GPIO\PROJECT\BluePill_GPIO.uvprojx
Project File Date:  10/14/2023

<h2>Output:</h2>
*** Using Compiler 'V6.19', folder: 'C:\Keil_v5\ARM\ARMCLANG\Bin'
Build target 'Target 1'
../USER/main.c(1): warning: In file included from...
../USER/GPIO.h(3): warning: In file included from...
../USER/COMMON.h(965): warning: incompatible redeclaration of library function 'memcmp' [-Wincompatible-library-redeclaration]
bool memcmp(unsigned char* Str1, unsigned char* Str2, uint8_t len);
     ^
../USER/COMMON.h(965): note: 'memcmp' is a builtin with type 'int (const void *, const void *, unsigned int)'
../USER/main.c(12): warning: // comments are not allowed in this language [-Wcomment]
#define XGOFFS_TC        0x00 // Bit 7 PWR_MODE, bits 6:1 XG_OFFS_TC, bit 0 OTP_BNK_VLD                 
                              ^
../USER/main.c(126): warning: 'MPU6050_ADDRESS' macro redefined [-Wmacro-redefined]
#define MPU6050_ADDRESS  0x68
        ^
../USER/MPU6050.h(35): note: previous definition is here
#define MPU6050_ADDRESS                         MPU6050_ADDR
        ^
../USER/main.c(148): warning: no previous extern declaration for non-static variable 'Gscale' [-Wmissing-variable-declarations]
int Gscale = GFS_250DPS;
    ^
../USER/main.c(148): note: declare 'static' if the variable is not intended to be used outside of this translation unit
int Gscale = GFS_250DPS;
^
../USER/main.c(149): warning: no previous extern declaration for non-static variable 'Ascale' [-Wmissing-variable-declarations]
int Ascale = AFS_2G;
    ^
../USER/main.c(149): note: declare 'static' if the variable is not intended to be used outside of this translation unit
int Ascale = AFS_2G;
^
../USER/main.c(156): warning: no previous extern declaration for non-static variable 'gyroBias' [-Wmissing-variable-declarations]
double gyroBias[3] = {0, 0, 0}, 
       ^
../USER/main.c(156): note: declare 'static' if the variable is not intended to be used outside of this translation unit
double gyroBias[3] = {0, 0, 0}, 
^
../USER/main.c(157): warning: no previous extern declaration for non-static variable 'accelBias' [-Wmissing-variable-declarations]
accelBias[3] = {0, 0, 0};
^
../USER/main.c(156): note: declare 'static' if the variable is not intended to be used outside of this translation unit
double gyroBias[3] = {0, 0, 0}, 
^
../USER/main.c(162): warning: no previous extern declaration for non-static variable 'delt_t' [-Wmissing-variable-declarations]
uint32_t delt_t = 0;
         ^
../USER/main.c(162): note: declare 'static' if the variable is not intended to be used outside of this translation unit
uint32_t delt_t = 0;
^
../USER/COMMON.h(73): note: expanded from macro 'uint32_t'
        #define uint32_t        int
                                ^
../USER/main.c(163): warning: no previous extern declaration for non-static variable 'count' [-Wmissing-variable-declarations]
uint32_t count = 0;
         ^
../USER/main.c(163): note: declare 'static' if the variable is not intended to be used outside of this translation unit
uint32_t count = 0;
^
../USER/COMMON.h(73): note: expanded from macro 'uint32_t'
        #define uint32_t        int
                                ^
../USER/main.c(171): warning: no previous extern declaration for non-static variable 'deltat' [-Wmissing-variable-declarations]
double deltat = 0.0;                              // integration interval for both filter schemes
       ^
../USER/main.c(171): note: declare 'static' if the variable is not intended to be used outside of this translation unit
double deltat = 0.0;                              // integration interval for both filter schemes
^
../USER/main.c(172): warning: no previous extern declaration for non-static variable 'lastUpdate' [-Wmissing-variable-declarations]
uint32_t lastUpdate = 0, firstUpdate = 0;         // used to calculate integration interval
         ^
../USER/main.c(172): note: declare 'static' if the variable is not intended to be used outside of this translation unit
uint32_t lastUpdate = 0, firstUpdate = 0;         // used to calculate integration interval
^
../USER/COMMON.h(73): note: expanded from macro 'uint32_t'
        #define uint32_t        int
                                ^
../USER/main.c(172): warning: no previous extern declaration for non-static variable 'firstUpdate' [-Wmissing-variable-declarations]
uint32_t lastUpdate = 0, firstUpdate = 0;         // used to calculate integration interval
                         ^
../USER/main.c(172): note: declare 'static' if the variable is not intended to be used outside of this translation unit
uint32_t lastUpdate = 0, firstUpdate = 0;         // used to calculate integration interval
^
../USER/COMMON.h(73): note: expanded from macro 'uint32_t'
        #define uint32_t        int
                                ^
../USER/main.c(173): warning: no previous extern declaration for non-static variable 'Now' [-Wmissing-variable-declarations]
uint32_t Now = 0;                                 // used to calculate integration interval
         ^
../USER/main.c(173): note: declare 'static' if the variable is not intended to be used outside of this translation unit
uint32_t Now = 0;                                 // used to calculate integration interval
^
../USER/COMMON.h(73): note: expanded from macro 'uint32_t'
        #define uint32_t        int
                                ^
../USER/main.c(174): warning: no previous extern declaration for non-static variable 'q' [-Wmissing-variable-declarations]
double q[4] = {1.0, 0.0, 0.0, 0.0};            // vector to hold quaternion
       ^
../USER/main.c(174): note: declare 'static' if the variable is not intended to be used outside of this translation unit
double q[4] = {1.0, 0.0, 0.0, 0.0};            // vector to hold quaternion
^
../USER/main.c(179): warning: a function declaration without a prototype is deprecated in all versions of C [-Wstrict-prototypes]
void getGres();
            ^
             void
../USER/main.c(180): warning: a function declaration without a prototype is deprecated in all versions of C [-Wstrict-prototypes]
void getAres();
            ^
             void
../USER/main.c(183): warning: a function declaration without a prototype is deprecated in all versions of C [-Wstrict-prototypes]
uint16_t readTempData();
                     ^
                      void
../USER/main.c(184): warning: a function declaration without a prototype is deprecated in all versions of C [-Wstrict-prototypes]
void LowPowerAccelOnlyMPU6050();
                             ^
                              void
../USER/main.c(191): warning: no previous prototype for function 'writeByte' [-Wmissing-prototypes]
void writeByte(uint8_t address, uint8_t subAddress, uint8_t data)
     ^
../USER/main.c(191): note: declare 'static' if the function is not intended to be used outside of this translation unit
void writeByte(uint8_t address, uint8_t subAddress, uint8_t data)
^
static 
../USER/main.c(200): warning: no previous prototype for function 'millis' [-Wmissing-prototypes]
uint32_t millis(void) {
         ^
../USER/main.c(200): note: declare 'static' if the function is not intended to be used outside of this translation unit
uint32_t millis(void) {
^
static 
../USER/COMMON.h(73): note: expanded from macro 'uint32_t'
        #define uint32_t        int
                                ^
../USER/main.c(260): warning: implicit conversion changes signedness: 'unsigned int' to 'int' [-Wsign-conversion]
                Now = micros();
                    ~ ^~~~~~~~
../USER/main.c(210): warning: mixing declarations and code is a C99 extension [-Wdeclaration-after-statement]
        uint8_t c = readByte(MPU6050_ADDRESS, WHO_AM_I_MPU6050);  
                ^
../USER/main.c(278): warning: a function declaration without a prototype is deprecated in all versions of C [-Wstrict-prototypes]
void getGres() {
            ^
             void
../USER/main.c(278): warning: no previous prototype for function 'getGres' [-Wmissing-prototypes]
void getGres() {
     ^
../USER/main.c(179): note: this declaration is not a prototype; add 'void' to make it a prototype for a zero-parameter function
void getGres();
     ^
             void
../USER/main.c(296): warning: a function declaration without a prototype is deprecated in all versions of C [-Wstrict-prototypes]
void getAres() {
            ^
             void
../USER/main.c(296): warning: no previous prototype for function 'getAres' [-Wmissing-prototypes]
void getAres() {
     ^
../USER/main.c(180): note: this declaration is not a prototype; add 'void' to make it a prototype for a zero-parameter function
void getAres();
     ^
             void
../USER/main.c(333): warning: a function declaration without a prototype is deprecated in all versions of C [-Wstrict-prototypes]
uint16_t readTempData()
                     ^
                      void
../USER/main.c(337): warning: implicit conversion loses integer precision: 'int' to 'unsigned short' [-Wimplicit-int-conversion]
  return ((uint16_t)rawData[0]) << 8 | rawData[1] ;  // Turn the MSB and LSB into a 16-bit value
  ~~~~~~ ~~~~~~~~~~~~~~~~~~~~~~~~~~~~^~~~~~~~~~~~
../USER/main.c(333): warning: no previous prototype for function 'readTempData' [-Wmissing-prototypes]
uint16_t readTempData()
         ^
../USER/main.c(183): note: this declaration is not a prototype; add 'void' to make it a prototype for a zero-parameter function
uint16_t readTempData();
         ^
                      void
../USER/main.c(343): warning: a function declaration without a prototype is deprecated in all versions of C [-Wstrict-prototypes]
void LowPowerAccelOnlyMPU6050()
                             ^
                              void
../USER/main.c(343): warning: no previous prototype for function 'LowPowerAccelOnlyMPU6050' [-Wmissing-prototypes]
void LowPowerAccelOnlyMPU6050()
     ^
../USER/main.c(184): note: this declaration is not a prototype; add 'void' to make it a prototype for a zero-parameter function
void LowPowerAccelOnlyMPU6050();
     ^
                              void
../USER/main.c(396): warning: implicit conversion loses integer precision: 'int' to 'unsigned char' [-Wimplicit-int-conversion]
  writeByte(MPU6050_ADDRESS, GYRO_CONFIG, c | Gscale << 3);
  ~~~~~~~~~                               ~~^~~~~~~~~~~~~
../USER/main.c(401): warning: implicit conversion loses integer precision: 'int' to 'unsigned char' [-Wimplicit-int-conversion]
  writeByte(MPU6050_ADDRESS, ACCEL_CONFIG, c | Ascale << 3);
  ~~~~~~~~~                                ~~^~~~~~~~~~~~~
../USER/main.c(393): warning: mixing declarations and code is a C99 extension [-Wdeclaration-after-statement]
  uint8_t c =  readByte(MPU6050_ADDRESS, GYRO_CONFIG);
          ^
../USER/main.c(449): warning: implicit conversion loses integer precision: 'int' to 'unsigned short' [-Wimplicit-int-conversion]
  fifo_count = ((uint16_t)data[0] << 8) | data[1];
             ~ ~~~~~~~~~~~~~~~~~~~~~~~~~^~~~~~~~~
../USER/main.c(438): warning: mixing declarations and code is a C99 extension [-Wdeclaration-after-statement]
  uint16_t  gyrosensitivity  = 131;   // = 131 LSB/degrees/sec
            ^
../USER/main.c(575): warning: mixing declarations and code is a C99 extension [-Wdeclaration-after-statement]
   uint32_t i = 0U;
            ^
../USER/main.c(591): warning: declaration shadows a variable in the global scope [-Wshadow]
void readBytes(uint8_t address, uint8_t subAddress, uint8_t count, uint8_t * dest)
                                                            ^
../USER/main.c(163): note: previous declaration is here
uint32_t count = 0;
         ^
../USER/main.c(596): warning: declaration shadows a variable in the global scope [-Wshadow]
void MadgwickQuaternionUpdate(double ax, double ay, double az, double gx, double gy, double gz)
                                     ^
../USER/main.c(153): note: previous declaration is here
double ax, ay, az;    
       ^
../USER/main.c(596): warning: declaration shadows a variable in the global scope [-Wshadow]
void MadgwickQuaternionUpdate(double ax, double ay, double az, double gx, double gy, double gz)
                                                ^
../USER/main.c(153): note: previous declaration is here
double ax, ay, az;    
           ^
../USER/main.c(596): warning: declaration shadows a variable in the global scope [-Wshadow]
void MadgwickQuaternionUpdate(double ax, double ay, double az, double gx, double gy, double gz)
                                                           ^
../USER/main.c(153): note: previous declaration is here
double ax, ay, az;    
               ^
../USER/main.c(596): warning: declaration shadows a variable in the global scope [-Wshadow]
void MadgwickQuaternionUpdate(double ax, double ay, double az, double gx, double gy, double gz)
                                                                      ^
../USER/main.c(155): note: previous declaration is here
double gx, gy, gz;  
       ^
../USER/main.c(596): warning: declaration shadows a variable in the global scope [-Wshadow]
void MadgwickQuaternionUpdate(double ax, double ay, double az, double gx, double gy, double gz)
                                                                                 ^
../USER/main.c(155): note: previous declaration is here
double gx, gy, gz;  
           ^
../USER/main.c(596): warning: declaration shadows a variable in the global scope [-Wshadow]
void MadgwickQuaternionUpdate(double ax, double ay, double az, double gx, double gy, double gz)
                                                                                            ^
../USER/main.c(155): note: previous declaration is here
double gx, gy, gz;  
               ^
../USER/main.c(647): warning: variable 'gbiasx' is uninitialized when used here [-Wuninitialized]
            gbiasx += gerrx * deltat * zeta;
            ^~~~~~
../USER/main.c(604): note: initialize the variable 'gbiasx' to silence this warning
            double gerrx, gerry, gerrz, gbiasx, gbiasy, gbiasz; 
                                              ^
                                               = 0.0
../USER/main.c(648): warning: variable 'gbiasy' is uninitialized when used here [-Wuninitialized]
            gbiasy += gerry * deltat * zeta;
            ^~~~~~
../USER/main.c(604): note: initialize the variable 'gbiasy' to silence this warning
            double gerrx, gerry, gerrz, gbiasx, gbiasy, gbiasz; 
                                                      ^
                                                       = 0.0
../USER/main.c(649): warning: variable 'gbiasz' is uninitialized when used here [-Wuninitialized]
            gbiasz += gerrz * deltat * zeta;
            ^~~~~~
../USER/main.c(604): note: initialize the variable 'gbiasz' to silence this warning
            double gerrx, gerry, gerrz, gbiasx, gbiasy, gbiasz; 
                                                              ^
                                                               = 0.0
../USER/main.c(150): warning: no previous extern declaration for non-static variable 'aRes' [-Wmissing-variable-declarations]
double aRes, gRes;
       ^
../USER/main.c(150): note: declare 'static' if the variable is not intended to be used outside of this translation unit
double aRes, gRes;
^
../USER/main.c(150): warning: no previous extern declaration for non-static variable 'gRes' [-Wmissing-variable-declarations]
double aRes, gRes;
             ^
../USER/main.c(150): note: declare 'static' if the variable is not intended to be used outside of this translation unit
double aRes, gRes;
^
../USER/main.c(152): warning: no previous extern declaration for non-static variable 'accelCount' [-Wmissing-variable-declarations]
uint16_t accelCount[3]; 
         ^
../USER/main.c(152): note: declare 'static' if the variable is not intended to be used outside of this translation unit
uint16_t accelCount[3]; 
^
../USER/COMMON.h(71): note: expanded from macro 'uint16_t'
#define uint16_t        unsigned short int
                        ^
../USER/main.c(153): warning: no previous extern declaration for non-static variable 'ax' [-Wmissing-variable-declarations]
double ax, ay, az;    
       ^
../USER/main.c(153): note: declare 'static' if the variable is not intended to be used outside of this translation unit
double ax, ay, az;    
^
../USER/main.c(153): warning: no previous extern declaration for non-static variable 'ay' [-Wmissing-variable-declarations]
double ax, ay, az;    
           ^
../USER/main.c(153): note: declare 'static' if the variable is not intended to be used outside of this translation unit
double ax, ay, az;    
^
../USER/main.c(153): warning: no previous extern declaration for non-static variable 'az' [-Wmissing-variable-declarations]
double ax, ay, az;    
               ^
../USER/main.c(153): note: declare 'static' if the variable is not intended to be used outside of this translation unit
double ax, ay, az;    
^
../USER/main.c(154): warning: no previous extern declaration for non-static variable 'gyroCount' [-Wmissing-variable-declarations]
uint16_t gyroCount[3];  
         ^
../USER/main.c(154): note: declare 'static' if the variable is not intended to be used outside of this translation unit
uint16_t gyroCount[3];  
^
../USER/COMMON.h(71): note: expanded from macro 'uint16_t'
#define uint16_t        unsigned short int
                        ^
../USER/main.c(155): warning: no previous extern declaration for non-static variable 'gx' [-Wmissing-variable-declarations]
double gx, gy, gz;  
       ^
../USER/main.c(155): note: declare 'static' if the variable is not intended to be used outside of this translation unit
double gx, gy, gz;  
^
../USER/main.c(155): warning: no previous extern declaration for non-static variable 'gy' [-Wmissing-variable-declarations]
double gx, gy, gz;  
           ^
../USER/main.c(155): note: declare 'static' if the variable is not intended to be used outside of this translation unit
double gx, gy, gz;  
^
../USER/main.c(155): warning: no previous extern declaration for non-static variable 'gz' [-Wmissing-variable-declarations]
double gx, gy, gz;  
               ^
../USER/main.c(155): note: declare 'static' if the variable is not intended to be used outside of this translation unit
double gx, gy, gz;  
^
../USER/main.c(158): warning: no previous extern declaration for non-static variable 'tempCount' [-Wmissing-variable-declarations]
uint16_t tempCount;
         ^
../USER/main.c(158): note: declare 'static' if the variable is not intended to be used outside of this translation unit
uint16_t tempCount;
^
../USER/COMMON.h(71): note: expanded from macro 'uint16_t'
#define uint16_t        unsigned short int
                        ^
../USER/main.c(159): warning: no previous extern declaration for non-static variable 'temperature' [-Wmissing-variable-declarations]
double temperature;
       ^
../USER/main.c(159): note: declare 'static' if the variable is not intended to be used outside of this translation unit
double temperature;
^
../USER/main.c(160): warning: no previous extern declaration for non-static variable 'SelfTest' [-Wmissing-variable-declarations]
double SelfTest[6];
       ^
../USER/main.c(160): note: declare 'static' if the variable is not intended to be used outside of this translation unit
double SelfTest[6];
^
../USER/main.c(166): warning: no previous extern declaration for non-static variable 'GyroMeasError' [-Wmissing-variable-declarations]
double GyroMeasError;
       ^
../USER/main.c(166): note: declare 'static' if the variable is not intended to be used outside of this translation unit
double GyroMeasError;
^
../USER/main.c(167): warning: no previous extern declaration for non-static variable 'beta' [-Wmissing-variable-declarations]
double beta;
       ^
../USER/main.c(167): note: declare 'static' if the variable is not intended to be used outside of this translation unit
double beta;
^
../USER/main.c(168): warning: no previous extern declaration for non-static variable 'GyroMeasDrift' [-Wmissing-variable-declarations]
double GyroMeasDrift;
       ^
../USER/main.c(168): note: declare 'static' if the variable is not intended to be used outside of this translation unit
double GyroMeasDrift;
^
../USER/main.c(169): warning: no previous extern declaration for non-static variable 'zeta' [-Wmissing-variable-declarations]
double zeta;
       ^
../USER/main.c(169): note: declare 'static' if the variable is not intended to be used outside of this translation unit
double zeta;
^
../USER/main.c(170): warning: no previous extern declaration for non-static variable 'pitch' [-Wmissing-variable-declarations]
double pitch, yaw, roll;
       ^
../USER/main.c(170): note: declare 'static' if the variable is not intended to be used outside of this translation unit
double pitch, yaw, roll;
^
../USER/main.c(170): warning: no previous extern declaration for non-static variable 'yaw' [-Wmissing-variable-declarations]
double pitch, yaw, roll;
              ^
../USER/main.c(170): note: declare 'static' if the variable is not intended to be used outside of this translation unit
double pitch, yaw, roll;
^
../USER/main.c(170): warning: no previous extern declaration for non-static variable 'roll' [-Wmissing-variable-declarations]
double pitch, yaw, roll;
                   ^
../USER/main.c(170): note: declare 'static' if the variable is not intended to be used outside of this translation unit
double pitch, yaw, roll;
^
67 warnings generated.
compiling main.c...
linking...
Program Size: Code=19076 RO-data=652 RW-data=32 ZI-data=2072  
".\Objects\BluePill_GPIO.axf" - 0 Error(s), 67 Warning(s).

<h2>Software Packages used:</h2>

Package Vendor: ARM
                http://www.keil.com/pack/ARM.CMSIS.5.9.0.pack
                ARM.CMSIS.5.9.0
                CMSIS (Common Microcontroller Software Interface Standard)
   * Component: CORE Version: 5.6.0

Package Vendor: Keil
                https://www.keil.com/pack/Keil.STM32F1xx_DFP.2.4.1.pack
                Keil.STM32F1xx_DFP.2.4.1
                STMicroelectronics STM32F1 Series Device Support, Drivers and Examples
   * Component: GPIO Version: 1.3
   * Component: Startup Version: 1.0.0
   * Component: Framework Version: 3.6.0
   * Component: GPIO Version: 3.6.0
   * Component: RCC Version: 3.6.0

<h2>Collection of Component include folders:</h2>
  ./RTE/Device/STM32F103C8
  ./RTE/_Target_1
  C:/Users/nguye/AppData/Local/Arm/Packs/ARM/CMSIS/5.9.0/CMSIS/Core/Include
  C:/Users/nguye/AppData/Local/Arm/Packs/Keil/STM32F1xx_DFP/2.4.1/Device/Include
  C:/Users/nguye/AppData/Local/Arm/Packs/Keil/STM32F1xx_DFP/2.4.1/Device/StdPeriph_Driver/inc
  C:/Users/nguye/AppData/Local/Arm/Packs/Keil/STM32F1xx_DFP/2.4.1/RTE_Driver

<h2>Collection of Component Files used:</h2>

   * Component: ARM::CMSIS:CORE:5.6.0

   * Component: Keil::Device:GPIO:1.3
      Source file:   RTE_Driver/GPIO_STM32F10x.c
      Include file:  RTE_Driver/GPIO_STM32F10x.h

   * Component: Keil::Device:Startup:1.0.0
      Source file:   Device/Source/ARM/STM32F1xx_OPT.s
      Source file:   Device/Source/ARM/startup_stm32f10x_md.s
      Source file:   Device/Source/system_stm32f10x.c
      Include file:  RTE_Driver/Config/RTE_Device.h

   * Component: Keil::Device:StdPeriph Drivers:Framework:3.6.0
      Source file:   Device/StdPeriph_Driver/templates/stm32f10x_it.c
      Source file:   Device/StdPeriph_Driver/src/misc.c
      Source file:   Device/StdPeriph_Driver/templates/stm32f10x_conf.h
      Include file:  Device/StdPeriph_Driver/inc/misc.h
      Include file:  Device/StdPeriph_Driver/templates/stm32f10x_it.h

   * Component: Keil::Device:StdPeriph Drivers:GPIO:3.6.0
      Include file:  Device/StdPeriph_Driver/inc/stm32f10x_gpio.h
      Source file:   Device/StdPeriph_Driver/src/stm32f10x_gpio.c

   * Component: Keil::Device:StdPeriph Drivers:RCC:3.6.0
      Include file:  Device/StdPeriph_Driver/inc/stm32f10x_rcc.h
      Source file:   Device/StdPeriph_Driver/src/stm32f10x_rcc.c
Build Time Elapsed:  00:00:03
</pre>
</body>
</html>
