<html>
<body>
<pre>
<h1>µVision Build Log</h1>
<h2>Tool Versions:</h2>
IDE-Version: µVision V5.38.0.0
Copyright (C) 2022 ARM Ltd and ARM Germany GmbH. All rights reserved.
License Information: Nguyen Minh Quang, None, LIC=KRMW3-AP64H-74IS0-BPCME-PN104-DMAS4
 
Tool Versions:
Toolchain:       MDK-ARM Plus  Version: 5.38.0.0
Toolchain Path:  C:\Keil_v5\ARM\ARMCLANG\Bin
C Compiler:      ArmClang.exe V6.19
Assembler:       Armasm.exe V6.19
Linker/Locator:  ArmLink.exe V6.19
Library Manager: ArmAr.exe V6.19
Hex Converter:   FromElf.exe V6.19
CPU DLL:         SARMCM3.DLL V5.38.0.0
Dialog DLL:      DCM.DLL V1.17.5.0
Target DLL:      STLink\ST-LINKIII-KEIL_SWO.dll V3.1.0.0
Dialog DLL:      TARMSTM.DLL V1.67.1.0
 
<h2>Project:</h2>
F:\Stm32F1_Quadcopter\BluePill_GPIO\PROJECT\BluePill_GPIO.uvprojx
Project File Date:  12/07/2023

<h2>Output:</h2>
*** Using Compiler 'V6.19', folder: 'C:\Keil_v5\ARM\ARMCLANG\Bin'
Build target 'Target 1'
../USER/MPU6050.c(29): warning: no previous extern declaration for non-static variable 'Pitch_Acc' [-Wmissing-variable-declarations]
 double Pitch_Acc = 0.0;
        ^
../USER/MPU6050.c(29): note: declare 'static' if the variable is not intended to be used outside of this translation unit
 double Pitch_Acc = 0.0;
 ^
../USER/MPU6050.c(30): warning: no previous extern declaration for non-static variable 'Roll_Acc' [-Wmissing-variable-declarations]
 double Roll_Acc = 0.0;
        ^
../USER/MPU6050.c(30): note: declare 'static' if the variable is not intended to be used outside of this translation unit
 double Roll_Acc = 0.0;
 ^
../USER/MPU6050.c(51): warning: no previous extern declaration for non-static variable 'firstStart' [-Wmissing-variable-declarations]
bool firstStart = TRUE;
     ^
../USER/MPU6050.c(51): note: declare 'static' if the variable is not intended to be used outside of this translation unit
bool firstStart = TRUE;
^
../USER/COMMON.h(75): note: expanded from macro 'bool'
#define bool            uint8_t
                        ^
../USER/COMMON.h(70): note: expanded from macro 'uint8_t'
#define uint8_t         unsigned char
                        ^
../USER/MPU6050.c(98): warning: // comments are not allowed in this language [-Wcomment]
        //Gyro_Pitch_Raw        -= Gyro_Pitch_Offset;
        ^
../USER/MPU6050.c(145): warning: mixing declarations and code is a C99 extension [-Wdeclaration-after-statement]
        uint32_t Gyro_Pitch_Cal = 0;
                 ^
../USER/MPU6050.c(48): warning: no previous extern declaration for non-static variable 'angle_pitch_output' [-Wmissing-variable-declarations]
double angle_pitch_output;
       ^
../USER/MPU6050.c(48): note: declare 'static' if the variable is not intended to be used outside of this translation unit
double angle_pitch_output;
^
../USER/MPU6050.c(49): warning: no previous extern declaration for non-static variable 'angle_roll_output' [-Wmissing-variable-declarations]
double angle_roll_output;
       ^
../USER/MPU6050.c(49): note: declare 'static' if the variable is not intended to be used outside of this translation unit
double angle_roll_output;
^
../USER/MPU6050.c(36): warning: unused variable 'Temp_Pitch_Gyro' [-Wunused-variable]
static double Temp_Pitch_Gyro = 0.0;
              ^
../USER/MPU6050.c(37): warning: unused variable 'Temp_Roll_Gyro' [-Wunused-variable]
static double Temp_Roll_Gyro = 0.0;
              ^
../USER/MPU6050.c(38): warning: unused variable 'Temp_Yaw_Gyro' [-Wunused-variable]
static double Temp_Yaw_Gyro = 0.0;
              ^
../USER/MPU6050.c(55): warning: unused function 'abs' [-Wunused-function]
static double abs(double value) {
              ^
11 warnings generated.
compiling MPU6050.c...
linking...
Program Size: Code=20124 RO-data=644 RW-data=12 ZI-data=2172  
".\Objects\BluePill_GPIO.axf" - 0 Error(s), 11 Warning(s).

<h2>Software Packages used:</h2>

Package Vendor: ARM
                http://www.keil.com/pack/ARM.CMSIS.5.9.0.pack
                ARM.CMSIS.5.9.0
                CMSIS (Common Microcontroller Software Interface Standard)
   * Component: CORE Version: 5.6.0

Package Vendor: Keil
                https://www.keil.com/pack/Keil.STM32F1xx_DFP.2.4.1.pack
                Keil.STM32F1xx_DFP.2.4.1
                STMicroelectronics STM32F1 Series Device Support, Drivers and Examples
   * Component: GPIO Version: 1.3
   * Component: Startup Version: 1.0.0
   * Component: Framework Version: 3.6.0
   * Component: GPIO Version: 3.6.0
   * Component: RCC Version: 3.6.0

<h2>Collection of Component include folders:</h2>
  ./RTE/Device/STM32F103C8
  ./RTE/_Target_1
  C:/Users/nguye/AppData/Local/Arm/Packs/ARM/CMSIS/5.9.0/CMSIS/Core/Include
  C:/Users/nguye/AppData/Local/Arm/Packs/Keil/STM32F1xx_DFP/2.4.1/Device/Include
  C:/Users/nguye/AppData/Local/Arm/Packs/Keil/STM32F1xx_DFP/2.4.1/Device/StdPeriph_Driver/inc
  C:/Users/nguye/AppData/Local/Arm/Packs/Keil/STM32F1xx_DFP/2.4.1/RTE_Driver

<h2>Collection of Component Files used:</h2>

   * Component: ARM::CMSIS:CORE:5.6.0

   * Component: Keil::Device:GPIO:1.3
      Source file:   RTE_Driver/GPIO_STM32F10x.c
      Include file:  RTE_Driver/GPIO_STM32F10x.h

   * Component: Keil::Device:Startup:1.0.0
      Source file:   Device/Source/system_stm32f10x.c
      Source file:   Device/Source/ARM/STM32F1xx_OPT.s
      Source file:   Device/Source/ARM/startup_stm32f10x_md.s
      Include file:  RTE_Driver/Config/RTE_Device.h

   * Component: Keil::Device:StdPeriph Drivers:Framework:3.6.0
      Include file:  Device/StdPeriph_Driver/templates/stm32f10x_it.h
      Source file:   Device/StdPeriph_Driver/templates/stm32f10x_it.c
      Source file:   Device/StdPeriph_Driver/src/misc.c
      Include file:  Device/StdPeriph_Driver/inc/misc.h
      Source file:   Device/StdPeriph_Driver/templates/stm32f10x_conf.h

   * Component: Keil::Device:StdPeriph Drivers:GPIO:3.6.0
      Include file:  Device/StdPeriph_Driver/inc/stm32f10x_gpio.h
      Source file:   Device/StdPeriph_Driver/src/stm32f10x_gpio.c

   * Component: Keil::Device:StdPeriph Drivers:RCC:3.6.0
      Include file:  Device/StdPeriph_Driver/inc/stm32f10x_rcc.h
      Source file:   Device/StdPeriph_Driver/src/stm32f10x_rcc.c
Build Time Elapsed:  00:00:01
</pre>
</body>
</html>
