Component: Arm Compiler for Embedded 6.19 Tool: armlink [5e73cb00]

==============================================================================

Section Cross References

    main.o(.text.writeByte) refers to i2c.o(.text.I2C2_Start) for I2C2_Start
    main.o(.text.writeByte) refers to i2c.o(.text.I2C2_CallAdress) for I2C2_CallAdress
    main.o(.text.writeByte) refers to i2c.o(.text.I2C2_Write) for I2C2_Write
    main.o(.text.writeByte) refers to i2c.o(.text.I2C2_Stop) for I2C2_Stop
    main.o(.ARM.exidx.text.writeByte) refers to main.o(.text.writeByte) for [Anonymous Symbol]
    main.o(.text.millis) refers to clock.o(.text.micros) for micros
    main.o(.ARM.exidx.text.millis) refers to main.o(.text.millis) for [Anonymous Symbol]
    main.o(.text.main) refers to common.o(.rodata.pi) for pi
    main.o(.text.main) refers to dmul.o(x$fpl$dmul) for __aeabi_dmul
    main.o(.text.main) refers to main.o(.bss.GyroMeasError) for GyroMeasError
    main.o(.text.main) refers to sqrt.o(i.sqrt) for sqrt
    main.o(.text.main) refers to main.o(.bss.beta) for beta
    main.o(.text.main) refers to main.o(.bss.GyroMeasDrift) for GyroMeasDrift
    main.o(.text.main) refers to main.o(.bss.zeta) for zeta
    main.o(.text.main) refers to clock.o(.text.CLOCK_SystickInit) for CLOCK_SystickInit
    main.o(.text.main) refers to i2c.o(.text.I2C2_Init) for I2C2_Init
    main.o(.text.main) refers to main.o(.text.readByte) for readByte
    main.o(.text.main) refers to main.o(.bss.SelfTest) for SelfTest
    main.o(.text.main) refers to main.o(.text.MPU6050SelfTest) for MPU6050SelfTest
    main.o(.text.main) refers to dcmp.o(x$fpl$fcmp) for __aeabi_dcmpge
    main.o(.text.main) refers to common.o(.text.delay) for delay
    main.o(.text.main) refers to main.o(.bss.gyroBias) for gyroBias
    main.o(.text.main) refers to main.o(.bss.accelBias) for accelBias
    main.o(.text.main) refers to main.o(.text.calibrateMPU6050) for calibrateMPU6050
    main.o(.text.main) refers to main.o(.text.initMPU6050) for initMPU6050
    main.o(.text.main) refers to i2c.o(.text.I2C2_Start) for I2C2_Start
    main.o(.text.main) refers to i2c.o(.text.I2C2_CallAdress) for I2C2_CallAdress
    main.o(.text.main) refers to i2c.o(.text.I2C2_Write) for I2C2_Write
    main.o(.text.main) refers to i2c.o(.text.I2C2_Read) for I2C2_Read
    main.o(.text.main) refers to i2c.o(.text.I2C2_Stop) for I2C2_Stop
    main.o(.text.main) refers to main.o(.bss.accelCount) for accelCount
    main.o(.text.main) refers to main.o(.text.getAres) for getAres
    main.o(.text.main) refers to dflt_clz.o(x$fpl$dfltu) for __aeabi_ui2d
    main.o(.text.main) refers to main.o(.bss.aRes) for aRes
    main.o(.text.main) refers to main.o(.bss.ax) for ax
    main.o(.text.main) refers to main.o(.bss.ay) for ay
    main.o(.text.main) refers to main.o(.bss.az) for az
    main.o(.text.main) refers to main.o(.bss.gyroCount) for gyroCount
    main.o(.text.main) refers to main.o(.text.getGres) for getGres
    main.o(.text.main) refers to main.o(.bss.gRes) for gRes
    main.o(.text.main) refers to main.o(.bss.gx) for gx
    main.o(.text.main) refers to main.o(.bss.gy) for gy
    main.o(.text.main) refers to main.o(.bss.gz) for gz
    main.o(.text.main) refers to clock.o(.text.micros) for micros
    main.o(.text.main) refers to main.o(.bss.Now) for Now
    main.o(.text.main) refers to main.o(.bss.lastUpdate) for lastUpdate
    main.o(.text.main) refers to dflt_clz.o(x$fpl$dflt) for __aeabi_i2d
    main.o(.text.main) refers to ddiv.o(x$fpl$ddiv) for __aeabi_ddiv
    main.o(.text.main) refers to main.o(.bss.deltat) for deltat
    main.o(.text.main) refers to main.o(.text.MadgwickQuaternionUpdate) for MadgwickQuaternionUpdate
    main.o(.text.main) refers to main.o(.text.millis) for millis
    main.o(.text.main) refers to main.o(.bss.count) for count
    main.o(.text.main) refers to main.o(.bss.delt_t) for delt_t
    main.o(.text.main) refers to main.o(.data.q) for q
    main.o(.text.main) refers to daddsub_clz.o(x$fpl$dadd) for __aeabi_dadd
    main.o(.text.main) refers to daddsub_clz.o(x$fpl$dsub) for __aeabi_dsub
    main.o(.text.main) refers to atan2.o(i.atan2) for atan2
    main.o(.text.main) refers to main.o(.bss.yaw) for yaw
    main.o(.text.main) refers to asin.o(i.asin) for asin
    main.o(.text.main) refers to main.o(.bss.pitch) for pitch
    main.o(.text.main) refers to main.o(.bss.roll) for roll
    main.o(.ARM.exidx.text.main) refers to main.o(.text.main) for [Anonymous Symbol]
    main.o(.text.readByte) refers to i2c.o(.text.I2C2_ReadDevice) for I2C2_ReadDevice
    main.o(.ARM.exidx.text.readByte) refers to main.o(.text.readByte) for [Anonymous Symbol]
    main.o(.text.MPU6050SelfTest) refers to main.o(.text.writeByte) for writeByte
    main.o(.text.MPU6050SelfTest) refers to common.o(.text.delay) for delay
    main.o(.text.MPU6050SelfTest) refers to main.o(.text.readByte) for readByte
    main.o(.text.MPU6050SelfTest) refers to dflt_clz.o(x$fpl$dfltu) for __aeabi_ui2d
[...]
    Removing gpio.o(.text.GPIO_SetInterrupt), (318 bytes).
    Removing gpio.o(.ARM.exidx.text.GPIO_SetInterrupt), (8 bytes).
    Removing gpio.o(.text.GPIO_SetPWMMeasurement), (398 bytes).
    Removing gpio.o(.ARM.exidx.text.GPIO_SetPWMMeasurement), (8 bytes).
    Removing gpio.o(.text.GPIO_GetPWM), (10 bytes).
    Removing gpio.o(.ARM.exidx.text.GPIO_GetPWM), (8 bytes).
    Removing gpio.o(.ARM.exidx.text.TIM2_IRQHandler), (8 bytes).
    Removing gpio.o(.ARM.exidx.text.TIM3_IRQHandler), (8 bytes).
    Removing common.o(.text), (0 bytes).
    Removing common.o(.ARM.exidx.text.delay), (8 bytes).
    Removing common.o(.text.map), (50 bytes).
    Removing common.o(.ARM.exidx.text.map), (8 bytes).
    Removing common.o(.text.NVIC_EnableIRQ), (36 bytes).
    Removing common.o(.ARM.exidx.text.NVIC_EnableIRQ), (8 bytes).
    Removing common.o(.ARM.exidx.text.NVIC_SetPriority), (8 bytes).
    Removing common.o(.text.memcmp), (92 bytes).
    Removing common.o(.ARM.exidx.text.memcmp), (8 bytes).
    Removing uart.o(.text), (0 bytes).
    Removing uart.o(.text.UART1_Init), (324 bytes).
    Removing uart.o(.ARM.exidx.text.UART1_Init), (8 bytes).
    Removing uart.o(.text.UART1_EnaleReceiveIRQ), (34 bytes).
    Removing uart.o(.ARM.exidx.text.UART1_EnaleReceiveIRQ), (8 bytes).
    Removing uart.o(.text.UART1_sendByte), (46 bytes).
    Removing uart.o(.ARM.exidx.text.UART1_sendByte), (8 bytes).
    Removing uart.o(.text.UART1_sendStr), (36 bytes).
    Removing uart.o(.ARM.exidx.text.UART1_sendStr), (8 bytes).
    Removing uart.o(.text.UART1_sendNum), (214 bytes).
    Removing uart.o(.ARM.exidx.text.UART1_sendNum), (8 bytes).
    Removing uart.o(.ARM.exidx.ram), (8 bytes).
    Removing clock.o(.text), (0 bytes).
    Removing clock.o(.text.CLOCK_ExternCrystal72Mhz), (204 bytes).
    Removing clock.o(.ARM.exidx.text.CLOCK_ExternCrystal72Mhz), (8 bytes).
    Removing clock.o(.ARM.exidx.text.CLOCK_SystickInit), (8 bytes).
    Removing clock.o(.ARM.exidx.text.SysTick_Handler), (8 bytes).
    Removing clock.o(.ARM.exidx.text.micros), (8 bytes).
    Removing vectable.o(.text), (0 bytes).
    Removing vectable.o(.text.VEC_TABLE_MoveVECTAB), (86 bytes).
    Removing vectable.o(.ARM.exidx.text.VEC_TABLE_MoveVECTAB), (8 bytes).
    Removing vectable.o(.bss.ui32vectorTable_RAM), (960 bytes).
    Removing i2c.o(.text), (0 bytes).
    Removing i2c.o(.text.I2C1_Init), (168 bytes).
    Removing i2c.o(.ARM.exidx.text.I2C1_Init), (8 bytes).
    Removing i2c.o(.text.I2C1_Start), (46 bytes).
    Removing i2c.o(.ARM.exidx.text.I2C1_Start), (8 bytes).
    Removing i2c.o(.text.I2C1_Write), (68 bytes).
    Removing i2c.o(.ARM.exidx.text.I2C1_Write), (8 bytes).
    Removing i2c.o(.text.I2C1_CallAdress), (80 bytes).
    Removing i2c.o(.ARM.exidx.text.I2C1_CallAdress), (8 bytes).
    Removing i2c.o(.text.I2C1_Stop), (18 bytes).
    Removing i2c.o(.ARM.exidx.text.I2C1_Stop), (8 bytes).
    Removing i2c.o(.text.I2C1_MultiWrite), (114 bytes).
    Removing i2c.o(.ARM.exidx.text.I2C1_MultiWrite), (8 bytes).
    Removing i2c.o(.ARM.exidx.text.I2C2_Init), (8 bytes).
    Removing i2c.o(.ARM.exidx.text.I2C2_Start), (8 bytes).
    Removing i2c.o(.ARM.exidx.text.I2C2_Write), (8 bytes).
    Removing i2c.o(.ARM.exidx.text.I2C2_Read1Byte), (8 bytes).
    Removing i2c.o(.ARM.exidx.text.I2C2_CallAdress), (8 bytes).
    Removing i2c.o(.ARM.exidx.text.I2C2_Stop), (8 bytes).
    Removing i2c.o(.text.I2C2_MultiWrite), (92 bytes).
    Removing i2c.o(.ARM.exidx.text.I2C2_MultiWrite), (8 bytes).
    Removing i2c.o(.ARM.exidx.text.I2C2_Read), (8 bytes).
    Removing i2c.o(.text.I2C2_WriteToDevice), (56 bytes).
    Removing i2c.o(.ARM.exidx.text.I2C2_WriteToDevice), (8 bytes).
    Removing i2c.o(.ARM.exidx.text.I2C2_ReadDevice), (8 bytes).
    Removing i2c.o(.text.I2C2_WriteBit), (114 bytes).
    Removing i2c.o(.ARM.exidx.text.I2C2_WriteBit), (8 bytes).
    Removing i2c.o(.text.I2C2_CheckDevice), (132 bytes).
    Removing i2c.o(.ARM.exidx.text.I2C2_CheckDevice), (8 bytes).
    Removing ex_eeprom.o(.text), (0 bytes).
    Removing ex_eeprom.o(.text.EEPROM_CheckDevice), (40 bytes).
    Removing ex_eeprom.o(.ARM.exidx.text.EEPROM_CheckDevice), (8 bytes).
    Removing ex_eeprom.o(.text.EEPROM_Write), (70 bytes).
    Removing ex_eeprom.o(.ARM.exidx.text.EEPROM_Write), (8 bytes).
    Removing ex_eeprom.o(.text.EEPROM_Read), (90 bytes).
    Removing ex_eeprom.o(.ARM.exidx.text.EEPROM_Read), (8 bytes).
    Removing pid.o(.text), (0 bytes).
    Removing pid.o(.text.PID_Calculate), (10 bytes).
    Removing pid.o(.ARM.exidx.text.PID_Calculate), (8 bytes).
    Removing pid.o(.text.PID_GetPwm), (10 bytes).
    Removing pid.o(.ARM.exidx.text.PID_GetPwm), (8 bytes).
    Removing pid.o(.bss.PID_Pwm), (8 bytes).
    Removing misc.o(.text), (0 bytes).
    Removing misc.o(.text.NVIC_PriorityGroupConfig), (28 bytes).
    Removing misc.o(.ARM.exidx.text.NVIC_PriorityGroupConfig), (8 bytes).
    Removing misc.o(.text.NVIC_Init), (170 bytes).
    Removing misc.o(.ARM.exidx.text.NVIC_Init), (8 bytes).
    Removing misc.o(.text.NVIC_SetVectorTable), (36 bytes).
    Removing misc.o(.ARM.exidx.text.NVIC_SetVectorTable), (8 bytes).
    Removing misc.o(.text.NVIC_SystemLPConfig), (62 bytes).
    Removing misc.o(.ARM.exidx.text.NVIC_SystemLPConfig), (8 bytes).
    Removing misc.o(.text.SysTick_CLKSourceConfig), (52 bytes).
    Removing misc.o(.ARM.exidx.text.SysTick_CLKSourceConfig), (8 bytes).
    Removing stm32f10x_gpio.o(.text), (0 bytes).
    Removing stm32f10x_gpio.o(.text.GPIO_DeInit), (276 bytes).
    Removing stm32f10x_gpio.o(.ARM.exidx.text.GPIO_DeInit), (8 bytes).
    Removing stm32f10x_gpio.o(.text.GPIO_AFIODeInit), (26 bytes).
    Removing stm32f10x_gpio.o(.ARM.exidx.text.GPIO_AFIODeInit), (8 bytes).
    Removing stm32f10x_gpio.o(.text.GPIO_Init), (390 bytes).
    Removing stm32f10x_gpio.o(.ARM.exidx.text.GPIO_Init), (8 bytes).
    Removing stm32f10x_gpio.o(.text.GPIO_StructInit), (28 bytes).
    Removing stm32f10x_gpio.o(.ARM.exidx.text.GPIO_StructInit), (8 bytes).
    Removing stm32f10x_gpio.o(.text.GPIO_ReadInputDataBit), (52 bytes).
    Removing stm32f10x_gpio.o(.ARM.exidx.text.GPIO_ReadInputDataBit), (8 bytes).
    Removing stm32f10x_gpio.o(.text.GPIO_ReadInputData), (14 bytes).
    Removing stm32f10x_gpio.o(.ARM.exidx.text.GPIO_ReadInputData), (8 bytes).
    Removing stm32f10x_gpio.o(.text.GPIO_ReadOutputDataBit), (52 bytes).
    Removing stm32f10x_gpio.o(.ARM.exidx.text.GPIO_ReadOutputDataBit), (8 bytes).
    Removing stm32f10x_gpio.o(.text.GPIO_ReadOutputData), (14 bytes).
    Removing stm32f10x_gpio.o(.ARM.exidx.text.GPIO_ReadOutputData), (8 bytes).
    Removing stm32f10x_gpio.o(.text.GPIO_SetBits), (20 bytes).
    Removing stm32f10x_gpio.o(.ARM.exidx.text.GPIO_SetBits), (8 bytes).
    Removing stm32f10x_gpio.o(.text.GPIO_ResetBits), (20 bytes).
    Removing stm32f10x_gpio.o(.ARM.exidx.text.GPIO_ResetBits), (8 bytes).
    Removing stm32f10x_gpio.o(.text.GPIO_WriteBit), (44 bytes).
    Removing stm32f10x_gpio.o(.ARM.exidx.text.GPIO_WriteBit), (8 bytes).
    Removing stm32f10x_gpio.o(.text.GPIO_Write), (20 bytes).
    Removing stm32f10x_gpio.o(.ARM.exidx.text.GPIO_Write), (8 bytes).
    Removing stm32f10x_gpio.o(.text.GPIO_PinLockConfig), (60 bytes).
    Removing stm32f10x_gpio.o(.ARM.exidx.text.GPIO_PinLockConfig), (8 bytes).
    Removing stm32f10x_gpio.o(.text.GPIO_EventOutputConfig), (64 bytes).
    Removing stm32f10x_gpio.o(.ARM.exidx.text.GPIO_EventOutputConfig), (8 bytes).
    Removing stm32f10x_gpio.o(.text.GPIO_EventOutputCmd), (22 bytes).
    Removing stm32f10x_gpio.o(.ARM.exidx.text.GPIO_EventOutputCmd), (8 bytes).
    Removing stm32f10x_gpio.o(.text.GPIO_PinRemapConfig), (250 bytes).
    Removing stm32f10x_gpio.o(.ARM.exidx.text.GPIO_PinRemapConfig), (8 bytes).
    Removing stm32f10x_gpio.o(.text.GPIO_EXTILineConfig), (84 bytes).
    Removing stm32f10x_gpio.o(.ARM.exidx.text.GPIO_EXTILineConfig), (8 bytes).
    Removing stm32f10x_gpio.o(.text.GPIO_ETH_MediaInterfaceConfig), (18 bytes).
    Removing stm32f10x_gpio.o(.ARM.exidx.text.GPIO_ETH_MediaInterfaceConfig), (8 bytes).
    Removing stm32f10x_rcc.o(.text), (0 bytes).
    Removing stm32f10x_rcc.o(.text.RCC_DeInit), (82 bytes).
    Removing stm32f10x_rcc.o(.ARM.exidx.text.RCC_DeInit), (8 bytes).
    Removing stm32f10x_rcc.o(.text.RCC_HSEConfig), (92 bytes).
    Removing stm32f10x_rcc.o(.ARM.exidx.text.RCC_HSEConfig), (8 bytes).
    Removing stm32f10x_rcc.o(.text.RCC_WaitForHSEStartUp), (108 bytes).
    Removing stm32f10x_rcc.o(.ARM.exidx.text.RCC_WaitForHSEStartUp), (8 bytes).
    Removing stm32f10x_rcc.o(.text.RCC_GetFlagStatus), (130 bytes).
    Removing stm32f10x_rcc.o(.ARM.exidx.text.RCC_GetFlagStatus), (8 bytes).
    Removing stm32f10x_rcc.o(.text.RCC_AdjustHSICalibrationValue), (50 bytes).
    Removing stm32f10x_rcc.o(.ARM.exidx.text.RCC_AdjustHSICalibrationValue), (8 bytes).
    Removing stm32f10x_rcc.o(.text.RCC_HSICmd), (22 bytes).
    Removing stm32f10x_rcc.o(.ARM.exidx.text.RCC_HSICmd), (8 bytes).
    Removing stm32f10x_rcc.o(.text.RCC_PLLConfig), (50 bytes).
    Removing stm32f10x_rcc.o(.ARM.exidx.text.RCC_PLLConfig), (8 bytes).
    Removing stm32f10x_rcc.o(.text.RCC_PLLCmd), (22 bytes).
    Removing stm32f10x_rcc.o(.ARM.exidx.text.RCC_PLLCmd), (8 bytes).
    Removing stm32f10x_rcc.o(.text.RCC_SYSCLKConfig), (44 bytes).
    Removing stm32f10x_rcc.o(.ARM.exidx.text.RCC_SYSCLKConfig), (8 bytes).
    Removing stm32f10x_rcc.o(.text.RCC_GetSYSCLKSource), (16 bytes).
    Removing stm32f10x_rcc.o(.ARM.exidx.text.RCC_GetSYSCLKSource), (8 bytes).
    Removing stm32f10x_rcc.o(.text.RCC_HCLKConfig), (44 bytes).
    Removing stm32f10x_rcc.o(.ARM.exidx.text.RCC_HCLKConfig), (8 bytes).
    Removing stm32f10x_rcc.o(.text.RCC_PCLK1Config), (44 bytes).
    Removing stm32f10x_rcc.o(.ARM.exidx.text.RCC_PCLK1Config), (8 bytes).
    Removing stm32f10x_rcc.o(.text.RCC_PCLK2Config), (46 bytes).
    Removing stm32f10x_rcc.o(.ARM.exidx.text.RCC_PCLK2Config), (8 bytes).
    Removing stm32f10x_rcc.o(.text.RCC_ITConfig), (62 bytes).
    Removing stm32f10x_rcc.o(.ARM.exidx.text.RCC_ITConfig), (8 bytes).
    Removing stm32f10x_rcc.o(.text.RCC_USBCLKConfig), (18 bytes).
    Removing stm32f10x_rcc.o(.ARM.exidx.text.RCC_USBCLKConfig), (8 bytes).
    Removing stm32f10x_rcc.o(.text.RCC_ADCCLKConfig), (44 bytes).
    Removing stm32f10x_rcc.o(.ARM.exidx.text.RCC_ADCCLKConfig), (8 bytes).
    Removing stm32f10x_rcc.o(.text.RCC_LSEConfig), (76 bytes).
    Removing stm32f10x_rcc.o(.ARM.exidx.text.RCC_LSEConfig), (8 bytes).
    Removing stm32f10x_rcc.o(.text.RCC_LSICmd), (24 bytes).
    Removing stm32f10x_rcc.o(.ARM.exidx.text.RCC_LSICmd), (8 bytes).
    Removing stm32f10x_rcc.o(.text.RCC_RTCCLKConfig), (24 bytes).
    Removing stm32f10x_rcc.o(.ARM.exidx.text.RCC_RTCCLKConfig), (8 bytes).
    Removing stm32f10x_rcc.o(.text.RCC_RTCCLKCmd), (24 bytes).
    Removing stm32f10x_rcc.o(.ARM.exidx.text.RCC_RTCCLKCmd), (8 bytes).
    Removing stm32f10x_rcc.o(.text.RCC_GetClocksFreq), (370 bytes).
    Removing stm32f10x_rcc.o(.ARM.exidx.text.RCC_GetClocksFreq), (8 bytes).
    Removing stm32f10x_rcc.o(.text.RCC_AHBPeriphClockCmd), (56 bytes).
    Removing stm32f10x_rcc.o(.ARM.exidx.text.RCC_AHBPeriphClockCmd), (8 bytes).
    Removing stm32f10x_rcc.o(.text.RCC_APB2PeriphClockCmd), (56 bytes).
    Removing stm32f10x_rcc.o(.ARM.exidx.text.RCC_APB2PeriphClockCmd), (8 bytes).
    Removing stm32f10x_rcc.o(.text.RCC_APB1PeriphClockCmd), (56 bytes).
    Removing stm32f10x_rcc.o(.ARM.exidx.text.RCC_APB1PeriphClockCmd), (8 bytes).
    Removing stm32f10x_rcc.o(.text.RCC_APB2PeriphResetCmd), (56 bytes).
    Removing stm32f10x_rcc.o(.ARM.exidx.text.RCC_APB2PeriphResetCmd), (8 bytes).
    Removing stm32f10x_rcc.o(.text.RCC_APB1PeriphResetCmd), (56 bytes).
    Removing stm32f10x_rcc.o(.ARM.exidx.text.RCC_APB1PeriphResetCmd), (8 bytes).
    Removing stm32f10x_rcc.o(.text.RCC_BackupResetCmd), (24 bytes).
    Removing stm32f10x_rcc.o(.ARM.exidx.text.RCC_BackupResetCmd), (8 bytes).
    Removing stm32f10x_rcc.o(.text.RCC_ClockSecuritySystemCmd), (22 bytes).
    Removing stm32f10x_rcc.o(.ARM.exidx.text.RCC_ClockSecuritySystemCmd), (8 bytes).
    Removing stm32f10x_rcc.o(.text.RCC_MCOConfig), (24 bytes).
    Removing stm32f10x_rcc.o(.ARM.exidx.text.RCC_MCOConfig), (8 bytes).
    Removing stm32f10x_rcc.o(.text.RCC_ClearFlag), (18 bytes).
    Removing stm32f10x_rcc.o(.ARM.exidx.text.RCC_ClearFlag), (8 bytes).
    Removing stm32f10x_rcc.o(.text.RCC_GetITStatus), (56 bytes).
    Removing stm32f10x_rcc.o(.ARM.exidx.text.RCC_GetITStatus), (8 bytes).
    Removing stm32f10x_rcc.o(.text.RCC_ClearITPendingBit), (24 bytes).
    Removing stm32f10x_rcc.o(.ARM.exidx.text.RCC_ClearITPendingBit), (8 bytes).
    Removing stm32f10x_rcc.o(.rodata.APBAHBPrescTable), (16 bytes).
    Removing stm32f10x_rcc.o(.rodata.ADCPrescTable), (4 bytes).
    Removing gpio_stm32f10x.o(.text), (0 bytes).
    Removing gpio_stm32f10x.o(.text.GPIO_PortClock), (528 bytes).
    Removing gpio_stm32f10x.o(.ARM.exidx.text.GPIO_PortClock), (8 bytes).
    Removing gpio_stm32f10x.o(.text.GPIO_GetPortClockState), (284 bytes).
    Removing gpio_stm32f10x.o(.ARM.exidx.text.GPIO_GetPortClockState), (8 bytes).
    Removing gpio_stm32f10x.o(.text.GPIO_PinConfigure), (222 bytes).
    Removing gpio_stm32f10x.o(.ARM.exidx.text.GPIO_PinConfigure), (8 bytes).
    Removing gpio_stm32f10x.o(.text.GPIO_AFConfigure), (228 bytes).
    Removing gpio_stm32f10x.o(.ARM.exidx.text.GPIO_AFConfigure), (8 bytes).
    Removing system_stm32f10x.o(.text), (0 bytes).
    Removing system_stm32f10x.o(.ARM.exidx.text.SystemInit), (8 bytes).
    Removing system_stm32f10x.o(.ARM.exidx.text.SetSysClock), (8 bytes).
    Removing system_stm32f10x.o(.text.SystemCoreClockUpdate), (290 bytes).
    Removing system_stm32f10x.o(.ARM.exidx.text.SystemCoreClockUpdate), (8 bytes).
    Removing system_stm32f10x.o(.ARM.exidx.text.SetSysClockTo72), (8 bytes).
    Removing system_stm32f10x.o(.data.SystemCoreClock), (4 bytes).
    Removing system_stm32f10x.o(.rodata.AHBPrescTable), (16 bytes).

261 unused section(s) (total 14280 bytes) removed from the image.

==============================================================================

Image Symbol Table

    Local Symbols

    Symbol Name                              Value     Ov Type        Size  Object(Section)

    ../clib/angel/boardlib.s                 0x00000000   Number         0  boardinit1.o ABSOLUTE
    ../clib/angel/boardlib.s                 0x00000000   Number         0  boardinit2.o ABSOLUTE
    ../clib/angel/boardlib.s                 0x00000000   Number         0  boardinit3.o ABSOLUTE
    ../clib/angel/boardlib.s                 0x00000000   Number         0  boardshut.o ABSOLUTE
    ../clib/angel/handlers.s                 0x00000000   Number         0  __scatter_copy.o ABSOLUTE
    ../clib/angel/handlers.s                 0x00000000   Number         0  __scatter_zi.o ABSOLUTE
    ../clib/angel/kernel.s                   0x00000000   Number         0  __rtentry.o ABSOLUTE
    ../clib/angel/kernel.s                   0x00000000   Number         0  __rtentry2.o ABSOLUTE
    ../clib/angel/kernel.s                   0x00000000   Number         0  __rtentry4.o ABSOLUTE
    ../clib/angel/kernel.s                   0x00000000   Number         0  rtexit.o ABSOLUTE
    ../clib/angel/kernel.s                   0x00000000   Number         0  rtexit2.o ABSOLUTE
    ../clib/angel/rt.s                       0x00000000   Number         0  rt_errno_addr.o ABSOLUTE
    ../clib/angel/rt.s                       0x00000000   Number         0  rt_errno_addr_intlibspace.o ABSOLUTE
    ../clib/angel/rt.s                       0x00000000   Number         0  rt_raise.o ABSOLUTE
    ../clib/angel/scatter.s                  0x00000000   Number         0  __scatter.o ABSOLUTE
    ../clib/angel/startup.s                  0x00000000   Number         0  __main.o ABSOLUTE
    ../clib/angel/sys.s                      0x00000000   Number         0  libspace.o ABSOLUTE
    ../clib/angel/sys.s                      0x00000000   Number         0  sys_stackheap_outer.o ABSOLUTE
    ../clib/angel/sys.s                      0x00000000   Number         0  use_no_semi.o ABSOLUTE
    ../clib/angel/sys.s                      0x00000000   Number         0  indicate_semi.o ABSOLUTE
    ../clib/angel/sysapp.c                   0x00000000   Number         0  sys_exit.o ABSOLUTE
    ../clib/angel/sysapp.c                   0x00000000   Number         0  sys_exit_hlt.o ABSOLUTE
    ../clib/angel/sysapp.c                   0x00000000   Number         0  sys_command.o ABSOLUTE
    ../clib/angel/sysapp.c                   0x00000000   Number         0  sys_command_hlt.o ABSOLUTE
    ../clib/angel/sysapp.c                   0x00000000   Number         0  sys_wrch.o ABSOLUTE
    ../clib/angel/sysapp.c                   0x00000000   Number         0  sys_wrch_hlt.o ABSOLUTE
    ../clib/armsys.c                         0x00000000   Number         0  argv_veneer.o ABSOLUTE
    ../clib/armsys.c                         0x00000000   Number         0  argv_veneer.o ABSOLUTE
    ../clib/armsys.c                         0x00000000   Number         0  _get_argv_nomalloc.o ABSOLUTE
    ../clib/armsys.c                         0x00000000   Number         0  no_argv.o ABSOLUTE
    ../clib/fenv.c                           0x00000000   Number         0  _rserrno.o ABSOLUTE
    ../clib/heapalloc.c                      0x00000000   Number         0  hrguard.o ABSOLUTE
    ../clib/heapaux.c                        0x00000000   Number         0  heapauxi.o ABSOLUTE
    ../clib/libinit.s                        0x00000000   Number         0  libinit.o ABSOLUTE
    ../clib/libinit.s                        0x00000000   Number         0  libinit2.o ABSOLUTE
    ../clib/libinit.s                        0x00000000   Number         0  libshutdown.o ABSOLUTE
    ../clib/libinit.s                        0x00000000   Number         0  libshutdown2.o ABSOLUTE
    ../clib/signal.c                         0x00000000   Number         0  defsig_rtmem_outer.o ABSOLUTE
    ../clib/signal.c                         0x00000000   Number         0  defsig_rtmem_formal.o ABSOLUTE
    ../clib/signal.c                         0x00000000   Number         0  defsig_exit.o ABSOLUTE
    ../clib/signal.c                         0x00000000   Number         0  defsig_rtmem_inner.o ABSOLUTE
    ../clib/signal.c                         0x00000000   Number         0  __raise.o ABSOLUTE
    ../clib/signal.c                         0x00000000   Number         0  defsig_general.o ABSOLUTE
    ../clib/signal.c                         0x00000000   Number         0  defsig_abrt_inner.o ABSOLUTE
    ../clib/signal.c                         0x00000000   Number         0  defsig_fpe_inner.o ABSOLUTE
    ../clib/signal.c                         0x00000000   Number         0  defsig_rtred_inner.o ABSOLUTE
    ../clib/signal.c                         0x00000000   Number         0  defsig_stak_inner.o ABSOLUTE
    ../clib/signal.c                         0x00000000   Number         0  defsig_pvfn_inner.o ABSOLUTE
    ../clib/signal.c                         0x00000000   Number         0  defsig_cppl_inner.o ABSOLUTE
    ../clib/signal.c                         0x00000000   Number         0  defsig_segv_inner.o ABSOLUTE
    ../clib/signal.c                         0x00000000   Number         0  defsig_other.o ABSOLUTE
    ../clib/signal.s                         0x00000000   Number         0  defsig.o ABSOLUTE
    ../clib/stdlib.c                         0x00000000   Number         0  exit.o ABSOLUTE
    ../fplib/daddsub.s                       0x00000000   Number         0  daddsub_clz.o ABSOLUTE
    ../fplib/dcheck1.s                       0x00000000   Number         0  dcheck1.o ABSOLUTE
    ../fplib/dcmp.s                          0x00000000   Number         0  dcmp.o ABSOLUTE
    ../fplib/dcmpi.s                         0x00000000   Number         0  dcmpi.o ABSOLUTE
    ../fplib/ddiv.s                          0x00000000   Number         0  ddiv.o ABSOLUTE
    ../fplib/deqf.s                          0x00000000   Number         0  deqf.o ABSOLUTE
    ../fplib/dflt.s                          0x00000000   Number         0  dflt_clz.o ABSOLUTE
    ../fplib/dgeqf.s                         0x00000000   Number         0  dgeqf.o ABSOLUTE
    ../fplib/dleqf.s                         0x00000000   Number         0  dleqf.o ABSOLUTE
    ../fplib/dmul.s                          0x00000000   Number         0  dmul.o ABSOLUTE
    ../fplib/dnaninf.s                       0x00000000   Number         0  dnaninf.o ABSOLUTE
    ../fplib/dretinf.s                       0x00000000   Number         0  dretinf.o ABSOLUTE
    ../fplib/drleqf.s                        0x00000000   Number         0  drleqf.o ABSOLUTE
    ../fplib/dsqrt.s                         0x00000000   Number         0  dsqrt_noumaal.o ABSOLUTE
    ../fplib/fpinit.s                        0x00000000   Number         0  fpinit.o ABSOLUTE
    ../fplib/fpinit_empty.s                  0x00000000   Number         0  fpinit_empty.o ABSOLUTE
    ../fplib/retnan.s                        0x00000000   Number         0  retnan.o ABSOLUTE
    ../fplib/scalbn.s                        0x00000000   Number         0  scalbn.o ABSOLUTE
    ../fplib/trapv.s                         0x00000000   Number         0  trapv.o ABSOLUTE
    ../fplib/usenofp.s                       0x00000000   Number         0  usenofp.o ABSOLUTE
    ../mathlib/asin.c                        0x00000000   Number         0  asin.o ABSOLUTE
    ../mathlib/atan.c                        0x00000000   Number         0  atan.o ABSOLUTE
    ../mathlib/atan2.c                       0x00000000   Number         0  atan2.o ABSOLUTE
    ../mathlib/dunder.c                      0x00000000   Number         0  dunder.o ABSOLUTE
    ../mathlib/fpclassify.c                  0x00000000   Number         0  fpclassify.o ABSOLUTE
    ../mathlib/poly.c                        0x00000000   Number         0  poly.o ABSOLUTE
    ../mathlib/pow.c                         0x00000000   Number         0  pow.o ABSOLUTE
    ../mathlib/qnan.c                        0x00000000   Number         0  qnan.o ABSOLUTE
    ../mathlib/sqrt.c                        0x00000000   Number         0  sqrt.o ABSOLUTE
    CLOCK.c                                  0x00000000   Number         0  clock.o ABSOLUTE
    COMMON.c                                 0x00000000   Number         0  common.o ABSOLUTE
    EX_EEPROM.c                              0x00000000   Number         0  ex_eeprom.o ABSOLUTE
    GPIO.c                                   0x00000000   Number         0  gpio.o ABSOLUTE
    GPIO_STM32F10x.c                         0x00000000   Number         0  gpio_stm32f10x.o ABSOLUTE
    I2C.c                                    0x00000000   Number         0  i2c.o ABSOLUTE
    PID.c                                    0x00000000   Number         0  pid.o ABSOLUTE
    RTE/Device/STM32F103C8/startup_stm32f10x_md.s 0x00000000   Number         0  startup_stm32f10x_md.o ABSOLUTE
    UART.c                                   0x00000000   Number         0  uart.o ABSOLUTE
    VECTABLE.c                               0x00000000   Number         0  vectable.o ABSOLUTE
    dc.s                                     0x00000000   Number         0  dc.o ABSOLUTE
    main.c                                   0x00000000   Number         0  main.o ABSOLUTE
    misc.c                                   0x00000000   Number         0  misc.o ABSOLUTE
    stm32f10x_gpio.c                         0x00000000   Number         0  stm32f10x_gpio.o ABSOLUTE
    stm32f10x_rcc.c                          0x00000000   Number         0  stm32f10x_rcc.o ABSOLUTE
    system_stm32f10x.c                       0x00000000   Number         0  system_stm32f10x.o ABSOLUTE
    RESET                                    0x08000000   Section      236  startup_stm32f10x_md.o(RESET)
    !!!main                                  0x080000ec   Section        8  __main.o(!!!main)
    !!!scatter                               0x080000f4   Section       52  __scatter.o(!!!scatter)
    !!handler_copy                           0x08000128   Section       26  __scatter_copy.o(!!handler_copy)
    !!handler_zi                             0x08000144   Section       28  __scatter_zi.o(!!handler_zi)
    .ARM.Collect$$libinit$$00000000          0x08000160   Section        2  libinit.o(.ARM.Collect$$libinit$$00000000)
    .ARM.Collect$$libinit$$00000002          0x08000162   Section        0  libinit2.o(.ARM.Collect$$libinit$$00000002)
    .ARM.Collect$$libinit$$00000004          0x08000162   Section        0  libinit2.o(.ARM.Collect$$libinit$$00000004)
    .ARM.Collect$$libinit$$00000006          0x08000162   Section        0  libinit2.o(.ARM.Collect$$libinit$$00000006)
    .ARM.Collect$$libinit$$0000000C          0x08000162   Section        0  libinit2.o(.ARM.Collect$$libinit$$0000000C)
    .ARM.Collect$$libinit$$0000000E          0x08000162   Section        0  libinit2.o(.ARM.Collect$$libinit$$0000000E)
    .ARM.Collect$$libinit$$00000010          0x08000162   Section        0  libinit2.o(.ARM.Collect$$libinit$$00000010)
    .ARM.Collect$$libinit$$00000013          0x08000162   Section        0  libinit2.o(.ARM.Collect$$libinit$$00000013)
    .ARM.Collect$$libinit$$00000015          0x08000162   Section        0  libinit2.o(.ARM.Collect$$libinit$$00000015)
    .ARM.Collect$$libinit$$00000017          0x08000162   Section        0  libinit2.o(.ARM.Collect$$libinit$$00000017)
    .ARM.Collect$$libinit$$00000019          0x08000162   Section        0  libinit2.o(.ARM.Collect$$libinit$$00000019)
    .ARM.Collect$$libinit$$0000001B          0x08000162   Section        0  libinit2.o(.ARM.Collect$$libinit$$0000001B)
    .ARM.Collect$$libinit$$0000001D          0x08000162   Section        0  libinit2.o(.ARM.Collect$$libinit$$0000001D)
    .ARM.Collect$$libinit$$0000001F          0x08000162   Section        0  libinit2.o(.ARM.Collect$$libinit$$0000001F)
    .ARM.Collect$$libinit$$00000021          0x08000162   Section        0  libinit2.o(.ARM.Collect$$libinit$$00000021)
    .ARM.Collect$$libinit$$00000023          0x08000162   Section        0  libinit2.o(.ARM.Collect$$libinit$$00000023)
    .ARM.Collect$$libinit$$00000025          0x08000162   Section        0  libinit2.o(.ARM.Collect$$libinit$$00000025)
    .ARM.Collect$$libinit$$00000027          0x08000162   Section        0  libinit2.o(.ARM.Collect$$libinit$$00000027)
    .ARM.Collect$$libinit$$0000002E          0x08000162   Section        0  libinit2.o(.ARM.Collect$$libinit$$0000002E)
    .ARM.Collect$$libinit$$00000030          0x08000162   Section        0  libinit2.o(.ARM.Collect$$libinit$$00000030)
    .ARM.Collect$$libinit$$00000032          0x08000162   Section        0  libinit2.o(.ARM.Collect$$libinit$$00000032)
    .ARM.Collect$$libinit$$00000034          0x08000162   Section        0  libinit2.o(.ARM.Collect$$libinit$$00000034)
    .ARM.Collect$$libinit$$00000035          0x08000162   Section        2  libinit2.o(.ARM.Collect$$libinit$$00000035)
    .ARM.Collect$$libshutdown$$00000000      0x08000164   Section        2  libshutdown.o(.ARM.Collect$$libshutdown$$00000000)
    .ARM.Collect$$libshutdown$$00000002      0x08000166   Section        0  libshutdown2.o(.ARM.Collect$$libshutdown$$00000002)
    .ARM.Collect$$libshutdown$$00000004      0x08000166   Section        0  libshutdown2.o(.ARM.Collect$$libshutdown$$00000004)
    .ARM.Collect$$libshutdown$$00000007      0x08000166   Section        0  libshutdown2.o(.ARM.Collect$$libshutdown$$00000007)
    .ARM.Collect$$libshutdown$$0000000A      0x08000166   Section        0  libshutdown2.o(.ARM.Collect$$libshutdown$$0000000A)
    .ARM.Collect$$libshutdown$$0000000C      0x08000166   Section        0  libshutdown2.o(.ARM.Collect$$libshutdown$$0000000C)
    .ARM.Collect$$libshutdown$$0000000F      0x08000166   Section        0  libshutdown2.o(.ARM.Collect$$libshutdown$$0000000F)
    .ARM.Collect$$libshutdown$$00000010      0x08000166   Section        2  libshutdown2.o(.ARM.Collect$$libshutdown$$00000010)
    .ARM.Collect$$rtentry$$00000000          0x08000168   Section        0  __rtentry.o(.ARM.Collect$$rtentry$$00000000)
    .ARM.Collect$$rtentry$$00000002          0x08000168   Section        0  __rtentry2.o(.ARM.Collect$$rtentry$$00000002)
    .ARM.Collect$$rtentry$$00000004          0x08000168   Section        6  __rtentry4.o(.ARM.Collect$$rtentry$$00000004)
    .ARM.Collect$$rtentry$$00000009          0x0800016e   Section        0  __rtentry2.o(.ARM.Collect$$rtentry$$00000009)
    .ARM.Collect$$rtentry$$0000000A          0x0800016e   Section        4  __rtentry2.o(.ARM.Collect$$rtentry$$0000000A)
    .ARM.Collect$$rtentry$$0000000C          0x08000172   Section        0  __rtentry2.o(.ARM.Collect$$rtentry$$0000000C)
    .ARM.Collect$$rtentry$$0000000D          0x08000172   Section        8  __rtentry2.o(.ARM.Collect$$rtentry$$0000000D)
    .ARM.Collect$$rtexit$$00000000           0x0800017a   Section        2  rtexit.o(.ARM.Collect$$rtexit$$00000000)
    .ARM.Collect$$rtexit$$00000002           0x0800017c   Section        0  rtexit2.o(.ARM.Collect$$rtexit$$00000002)
    .ARM.Collect$$rtexit$$00000003           0x0800017c   Section        4  rtexit2.o(.ARM.Collect$$rtexit$$00000003)
    .ARM.Collect$$rtexit$$00000004           0x08000180   Section        6  rtexit2.o(.ARM.Collect$$rtexit$$00000004)
    [Anonymous Symbol]                       0x08000188   Section        0  uart.o(.ram)
    .text                                    0x08000210   Section       64  startup_stm32f10x_md.o(.text)
    .text                                    0x08000250   Section        0  heapauxi.o(.text)
    .text                                    0x08000256   Section        0  _rserrno.o(.text)
    .text                                    0x0800026c   Section        8  rt_errno_addr_intlibspace.o(.text)
    .text                                    0x08000274   Section        8  libspace.o(.text)
    .text                                    0x0800027c   Section       74  sys_stackheap_outer.o(.text)
    .text                                    0x080002c6   Section        0  exit.o(.text)
    .text                                    0x080002d8   Section        0  sys_exit.o(.text)
    .text                                    0x080002e4   Section        2  use_no_semi.o(.text)
    .text                                    0x080002e6   Section        0  indicate_semi.o(.text)
    [Anonymous Symbol]                       0x080002e8   Section        0  clock.o(.text.CLOCK_SystickInit)
    [Anonymous Symbol]                       0x0800033c   Section        0  gpio.o(.text.GPIO_SetOutPut)
    [Anonymous Symbol]                       0x080009fc   Section        0  i2c.o(.text.I2C2_CallAdress)
    [Anonymous Symbol]                       0x08000a4c   Section        0  i2c.o(.text.I2C2_Init)
    [Anonymous Symbol]                       0x08000af4   Section        0  i2c.o(.text.I2C2_Read)
    [Anonymous Symbol]                       0x08000bb4   Section        0  i2c.o(.text.I2C2_Read1Byte)
    [Anonymous Symbol]                       0x08000bd8   Section        0  i2c.o(.text.I2C2_ReadDevice)
    [Anonymous Symbol]                       0x08000c24   Section        0  i2c.o(.text.I2C2_Start)
    [Anonymous Symbol]                       0x08000c54   Section        0  i2c.o(.text.I2C2_Stop)
    [Anonymous Symbol]                       0x08000c70   Section        0  i2c.o(.text.I2C2_Write)
    [Anonymous Symbol]                       0x08000cb4   Section        0  main.o(.text.MPU6050SelfTest)
    [Anonymous Symbol]                       0x08000f2c   Section        0  main.o(.text.MadgwickQuaternionUpdate)
    [Anonymous Symbol]                       0x08001984   Section        0  common.o(.text.NVIC_SetPriority)
    SetSysClock                              0x080019cd   Thumb Code     8  system_stm32f10x.o(.text.SetSysClock)
    [Anonymous Symbol]                       0x080019cc   Section        0  system_stm32f10x.o(.text.SetSysClock)
    SetSysClockTo72                          0x080019d5   Thumb Code   290  system_stm32f10x.o(.text.SetSysClockTo72)
    [Anonymous Symbol]                       0x080019d4   Section        0  system_stm32f10x.o(.text.SetSysClockTo72)
    [Anonymous Symbol]                       0x08001af8   Section        0  clock.o(.text.SysTick_Handler)
    [Anonymous Symbol]                       0x08001b10   Section        0  system_stm32f10x.o(.text.SystemInit)
    [Anonymous Symbol]                       0x08001b78   Section        0  gpio.o(.text.TIM2_IRQHandler)
    [Anonymous Symbol]                       0x08001c7c   Section        0  gpio.o(.text.TIM3_IRQHandler)
    [Anonymous Symbol]                       0x08001d54   Section        0  main.o(.text.calibrateMPU6050)
    [Anonymous Symbol]                       0x080022d0   Section        0  common.o(.text.delay)
    [Anonymous Symbol]                       0x080022f4   Section        0  main.o(.text.getAres)
    [Anonymous Symbol]                       0x0800236c   Section        0  main.o(.text.getGres)
    [Anonymous Symbol]                       0x080023ec   Section        0  main.o(.text.initMPU6050)
    [Anonymous Symbol]                       0x080024c4   Section        0  main.o(.text.main)
    [Anonymous Symbol]                       0x08002bd0   Section        0  clock.o(.text.micros)
    [Anonymous Symbol]                       0x08002c00   Section        0  main.o(.text.millis)
    [Anonymous Symbol]                       0x08002c18   Section        0  main.o(.text.readByte)
    [Anonymous Symbol]                       0x08002c40   Section        0  main.o(.text.readBytes)
    [Anonymous Symbol]                       0x08002c68   Section        0  main.o(.text.writeByte)
    i.__ARM_fpclassify                       0x08002ca0   Section        0  fpclassify.o(i.__ARM_fpclassify)
    i.__kernel_poly                          0x08002cc8   Section        0  poly.o(i.__kernel_poly)
    i.__mathlib_dbl_divzero                  0x08002d74   Section        0  dunder.o(i.__mathlib_dbl_divzero)
    i.__mathlib_dbl_infnan                   0x08002d84   Section        0  dunder.o(i.__mathlib_dbl_infnan)
    i.__mathlib_dbl_infnan2                  0x08002d8a   Section        0  dunder.o(i.__mathlib_dbl_infnan2)
    i.__mathlib_dbl_invalid                  0x08002d8e   Section        0  dunder.o(i.__mathlib_dbl_invalid)
    i.__mathlib_dbl_overflow                 0x08002d9a   Section        0  dunder.o(i.__mathlib_dbl_overflow)
    i.__mathlib_dbl_underflow                0x08002da8   Section        0  dunder.o(i.__mathlib_dbl_underflow)
    i.asin                                   0x08002db8   Section        0  asin.o(i.asin)
    i.atan                                   0x08003028   Section        0  atan.o(i.atan)
    i.atan2                                  0x08003248   Section        0  atan2.o(i.atan2)
    i.pow                                    0x080033e4   Section        0  pow.o(i.pow)
    i.sqrt                                   0x08003dd0   Section        0  sqrt.o(i.sqrt)
    x$fpl$dadd                               0x08003e1c   Section      336  daddsub_clz.o(x$fpl$dadd)
    _dadd1                                   0x08003e2d   Thumb Code     0  daddsub_clz.o(x$fpl$dadd)
    x$fpl$dcheck1                            0x08003f6c   Section       16  dcheck1.o(x$fpl$dcheck1)
    x$fpl$dcmpinf                            0x08003f7c   Section       24  dcmpi.o(x$fpl$dcmpinf)
    x$fpl$ddiv                               0x08003f94   Section      692  ddiv.o(x$fpl$ddiv)
    ddiv_entry                               0x08003f9b   Thumb Code     0  ddiv.o(x$fpl$ddiv)
    x$fpl$deqf                               0x08004248   Section      120  deqf.o(x$fpl$deqf)
    x$fpl$dflt                               0x080042c0   Section       46  dflt_clz.o(x$fpl$dflt)
    x$fpl$dfltu                              0x080042ee   Section       38  dflt_clz.o(x$fpl$dfltu)
    x$fpl$dgeqf                              0x08004314   Section      120  dgeqf.o(x$fpl$dgeqf)
    x$fpl$dleqf                              0x0800438c   Section      120  dleqf.o(x$fpl$dleqf)
    x$fpl$dmul                               0x08004404   Section      340  dmul.o(x$fpl$dmul)
    x$fpl$dnaninf                            0x08004558   Section      156  dnaninf.o(x$fpl$dnaninf)
    x$fpl$dretinf                            0x080045f4   Section       12  dretinf.o(x$fpl$dretinf)
    x$fpl$drleqf                             0x08004600   Section      108  drleqf.o(x$fpl$drleqf)
    x$fpl$drsb                               0x0800466c   Section       22  daddsub_clz.o(x$fpl$drsb)
    x$fpl$dsqrt                              0x08004684   Section      460  dsqrt_noumaal.o(x$fpl$dsqrt)
    x$fpl$dsub                               0x08004850   Section      476  daddsub_clz.o(x$fpl$dsub)
    _dsub1                                   0x08004861   Thumb Code     0  daddsub_clz.o(x$fpl$dsub)
    x$fpl$fcmp                               0x08004a2c   Section       84  dcmp.o(x$fpl$fcmp)
    x$fpl$retnan                             0x08004a80   Section      100  retnan.o(x$fpl$retnan)
    x$fpl$scalbn                             0x08004ae4   Section       92  scalbn.o(x$fpl$scalbn)
    x$fpl$trapveneer                         0x08004b40   Section       48  trapv.o(x$fpl$trapveneer)
    pS                                       0x08004b70   Data          48  asin.o(.constdata)
    .constdata                               0x08004b70   Section       80  asin.o(.constdata)
    x$fpl$usenofp                            0x08004b70   Section        0  usenofp.o(x$fpl$usenofp)
    qS                                       0x08004ba0   Data          32  asin.o(.constdata)
    bp                                       0x08004bc0   Data          16  pow.o(.constdata)
    .constdata                               0x08004bc0   Section      136  pow.o(.constdata)
    dp_h                                     0x08004bd0   Data          16  pow.o(.constdata)
    dp_l                                     0x08004be0   Data          16  pow.o(.constdata)
    L                                        0x08004bf0   Data          48  pow.o(.constdata)
    P                                        0x08004c20   Data          40  pow.o(.constdata)
    atanhi                                   0x08004c48   Data          32  atan.o(.constdata)
    .constdata                               0x08004c48   Section      152  atan.o(.constdata)
    atanlo                                   0x08004c68   Data          32  atan.o(.constdata)
    aTodd                                    0x08004c88   Data          40  atan.o(.constdata)
    aTeven                                   0x08004cb0   Data          48  atan.o(.constdata)
    .constdata                               0x08004ce0   Section        8  qnan.o(.constdata)
    .bss                                     0x20000020   Section       96  libspace.o(.bss)
    Pointer                                  0x200000ac   Data           4  uart.o(.bss.Pointer)
    [Anonymous Symbol]                       0x200000ac   Section        0  uart.o(.bss.Pointer)
    RisingTimeTIM2                           0x200000b0   Data           4  gpio.o(.bss.RisingTimeTIM2)
    [Anonymous Symbol]                       0x200000b0   Section        0  gpio.o(.bss.RisingTimeTIM2)
    RisingTimeTIM3                           0x200000b4   Data           4  gpio.o(.bss.RisingTimeTIM3)
    [Anonymous Symbol]                       0x200000b4   Section        0  gpio.o(.bss.RisingTimeTIM3)
    USART1_Buffer                            0x200000e8   Data         128  uart.o(.bss.USART1_Buffer)
    [Anonymous Symbol]                       0x200000e8   Section        0  uart.o(.bss.USART1_Buffer)
    dummy                                    0x200001c0   Data           4  i2c.o(.bss.dummy)
    [Anonymous Symbol]                       0x200001c0   Section        0  i2c.o(.bss.dummy)
    ui32gDummy                               0x20000220   Data           4  uart.o(.bss.ui32gDummy)
    [Anonymous Symbol]                       0x20000220   Section        0  uart.o(.bss.ui32gDummy)
    ui32micros                               0x20000224   Data           4  clock.o(.bss.ui32micros)
    [Anonymous Symbol]                       0x20000224   Section        0  clock.o(.bss.ui32micros)
    Heap_Mem                                 0x20000238   Data         512  startup_stm32f10x_md.o(HEAP)
    HEAP                                     0x20000238   Section      512  startup_stm32f10x_md.o(HEAP)
    Stack_Mem                                0x20000438   Data        1024  startup_stm32f10x_md.o(STACK)
    STACK                                    0x20000438   Section     1024  startup_stm32f10x_md.o(STACK)
    __initial_sp                             0x20000838   Data           0  startup_stm32f10x_md.o(STACK)

    Global Symbols

    Symbol Name                              Value     Ov Type        Size  Object(Section)

    BuildAttributes$$THM_ISAv4$P$D$K$B$S$PE$A:L22UL41UL21$X:L11$S22US41US21$IEEE1$IW$~IW$USESV6$~STKCKD$USESV7$~SHL$OTIME$ROPI$IEEEX$EBA8$UX$STANDARDLIB$REQ8$PRES8$EABIv2 0x00000000   Number         0  anon$$obj.o ABSOLUTE
    __fp_init_empty                          0x00000000   Number         0  fpinit_empty.o ABSOLUTE
    __ARM_exceptions_init                     - Undefined Weak Reference
    __alloca_initialize                       - Undefined Weak Reference
    __arm_preinit_                            - Undefined Weak Reference
    __arm_relocate_pie_                       - Undefined Weak Reference
    __cpp_initialize__aeabi_                  - Undefined Weak Reference
    __cxa_finalize                            - Undefined Weak Reference
    __rt_locale                               - Undefined Weak Reference
    __sigvec_lookup                           - Undefined Weak Reference
    _atexit_init                              - Undefined Weak Reference
    _call_atexit_fns                          - Undefined Weak Reference
    _clock_init                               - Undefined Weak Reference
    _fp_trap_init                             - Undefined Weak Reference
    _fp_trap_shutdown                         - Undefined Weak Reference
    _get_lc_collate                           - Undefined Weak Reference
    _get_lc_ctype                             - Undefined Weak Reference
    _get_lc_monetary                          - Undefined Weak Reference
    _get_lc_numeric                           - Undefined Weak Reference
    _get_lc_time                              - Undefined Weak Reference
    _getenv_init                              - Undefined Weak Reference
    _handle_redirection                       - Undefined Weak Reference
    _init_alloc                               - Undefined Weak Reference
    _init_user_alloc                          - Undefined Weak Reference
    _initio                                   - Undefined Weak Reference
    _rand_init                                - Undefined Weak Reference
    _signal_finish                            - Undefined Weak Reference
    _signal_init                              - Undefined Weak Reference
    _terminate_alloc                          - Undefined Weak Reference
    _terminate_user_alloc                     - Undefined Weak Reference
    _terminateio                              - Undefined Weak Reference
    __Vectors_Size                           0x000000ec   Number         0  startup_stm32f10x_md.o ABSOLUTE
    __Vectors                                0x08000000   Data           4  startup_stm32f10x_md.o(RESET)
    __Vectors_End                            0x080000ec   Data           0  startup_stm32f10x_md.o(RESET)
    __main                                   0x080000ed   Thumb Code     8  __main.o(!!!main)
    __scatterload                            0x080000f5   Thumb Code     0  __scatter.o(!!!scatter)
    __scatterload_rt2                        0x080000f5   Thumb Code    44  __scatter.o(!!!scatter)
    __scatterload_rt2_thumb_only             0x080000f5   Thumb Code     0  __scatter.o(!!!scatter)
    __scatterload_null                       0x08000103   Thumb Code     0  __scatter.o(!!!scatter)
    __scatterload_copy                       0x08000129   Thumb Code    26  __scatter_copy.o(!!handler_copy)
    __scatterload_zeroinit                   0x08000145   Thumb Code    28  __scatter_zi.o(!!handler_zi)
    __rt_lib_init                            0x08000161   Thumb Code     0  libinit.o(.ARM.Collect$$libinit$$00000000)
    __rt_lib_init_alloca_1                   0x08000163   Thumb Code     0  libinit2.o(.ARM.Collect$$libinit$$00000030)
    __rt_lib_init_argv_1                     0x08000163   Thumb Code     0  libinit2.o(.ARM.Collect$$libinit$$0000002E)
    __rt_lib_init_atexit_1                   0x08000163   Thumb Code     0  libinit2.o(.ARM.Collect$$libinit$$0000001D)
    __rt_lib_init_clock_1                    0x08000163   Thumb Code     0  libinit2.o(.ARM.Collect$$libinit$$00000023)
    __rt_lib_init_cpp_1                      0x08000163   Thumb Code     0  libinit2.o(.ARM.Collect$$libinit$$00000034)
    __rt_lib_init_exceptions_1               0x08000163   Thumb Code     0  libinit2.o(.ARM.Collect$$libinit$$00000032)
    __rt_lib_init_fp_1                       0x08000163   Thumb Code     0  libinit2.o(.ARM.Collect$$libinit$$00000002)
    __rt_lib_init_fp_trap_1                  0x08000163   Thumb Code     0  libinit2.o(.ARM.Collect$$libinit$$00000021)
    __rt_lib_init_getenv_1                   0x08000163   Thumb Code     0  libinit2.o(.ARM.Collect$$libinit$$00000025)
    __rt_lib_init_heap_1                     0x08000163   Thumb Code     0  libinit2.o(.ARM.Collect$$libinit$$0000000C)
    __rt_lib_init_lc_collate_1               0x08000163   Thumb Code     0  libinit2.o(.ARM.Collect$$libinit$$00000013)
    __rt_lib_init_lc_ctype_1                 0x08000163   Thumb Code     0  libinit2.o(.ARM.Collect$$libinit$$00000015)
    __rt_lib_init_lc_monetary_1              0x08000163   Thumb Code     0  libinit2.o(.ARM.Collect$$libinit$$00000017)
    __rt_lib_init_lc_numeric_1               0x08000163   Thumb Code     0  libinit2.o(.ARM.Collect$$libinit$$00000019)
    __rt_lib_init_lc_time_1                  0x08000163   Thumb Code     0  libinit2.o(.ARM.Collect$$libinit$$0000001B)
    __rt_lib_init_preinit_1                  0x08000163   Thumb Code     0  libinit2.o(.ARM.Collect$$libinit$$00000006)
    __rt_lib_init_rand_1                     0x08000163   Thumb Code     0  libinit2.o(.ARM.Collect$$libinit$$00000010)
    __rt_lib_init_relocate_pie_1             0x08000163   Thumb Code     0  libinit2.o(.ARM.Collect$$libinit$$00000004)
    __rt_lib_init_return                     0x08000163   Thumb Code     0  libinit2.o(.ARM.Collect$$libinit$$00000035)
    __rt_lib_init_signal_1                   0x08000163   Thumb Code     0  libinit2.o(.ARM.Collect$$libinit$$0000001F)
    __rt_lib_init_stdio_1                    0x08000163   Thumb Code     0  libinit2.o(.ARM.Collect$$libinit$$00000027)
    __rt_lib_init_user_alloc_1               0x08000163   Thumb Code     0  libinit2.o(.ARM.Collect$$libinit$$0000000E)
    __rt_lib_shutdown                        0x08000165   Thumb Code     0  libshutdown.o(.ARM.Collect$$libshutdown$$00000000)
    __rt_lib_shutdown_cpp_1                  0x08000167   Thumb Code     0  libshutdown2.o(.ARM.Collect$$libshutdown$$00000002)
    __rt_lib_shutdown_fp_trap_1              0x08000167   Thumb Code     0  libshutdown2.o(.ARM.Collect$$libshutdown$$00000007)
    __rt_lib_shutdown_heap_1                 0x08000167   Thumb Code     0  libshutdown2.o(.ARM.Collect$$libshutdown$$0000000F)
    __rt_lib_shutdown_return                 0x08000167   Thumb Code     0  libshutdown2.o(.ARM.Collect$$libshutdown$$00000010)
    __rt_lib_shutdown_signal_1               0x08000167   Thumb Code     0  libshutdown2.o(.ARM.Collect$$libshutdown$$0000000A)
    __rt_lib_shutdown_stdio_1                0x08000167   Thumb Code     0  libshutdown2.o(.ARM.Collect$$libshutdown$$00000004)
    __rt_lib_shutdown_user_alloc_1           0x08000167   Thumb Code     0  libshutdown2.o(.ARM.Collect$$libshutdown$$0000000C)
    __rt_entry                               0x08000169   Thumb Code     0  __rtentry.o(.ARM.Collect$$rtentry$$00000000)
    __rt_entry_presh_1                       0x08000169   Thumb Code     0  __rtentry2.o(.ARM.Collect$$rtentry$$00000002)
    __rt_entry_sh                            0x08000169   Thumb Code     0  __rtentry4.o(.ARM.Collect$$rtentry$$00000004)
    __rt_entry_li                            0x0800016f   Thumb Code     0  __rtentry2.o(.ARM.Collect$$rtentry$$0000000A)
    __rt_entry_postsh_1                      0x0800016f   Thumb Code     0  __rtentry2.o(.ARM.Collect$$rtentry$$00000009)
    __rt_entry_main                          0x08000173   Thumb Code     0  __rtentry2.o(.ARM.Collect$$rtentry$$0000000D)
    __rt_entry_postli_1                      0x08000173   Thumb Code     0  __rtentry2.o(.ARM.Collect$$rtentry$$0000000C)
    __rt_exit                                0x0800017b   Thumb Code     0  rtexit.o(.ARM.Collect$$rtexit$$00000000)
    __rt_exit_ls                             0x0800017d   Thumb Code     0  rtexit2.o(.ARM.Collect$$rtexit$$00000003)
    __rt_exit_prels_1                        0x0800017d   Thumb Code     0  rtexit2.o(.ARM.Collect$$rtexit$$00000002)
    __rt_exit_exit                           0x08000181   Thumb Code     0  rtexit2.o(.ARM.Collect$$rtexit$$00000004)
    USART1_IRQHandler                        0x08000189   Thumb Code   134  uart.o(.ram)
    Reset_Handler                            0x08000211   Thumb Code     8  startup_stm32f10x_md.o(.text)
    NMI_Handler                              0x08000219   Thumb Code     2  startup_stm32f10x_md.o(.text)
    HardFault_Handler                        0x0800021b   Thumb Code     2  startup_stm32f10x_md.o(.text)
    MemManage_Handler                        0x0800021d   Thumb Code     2  startup_stm32f10x_md.o(.text)
    BusFault_Handler                         0x0800021f   Thumb Code     2  startup_stm32f10x_md.o(.text)
    UsageFault_Handler                       0x08000221   Thumb Code     2  startup_stm32f10x_md.o(.text)
    SVC_Handler                              0x08000223   Thumb Code     2  startup_stm32f10x_md.o(.text)
    DebugMon_Handler                         0x08000225   Thumb Code     2  startup_stm32f10x_md.o(.text)
    PendSV_Handler                           0x08000227   Thumb Code     2  startup_stm32f10x_md.o(.text)
    ADC1_2_IRQHandler                        0x0800022b   Thumb Code     0  startup_stm32f10x_md.o(.text)
    CAN1_RX1_IRQHandler                      0x0800022b   Thumb Code     0  startup_stm32f10x_md.o(.text)
    CAN1_SCE_IRQHandler                      0x0800022b   Thumb Code     0  startup_stm32f10x_md.o(.text)
    DMA1_Channel1_IRQHandler                 0x0800022b   Thumb Code     0  startup_stm32f10x_md.o(.text)
    DMA1_Channel2_IRQHandler                 0x0800022b   Thumb Code     0  startup_stm32f10x_md.o(.text)
    DMA1_Channel3_IRQHandler                 0x0800022b   Thumb Code     0  startup_stm32f10x_md.o(.text)
    DMA1_Channel4_IRQHandler                 0x0800022b   Thumb Code     0  startup_stm32f10x_md.o(.text)
    DMA1_Channel5_IRQHandler                 0x0800022b   Thumb Code     0  startup_stm32f10x_md.o(.text)
    DMA1_Channel6_IRQHandler                 0x0800022b   Thumb Code     0  startup_stm32f10x_md.o(.text)
    DMA1_Channel7_IRQHandler                 0x0800022b   Thumb Code     0  startup_stm32f10x_md.o(.text)
    EXTI0_IRQHandler                         0x0800022b   Thumb Code     0  startup_stm32f10x_md.o(.text)
    EXTI15_10_IRQHandler                     0x0800022b   Thumb Code     0  startup_stm32f10x_md.o(.text)
    EXTI1_IRQHandler                         0x0800022b   Thumb Code     0  startup_stm32f10x_md.o(.text)
    EXTI2_IRQHandler                         0x0800022b   Thumb Code     0  startup_stm32f10x_md.o(.text)
    EXTI3_IRQHandler                         0x0800022b   Thumb Code     0  startup_stm32f10x_md.o(.text)
    EXTI4_IRQHandler                         0x0800022b   Thumb Code     0  startup_stm32f10x_md.o(.text)
    EXTI9_5_IRQHandler                       0x0800022b   Thumb Code     0  startup_stm32f10x_md.o(.text)
    FLASH_IRQHandler                         0x0800022b   Thumb Code     0  startup_stm32f10x_md.o(.text)
    I2C1_ER_IRQHandler                       0x0800022b   Thumb Code     0  startup_stm32f10x_md.o(.text)
    I2C1_EV_IRQHandler                       0x0800022b   Thumb Code     0  startup_stm32f10x_md.o(.text)
    I2C2_ER_IRQHandler                       0x0800022b   Thumb Code     0  startup_stm32f10x_md.o(.text)
    I2C2_EV_IRQHandler                       0x0800022b   Thumb Code     0  startup_stm32f10x_md.o(.text)
    PVD_IRQHandler                           0x0800022b   Thumb Code     0  startup_stm32f10x_md.o(.text)
    RCC_IRQHandler                           0x0800022b   Thumb Code     0  startup_stm32f10x_md.o(.text)
    RTCAlarm_IRQHandler                      0x0800022b   Thumb Code     0  startup_stm32f10x_md.o(.text)
    RTC_IRQHandler                           0x0800022b   Thumb Code     0  startup_stm32f10x_md.o(.text)
    SPI1_IRQHandler                          0x0800022b   Thumb Code     0  startup_stm32f10x_md.o(.text)
    SPI2_IRQHandler                          0x0800022b   Thumb Code     0  startup_stm32f10x_md.o(.text)
    TAMPER_IRQHandler                        0x0800022b   Thumb Code     0  startup_stm32f10x_md.o(.text)
    TIM1_BRK_IRQHandler                      0x0800022b   Thumb Code     0  startup_stm32f10x_md.o(.text)
    TIM1_CC_IRQHandler                       0x0800022b   Thumb Code     0  startup_stm32f10x_md.o(.text)
    TIM1_TRG_COM_IRQHandler                  0x0800022b   Thumb Code     0  startup_stm32f10x_md.o(.text)
    TIM1_UP_IRQHandler                       0x0800022b   Thumb Code     0  startup_stm32f10x_md.o(.text)
    TIM4_IRQHandler                          0x0800022b   Thumb Code     0  startup_stm32f10x_md.o(.text)
    USART2_IRQHandler                        0x0800022b   Thumb Code     0  startup_stm32f10x_md.o(.text)
    USART3_IRQHandler                        0x0800022b   Thumb Code     0  startup_stm32f10x_md.o(.text)
    USBWakeUp_IRQHandler                     0x0800022b   Thumb Code     0  startup_stm32f10x_md.o(.text)
    USB_HP_CAN1_TX_IRQHandler                0x0800022b   Thumb Code     0  startup_stm32f10x_md.o(.text)
    USB_LP_CAN1_RX0_IRQHandler               0x0800022b   Thumb Code     0  startup_stm32f10x_md.o(.text)
    WWDG_IRQHandler                          0x0800022b   Thumb Code     0  startup_stm32f10x_md.o(.text)
    __user_initial_stackheap                 0x0800022d   Thumb Code     0  startup_stm32f10x_md.o(.text)
    __use_two_region_memory                  0x08000251   Thumb Code     2  heapauxi.o(.text)
    __rt_heap_escrow$2region                 0x08000253   Thumb Code     2  heapauxi.o(.text)
    __rt_heap_expand$2region                 0x08000255   Thumb Code     2  heapauxi.o(.text)
    __read_errno                             0x08000257   Thumb Code    10  _rserrno.o(.text)
    __set_errno                              0x08000261   Thumb Code    12  _rserrno.o(.text)
    __aeabi_errno_addr                       0x0800026d   Thumb Code     8  rt_errno_addr_intlibspace.o(.text)
    __errno$intlibspace                      0x0800026d   Thumb Code     0  rt_errno_addr_intlibspace.o(.text)
    __rt_errno_addr$intlibspace              0x0800026d   Thumb Code     0  rt_errno_addr_intlibspace.o(.text)
    __user_libspace                          0x08000275   Thumb Code     8  libspace.o(.text)
    __user_perproc_libspace                  0x08000275   Thumb Code     0  libspace.o(.text)
    __user_perthread_libspace                0x08000275   Thumb Code     0  libspace.o(.text)
    __user_setup_stackheap                   0x0800027d   Thumb Code    74  sys_stackheap_outer.o(.text)
    exit                                     0x080002c7   Thumb Code    18  exit.o(.text)
    _sys_exit                                0x080002d9   Thumb Code     8  sys_exit.o(.text)
    __I$use$semihosting                      0x080002e5   Thumb Code     0  use_no_semi.o(.text)
    __use_no_semihosting_swi                 0x080002e5   Thumb Code     2  use_no_semi.o(.text)
    __semihosting_library_function           0x080002e7   Thumb Code     0  indicate_semi.o(.text)
    CLOCK_SystickInit                        0x080002e9   Thumb Code    84  clock.o(.text.CLOCK_SystickInit)
    GPIO_SetOutPut                           0x0800033d   Thumb Code  1728  gpio.o(.text.GPIO_SetOutPut)
    I2C2_CallAdress                          0x080009fd   Thumb Code    80  i2c.o(.text.I2C2_CallAdress)
    I2C2_Init                                0x08000a4d   Thumb Code   166  i2c.o(.text.I2C2_Init)
    I2C2_Read                                0x08000af5   Thumb Code   192  i2c.o(.text.I2C2_Read)
    I2C2_Read1Byte                           0x08000bb5   Thumb Code    36  i2c.o(.text.I2C2_Read1Byte)
    I2C2_ReadDevice                          0x08000bd9   Thumb Code    74  i2c.o(.text.I2C2_ReadDevice)
    I2C2_Start                               0x08000c25   Thumb Code    46  i2c.o(.text.I2C2_Start)
    I2C2_Stop                                0x08000c55   Thumb Code    26  i2c.o(.text.I2C2_Stop)
    I2C2_Write                               0x08000c71   Thumb Code    68  i2c.o(.text.I2C2_Write)
    MPU6050SelfTest                          0x08000cb5   Thumb Code   632  main.o(.text.MPU6050SelfTest)
    MadgwickQuaternionUpdate                 0x08000f2d   Thumb Code  2646  main.o(.text.MadgwickQuaternionUpdate)
    NVIC_SetPriority                         0x08001985   Thumb Code    72  common.o(.text.NVIC_SetPriority)
    SysTick_Handler                          0x08001af9   Thumb Code    24  clock.o(.text.SysTick_Handler)
    SystemInit                               0x08001b11   Thumb Code   102  system_stm32f10x.o(.text.SystemInit)
    TIM2_IRQHandler                          0x08001b79   Thumb Code   258  gpio.o(.text.TIM2_IRQHandler)
    TIM3_IRQHandler                          0x08001c7d   Thumb Code   216  gpio.o(.text.TIM3_IRQHandler)
    calibrateMPU6050                         0x08001d55   Thumb Code  1404  main.o(.text.calibrateMPU6050)
    delay                                    0x080022d1   Thumb Code    36  common.o(.text.delay)
    getAres                                  0x080022f5   Thumb Code   118  main.o(.text.getAres)
    getGres                                  0x0800236d   Thumb Code   128  main.o(.text.getGres)
    initMPU6050                              0x080023ed   Thumb Code   214  main.o(.text.initMPU6050)
    main                                     0x080024c5   Thumb Code  1804  main.o(.text.main)
    micros                                   0x08002bd1   Thumb Code    48  clock.o(.text.micros)
    millis                                   0x08002c01   Thumb Code    22  main.o(.text.millis)
    readByte                                 0x08002c19   Thumb Code    38  main.o(.text.readByte)
    readBytes                                0x08002c41   Thumb Code    40  main.o(.text.readBytes)
    writeByte                                0x08002c69   Thumb Code    56  main.o(.text.writeByte)
    __ARM_fpclassify                         0x08002ca1   Thumb Code    40  fpclassify.o(i.__ARM_fpclassify)
    __kernel_poly                            0x08002cc9   Thumb Code   170  poly.o(i.__kernel_poly)
    __mathlib_dbl_divzero                    0x08002d75   Thumb Code    12  dunder.o(i.__mathlib_dbl_divzero)
    __mathlib_dbl_infnan                     0x08002d85   Thumb Code     6  dunder.o(i.__mathlib_dbl_infnan)
    __mathlib_dbl_infnan2                    0x08002d8b   Thumb Code     4  dunder.o(i.__mathlib_dbl_infnan2)
    __mathlib_dbl_invalid                    0x08002d8f   Thumb Code    12  dunder.o(i.__mathlib_dbl_invalid)
    __mathlib_dbl_overflow                   0x08002d9b   Thumb Code    14  dunder.o(i.__mathlib_dbl_overflow)
    __mathlib_dbl_underflow                  0x08002da9   Thumb Code    10  dunder.o(i.__mathlib_dbl_underflow)
    asin                                     0x08002db9   Thumb Code   572  asin.o(i.asin)
    atan                                     0x08003029   Thumb Code   474  atan.o(i.atan)
    atan2                                    0x08003249   Thumb Code   374  atan2.o(i.atan2)
    pow                                      0x080033e5   Thumb Code  2532  pow.o(i.pow)
    sqrt                                     0x08003dd1   Thumb Code    76  sqrt.o(i.sqrt)
    __aeabi_dadd                             0x08003e1d   Thumb Code     0  daddsub_clz.o(x$fpl$dadd)
    _dadd                                    0x08003e1d   Thumb Code   332  daddsub_clz.o(x$fpl$dadd)
    __fpl_dcheck_NaN1                        0x08003f6d   Thumb Code    10  dcheck1.o(x$fpl$dcheck1)
    __fpl_dcmp_Inf                           0x08003f7d   Thumb Code    24  dcmpi.o(x$fpl$dcmpinf)
    __aeabi_ddiv                             0x08003f95   Thumb Code     0  ddiv.o(x$fpl$ddiv)
    _ddiv                                    0x08003f95   Thumb Code   556  ddiv.o(x$fpl$ddiv)
    __aeabi_cdcmpeq                          0x08004249   Thumb Code     0  deqf.o(x$fpl$deqf)
    _dcmpeq                                  0x08004249   Thumb Code   120  deqf.o(x$fpl$deqf)
    __aeabi_i2d                              0x080042c1   Thumb Code     0  dflt_clz.o(x$fpl$dflt)
    _dflt                                    0x080042c1   Thumb Code    46  dflt_clz.o(x$fpl$dflt)
    __aeabi_ui2d                             0x080042ef   Thumb Code     0  dflt_clz.o(x$fpl$dfltu)
    _dfltu                                   0x080042ef   Thumb Code    38  dflt_clz.o(x$fpl$dfltu)
    __aeabi_cdcmpge                          0x08004315   Thumb Code     0  dgeqf.o(x$fpl$dgeqf)
    _dcmpge                                  0x08004315   Thumb Code   120  dgeqf.o(x$fpl$dgeqf)
    __aeabi_cdcmple                          0x0800438d   Thumb Code     0  dleqf.o(x$fpl$dleqf)
    _dcmple                                  0x0800438d   Thumb Code   120  dleqf.o(x$fpl$dleqf)
    __fpl_dcmple_InfNaN                      0x080043ef   Thumb Code     0  dleqf.o(x$fpl$dleqf)
    __aeabi_dmul                             0x08004405   Thumb Code     0  dmul.o(x$fpl$dmul)
    _dmul                                    0x08004405   Thumb Code   332  dmul.o(x$fpl$dmul)
    __fpl_dnaninf                            0x08004559   Thumb Code   156  dnaninf.o(x$fpl$dnaninf)
    __fpl_dretinf                            0x080045f5   Thumb Code    12  dretinf.o(x$fpl$dretinf)
    __aeabi_cdrcmple                         0x08004601   Thumb Code     0  drleqf.o(x$fpl$drleqf)
    _drcmple                                 0x08004601   Thumb Code   108  drleqf.o(x$fpl$drleqf)
    __aeabi_drsub                            0x0800466d   Thumb Code     0  daddsub_clz.o(x$fpl$drsb)
    _drsb                                    0x0800466d   Thumb Code    22  daddsub_clz.o(x$fpl$drsb)
    _dsqrt                                   0x08004685   Thumb Code   456  dsqrt_noumaal.o(x$fpl$dsqrt)
    __aeabi_dsub                             0x08004851   Thumb Code     0  daddsub_clz.o(x$fpl$dsub)
    _dsub                                    0x08004851   Thumb Code   472  daddsub_clz.o(x$fpl$dsub)
    __aeabi_dcmpeq                           0x08004a2d   Thumb Code     0  dcmp.o(x$fpl$fcmp)
    _deq                                     0x08004a2d   Thumb Code    14  dcmp.o(x$fpl$fcmp)
    _dneq                                    0x08004a3b   Thumb Code    14  dcmp.o(x$fpl$fcmp)
    __aeabi_dcmpgt                           0x08004a49   Thumb Code     0  dcmp.o(x$fpl$fcmp)
    _dgr                                     0x08004a49   Thumb Code    14  dcmp.o(x$fpl$fcmp)
    __aeabi_dcmpge                           0x08004a57   Thumb Code     0  dcmp.o(x$fpl$fcmp)
    _dgeq                                    0x08004a57   Thumb Code    14  dcmp.o(x$fpl$fcmp)
    __aeabi_dcmple                           0x08004a65   Thumb Code     0  dcmp.o(x$fpl$fcmp)
    _dleq                                    0x08004a65   Thumb Code    14  dcmp.o(x$fpl$fcmp)
    __aeabi_dcmplt                           0x08004a73   Thumb Code     0  dcmp.o(x$fpl$fcmp)
    _dls                                     0x08004a73   Thumb Code    14  dcmp.o(x$fpl$fcmp)
    __fpl_return_NaN                         0x08004a81   Thumb Code   100  retnan.o(x$fpl$retnan)
    __ARM_scalbn                             0x08004ae5   Thumb Code    92  scalbn.o(x$fpl$scalbn)
    __fpl_cmpreturn                          0x08004b41   Thumb Code    48  trapv.o(x$fpl$trapveneer)
    __I$use$fp                               0x08004b70   Number         0  usenofp.o(x$fpl$usenofp)
    __mathlib_zero                           0x08004ce0   Data           8  qnan.o(.constdata)
    pi                                       0x08004ce8   Data           8  common.o(.rodata.pi)
    Region$$Table$$Base                      0x08004cf0   Number         0  anon$$obj.o(Region$$Table)
    Region$$Table$$Limit                     0x08004d10   Number         0  anon$$obj.o(Region$$Table)
    q                                        0x20000000   Data          32  main.o(.data.q)
    __libspace_start                         0x20000020   Data          96  libspace.o(.bss)
    Ascale                                   0x20000080   Data           4  main.o(.bss.Ascale)
    __temporary_stack_top$libspace           0x20000080   Data           0  libspace.o(.bss)
    GPIO_PulseWidth                          0x20000084   Data          12  gpio.o(.bss.GPIO_PulseWidth)
    Gscale                                   0x20000090   Data           4  main.o(.bss.Gscale)
    GyroMeasDrift                            0x20000098   Data           8  main.o(.bss.GyroMeasDrift)
    GyroMeasError                            0x200000a0   Data           8  main.o(.bss.GyroMeasError)
    Now                                      0x200000a8   Data           4  main.o(.bss.Now)
    SelfTest                                 0x200000b8   Data          48  main.o(.bss.SelfTest)
    aRes                                     0x20000168   Data           8  main.o(.bss.aRes)
    accelBias                                0x20000170   Data          24  main.o(.bss.accelBias)
    accelCount                               0x20000188   Data           6  main.o(.bss.accelCount)
    ax                                       0x20000190   Data           8  main.o(.bss.ax)
    ay                                       0x20000198   Data           8  main.o(.bss.ay)
    az                                       0x200001a0   Data           8  main.o(.bss.az)
    beta                                     0x200001a8   Data           8  main.o(.bss.beta)
    count                                    0x200001b0   Data           4  main.o(.bss.count)
    delt_t                                   0x200001b4   Data           4  main.o(.bss.delt_t)
    deltat                                   0x200001b8   Data           8  main.o(.bss.deltat)
    gRes                                     0x200001c8   Data           8  main.o(.bss.gRes)
    gx                                       0x200001d0   Data           8  main.o(.bss.gx)
    gy                                       0x200001d8   Data           8  main.o(.bss.gy)
    gyroBias                                 0x200001e0   Data          24  main.o(.bss.gyroBias)
    gyroCount                                0x200001f8   Data           6  main.o(.bss.gyroCount)
    gz                                       0x20000200   Data           8  main.o(.bss.gz)
    lastUpdate                               0x20000208   Data           4  main.o(.bss.lastUpdate)
    pitch                                    0x20000210   Data           8  main.o(.bss.pitch)
    roll                                     0x20000218   Data           8  main.o(.bss.roll)
    yaw                                      0x20000228   Data           8  main.o(.bss.yaw)
    zeta                                     0x20000230   Data           8  main.o(.bss.zeta)



==============================================================================

Memory Map of the image

  Image Entry point : 0x080000ed

  Load Region LR_IROM1 (Base: 0x08000000, Size: 0x00004d30, Max: 0x00010000, ABSOLUTE)

    Execution Region ER_IROM1 (Exec base: 0x08000000, Load base: 0x08000000, Size: 0x00004d10, Max: 0x00010000, ABSOLUTE)

    Exec Addr    Load Addr    Size         Type   Attr      Idx    E Section Name        Object

    0x08000000   0x08000000   0x000000ec   Data   RO          398    RESET               startup_stm32f10x_md.o
    0x080000ec   0x080000ec   0x00000008   Code   RO          426  * !!!main             c_w.l(__main.o)
    0x080000f4   0x080000f4   0x00000034   Code   RO          685    !!!scatter          c_w.l(__scatter.o)
    0x08000128   0x08000128   0x0000001a   Code   RO          687    !!handler_copy      c_w.l(__scatter_copy.o)
    0x08000142   0x08000142   0x00000002   PAD
    0x08000144   0x08000144   0x0000001c   Code   RO          689    !!handler_zi        c_w.l(__scatter_zi.o)
    0x08000160   0x08000160   0x00000002   Code   RO          546    .ARM.Collect$$libinit$$00000000  c_w.l(libinit.o)
    0x08000162   0x08000162   0x00000000   Code   RO          552    .ARM.Collect$$libinit$$00000002  c_w.l(libinit2.o)
    0x08000162   0x08000162   0x00000000   Code   RO          554    .ARM.Collect$$libinit$$00000004  c_w.l(libinit2.o)
    0x08000162   0x08000162   0x00000000   Code   RO          556    .ARM.Collect$$libinit$$00000006  c_w.l(libinit2.o)
    0x08000162   0x08000162   0x00000000   Code   RO          559    .ARM.Collect$$libinit$$0000000C  c_w.l(libinit2.o)
    0x08000162   0x08000162   0x00000000   Code   RO          561    .ARM.Collect$$libinit$$0000000E  c_w.l(libinit2.o)
    0x08000162   0x08000162   0x00000000   Code   RO          563    .ARM.Collect$$libinit$$00000010  c_w.l(libinit2.o)
    0x08000162   0x08000162   0x00000000   Code   RO          566    .ARM.Collect$$libinit$$00000013  c_w.l(libinit2.o)
    0x08000162   0x08000162   0x00000000   Code   RO          568    .ARM.Collect$$libinit$$00000015  c_w.l(libinit2.o)
    0x08000162   0x08000162   0x00000000   Code   RO          570    .ARM.Collect$$libinit$$00000017  c_w.l(libinit2.o)
    0x08000162   0x08000162   0x00000000   Code   RO          572    .ARM.Collect$$libinit$$00000019  c_w.l(libinit2.o)
    0x08000162   0x08000162   0x00000000   Code   RO          574    .ARM.Collect$$libinit$$0000001B  c_w.l(libinit2.o)
    0x08000162   0x08000162   0x00000000   Code   RO          576    .ARM.Collect$$libinit$$0000001D  c_w.l(libinit2.o)
    0x08000162   0x08000162   0x00000000   Code   RO          578    .ARM.Collect$$libinit$$0000001F  c_w.l(libinit2.o)
    0x08000162   0x08000162   0x00000000   Code   RO          580    .ARM.Collect$$libinit$$00000021  c_w.l(libinit2.o)
    0x08000162   0x08000162   0x00000000   Code   RO          582    .ARM.Collect$$libinit$$00000023  c_w.l(libinit2.o)
    0x08000162   0x08000162   0x00000000   Code   RO          584    .ARM.Collect$$libinit$$00000025  c_w.l(libinit2.o)
    0x08000162   0x08000162   0x00000000   Code   RO          586    .ARM.Collect$$libinit$$00000027  c_w.l(libinit2.o)
    0x08000162   0x08000162   0x00000000   Code   RO          590    .ARM.Collect$$libinit$$0000002E  c_w.l(libinit2.o)
    0x08000162   0x08000162   0x00000000   Code   RO          592    .ARM.Collect$$libinit$$00000030  c_w.l(libinit2.o)
    0x08000162   0x08000162   0x00000000   Code   RO          594    .ARM.Collect$$libinit$$00000032  c_w.l(libinit2.o)
    0x08000162   0x08000162   0x00000000   Code   RO          596    .ARM.Collect$$libinit$$00000034  c_w.l(libinit2.o)
    0x08000162   0x08000162   0x00000002   Code   RO          597    .ARM.Collect$$libinit$$00000035  c_w.l(libinit2.o)
    0x08000164   0x08000164   0x00000002   Code   RO          621    .ARM.Collect$$libshutdown$$00000000  c_w.l(libshutdown.o)
    0x08000166   0x08000166   0x00000000   Code   RO          636    .ARM.Collect$$libshutdown$$00000002  c_w.l(libshutdown2.o)
    0x08000166   0x08000166   0x00000000   Code   RO          638    .ARM.Collect$$libshutdown$$00000004  c_w.l(libshutdown2.o)
    0x08000166   0x08000166   0x00000000   Code   RO          641    .ARM.Collect$$libshutdown$$00000007  c_w.l(libshutdown2.o)
    0x08000166   0x08000166   0x00000000   Code   RO          644    .ARM.Collect$$libshutdown$$0000000A  c_w.l(libshutdown2.o)
    0x08000166   0x08000166   0x00000000   Code   RO          646    .ARM.Collect$$libshutdown$$0000000C  c_w.l(libshutdown2.o)
    0x08000166   0x08000166   0x00000000   Code   RO          649    .ARM.Collect$$libshutdown$$0000000F  c_w.l(libshutdown2.o)
    0x08000166   0x08000166   0x00000002   Code   RO          650    .ARM.Collect$$libshutdown$$00000010  c_w.l(libshutdown2.o)
    0x08000168   0x08000168   0x00000000   Code   RO          466    .ARM.Collect$$rtentry$$00000000  c_w.l(__rtentry.o)
    0x08000168   0x08000168   0x00000000   Code   RO          511    .ARM.Collect$$rtentry$$00000002  c_w.l(__rtentry2.o)
    0x08000168   0x08000168   0x00000006   Code   RO          523    .ARM.Collect$$rtentry$$00000004  c_w.l(__rtentry4.o)
    0x0800016e   0x0800016e   0x00000000   Code   RO          513    .ARM.Collect$$rtentry$$00000009  c_w.l(__rtentry2.o)
    0x0800016e   0x0800016e   0x00000004   Code   RO          514    .ARM.Collect$$rtentry$$0000000A  c_w.l(__rtentry2.o)
    0x08000172   0x08000172   0x00000000   Code   RO          516    .ARM.Collect$$rtentry$$0000000C  c_w.l(__rtentry2.o)
    0x08000172   0x08000172   0x00000008   Code   RO          517    .ARM.Collect$$rtentry$$0000000D  c_w.l(__rtentry2.o)
    0x0800017a   0x0800017a   0x00000002   Code   RO          549    .ARM.Collect$$rtexit$$00000000  c_w.l(rtexit.o)
    0x0800017c   0x0800017c   0x00000000   Code   RO          601    .ARM.Collect$$rtexit$$00000002  c_w.l(rtexit2.o)
    0x0800017c   0x0800017c   0x00000004   Code   RO          602    .ARM.Collect$$rtexit$$00000003  c_w.l(rtexit2.o)
    0x08000180   0x08000180   0x00000006   Code   RO          603    .ARM.Collect$$rtexit$$00000004  c_w.l(rtexit2.o)
    0x08000186   0x08000186   0x00000002   PAD
    0x08000188   0x08000188   0x00000086   Code   RO          143    .ram                uart.o
    0x0800020e   0x0800020e   0x00000002   PAD
    0x08000210   0x08000210   0x00000040   Code   RO          399    .text               startup_stm32f10x_md.o
    0x08000250   0x08000250   0x00000006   Code   RO          424    .text               c_w.l(heapauxi.o)
    0x08000256   0x08000256   0x00000016   Code   RO          467    .text               c_w.l(_rserrno.o)
    0x0800026c   0x0800026c   0x00000008   Code   RO          528    .text               c_w.l(rt_errno_addr_intlibspace.o)
    0x08000274   0x08000274   0x00000008   Code   RO          534    .text               c_w.l(libspace.o)
    0x0800027c   0x0800027c   0x0000004a   Code   RO          537    .text               c_w.l(sys_stackheap_outer.o)
    0x080002c6   0x080002c6   0x00000012   Code   RO          539    .text               c_w.l(exit.o)
    0x080002d8   0x080002d8   0x0000000c   Code   RO          611    .text               c_w.l(sys_exit.o)
    0x080002e4   0x080002e4   0x00000002   Code   RO          626    .text               c_w.l(use_no_semi.o)
    0x080002e6   0x080002e6   0x00000000   Code   RO          628    .text               c_w.l(indicate_semi.o)
    0x080002e6   0x080002e6   0x00000002   PAD
    0x080002e8   0x080002e8   0x00000054   Code   RO          157    .text.CLOCK_SystickInit  clock.o
    0x0800033c   0x0800033c   0x000006c0   Code   RO           71    .text.GPIO_SetOutPut  gpio.o
    0x080009fc   0x080009fc   0x00000050   Code   RO          200    .text.I2C2_CallAdress  i2c.o
    0x08000a4c   0x08000a4c   0x000000a6   Code   RO          192    .text.I2C2_Init     i2c.o
    0x08000af2   0x08000af2   0x00000002   PAD
    0x08000af4   0x08000af4   0x000000c0   Code   RO          206    .text.I2C2_Read     i2c.o
    0x08000bb4   0x08000bb4   0x00000024   Code   RO          198    .text.I2C2_Read1Byte  i2c.o
    0x08000bd8   0x08000bd8   0x0000004a   Code   RO          210    .text.I2C2_ReadDevice  i2c.o
    0x08000c22   0x08000c22   0x00000002   PAD
    0x08000c24   0x08000c24   0x0000002e   Code   RO          194    .text.I2C2_Start    i2c.o
    0x08000c52   0x08000c52   0x00000002   PAD
    0x08000c54   0x08000c54   0x0000001a   Code   RO          202    .text.I2C2_Stop     i2c.o
    0x08000c6e   0x08000c6e   0x00000002   PAD
    0x08000c70   0x08000c70   0x00000044   Code   RO          196    .text.I2C2_Write    i2c.o
    0x08000cb4   0x08000cb4   0x00000278   Code   RO           10    .text.MPU6050SelfTest  main.o
    0x08000f2c   0x08000f2c   0x00000a56   Code   RO           16    .text.MadgwickQuaternionUpdate  main.o
    0x08001982   0x08001982   0x00000002   PAD
    0x08001984   0x08001984   0x00000048   Code   RO          121    .text.NVIC_SetPriority  common.o
    0x080019cc   0x080019cc   0x00000008   Code   RO          408    .text.SetSysClock   system_stm32f10x.o
    0x080019d4   0x080019d4   0x00000122   Code   RO          412    .text.SetSysClockTo72  system_stm32f10x.o
    0x08001af6   0x08001af6   0x00000002   PAD
    0x08001af8   0x08001af8   0x00000018   Code   RO          159    .text.SysTick_Handler  clock.o
    0x08001b10   0x08001b10   0x00000066   Code   RO          406    .text.SystemInit    system_stm32f10x.o
    0x08001b76   0x08001b76   0x00000002   PAD
    0x08001b78   0x08001b78   0x00000102   Code   RO          101    .text.TIM2_IRQHandler  gpio.o
    0x08001c7a   0x08001c7a   0x00000002   PAD
    0x08001c7c   0x08001c7c   0x000000d8   Code   RO          103    .text.TIM3_IRQHandler  gpio.o
    0x08001d54   0x08001d54   0x0000057c   Code   RO           12    .text.calibrateMPU6050  main.o
    0x080022d0   0x080022d0   0x00000024   Code   RO          115    .text.delay         common.o
    0x080022f4   0x080022f4   0x00000076   Code   RO           20    .text.getAres       main.o
    0x0800236a   0x0800236a   0x00000002   PAD
    0x0800236c   0x0800236c   0x00000080   Code   RO           18    .text.getGres       main.o
    0x080023ec   0x080023ec   0x000000d6   Code   RO           14    .text.initMPU6050   main.o
    0x080024c2   0x080024c2   0x00000002   PAD
    0x080024c4   0x080024c4   0x0000070c   Code   RO            6    .text.main          main.o
    0x08002bd0   0x08002bd0   0x00000030   Code   RO          161    .text.micros        clock.o
    0x08002c00   0x08002c00   0x00000016   Code   RO            4    .text.millis        main.o
    0x08002c16   0x08002c16   0x00000002   PAD
    0x08002c18   0x08002c18   0x00000026   Code   RO            8    .text.readByte      main.o
    0x08002c3e   0x08002c3e   0x00000002   PAD
    0x08002c40   0x08002c40   0x00000028   Code   RO           24    .text.readBytes     main.o
    0x08002c68   0x08002c68   0x00000038   Code   RO            2    .text.writeByte     main.o
    0x08002ca0   0x08002ca0   0x00000028   Code   RO          505    i.__ARM_fpclassify  m_ws.l(fpclassify.o)
    0x08002cc8   0x08002cc8   0x000000aa   Code   RO          507    i.__kernel_poly     m_ws.l(poly.o)
    0x08002d72   0x08002d72   0x00000002   PAD
    0x08002d74   0x08002d74   0x00000010   Code   RO          491    i.__mathlib_dbl_divzero  m_ws.l(dunder.o)
    0x08002d84   0x08002d84   0x00000006   Code   RO          492    i.__mathlib_dbl_infnan  m_ws.l(dunder.o)
    0x08002d8a   0x08002d8a   0x00000004   Code   RO          493    i.__mathlib_dbl_infnan2  m_ws.l(dunder.o)
    0x08002d8e   0x08002d8e   0x0000000c   Code   RO          494    i.__mathlib_dbl_invalid  m_ws.l(dunder.o)
    0x08002d9a   0x08002d9a   0x0000000e   Code   RO          495    i.__mathlib_dbl_overflow  m_ws.l(dunder.o)
    0x08002da8   0x08002da8   0x00000010   Code   RO          497    i.__mathlib_dbl_underflow  m_ws.l(dunder.o)
    0x08002db8   0x08002db8   0x00000270   Code   RO          449    i.asin              m_ws.l(asin.o)
    0x08003028   0x08003028   0x00000220   Code   RO          487    i.atan              m_ws.l(atan.o)
    0x08003248   0x08003248   0x0000019c   Code   RO          454    i.atan2             m_ws.l(atan2.o)
    0x080033e4   0x080033e4   0x000009ec   Code   RO          458    i.pow               m_ws.l(pow.o)
    0x08003dd0   0x08003dd0   0x0000004c   Code   RO          463    i.sqrt              m_ws.l(sqrt.o)
    0x08003e1c   0x08003e1c   0x00000150   Code   RO          428    x$fpl$dadd          fz_ws.l(daddsub_clz.o)
    0x08003f6c   0x08003f6c   0x00000010   Code   RO          530    x$fpl$dcheck1       fz_ws.l(dcheck1.o)
    0x08003f7c   0x08003f7c   0x00000018   Code   RO          532    x$fpl$dcmpinf       fz_ws.l(dcmpi.o)
    0x08003f94   0x08003f94   0x000002b4   Code   RO          437    x$fpl$ddiv          fz_ws.l(ddiv.o)
    0x08004248   0x08004248   0x00000078   Code   RO          469    x$fpl$deqf          fz_ws.l(deqf.o)
    0x080042c0   0x080042c0   0x0000002e   Code   RO          441    x$fpl$dflt          fz_ws.l(dflt_clz.o)
    0x080042ee   0x080042ee   0x00000026   Code   RO          440    x$fpl$dfltu         fz_ws.l(dflt_clz.o)
    0x08004314   0x08004314   0x00000078   Code   RO          471    x$fpl$dgeqf         fz_ws.l(dgeqf.o)
    0x0800438c   0x0800438c   0x00000078   Code   RO          473    x$fpl$dleqf         fz_ws.l(dleqf.o)
    0x08004404   0x08004404   0x00000154   Code   RO          446    x$fpl$dmul          fz_ws.l(dmul.o)
    0x08004558   0x08004558   0x0000009c   Code   RO          475    x$fpl$dnaninf       fz_ws.l(dnaninf.o)
    0x080045f4   0x080045f4   0x0000000c   Code   RO          477    x$fpl$dretinf       fz_ws.l(dretinf.o)
    0x08004600   0x08004600   0x0000006c   Code   RO          479    x$fpl$drleqf        fz_ws.l(drleqf.o)
    0x0800466c   0x0800466c   0x00000016   Code   RO          429    x$fpl$drsb          fz_ws.l(daddsub_clz.o)
    0x08004682   0x08004682   0x00000002   PAD
    0x08004684   0x08004684   0x000001cc   Code   RO          481    x$fpl$dsqrt         fz_ws.l(dsqrt_noumaal.o)
    0x08004850   0x08004850   0x000001dc   Code   RO          430    x$fpl$dsub          fz_ws.l(daddsub_clz.o)
    0x08004a2c   0x08004a2c   0x00000054   Code   RO          434    x$fpl$fcmp          fz_ws.l(dcmp.o)
    0x08004a80   0x08004a80   0x00000064   Code   RO          547    x$fpl$retnan        fz_ws.l(retnan.o)
    0x08004ae4   0x08004ae4   0x0000005c   Code   RO          483    x$fpl$scalbn        fz_ws.l(scalbn.o)
    0x08004b40   0x08004b40   0x00000030   Code   RO          598    x$fpl$trapveneer    fz_ws.l(trapv.o)
    0x08004b70   0x08004b70   0x00000000   Code   RO          485    x$fpl$usenofp       fz_ws.l(usenofp.o)
    0x08004b70   0x08004b70   0x00000050   Data   RO          450    .constdata          m_ws.l(asin.o)
    0x08004bc0   0x08004bc0   0x00000088   Data   RO          459    .constdata          m_ws.l(pow.o)
    0x08004c48   0x08004c48   0x00000098   Data   RO          488    .constdata          m_ws.l(atan.o)
    0x08004ce0   0x08004ce0   0x00000008   Data   RO          509    .constdata          m_ws.l(qnan.o)
    0x08004ce8   0x08004ce8   0x00000008   Data   RO          125    .rodata.pi          common.o
    0x08004cf0   0x08004cf0   0x00000020   Data   RO          684    Region$$Table       anon$$obj.o


    Execution Region RW_IRAM1 (Exec base: 0x20000000, Load base: 0x08004d10, Size: 0x00000838, Max: 0x00005000, ABSOLUTE)

    Exec Addr    Load Addr    Size         Type   Attr      Idx    E Section Name        Object

    0x20000000   0x08004d10   0x00000020   Data   RW           42    .data.q             main.o
    0x20000020        -       0x00000060   Zero   RW          535    .bss                c_w.l(libspace.o)
    0x20000080        -       0x00000004   Zero   RW           33    .bss.Ascale         main.o
    0x20000084        -       0x0000000c   Zero   RW          107    .bss.GPIO_PulseWidth  gpio.o
    0x20000090        -       0x00000004   Zero   RW           32    .bss.Gscale         main.o
    0x20000094   0x08004d30   0x00000004   PAD
    0x20000098        -       0x00000008   Zero   RW           45    .bss.GyroMeasDrift  main.o
    0x200000a0        -       0x00000008   Zero   RW           43    .bss.GyroMeasError  main.o
    0x200000a8        -       0x00000004   Zero   RW           41    .bss.Now            main.o
    0x200000ac        -       0x00000004   Zero   RW          146    .bss.Pointer        uart.o
    0x200000b0        -       0x00000004   Zero   RW          105    .bss.RisingTimeTIM2  gpio.o
    0x200000b4        -       0x00000004   Zero   RW          106    .bss.RisingTimeTIM3  gpio.o
    0x200000b8        -       0x00000030   Zero   RW           47    .bss.SelfTest       main.o
    0x200000e8        -       0x00000080   Zero   RW          145    .bss.USART1_Buffer  uart.o
    0x20000168        -       0x00000008   Zero   RW           49    .bss.aRes           main.o
    0x20000170        -       0x00000018   Zero   RW           35    .bss.accelBias      main.o
    0x20000188        -       0x00000006   Zero   RW           48    .bss.accelCount     main.o
    0x2000018e   0x08004d30   0x00000002   PAD
    0x20000190        -       0x00000008   Zero   RW           50    .bss.ax             main.o
    0x20000198        -       0x00000008   Zero   RW           51    .bss.ay             main.o
    0x200001a0        -       0x00000008   Zero   RW           52    .bss.az             main.o
    0x200001a8        -       0x00000008   Zero   RW           44    .bss.beta           main.o
    0x200001b0        -       0x00000004   Zero   RW           37    .bss.count          main.o
    0x200001b4        -       0x00000004   Zero   RW           36    .bss.delt_t         main.o
    0x200001b8        -       0x00000008   Zero   RW           38    .bss.deltat         main.o
    0x200001c0        -       0x00000004   Zero   RW          216    .bss.dummy          i2c.o
    0x200001c4   0x08004d30   0x00000004   PAD
    0x200001c8        -       0x00000008   Zero   RW           54    .bss.gRes           main.o
    0x200001d0        -       0x00000008   Zero   RW           55    .bss.gx             main.o
    0x200001d8        -       0x00000008   Zero   RW           56    .bss.gy             main.o
    0x200001e0        -       0x00000018   Zero   RW           34    .bss.gyroBias       main.o
    0x200001f8        -       0x00000006   Zero   RW           53    .bss.gyroCount      main.o
    0x200001fe   0x08004d30   0x00000002   PAD
    0x20000200        -       0x00000008   Zero   RW           57    .bss.gz             main.o
    0x20000208        -       0x00000004   Zero   RW           39    .bss.lastUpdate     main.o
    0x2000020c   0x08004d30   0x00000004   PAD
    0x20000210        -       0x00000008   Zero   RW           59    .bss.pitch          main.o
    0x20000218        -       0x00000008   Zero   RW           60    .bss.roll           main.o
    0x20000220        -       0x00000004   Zero   RW          147    .bss.ui32gDummy     uart.o
    0x20000224        -       0x00000004   Zero   RW          163    .bss.ui32micros     clock.o
    0x20000228        -       0x00000008   Zero   RW           58    .bss.yaw            main.o
    0x20000230        -       0x00000008   Zero   RW           46    .bss.zeta           main.o
    0x20000238        -       0x00000200   Zero   RW          397    HEAP                startup_stm32f10x_md.o
    0x20000438        -       0x00000400   Zero   RW          396    STACK               startup_stm32f10x_md.o


==============================================================================

Image component sizes


      Code (inc. data)   RO Data    RW Data    ZI Data      Debug   Object Name

       156          0          0          0          4       2171   clock.o
       108          0          8          0          0       3171   common.o
      2202          0          0          0         20      10120   gpio.o
       688          0          0          0          4       4780   i2c.o
      7102          8          0         32        260       8127   main.o
        64         26        236          0       1536        824   startup_stm32f10x_md.o
       400          0          0          0          0       2857   system_stm32f10x.o
       134          0          0          0        136       3483   uart.o

    ----------------------------------------------------------------------
     10880         34        276         32       1976      35533   Object Totals
         0          0         32          0          0          0   (incl. Generated)
        26          0          0          0         16          0   (incl. Padding)

    ----------------------------------------------------------------------

      Code (inc. data)   RO Data    RW Data    ZI Data      Debug   Library Member Name

         8          0          0          0          0         68   __main.o
         0          0          0          0          0          0   __rtentry.o
        12          0          0          0          0          0   __rtentry2.o
         6          0          0          0          0          0   __rtentry4.o
        52          8          0          0          0          0   __scatter.o
        26          0          0          0          0          0   __scatter_copy.o
        28          0          0          0          0          0   __scatter_zi.o
        22          0          0          0          0        100   _rserrno.o
        18          0          0          0          0         80   exit.o
         6          0          0          0          0        152   heapauxi.o
         0          0          0          0          0          0   indicate_semi.o
         2          0          0          0          0          0   libinit.o
         2          0          0          0          0          0   libinit2.o
         2          0          0          0          0          0   libshutdown.o
         2          0          0          0          0          0   libshutdown2.o
         8          4          0          0         96         68   libspace.o
         8          4          0          0          0         68   rt_errno_addr_intlibspace.o
         2          0          0          0          0          0   rtexit.o
        10          0          0          0          0          0   rtexit2.o
        12          4          0          0          0         68   sys_exit.o
        74          0          0          0          0         80   sys_stackheap_outer.o
         2          0          0          0          0         68   use_no_semi.o
       834         16          0          0          0        372   daddsub_clz.o
        16          4          0          0          0         68   dcheck1.o
        84          0          0          0          0        196   dcmp.o
        24          0          0          0          0         68   dcmpi.o
       692        140          0          0          0        216   ddiv.o
       120          4          0          0          0         92   deqf.o
        84          0          0          0          0        136   dflt_clz.o
       120          4          0          0          0         92   dgeqf.o
       120          4          0          0          0         92   dleqf.o
       340         12          0          0          0        104   dmul.o
       156          4          0          0          0         92   dnaninf.o
        12          0          0          0          0         68   dretinf.o
       108          0          0          0          0         80   drleqf.o
       460         56          0          0          0        120   dsqrt_noumaal.o
       100          0          0          0          0         68   retnan.o
        92          0          0          0          0         68   scalbn.o
        48          0          0          0          0         68   trapv.o
         0          0          0          0          0          0   usenofp.o
       624         52         80          0          0        168   asin.o
       544         70        152          0          0        124   atan.o
       412         38          0          0          0        144   atan2.o
        68         10          0          0          0        408   dunder.o
        40          0          0          0          0         68   fpclassify.o
       170          0          0          0          0         96   poly.o
      2540        188        136          0          0        332   pow.o
         0          0          8          0          0          0   qnan.o
        76          0          0          0          0         84   sqrt.o

    ----------------------------------------------------------------------
      8196        622        376          0         96       4176   Library Totals
        10          0          0          0          0          0   (incl. Padding)

    ----------------------------------------------------------------------

      Code (inc. data)   RO Data    RW Data    ZI Data      Debug   Library Name

       302         20          0          0         96        752   c_w.l
      3410        244          0          0          0       2000   fz_ws.l
      4474        358        376          0          0       1424   m_ws.l

    ----------------------------------------------------------------------
      8196        622        376          0         96       4176   Library Totals

    ----------------------------------------------------------------------

==============================================================================


      Code (inc. data)   RO Data    RW Data    ZI Data      Debug   

     19076        656        652         32       2072      37661   Grand Totals
     19076        656        652         32       2072      37661   ELF Image Totals
     19076        656        652         32          0          0   ROM Totals

==============================================================================

    Total RO  Size (Code + RO Data)                19728 (  19.27kB)
    Total RW  Size (RW Data + ZI Data)              2104 (   2.05kB)
    Total ROM Size (Code + RO Data + RW Data)      19760 (  19.30kB)

==============================================================================

