Component: Arm Compiler for Embedded 6.19 Tool: armlink [5e73cb00]

==============================================================================

Section Cross References

    main.o(.text.main) refers to main.o(.text.System_Init) for System_Init
    main.o(.text.main) refers to gpio.o(.text.GPIO_SetPWM) for GPIO_SetPWM
    main.o(.text.main) refers to gpio.o(.text.GPIO_PINLow) for GPIO_PINLow
    main.o(.text.main) refers to clock.o(.text.micros) for micros
    main.o(.text.main) refers to main.o(.bss.loop_timer) for loop_timer
    main.o(.text.main) refers to mpu6050.o(.text.MPU6050_CalculateAngle) for MPU6050_CalculateAngle
    main.o(.text.main) refers to pid.o(.text.PID_GetDesiredAngle) for PID_GetDesiredAngle
    main.o(.text.main) refers to gpio.o(.bss.GPIO_PulseWidth) for GPIO_PulseWidth
    main.o(.text.main) refers to gpio.o(.text.GPIO_B6_PWM) for GPIO_B6_PWM
    main.o(.text.main) refers to gpio.o(.text.GPIO_B7_PWM) for GPIO_B7_PWM
    main.o(.text.main) refers to gpio.o(.text.GPIO_B8_PWM) for GPIO_B8_PWM
    main.o(.text.main) refers to gpio.o(.text.GPIO_B9_PWM) for GPIO_B9_PWM
    main.o(.text.main) refers to gpio.o(.text.GPIO_PINToggle) for GPIO_PINToggle
    main.o(.ARM.exidx.text.main) refers to main.o(.text.main) for [Anonymous Symbol]
    main.o(.text.System_Init) refers to clock.o(.text.CLOCK_SystickInit) for CLOCK_SystickInit
    main.o(.text.System_Init) refers to gpio.o(.text.GPIO_SetPWMMeasurement) for GPIO_SetPWMMeasurement
    main.o(.text.System_Init) refers to gpio.o(.text.GPIO_SetOutPut) for GPIO_SetOutPut
    main.o(.text.System_Init) refers to gpio.o(.text.GPIO_PINHigh) for GPIO_PINHigh
    main.o(.text.System_Init) refers to gpio.o(.text.GPIO_PINToggle) for GPIO_PINToggle
    main.o(.text.System_Init) refers to common.o(.text.delay) for delay
    main.o(.text.System_Init) refers to i2c.o(.text.I2C2_Init) for I2C2_Init
    main.o(.text.System_Init) refers to mpu6050.o(.text.MPU6050_Init) for MPU6050_Init
    main.o(.text.System_Init) refers to mpu6050.o(.text.MPU6050_Calibration) for MPU6050_Calibration
    main.o(.ARM.exidx.text.System_Init) refers to main.o(.text.System_Init) for [Anonymous Symbol]
    gpio.o(.ARM.exidx.text.GPIO_SetOutPut) refers to gpio.o(.text.GPIO_SetOutPut) for [Anonymous Symbol]
    gpio.o(.ARM.exidx.text.GPIO_PINLow) refers to gpio.o(.text.GPIO_PINLow) for [Anonymous Symbol]
    gpio.o(.ARM.exidx.text.GPIO_PINHigh) refers to gpio.o(.text.GPIO_PINHigh) for [Anonymous Symbol]
    gpio.o(.text.GPIO_PINToggle) refers to gpio.o(.text.GPIO_PINLow) for GPIO_PINLow
    gpio.o(.text.GPIO_PINToggle) refers to gpio.o(.text.GPIO_PINHigh) for GPIO_PINHigh
    gpio.o(.ARM.exidx.text.GPIO_PINToggle) refers to gpio.o(.text.GPIO_PINToggle) for [Anonymous Symbol]
    gpio.o(.ARM.exidx.text.GPIO_SetInPut) refers to gpio.o(.text.GPIO_SetInPut) for [Anonymous Symbol]
    gpio.o(.ARM.exidx.text.GPIO_ReadPIN) refers to gpio.o(.text.GPIO_ReadPIN) for [Anonymous Symbol]
    gpio.o(.text.GPIO_SetAnalog) refers to common.o(.text.delay) for delay
    gpio.o(.ARM.exidx.text.GPIO_SetAnalog) refers to gpio.o(.text.GPIO_SetAnalog) for [Anonymous Symbol]
    gpio.o(.ARM.exidx.text.GPIO_ReadAnalog) refers to gpio.o(.text.GPIO_ReadAnalog) for [Anonymous Symbol]
    gpio.o(.text.GPIO_SetPWM) refers to gpio.o(.text.GPIO_SetOutPut) for GPIO_SetOutPut
    gpio.o(.ARM.exidx.text.GPIO_SetPWM) refers to gpio.o(.text.GPIO_SetPWM) for [Anonymous Symbol]
    gpio.o(.ARM.exidx.text.GPIO_B6_PWM) refers to gpio.o(.text.GPIO_B6_PWM) for [Anonymous Symbol]
    gpio.o(.ARM.exidx.text.GPIO_B7_PWM) refers to gpio.o(.text.GPIO_B7_PWM) for [Anonymous Symbol]
    gpio.o(.ARM.exidx.text.GPIO_B8_PWM) refers to gpio.o(.text.GPIO_B8_PWM) for [Anonymous Symbol]
    gpio.o(.ARM.exidx.text.GPIO_B9_PWM) refers to gpio.o(.text.GPIO_B9_PWM) for [Anonymous Symbol]
    gpio.o(.text.GPIO_SetInterrupt) refers to common.o(.text.NVIC_EnableIRQ) for NVIC_EnableIRQ
    gpio.o(.ARM.exidx.text.GPIO_SetInterrupt) refers to gpio.o(.text.GPIO_SetInterrupt) for [Anonymous Symbol]
    gpio.o(.text.GPIO_SetPWMMeasurement) refers to gpio.o(.bss.RisingTimeTIM2) for RisingTimeTIM2
    gpio.o(.text.GPIO_SetPWMMeasurement) refers to gpio.o(.bss.RisingTimeTIM3) for RisingTimeTIM3
    gpio.o(.text.GPIO_SetPWMMeasurement) refers to gpio.o(.bss.GPIO_PulseWidth) for GPIO_PulseWidth
    gpio.o(.text.GPIO_SetPWMMeasurement) refers to gpio.o(.text.GPIO_SetInPut) for GPIO_SetInPut
    gpio.o(.text.GPIO_SetPWMMeasurement) refers to common.o(.text.NVIC_EnableIRQ) for NVIC_EnableIRQ
    gpio.o(.ARM.exidx.text.GPIO_SetPWMMeasurement) refers to gpio.o(.text.GPIO_SetPWMMeasurement) for [Anonymous Symbol]
    gpio.o(.text.GPIO_GetPWM) refers to gpio.o(.bss.GPIO_PulseWidth) for GPIO_PulseWidth
    gpio.o(.ARM.exidx.text.GPIO_GetPWM) refers to gpio.o(.text.GPIO_GetPWM) for [Anonymous Symbol]
    gpio.o(.text.TIM2_IRQHandler) refers to gpio.o(.bss.RisingTimeTIM2) for RisingTimeTIM2
[...]
    Removing clock.o(.ARM.exidx.text.micros), (8 bytes).
    Removing vectable.o(.text), (0 bytes).
    Removing vectable.o(.text.VEC_TABLE_MoveVECTAB), (86 bytes).
    Removing vectable.o(.ARM.exidx.text.VEC_TABLE_MoveVECTAB), (8 bytes).
    Removing vectable.o(.bss.ui32vectorTable_RAM), (960 bytes).
    Removing i2c.o(.text), (0 bytes).
    Removing i2c.o(.text.I2C1_Init), (280 bytes).
    Removing i2c.o(.ARM.exidx.text.I2C1_Init), (8 bytes).
    Removing i2c.o(.text.I2C1_Start), (104 bytes).
    Removing i2c.o(.ARM.exidx.text.I2C1_Start), (8 bytes).
    Removing i2c.o(.text.I2C1_Write), (68 bytes).
    Removing i2c.o(.ARM.exidx.text.I2C1_Write), (8 bytes).
    Removing i2c.o(.text.I2C1_CallAdress), (138 bytes).
    Removing i2c.o(.ARM.exidx.text.I2C1_CallAdress), (8 bytes).
    Removing i2c.o(.text.I2C1_Stop), (18 bytes).
    Removing i2c.o(.ARM.exidx.text.I2C1_Stop), (8 bytes).
    Removing i2c.o(.text.I2C1_MultiWrite), (114 bytes).
    Removing i2c.o(.ARM.exidx.text.I2C1_MultiWrite), (8 bytes).
    Removing i2c.o(.ARM.exidx.text.I2C2_Init), (8 bytes).
    Removing i2c.o(.ARM.exidx.text.I2C2_Start), (8 bytes).
    Removing i2c.o(.ARM.exidx.text.I2C2_Write), (8 bytes).
    Removing i2c.o(.ARM.exidx.text.I2C2_Read1Byte), (8 bytes).
    Removing i2c.o(.ARM.exidx.text.I2C2_CallAdress), (8 bytes).
    Removing i2c.o(.ARM.exidx.text.I2C2_Stop), (8 bytes).
    Removing i2c.o(.text.I2C2_MultiWrite), (92 bytes).
    Removing i2c.o(.ARM.exidx.text.I2C2_MultiWrite), (8 bytes).
    Removing i2c.o(.ARM.exidx.text.I2C2_Read), (8 bytes).
    Removing i2c.o(.ARM.exidx.text.I2C2_WriteToDevice), (8 bytes).
    Removing i2c.o(.ARM.exidx.text.I2C2_ReadDevice), (8 bytes).
    Removing i2c.o(.text.I2C2_WriteBit), (114 bytes).
    Removing i2c.o(.ARM.exidx.text.I2C2_WriteBit), (8 bytes).
    Removing i2c.o(.text.I2C2_CheckDevice), (132 bytes).
    Removing i2c.o(.ARM.exidx.text.I2C2_CheckDevice), (8 bytes).
    Removing ex_eeprom.o(.text), (0 bytes).
    Removing ex_eeprom.o(.text.EEPROM_CheckDevice), (36 bytes).
    Removing ex_eeprom.o(.ARM.exidx.text.EEPROM_CheckDevice), (8 bytes).
    Removing ex_eeprom.o(.text.EEPROM_Write), (70 bytes).
    Removing ex_eeprom.o(.ARM.exidx.text.EEPROM_Write), (8 bytes).
    Removing ex_eeprom.o(.text.EEPROM_Read), (220 bytes).
    Removing ex_eeprom.o(.ARM.exidx.text.EEPROM_Read), (8 bytes).
    Removing pid.o(.text), (0 bytes).
    Removing pid.o(.ARM.exidx.text.PID_GetDesiredAngle), (8 bytes).
    Removing pid.o(.text.PID_Calculate), (10 bytes).
    Removing pid.o(.ARM.exidx.text.PID_Calculate), (8 bytes).
    Removing pid.o(.text.PID_GetPwm), (10 bytes).
    Removing pid.o(.ARM.exidx.text.PID_GetPwm), (8 bytes).
    Removing pid.o(.bss.PID_Pwm), (8 bytes).
    Removing mpu6050.o(.text), (0 bytes).
    Removing mpu6050.o(.ARM.exidx.text.MPU6050_Write), (8 bytes).
    Removing mpu6050.o(.ARM.exidx.text.MPU6050_Read), (8 bytes).
    Removing mpu6050.o(.ARM.exidx.text.MPU6050_Init), (8 bytes).
    Removing mpu6050.o(.ARM.exidx.text.MPU6050_getPara), (8 bytes).
    Removing mpu6050.o(.ARM.exidx.text.MPU6050_CalculateAngle), (8 bytes).
    Removing mpu6050.o(.ARM.exidx.text.MPU6050_Calibration), (8 bytes).
    Removing misc.o(.text), (0 bytes).
    Removing misc.o(.text.NVIC_PriorityGroupConfig), (28 bytes).
    Removing misc.o(.ARM.exidx.text.NVIC_PriorityGroupConfig), (8 bytes).
    Removing misc.o(.text.NVIC_Init), (170 bytes).
    Removing misc.o(.ARM.exidx.text.NVIC_Init), (8 bytes).
    Removing misc.o(.text.NVIC_SetVectorTable), (36 bytes).
    Removing misc.o(.ARM.exidx.text.NVIC_SetVectorTable), (8 bytes).
    Removing misc.o(.text.NVIC_SystemLPConfig), (62 bytes).
    Removing misc.o(.ARM.exidx.text.NVIC_SystemLPConfig), (8 bytes).
    Removing misc.o(.text.SysTick_CLKSourceConfig), (52 bytes).
    Removing misc.o(.ARM.exidx.text.SysTick_CLKSourceConfig), (8 bytes).
    Removing stm32f10x_gpio.o(.text), (0 bytes).
    Removing stm32f10x_gpio.o(.text.GPIO_DeInit), (276 bytes).
    Removing stm32f10x_gpio.o(.ARM.exidx.text.GPIO_DeInit), (8 bytes).
    Removing stm32f10x_gpio.o(.text.GPIO_AFIODeInit), (26 bytes).
    Removing stm32f10x_gpio.o(.ARM.exidx.text.GPIO_AFIODeInit), (8 bytes).
    Removing stm32f10x_gpio.o(.text.GPIO_Init), (390 bytes).
    Removing stm32f10x_gpio.o(.ARM.exidx.text.GPIO_Init), (8 bytes).
    Removing stm32f10x_gpio.o(.text.GPIO_StructInit), (28 bytes).
    Removing stm32f10x_gpio.o(.ARM.exidx.text.GPIO_StructInit), (8 bytes).
    Removing stm32f10x_gpio.o(.text.GPIO_ReadInputDataBit), (52 bytes).
    Removing stm32f10x_gpio.o(.ARM.exidx.text.GPIO_ReadInputDataBit), (8 bytes).
    Removing stm32f10x_gpio.o(.text.GPIO_ReadInputData), (14 bytes).
    Removing stm32f10x_gpio.o(.ARM.exidx.text.GPIO_ReadInputData), (8 bytes).
    Removing stm32f10x_gpio.o(.text.GPIO_ReadOutputDataBit), (52 bytes).
    Removing stm32f10x_gpio.o(.ARM.exidx.text.GPIO_ReadOutputDataBit), (8 bytes).
    Removing stm32f10x_gpio.o(.text.GPIO_ReadOutputData), (14 bytes).
    Removing stm32f10x_gpio.o(.ARM.exidx.text.GPIO_ReadOutputData), (8 bytes).
    Removing stm32f10x_gpio.o(.text.GPIO_SetBits), (20 bytes).
    Removing stm32f10x_gpio.o(.ARM.exidx.text.GPIO_SetBits), (8 bytes).
    Removing stm32f10x_gpio.o(.text.GPIO_ResetBits), (20 bytes).
    Removing stm32f10x_gpio.o(.ARM.exidx.text.GPIO_ResetBits), (8 bytes).
    Removing stm32f10x_gpio.o(.text.GPIO_WriteBit), (44 bytes).
    Removing stm32f10x_gpio.o(.ARM.exidx.text.GPIO_WriteBit), (8 bytes).
    Removing stm32f10x_gpio.o(.text.GPIO_Write), (20 bytes).
    Removing stm32f10x_gpio.o(.ARM.exidx.text.GPIO_Write), (8 bytes).
    Removing stm32f10x_gpio.o(.text.GPIO_PinLockConfig), (60 bytes).
    Removing stm32f10x_gpio.o(.ARM.exidx.text.GPIO_PinLockConfig), (8 bytes).
    Removing stm32f10x_gpio.o(.text.GPIO_EventOutputConfig), (64 bytes).
    Removing stm32f10x_gpio.o(.ARM.exidx.text.GPIO_EventOutputConfig), (8 bytes).
    Removing stm32f10x_gpio.o(.text.GPIO_EventOutputCmd), (22 bytes).
    Removing stm32f10x_gpio.o(.ARM.exidx.text.GPIO_EventOutputCmd), (8 bytes).
    Removing stm32f10x_gpio.o(.text.GPIO_PinRemapConfig), (250 bytes).
    Removing stm32f10x_gpio.o(.ARM.exidx.text.GPIO_PinRemapConfig), (8 bytes).
    Removing stm32f10x_gpio.o(.text.GPIO_EXTILineConfig), (84 bytes).
    Removing stm32f10x_gpio.o(.ARM.exidx.text.GPIO_EXTILineConfig), (8 bytes).
    Removing stm32f10x_gpio.o(.text.GPIO_ETH_MediaInterfaceConfig), (18 bytes).
    Removing stm32f10x_gpio.o(.ARM.exidx.text.GPIO_ETH_MediaInterfaceConfig), (8 bytes).
    Removing stm32f10x_rcc.o(.text), (0 bytes).
    Removing stm32f10x_rcc.o(.text.RCC_DeInit), (82 bytes).
    Removing stm32f10x_rcc.o(.ARM.exidx.text.RCC_DeInit), (8 bytes).
    Removing stm32f10x_rcc.o(.text.RCC_HSEConfig), (92 bytes).
    Removing stm32f10x_rcc.o(.ARM.exidx.text.RCC_HSEConfig), (8 bytes).
    Removing stm32f10x_rcc.o(.text.RCC_WaitForHSEStartUp), (108 bytes).
    Removing stm32f10x_rcc.o(.ARM.exidx.text.RCC_WaitForHSEStartUp), (8 bytes).
    Removing stm32f10x_rcc.o(.text.RCC_GetFlagStatus), (130 bytes).
    Removing stm32f10x_rcc.o(.ARM.exidx.text.RCC_GetFlagStatus), (8 bytes).
    Removing stm32f10x_rcc.o(.text.RCC_AdjustHSICalibrationValue), (50 bytes).
    Removing stm32f10x_rcc.o(.ARM.exidx.text.RCC_AdjustHSICalibrationValue), (8 bytes).
    Removing stm32f10x_rcc.o(.text.RCC_HSICmd), (22 bytes).
    Removing stm32f10x_rcc.o(.ARM.exidx.text.RCC_HSICmd), (8 bytes).
    Removing stm32f10x_rcc.o(.text.RCC_PLLConfig), (50 bytes).
    Removing stm32f10x_rcc.o(.ARM.exidx.text.RCC_PLLConfig), (8 bytes).
    Removing stm32f10x_rcc.o(.text.RCC_PLLCmd), (22 bytes).
    Removing stm32f10x_rcc.o(.ARM.exidx.text.RCC_PLLCmd), (8 bytes).
    Removing stm32f10x_rcc.o(.text.RCC_SYSCLKConfig), (44 bytes).
    Removing stm32f10x_rcc.o(.ARM.exidx.text.RCC_SYSCLKConfig), (8 bytes).
    Removing stm32f10x_rcc.o(.text.RCC_GetSYSCLKSource), (16 bytes).
    Removing stm32f10x_rcc.o(.ARM.exidx.text.RCC_GetSYSCLKSource), (8 bytes).
    Removing stm32f10x_rcc.o(.text.RCC_HCLKConfig), (44 bytes).
    Removing stm32f10x_rcc.o(.ARM.exidx.text.RCC_HCLKConfig), (8 bytes).
    Removing stm32f10x_rcc.o(.text.RCC_PCLK1Config), (44 bytes).
    Removing stm32f10x_rcc.o(.ARM.exidx.text.RCC_PCLK1Config), (8 bytes).
    Removing stm32f10x_rcc.o(.text.RCC_PCLK2Config), (46 bytes).
    Removing stm32f10x_rcc.o(.ARM.exidx.text.RCC_PCLK2Config), (8 bytes).
    Removing stm32f10x_rcc.o(.text.RCC_ITConfig), (62 bytes).
    Removing stm32f10x_rcc.o(.ARM.exidx.text.RCC_ITConfig), (8 bytes).
    Removing stm32f10x_rcc.o(.text.RCC_USBCLKConfig), (18 bytes).
    Removing stm32f10x_rcc.o(.ARM.exidx.text.RCC_USBCLKConfig), (8 bytes).
    Removing stm32f10x_rcc.o(.text.RCC_ADCCLKConfig), (44 bytes).
    Removing stm32f10x_rcc.o(.ARM.exidx.text.RCC_ADCCLKConfig), (8 bytes).
    Removing stm32f10x_rcc.o(.text.RCC_LSEConfig), (76 bytes).
    Removing stm32f10x_rcc.o(.ARM.exidx.text.RCC_LSEConfig), (8 bytes).
    Removing stm32f10x_rcc.o(.text.RCC_LSICmd), (24 bytes).
    Removing stm32f10x_rcc.o(.ARM.exidx.text.RCC_LSICmd), (8 bytes).
    Removing stm32f10x_rcc.o(.text.RCC_RTCCLKConfig), (24 bytes).
    Removing stm32f10x_rcc.o(.ARM.exidx.text.RCC_RTCCLKConfig), (8 bytes).
    Removing stm32f10x_rcc.o(.text.RCC_RTCCLKCmd), (24 bytes).
    Removing stm32f10x_rcc.o(.ARM.exidx.text.RCC_RTCCLKCmd), (8 bytes).
    Removing stm32f10x_rcc.o(.text.RCC_GetClocksFreq), (370 bytes).
    Removing stm32f10x_rcc.o(.ARM.exidx.text.RCC_GetClocksFreq), (8 bytes).
    Removing stm32f10x_rcc.o(.text.RCC_AHBPeriphClockCmd), (56 bytes).
    Removing stm32f10x_rcc.o(.ARM.exidx.text.RCC_AHBPeriphClockCmd), (8 bytes).
    Removing stm32f10x_rcc.o(.text.RCC_APB2PeriphClockCmd), (56 bytes).
    Removing stm32f10x_rcc.o(.ARM.exidx.text.RCC_APB2PeriphClockCmd), (8 bytes).
    Removing stm32f10x_rcc.o(.text.RCC_APB1PeriphClockCmd), (56 bytes).
    Removing stm32f10x_rcc.o(.ARM.exidx.text.RCC_APB1PeriphClockCmd), (8 bytes).
    Removing stm32f10x_rcc.o(.text.RCC_APB2PeriphResetCmd), (56 bytes).
    Removing stm32f10x_rcc.o(.ARM.exidx.text.RCC_APB2PeriphResetCmd), (8 bytes).
    Removing stm32f10x_rcc.o(.text.RCC_APB1PeriphResetCmd), (56 bytes).
    Removing stm32f10x_rcc.o(.ARM.exidx.text.RCC_APB1PeriphResetCmd), (8 bytes).
    Removing stm32f10x_rcc.o(.text.RCC_BackupResetCmd), (24 bytes).
    Removing stm32f10x_rcc.o(.ARM.exidx.text.RCC_BackupResetCmd), (8 bytes).
    Removing stm32f10x_rcc.o(.text.RCC_ClockSecuritySystemCmd), (22 bytes).
    Removing stm32f10x_rcc.o(.ARM.exidx.text.RCC_ClockSecuritySystemCmd), (8 bytes).
    Removing stm32f10x_rcc.o(.text.RCC_MCOConfig), (24 bytes).
    Removing stm32f10x_rcc.o(.ARM.exidx.text.RCC_MCOConfig), (8 bytes).
    Removing stm32f10x_rcc.o(.text.RCC_ClearFlag), (18 bytes).
    Removing stm32f10x_rcc.o(.ARM.exidx.text.RCC_ClearFlag), (8 bytes).
    Removing stm32f10x_rcc.o(.text.RCC_GetITStatus), (56 bytes).
    Removing stm32f10x_rcc.o(.ARM.exidx.text.RCC_GetITStatus), (8 bytes).
    Removing stm32f10x_rcc.o(.text.RCC_ClearITPendingBit), (24 bytes).
    Removing stm32f10x_rcc.o(.ARM.exidx.text.RCC_ClearITPendingBit), (8 bytes).
    Removing stm32f10x_rcc.o(.rodata.APBAHBPrescTable), (16 bytes).
    Removing stm32f10x_rcc.o(.rodata.ADCPrescTable), (4 bytes).
    Removing gpio_stm32f10x.o(.text), (0 bytes).
    Removing gpio_stm32f10x.o(.text.GPIO_PortClock), (528 bytes).
    Removing gpio_stm32f10x.o(.ARM.exidx.text.GPIO_PortClock), (8 bytes).
    Removing gpio_stm32f10x.o(.text.GPIO_GetPortClockState), (284 bytes).
    Removing gpio_stm32f10x.o(.ARM.exidx.text.GPIO_GetPortClockState), (8 bytes).
    Removing gpio_stm32f10x.o(.text.GPIO_PinConfigure), (222 bytes).
    Removing gpio_stm32f10x.o(.ARM.exidx.text.GPIO_PinConfigure), (8 bytes).
    Removing gpio_stm32f10x.o(.text.GPIO_AFConfigure), (228 bytes).
    Removing gpio_stm32f10x.o(.ARM.exidx.text.GPIO_AFConfigure), (8 bytes).
    Removing system_stm32f10x.o(.text), (0 bytes).
    Removing system_stm32f10x.o(.ARM.exidx.text.SystemInit), (8 bytes).
    Removing system_stm32f10x.o(.ARM.exidx.text.SetSysClock), (8 bytes).
    Removing system_stm32f10x.o(.text.SystemCoreClockUpdate), (290 bytes).
    Removing system_stm32f10x.o(.ARM.exidx.text.SystemCoreClockUpdate), (8 bytes).
    Removing system_stm32f10x.o(.ARM.exidx.text.SetSysClockTo72), (8 bytes).
    Removing system_stm32f10x.o(.data.SystemCoreClock), (4 bytes).
    Removing system_stm32f10x.o(.rodata.AHBPrescTable), (16 bytes).

244 unused section(s) (total 11054 bytes) removed from the image.

==============================================================================

Image Symbol Table

    Local Symbols

    Symbol Name                              Value     Ov Type        Size  Object(Section)

    ../clib/angel/boardlib.s                 0x00000000   Number         0  boardinit1.o ABSOLUTE
    ../clib/angel/boardlib.s                 0x00000000   Number         0  boardinit2.o ABSOLUTE
    ../clib/angel/boardlib.s                 0x00000000   Number         0  boardinit3.o ABSOLUTE
    ../clib/angel/boardlib.s                 0x00000000   Number         0  boardshut.o ABSOLUTE
    ../clib/angel/handlers.s                 0x00000000   Number         0  __scatter_zi.o ABSOLUTE
    ../clib/angel/kernel.s                   0x00000000   Number         0  __rtentry.o ABSOLUTE
    ../clib/angel/kernel.s                   0x00000000   Number         0  __rtentry2.o ABSOLUTE
    ../clib/angel/kernel.s                   0x00000000   Number         0  __rtentry4.o ABSOLUTE
    ../clib/angel/kernel.s                   0x00000000   Number         0  rtexit.o ABSOLUTE
    ../clib/angel/kernel.s                   0x00000000   Number         0  rtexit2.o ABSOLUTE
    ../clib/angel/rt.s                       0x00000000   Number         0  rt_errno_addr.o ABSOLUTE
    ../clib/angel/rt.s                       0x00000000   Number         0  rt_errno_addr_intlibspace.o ABSOLUTE
    ../clib/angel/rt.s                       0x00000000   Number         0  rt_raise.o ABSOLUTE
    ../clib/angel/scatter.s                  0x00000000   Number         0  __scatter.o ABSOLUTE
    ../clib/angel/startup.s                  0x00000000   Number         0  __main.o ABSOLUTE
    ../clib/angel/sys.s                      0x00000000   Number         0  libspace.o ABSOLUTE
    ../clib/angel/sys.s                      0x00000000   Number         0  sys_stackheap_outer.o ABSOLUTE
    ../clib/angel/sys.s                      0x00000000   Number         0  use_no_semi.o ABSOLUTE
    ../clib/angel/sys.s                      0x00000000   Number         0  indicate_semi.o ABSOLUTE
    ../clib/angel/sysapp.c                   0x00000000   Number         0  sys_exit.o ABSOLUTE
    ../clib/angel/sysapp.c                   0x00000000   Number         0  sys_exit_hlt.o ABSOLUTE
    ../clib/angel/sysapp.c                   0x00000000   Number         0  sys_command.o ABSOLUTE
    ../clib/angel/sysapp.c                   0x00000000   Number         0  sys_command_hlt.o ABSOLUTE
    ../clib/angel/sysapp.c                   0x00000000   Number         0  sys_wrch.o ABSOLUTE
    ../clib/angel/sysapp.c                   0x00000000   Number         0  sys_wrch_hlt.o ABSOLUTE
    ../clib/armsys.c                         0x00000000   Number         0  argv_veneer.o ABSOLUTE
    ../clib/armsys.c                         0x00000000   Number         0  argv_veneer.o ABSOLUTE
    ../clib/armsys.c                         0x00000000   Number         0  _get_argv_nomalloc.o ABSOLUTE
    ../clib/armsys.c                         0x00000000   Number         0  no_argv.o ABSOLUTE
    ../clib/fenv.c                           0x00000000   Number         0  _rserrno.o ABSOLUTE
    ../clib/heapalloc.c                      0x00000000   Number         0  hrguard.o ABSOLUTE
    ../clib/heapaux.c                        0x00000000   Number         0  heapauxi.o ABSOLUTE
    ../clib/libinit.s                        0x00000000   Number         0  libinit.o ABSOLUTE
    ../clib/libinit.s                        0x00000000   Number         0  libinit2.o ABSOLUTE
    ../clib/libinit.s                        0x00000000   Number         0  libshutdown.o ABSOLUTE
    ../clib/libinit.s                        0x00000000   Number         0  libshutdown2.o ABSOLUTE
    ../clib/signal.c                         0x00000000   Number         0  defsig_rtmem_outer.o ABSOLUTE
    ../clib/signal.c                         0x00000000   Number         0  defsig_rtmem_formal.o ABSOLUTE
    ../clib/signal.c                         0x00000000   Number         0  defsig_exit.o ABSOLUTE
    ../clib/signal.c                         0x00000000   Number         0  defsig_rtmem_inner.o ABSOLUTE
    ../clib/signal.c                         0x00000000   Number         0  __raise.o ABSOLUTE
    ../clib/signal.c                         0x00000000   Number         0  defsig_general.o ABSOLUTE
    ../clib/signal.c                         0x00000000   Number         0  defsig_abrt_inner.o ABSOLUTE
    ../clib/signal.c                         0x00000000   Number         0  defsig_fpe_inner.o ABSOLUTE
    ../clib/signal.c                         0x00000000   Number         0  defsig_rtred_inner.o ABSOLUTE
    ../clib/signal.c                         0x00000000   Number         0  defsig_stak_inner.o ABSOLUTE
    ../clib/signal.c                         0x00000000   Number         0  defsig_pvfn_inner.o ABSOLUTE
    ../clib/signal.c                         0x00000000   Number         0  defsig_cppl_inner.o ABSOLUTE
    ../clib/signal.c                         0x00000000   Number         0  defsig_segv_inner.o ABSOLUTE
    ../clib/signal.c                         0x00000000   Number         0  defsig_other.o ABSOLUTE
    ../clib/signal.s                         0x00000000   Number         0  defsig.o ABSOLUTE
    ../clib/stdlib.c                         0x00000000   Number         0  exit.o ABSOLUTE
    ../fplib/daddsub.s                       0x00000000   Number         0  daddsub_clz.o ABSOLUTE
    ../fplib/dcheck1.s                       0x00000000   Number         0  dcheck1.o ABSOLUTE
    ../fplib/ddiv.s                          0x00000000   Number         0  ddiv.o ABSOLUTE
    ../fplib/dfix.s                          0x00000000   Number         0  dfix.o ABSOLUTE
    ../fplib/dflt.s                          0x00000000   Number         0  dflt_clz.o ABSOLUTE
    ../fplib/dmul.s                          0x00000000   Number         0  dmul.o ABSOLUTE
    ../fplib/dnaninf.s                       0x00000000   Number         0  dnaninf.o ABSOLUTE
    ../fplib/dretinf.s                       0x00000000   Number         0  dretinf.o ABSOLUTE
    ../fplib/dsqrt.s                         0x00000000   Number         0  dsqrt_noumaal.o ABSOLUTE
    ../fplib/fpinit.s                        0x00000000   Number         0  fpinit.o ABSOLUTE
    ../fplib/fpinit_empty.s                  0x00000000   Number         0  fpinit_empty.o ABSOLUTE
    ../fplib/retnan.s                        0x00000000   Number         0  retnan.o ABSOLUTE
    ../fplib/scalbn.s                        0x00000000   Number         0  scalbn.o ABSOLUTE
    ../fplib/trapv.s                         0x00000000   Number         0  trapv.o ABSOLUTE
    ../fplib/usenofp.s                       0x00000000   Number         0  usenofp.o ABSOLUTE
    ../mathlib/atan.c                        0x00000000   Number         0  atan.o ABSOLUTE
    ../mathlib/cos_i.c                       0x00000000   Number         0  cos_i.o ABSOLUTE
    ../mathlib/dunder.c                      0x00000000   Number         0  dunder.o ABSOLUTE
    ../mathlib/fpclassify.c                  0x00000000   Number         0  fpclassify.o ABSOLUTE
    ../mathlib/poly.c                        0x00000000   Number         0  poly.o ABSOLUTE
    ../mathlib/rred.c                        0x00000000   Number         0  rred.o ABSOLUTE
    ../mathlib/sin.c                         0x00000000   Number         0  sin.o ABSOLUTE
    ../mathlib/sin_i.c                       0x00000000   Number         0  sin_i.o ABSOLUTE
    ../mathlib/sqrt.c                        0x00000000   Number         0  sqrt.o ABSOLUTE
    CLOCK.c                                  0x00000000   Number         0  clock.o ABSOLUTE
    COMMON.c                                 0x00000000   Number         0  common.o ABSOLUTE
    EX_EEPROM.c                              0x00000000   Number         0  ex_eeprom.o ABSOLUTE
    GPIO.c                                   0x00000000   Number         0  gpio.o ABSOLUTE
    GPIO_STM32F10x.c                         0x00000000   Number         0  gpio_stm32f10x.o ABSOLUTE
    I2C.c                                    0x00000000   Number         0  i2c.o ABSOLUTE
    MPU6050.c                                0x00000000   Number         0  mpu6050.o ABSOLUTE
    PID.c                                    0x00000000   Number         0  pid.o ABSOLUTE
    RTE/Device/STM32F103C8/startup_stm32f10x_md.s 0x00000000   Number         0  startup_stm32f10x_md.o ABSOLUTE
    UART.c                                   0x00000000   Number         0  uart.o ABSOLUTE
    VECTABLE.c                               0x00000000   Number         0  vectable.o ABSOLUTE
    dc.s                                     0x00000000   Number         0  dc.o ABSOLUTE
    main.c                                   0x00000000   Number         0  main.o ABSOLUTE
    misc.c                                   0x00000000   Number         0  misc.o ABSOLUTE
    stm32f10x_gpio.c                         0x00000000   Number         0  stm32f10x_gpio.o ABSOLUTE
    stm32f10x_rcc.c                          0x00000000   Number         0  stm32f10x_rcc.o ABSOLUTE
    system_stm32f10x.c                       0x00000000   Number         0  system_stm32f10x.o ABSOLUTE
    RESET                                    0x08000000   Section      236  startup_stm32f10x_md.o(RESET)
    !!!main                                  0x080000ec   Section        8  __main.o(!!!main)
    !!!scatter                               0x080000f4   Section       52  __scatter.o(!!!scatter)
    !!handler_zi                             0x08000128   Section       28  __scatter_zi.o(!!handler_zi)
    .ARM.Collect$$libinit$$00000000          0x08000144   Section        2  libinit.o(.ARM.Collect$$libinit$$00000000)
    .ARM.Collect$$libinit$$00000002          0x08000146   Section        0  libinit2.o(.ARM.Collect$$libinit$$00000002)
    .ARM.Collect$$libinit$$00000004          0x08000146   Section        0  libinit2.o(.ARM.Collect$$libinit$$00000004)
    .ARM.Collect$$libinit$$00000006          0x08000146   Section        0  libinit2.o(.ARM.Collect$$libinit$$00000006)
    .ARM.Collect$$libinit$$0000000C          0x08000146   Section        0  libinit2.o(.ARM.Collect$$libinit$$0000000C)
    .ARM.Collect$$libinit$$0000000E          0x08000146   Section        0  libinit2.o(.ARM.Collect$$libinit$$0000000E)
    .ARM.Collect$$libinit$$00000010          0x08000146   Section        0  libinit2.o(.ARM.Collect$$libinit$$00000010)
    .ARM.Collect$$libinit$$00000013          0x08000146   Section        0  libinit2.o(.ARM.Collect$$libinit$$00000013)
    .ARM.Collect$$libinit$$00000015          0x08000146   Section        0  libinit2.o(.ARM.Collect$$libinit$$00000015)
    .ARM.Collect$$libinit$$00000017          0x08000146   Section        0  libinit2.o(.ARM.Collect$$libinit$$00000017)
    .ARM.Collect$$libinit$$00000019          0x08000146   Section        0  libinit2.o(.ARM.Collect$$libinit$$00000019)
    .ARM.Collect$$libinit$$0000001B          0x08000146   Section        0  libinit2.o(.ARM.Collect$$libinit$$0000001B)
    .ARM.Collect$$libinit$$0000001D          0x08000146   Section        0  libinit2.o(.ARM.Collect$$libinit$$0000001D)
    .ARM.Collect$$libinit$$0000001F          0x08000146   Section        0  libinit2.o(.ARM.Collect$$libinit$$0000001F)
    .ARM.Collect$$libinit$$00000021          0x08000146   Section        0  libinit2.o(.ARM.Collect$$libinit$$00000021)
    .ARM.Collect$$libinit$$00000023          0x08000146   Section        0  libinit2.o(.ARM.Collect$$libinit$$00000023)
    .ARM.Collect$$libinit$$00000025          0x08000146   Section        0  libinit2.o(.ARM.Collect$$libinit$$00000025)
    .ARM.Collect$$libinit$$00000027          0x08000146   Section        0  libinit2.o(.ARM.Collect$$libinit$$00000027)
    .ARM.Collect$$libinit$$0000002E          0x08000146   Section        0  libinit2.o(.ARM.Collect$$libinit$$0000002E)
    .ARM.Collect$$libinit$$00000030          0x08000146   Section        0  libinit2.o(.ARM.Collect$$libinit$$00000030)
    .ARM.Collect$$libinit$$00000032          0x08000146   Section        0  libinit2.o(.ARM.Collect$$libinit$$00000032)
    .ARM.Collect$$libinit$$00000034          0x08000146   Section        0  libinit2.o(.ARM.Collect$$libinit$$00000034)
    .ARM.Collect$$libinit$$00000035          0x08000146   Section        2  libinit2.o(.ARM.Collect$$libinit$$00000035)
    .ARM.Collect$$libshutdown$$00000000      0x08000148   Section        2  libshutdown.o(.ARM.Collect$$libshutdown$$00000000)
    .ARM.Collect$$libshutdown$$00000002      0x0800014a   Section        0  libshutdown2.o(.ARM.Collect$$libshutdown$$00000002)
    .ARM.Collect$$libshutdown$$00000004      0x0800014a   Section        0  libshutdown2.o(.ARM.Collect$$libshutdown$$00000004)
    .ARM.Collect$$libshutdown$$00000007      0x0800014a   Section        0  libshutdown2.o(.ARM.Collect$$libshutdown$$00000007)
    .ARM.Collect$$libshutdown$$0000000A      0x0800014a   Section        0  libshutdown2.o(.ARM.Collect$$libshutdown$$0000000A)
    .ARM.Collect$$libshutdown$$0000000C      0x0800014a   Section        0  libshutdown2.o(.ARM.Collect$$libshutdown$$0000000C)
    .ARM.Collect$$libshutdown$$0000000F      0x0800014a   Section        0  libshutdown2.o(.ARM.Collect$$libshutdown$$0000000F)
    .ARM.Collect$$libshutdown$$00000010      0x0800014a   Section        2  libshutdown2.o(.ARM.Collect$$libshutdown$$00000010)
    .ARM.Collect$$rtentry$$00000000          0x0800014c   Section        0  __rtentry.o(.ARM.Collect$$rtentry$$00000000)
    .ARM.Collect$$rtentry$$00000002          0x0800014c   Section        0  __rtentry2.o(.ARM.Collect$$rtentry$$00000002)
    .ARM.Collect$$rtentry$$00000004          0x0800014c   Section        6  __rtentry4.o(.ARM.Collect$$rtentry$$00000004)
    .ARM.Collect$$rtentry$$00000009          0x08000152   Section        0  __rtentry2.o(.ARM.Collect$$rtentry$$00000009)
    .ARM.Collect$$rtentry$$0000000A          0x08000152   Section        4  __rtentry2.o(.ARM.Collect$$rtentry$$0000000A)
    .ARM.Collect$$rtentry$$0000000C          0x08000156   Section        0  __rtentry2.o(.ARM.Collect$$rtentry$$0000000C)
    .ARM.Collect$$rtentry$$0000000D          0x08000156   Section        8  __rtentry2.o(.ARM.Collect$$rtentry$$0000000D)
    .ARM.Collect$$rtexit$$00000000           0x0800015e   Section        2  rtexit.o(.ARM.Collect$$rtexit$$00000000)
    .ARM.Collect$$rtexit$$00000002           0x08000160   Section        0  rtexit2.o(.ARM.Collect$$rtexit$$00000002)
    .ARM.Collect$$rtexit$$00000003           0x08000160   Section        4  rtexit2.o(.ARM.Collect$$rtexit$$00000003)
    .ARM.Collect$$rtexit$$00000004           0x08000164   Section        6  rtexit2.o(.ARM.Collect$$rtexit$$00000004)
    [Anonymous Symbol]                       0x0800016c   Section        0  uart.o(.ram)
    .text                                    0x08000200   Section       64  startup_stm32f10x_md.o(.text)
    .text                                    0x08000240   Section        0  heapauxi.o(.text)
    .text                                    0x08000246   Section        0  _rserrno.o(.text)
    .text                                    0x0800025c   Section        8  rt_errno_addr_intlibspace.o(.text)
    .text                                    0x08000264   Section        8  libspace.o(.text)
    .text                                    0x0800026c   Section       74  sys_stackheap_outer.o(.text)
    .text                                    0x080002b6   Section        0  exit.o(.text)
    .text                                    0x080002c8   Section        0  sys_exit.o(.text)
    .text                                    0x080002d4   Section        2  use_no_semi.o(.text)
    .text                                    0x080002d6   Section        0  indicate_semi.o(.text)
    [Anonymous Symbol]                       0x080002d8   Section        0  clock.o(.text.CLOCK_SystickInit)
    [Anonymous Symbol]                       0x0800032c   Section        0  gpio.o(.text.GPIO_B6_PWM)
    [Anonymous Symbol]                       0x08000344   Section        0  gpio.o(.text.GPIO_B7_PWM)
    [Anonymous Symbol]                       0x0800035c   Section        0  gpio.o(.text.GPIO_B8_PWM)
    [Anonymous Symbol]                       0x08000374   Section        0  gpio.o(.text.GPIO_B9_PWM)
    [Anonymous Symbol]                       0x0800038c   Section        0  gpio.o(.text.GPIO_PINHigh)
    [Anonymous Symbol]                       0x08000420   Section        0  gpio.o(.text.GPIO_PINLow)
    [Anonymous Symbol]                       0x080004c0   Section        0  gpio.o(.text.GPIO_PINToggle)
    [Anonymous Symbol]                       0x08000598   Section        0  gpio.o(.text.GPIO_SetInPut)
    [Anonymous Symbol]                       0x08000ba0   Section        0  gpio.o(.text.GPIO_SetOutPut)
    [Anonymous Symbol]                       0x08001260   Section        0  gpio.o(.text.GPIO_SetPWM)
    [Anonymous Symbol]                       0x08001408   Section        0  gpio.o(.text.GPIO_SetPWMMeasurement)
    [Anonymous Symbol]                       0x08001598   Section        0  i2c.o(.text.I2C2_CallAdress)
    [Anonymous Symbol]                       0x08001624   Section        0  i2c.o(.text.I2C2_Init)
    [Anonymous Symbol]                       0x08001750   Section        0  i2c.o(.text.I2C2_Read)
    [Anonymous Symbol]                       0x08001810   Section        0  i2c.o(.text.I2C2_Read1Byte)
    [Anonymous Symbol]                       0x08001834   Section        0  i2c.o(.text.I2C2_ReadDevice)
    [Anonymous Symbol]                       0x08001880   Section        0  i2c.o(.text.I2C2_Start)
    [Anonymous Symbol]                       0x080018e8   Section        0  i2c.o(.text.I2C2_Stop)
    [Anonymous Symbol]                       0x08001904   Section        0  i2c.o(.text.I2C2_Write)
    [Anonymous Symbol]                       0x08001948   Section        0  i2c.o(.text.I2C2_WriteToDevice)
    [Anonymous Symbol]                       0x08001980   Section        0  mpu6050.o(.text.MPU6050_CalculateAngle)
    [Anonymous Symbol]                       0x08001e64   Section        0  mpu6050.o(.text.MPU6050_Calibration)
    [Anonymous Symbol]                       0x08001f64   Section        0  mpu6050.o(.text.MPU6050_Init)
    [Anonymous Symbol]                       0x08001fc4   Section        0  mpu6050.o(.text.MPU6050_Read)
    [Anonymous Symbol]                       0x08001fec   Section        0  mpu6050.o(.text.MPU6050_Write)
    [Anonymous Symbol]                       0x08002010   Section        0  mpu6050.o(.text.MPU6050_getPara)
    [Anonymous Symbol]                       0x0800209c   Section        0  common.o(.text.NVIC_EnableIRQ)
    [Anonymous Symbol]                       0x080020c0   Section        0  common.o(.text.NVIC_SetPriority)
    [Anonymous Symbol]                       0x08002108   Section        0  pid.o(.text.PID_GetDesiredAngle)
    [Anonymous Symbol]                       0x080021ac   Section        0  common.o(.text.RadianToDegree)
    SetSysClock                              0x080021ed   Thumb Code     8  system_stm32f10x.o(.text.SetSysClock)
    [Anonymous Symbol]                       0x080021ec   Section        0  system_stm32f10x.o(.text.SetSysClock)
    SetSysClockTo72                          0x080021f5   Thumb Code   290  system_stm32f10x.o(.text.SetSysClockTo72)
    [Anonymous Symbol]                       0x080021f4   Section        0  system_stm32f10x.o(.text.SetSysClockTo72)
    [Anonymous Symbol]                       0x08002318   Section        0  clock.o(.text.SysTick_Handler)
    [Anonymous Symbol]                       0x08002330   Section        0  system_stm32f10x.o(.text.SystemInit)
    [Anonymous Symbol]                       0x08002398   Section        0  main.o(.text.System_Init)
    [Anonymous Symbol]                       0x08002414   Section        0  gpio.o(.text.TIM2_IRQHandler)
    [Anonymous Symbol]                       0x08002518   Section        0  gpio.o(.text.TIM3_IRQHandler)
    [Anonymous Symbol]                       0x080025f0   Section        0  common.o(.text.delay)
    [Anonymous Symbol]                       0x08002614   Section        0  main.o(.text.main)
    [Anonymous Symbol]                       0x080026f0   Section        0  common.o(.text.map)
    [Anonymous Symbol]                       0x08002780   Section        0  clock.o(.text.micros)
    i.__ARM_fpclassify                       0x080027b0   Section        0  fpclassify.o(i.__ARM_fpclassify)
    i.__ieee754_rem_pio2                     0x080027d8   Section        0  rred.o(i.__ieee754_rem_pio2)
    i.__kernel_cos                           0x08002b60   Section        0  cos_i.o(i.__kernel_cos)
    i.__kernel_poly                          0x08002c5c   Section        0  poly.o(i.__kernel_poly)
    i.__kernel_sin                           0x08002d08   Section        0  sin_i.o(i.__kernel_sin)
    i.__mathlib_dbl_infnan                   0x08002df4   Section        0  dunder.o(i.__mathlib_dbl_infnan)
    i.__mathlib_dbl_invalid                  0x08002dfa   Section        0  dunder.o(i.__mathlib_dbl_invalid)
    i.__mathlib_dbl_underflow                0x08002e08   Section        0  dunder.o(i.__mathlib_dbl_underflow)
    i.atan                                   0x08002e18   Section        0  atan.o(i.atan)
    i.sin                                    0x08003038   Section        0  sin.o(i.sin)
    i.sqrt                                   0x080030d8   Section        0  sqrt.o(i.sqrt)
    x$fpl$dadd                               0x08003124   Section      336  daddsub_clz.o(x$fpl$dadd)
    _dadd1                                   0x08003135   Thumb Code     0  daddsub_clz.o(x$fpl$dadd)
    x$fpl$dcheck1                            0x08003274   Section       16  dcheck1.o(x$fpl$dcheck1)
    x$fpl$ddiv                               0x08003284   Section      692  ddiv.o(x$fpl$ddiv)
    ddiv_entry                               0x0800328b   Thumb Code     0  ddiv.o(x$fpl$ddiv)
    x$fpl$dfix                               0x08003538   Section       94  dfix.o(x$fpl$dfix)
    x$fpl$dflt                               0x08003596   Section       46  dflt_clz.o(x$fpl$dflt)
    x$fpl$dfltu                              0x080035c4   Section       38  dflt_clz.o(x$fpl$dfltu)
    x$fpl$dmul                               0x080035ec   Section      340  dmul.o(x$fpl$dmul)
    x$fpl$dnaninf                            0x08003740   Section      156  dnaninf.o(x$fpl$dnaninf)
    x$fpl$dretinf                            0x080037dc   Section       12  dretinf.o(x$fpl$dretinf)
    x$fpl$drsb                               0x080037e8   Section       22  daddsub_clz.o(x$fpl$drsb)
    x$fpl$dsqrt                              0x08003800   Section      460  dsqrt_noumaal.o(x$fpl$dsqrt)
    x$fpl$dsub                               0x080039cc   Section      476  daddsub_clz.o(x$fpl$dsub)
    _dsub1                                   0x080039dd   Thumb Code     0  daddsub_clz.o(x$fpl$dsub)
    x$fpl$retnan                             0x08003ba8   Section      100  retnan.o(x$fpl$retnan)
    x$fpl$scalbn                             0x08003c0c   Section       92  scalbn.o(x$fpl$scalbn)
    x$fpl$trapveneer                         0x08003c68   Section       48  trapv.o(x$fpl$trapveneer)
    atanhi                                   0x08003c98   Data          32  atan.o(.constdata)
    .constdata                               0x08003c98   Section      152  atan.o(.constdata)
    x$fpl$usenofp                            0x08003c98   Section        0  usenofp.o(x$fpl$usenofp)
    atanlo                                   0x08003cb8   Data          32  atan.o(.constdata)
    aTodd                                    0x08003cd8   Data          40  atan.o(.constdata)
    aTeven                                   0x08003d00   Data          48  atan.o(.constdata)
    C                                        0x08003d30   Data          48  cos_i.o(.constdata)
    .constdata                               0x08003d30   Section       48  cos_i.o(.constdata)
    pio2s                                    0x08003d60   Data          48  rred.o(.constdata)
    .constdata                               0x08003d60   Section      204  rred.o(.constdata)
    twooverpi                                0x08003d90   Data         156  rred.o(.constdata)
    S                                        0x08003e30   Data          40  sin_i.o(.constdata)
    .constdata                               0x08003e30   Section       40  sin_i.o(.constdata)
    .bss                                     0x20000000   Section       96  libspace.o(.bss)
    Accel_X_Raw                              0x20000060   Data           2  mpu6050.o(.bss.Accel_X_Raw)
    [Anonymous Symbol]                       0x20000060   Section        0  mpu6050.o(.bss.Accel_X_Raw)
    Accel_Y_Raw                              0x20000062   Data           2  mpu6050.o(.bss.Accel_Y_Raw)
    [Anonymous Symbol]                       0x20000062   Section        0  mpu6050.o(.bss.Accel_Y_Raw)
    Accel_Z_Raw                              0x20000064   Data           2  mpu6050.o(.bss.Accel_Z_Raw)
    [Anonymous Symbol]                       0x20000064   Section        0  mpu6050.o(.bss.Accel_Z_Raw)
    Buffer_data                              0x20000066   Data          14  mpu6050.o(.bss.Buffer_data)
    [Anonymous Symbol]                       0x20000066   Section        0  mpu6050.o(.bss.Buffer_data)
    Desired_Pitch                            0x20000078   Data           8  pid.o(.bss.Desired_Pitch)
    [Anonymous Symbol]                       0x20000078   Section        0  pid.o(.bss.Desired_Pitch)
    Desired_Roll                             0x20000080   Data           8  pid.o(.bss.Desired_Roll)
    [Anonymous Symbol]                       0x20000080   Section        0  pid.o(.bss.Desired_Roll)
    Gyro_Pitch_Offset                        0x20000094   Data           4  mpu6050.o(.bss.Gyro_Pitch_Offset)
    [Anonymous Symbol]                       0x20000094   Section        0  mpu6050.o(.bss.Gyro_Pitch_Offset)
    Gyro_Pitch_Raw                           0x20000098   Data           2  mpu6050.o(.bss.Gyro_Pitch_Raw)
    [Anonymous Symbol]                       0x20000098   Section        0  mpu6050.o(.bss.Gyro_Pitch_Raw)
    Gyro_Roll_Offset                         0x2000009c   Data           4  mpu6050.o(.bss.Gyro_Roll_Offset)
    [Anonymous Symbol]                       0x2000009c   Section        0  mpu6050.o(.bss.Gyro_Roll_Offset)
    Gyro_Roll_Raw                            0x200000a0   Data           2  mpu6050.o(.bss.Gyro_Roll_Raw)
    [Anonymous Symbol]                       0x200000a0   Section        0  mpu6050.o(.bss.Gyro_Roll_Raw)
    Gyro_Yaw_Offset                          0x200000a4   Data           4  mpu6050.o(.bss.Gyro_Yaw_Offset)
    [Anonymous Symbol]                       0x200000a4   Section        0  mpu6050.o(.bss.Gyro_Yaw_Offset)
    Gyro_Yaw_Raw                             0x200000a8   Data           2  mpu6050.o(.bss.Gyro_Yaw_Raw)
    [Anonymous Symbol]                       0x200000a8   Section        0  mpu6050.o(.bss.Gyro_Yaw_Raw)
    MPU6050_RawData                          0x200000b0   Data          48  mpu6050.o(.bss.MPU6050_RawData)
    [Anonymous Symbol]                       0x200000b0   Section        0  mpu6050.o(.bss.MPU6050_RawData)
    Pitch_Acc                                0x200000e8   Data           8  mpu6050.o(.bss.Pitch_Acc)
    [Anonymous Symbol]                       0x200000e8   Section        0  mpu6050.o(.bss.Pitch_Acc)
    Pitch_Gyro                               0x200000f0   Data           8  mpu6050.o(.bss.Pitch_Gyro)
    [Anonymous Symbol]                       0x200000f0   Section        0  mpu6050.o(.bss.Pitch_Gyro)
    Pointer                                  0x200000f8   Data           4  uart.o(.bss.Pointer)
    [Anonymous Symbol]                       0x200000f8   Section        0  uart.o(.bss.Pointer)
    RisingTimeTIM2                           0x200000fc   Data           4  gpio.o(.bss.RisingTimeTIM2)
    [Anonymous Symbol]                       0x200000fc   Section        0  gpio.o(.bss.RisingTimeTIM2)
    RisingTimeTIM3                           0x20000100   Data           4  gpio.o(.bss.RisingTimeTIM3)
    [Anonymous Symbol]                       0x20000100   Section        0  gpio.o(.bss.RisingTimeTIM3)
    Roll_Acc                                 0x20000110   Data           8  mpu6050.o(.bss.Roll_Acc)
    [Anonymous Symbol]                       0x20000110   Section        0  mpu6050.o(.bss.Roll_Acc)
    Roll_Gyro                                0x20000118   Data           8  mpu6050.o(.bss.Roll_Gyro)
    [Anonymous Symbol]                       0x20000118   Section        0  mpu6050.o(.bss.Roll_Gyro)
    Temp_Pitch_Gyro                          0x20000120   Data           8  mpu6050.o(.bss.Temp_Pitch_Gyro)
    [Anonymous Symbol]                       0x20000120   Section        0  mpu6050.o(.bss.Temp_Pitch_Gyro)
    Temp_Roll_Gyro                           0x20000128   Data           8  mpu6050.o(.bss.Temp_Roll_Gyro)
    [Anonymous Symbol]                       0x20000128   Section        0  mpu6050.o(.bss.Temp_Roll_Gyro)
    Temp_Yaw_Gyro                            0x20000130   Data           8  mpu6050.o(.bss.Temp_Yaw_Gyro)
    [Anonymous Symbol]                       0x20000130   Section        0  mpu6050.o(.bss.Temp_Yaw_Gyro)
    USART1_Buffer                            0x20000138   Data         128  uart.o(.bss.USART1_Buffer)
    [Anonymous Symbol]                       0x20000138   Section        0  uart.o(.bss.USART1_Buffer)
    Yaw_Gyro                                 0x200001b8   Data           8  mpu6050.o(.bss.Yaw_Gyro)
    [Anonymous Symbol]                       0x200001b8   Section        0  mpu6050.o(.bss.Yaw_Gyro)
    bMessageAvail                            0x200001c0   Data           1  uart.o(.bss.bMessageAvail)
    [Anonymous Symbol]                       0x200001c0   Section        0  uart.o(.bss.bMessageAvail)
    dummy                                    0x200001c4   Data           4  i2c.o(.bss.dummy)
    [Anonymous Symbol]                       0x200001c4   Section        0  i2c.o(.bss.dummy)
    loop_timer                               0x200001c8   Data           4  main.o(.bss.loop_timer)
    [Anonymous Symbol]                       0x200001c8   Section        0  main.o(.bss.loop_timer)
    setGyro                                  0x200001cc   Data           1  mpu6050.o(.bss.setGyro)
    [Anonymous Symbol]                       0x200001cc   Section        0  mpu6050.o(.bss.setGyro)
    ui32gDummy                               0x200001d0   Data           4  uart.o(.bss.ui32gDummy)
    [Anonymous Symbol]                       0x200001d0   Section        0  uart.o(.bss.ui32gDummy)
    ui32micros                               0x200001d4   Data           4  clock.o(.bss.ui32micros)
    [Anonymous Symbol]                       0x200001d4   Section        0  clock.o(.bss.ui32micros)
    Heap_Mem                                 0x200001d8   Data         512  startup_stm32f10x_md.o(HEAP)
    HEAP                                     0x200001d8   Section      512  startup_stm32f10x_md.o(HEAP)
    Stack_Mem                                0x200003d8   Data        1024  startup_stm32f10x_md.o(STACK)
    STACK                                    0x200003d8   Section     1024  startup_stm32f10x_md.o(STACK)
    __initial_sp                             0x200007d8   Data           0  startup_stm32f10x_md.o(STACK)

    Global Symbols

    Symbol Name                              Value     Ov Type        Size  Object(Section)

    BuildAttributes$$THM_ISAv4$P$D$K$B$S$PE$A:L22UL41UL21$X:L11$S22US41US21$IEEE1$IW$~IW$USESV6$~STKCKD$USESV7$~SHL$OTIME$ROPI$IEEEX$EBA8$UX$STANDARDLIB$REQ8$PRES8$EABIv2 0x00000000   Number         0  anon$$obj.o ABSOLUTE
    __fp_init_empty                          0x00000000   Number         0  fpinit_empty.o ABSOLUTE
    __ARM_exceptions_init                     - Undefined Weak Reference
    __alloca_initialize                       - Undefined Weak Reference
    __arm_preinit_                            - Undefined Weak Reference
    __arm_relocate_pie_                       - Undefined Weak Reference
    __cpp_initialize__aeabi_                  - Undefined Weak Reference
    __cxa_finalize                            - Undefined Weak Reference
    __rt_locale                               - Undefined Weak Reference
    __sigvec_lookup                           - Undefined Weak Reference
    _atexit_init                              - Undefined Weak Reference
    _call_atexit_fns                          - Undefined Weak Reference
    _clock_init                               - Undefined Weak Reference
    _fp_trap_init                             - Undefined Weak Reference
    _fp_trap_shutdown                         - Undefined Weak Reference
    _get_lc_collate                           - Undefined Weak Reference
    _get_lc_ctype                             - Undefined Weak Reference
    _get_lc_monetary                          - Undefined Weak Reference
    _get_lc_numeric                           - Undefined Weak Reference
    _get_lc_time                              - Undefined Weak Reference
    _getenv_init                              - Undefined Weak Reference
    _handle_redirection                       - Undefined Weak Reference
    _init_alloc                               - Undefined Weak Reference
    _init_user_alloc                          - Undefined Weak Reference
    _initio                                   - Undefined Weak Reference
    _rand_init                                - Undefined Weak Reference
    _signal_finish                            - Undefined Weak Reference
    _signal_init                              - Undefined Weak Reference
    _terminate_alloc                          - Undefined Weak Reference
    _terminate_user_alloc                     - Undefined Weak Reference
    _terminateio                              - Undefined Weak Reference
    __Vectors_Size                           0x000000ec   Number         0  startup_stm32f10x_md.o ABSOLUTE
    __Vectors                                0x08000000   Data           4  startup_stm32f10x_md.o(RESET)
    __Vectors_End                            0x080000ec   Data           0  startup_stm32f10x_md.o(RESET)
    __main                                   0x080000ed   Thumb Code     8  __main.o(!!!main)
    __scatterload                            0x080000f5   Thumb Code     0  __scatter.o(!!!scatter)
    __scatterload_rt2                        0x080000f5   Thumb Code    44  __scatter.o(!!!scatter)
    __scatterload_rt2_thumb_only             0x080000f5   Thumb Code     0  __scatter.o(!!!scatter)
    __scatterload_null                       0x08000103   Thumb Code     0  __scatter.o(!!!scatter)
    __scatterload_zeroinit                   0x08000129   Thumb Code    28  __scatter_zi.o(!!handler_zi)
    __rt_lib_init                            0x08000145   Thumb Code     0  libinit.o(.ARM.Collect$$libinit$$00000000)
    __rt_lib_init_alloca_1                   0x08000147   Thumb Code     0  libinit2.o(.ARM.Collect$$libinit$$00000030)
    __rt_lib_init_argv_1                     0x08000147   Thumb Code     0  libinit2.o(.ARM.Collect$$libinit$$0000002E)
    __rt_lib_init_atexit_1                   0x08000147   Thumb Code     0  libinit2.o(.ARM.Collect$$libinit$$0000001D)
    __rt_lib_init_clock_1                    0x08000147   Thumb Code     0  libinit2.o(.ARM.Collect$$libinit$$00000023)
    __rt_lib_init_cpp_1                      0x08000147   Thumb Code     0  libinit2.o(.ARM.Collect$$libinit$$00000034)
    __rt_lib_init_exceptions_1               0x08000147   Thumb Code     0  libinit2.o(.ARM.Collect$$libinit$$00000032)
    __rt_lib_init_fp_1                       0x08000147   Thumb Code     0  libinit2.o(.ARM.Collect$$libinit$$00000002)
    __rt_lib_init_fp_trap_1                  0x08000147   Thumb Code     0  libinit2.o(.ARM.Collect$$libinit$$00000021)
    __rt_lib_init_getenv_1                   0x08000147   Thumb Code     0  libinit2.o(.ARM.Collect$$libinit$$00000025)
    __rt_lib_init_heap_1                     0x08000147   Thumb Code     0  libinit2.o(.ARM.Collect$$libinit$$0000000C)
    __rt_lib_init_lc_collate_1               0x08000147   Thumb Code     0  libinit2.o(.ARM.Collect$$libinit$$00000013)
    __rt_lib_init_lc_ctype_1                 0x08000147   Thumb Code     0  libinit2.o(.ARM.Collect$$libinit$$00000015)
    __rt_lib_init_lc_monetary_1              0x08000147   Thumb Code     0  libinit2.o(.ARM.Collect$$libinit$$00000017)
    __rt_lib_init_lc_numeric_1               0x08000147   Thumb Code     0  libinit2.o(.ARM.Collect$$libinit$$00000019)
    __rt_lib_init_lc_time_1                  0x08000147   Thumb Code     0  libinit2.o(.ARM.Collect$$libinit$$0000001B)
    __rt_lib_init_preinit_1                  0x08000147   Thumb Code     0  libinit2.o(.ARM.Collect$$libinit$$00000006)
    __rt_lib_init_rand_1                     0x08000147   Thumb Code     0  libinit2.o(.ARM.Collect$$libinit$$00000010)
    __rt_lib_init_relocate_pie_1             0x08000147   Thumb Code     0  libinit2.o(.ARM.Collect$$libinit$$00000004)
    __rt_lib_init_return                     0x08000147   Thumb Code     0  libinit2.o(.ARM.Collect$$libinit$$00000035)
    __rt_lib_init_signal_1                   0x08000147   Thumb Code     0  libinit2.o(.ARM.Collect$$libinit$$0000001F)
    __rt_lib_init_stdio_1                    0x08000147   Thumb Code     0  libinit2.o(.ARM.Collect$$libinit$$00000027)
    __rt_lib_init_user_alloc_1               0x08000147   Thumb Code     0  libinit2.o(.ARM.Collect$$libinit$$0000000E)
    __rt_lib_shutdown                        0x08000149   Thumb Code     0  libshutdown.o(.ARM.Collect$$libshutdown$$00000000)
    __rt_lib_shutdown_cpp_1                  0x0800014b   Thumb Code     0  libshutdown2.o(.ARM.Collect$$libshutdown$$00000002)
    __rt_lib_shutdown_fp_trap_1              0x0800014b   Thumb Code     0  libshutdown2.o(.ARM.Collect$$libshutdown$$00000007)
    __rt_lib_shutdown_heap_1                 0x0800014b   Thumb Code     0  libshutdown2.o(.ARM.Collect$$libshutdown$$0000000F)
    __rt_lib_shutdown_return                 0x0800014b   Thumb Code     0  libshutdown2.o(.ARM.Collect$$libshutdown$$00000010)
    __rt_lib_shutdown_signal_1               0x0800014b   Thumb Code     0  libshutdown2.o(.ARM.Collect$$libshutdown$$0000000A)
    __rt_lib_shutdown_stdio_1                0x0800014b   Thumb Code     0  libshutdown2.o(.ARM.Collect$$libshutdown$$00000004)
    __rt_lib_shutdown_user_alloc_1           0x0800014b   Thumb Code     0  libshutdown2.o(.ARM.Collect$$libshutdown$$0000000C)
    __rt_entry                               0x0800014d   Thumb Code     0  __rtentry.o(.ARM.Collect$$rtentry$$00000000)
    __rt_entry_presh_1                       0x0800014d   Thumb Code     0  __rtentry2.o(.ARM.Collect$$rtentry$$00000002)
    __rt_entry_sh                            0x0800014d   Thumb Code     0  __rtentry4.o(.ARM.Collect$$rtentry$$00000004)
    __rt_entry_li                            0x08000153   Thumb Code     0  __rtentry2.o(.ARM.Collect$$rtentry$$0000000A)
    __rt_entry_postsh_1                      0x08000153   Thumb Code     0  __rtentry2.o(.ARM.Collect$$rtentry$$00000009)
    __rt_entry_main                          0x08000157   Thumb Code     0  __rtentry2.o(.ARM.Collect$$rtentry$$0000000D)
    __rt_entry_postli_1                      0x08000157   Thumb Code     0  __rtentry2.o(.ARM.Collect$$rtentry$$0000000C)
    __rt_exit                                0x0800015f   Thumb Code     0  rtexit.o(.ARM.Collect$$rtexit$$00000000)
    __rt_exit_ls                             0x08000161   Thumb Code     0  rtexit2.o(.ARM.Collect$$rtexit$$00000003)
    __rt_exit_prels_1                        0x08000161   Thumb Code     0  rtexit2.o(.ARM.Collect$$rtexit$$00000002)
    __rt_exit_exit                           0x08000165   Thumb Code     0  rtexit2.o(.ARM.Collect$$rtexit$$00000004)
    USART1_IRQHandler                        0x0800016d   Thumb Code   146  uart.o(.ram)
    Reset_Handler                            0x08000201   Thumb Code     8  startup_stm32f10x_md.o(.text)
    NMI_Handler                              0x08000209   Thumb Code     2  startup_stm32f10x_md.o(.text)
    HardFault_Handler                        0x0800020b   Thumb Code     2  startup_stm32f10x_md.o(.text)
    MemManage_Handler                        0x0800020d   Thumb Code     2  startup_stm32f10x_md.o(.text)
    BusFault_Handler                         0x0800020f   Thumb Code     2  startup_stm32f10x_md.o(.text)
    UsageFault_Handler                       0x08000211   Thumb Code     2  startup_stm32f10x_md.o(.text)
    SVC_Handler                              0x08000213   Thumb Code     2  startup_stm32f10x_md.o(.text)
    DebugMon_Handler                         0x08000215   Thumb Code     2  startup_stm32f10x_md.o(.text)
    PendSV_Handler                           0x08000217   Thumb Code     2  startup_stm32f10x_md.o(.text)
    ADC1_2_IRQHandler                        0x0800021b   Thumb Code     0  startup_stm32f10x_md.o(.text)
    CAN1_RX1_IRQHandler                      0x0800021b   Thumb Code     0  startup_stm32f10x_md.o(.text)
    CAN1_SCE_IRQHandler                      0x0800021b   Thumb Code     0  startup_stm32f10x_md.o(.text)
    DMA1_Channel1_IRQHandler                 0x0800021b   Thumb Code     0  startup_stm32f10x_md.o(.text)
    DMA1_Channel2_IRQHandler                 0x0800021b   Thumb Code     0  startup_stm32f10x_md.o(.text)
    DMA1_Channel3_IRQHandler                 0x0800021b   Thumb Code     0  startup_stm32f10x_md.o(.text)
    DMA1_Channel4_IRQHandler                 0x0800021b   Thumb Code     0  startup_stm32f10x_md.o(.text)
    DMA1_Channel5_IRQHandler                 0x0800021b   Thumb Code     0  startup_stm32f10x_md.o(.text)
    DMA1_Channel6_IRQHandler                 0x0800021b   Thumb Code     0  startup_stm32f10x_md.o(.text)
    DMA1_Channel7_IRQHandler                 0x0800021b   Thumb Code     0  startup_stm32f10x_md.o(.text)
    EXTI0_IRQHandler                         0x0800021b   Thumb Code     0  startup_stm32f10x_md.o(.text)
    EXTI15_10_IRQHandler                     0x0800021b   Thumb Code     0  startup_stm32f10x_md.o(.text)
    EXTI1_IRQHandler                         0x0800021b   Thumb Code     0  startup_stm32f10x_md.o(.text)
    EXTI2_IRQHandler                         0x0800021b   Thumb Code     0  startup_stm32f10x_md.o(.text)
    EXTI3_IRQHandler                         0x0800021b   Thumb Code     0  startup_stm32f10x_md.o(.text)
    EXTI4_IRQHandler                         0x0800021b   Thumb Code     0  startup_stm32f10x_md.o(.text)
    EXTI9_5_IRQHandler                       0x0800021b   Thumb Code     0  startup_stm32f10x_md.o(.text)
    FLASH_IRQHandler                         0x0800021b   Thumb Code     0  startup_stm32f10x_md.o(.text)
    I2C1_ER_IRQHandler                       0x0800021b   Thumb Code     0  startup_stm32f10x_md.o(.text)
    I2C1_EV_IRQHandler                       0x0800021b   Thumb Code     0  startup_stm32f10x_md.o(.text)
    I2C2_ER_IRQHandler                       0x0800021b   Thumb Code     0  startup_stm32f10x_md.o(.text)
    I2C2_EV_IRQHandler                       0x0800021b   Thumb Code     0  startup_stm32f10x_md.o(.text)
    PVD_IRQHandler                           0x0800021b   Thumb Code     0  startup_stm32f10x_md.o(.text)
    RCC_IRQHandler                           0x0800021b   Thumb Code     0  startup_stm32f10x_md.o(.text)
    RTCAlarm_IRQHandler                      0x0800021b   Thumb Code     0  startup_stm32f10x_md.o(.text)
    RTC_IRQHandler                           0x0800021b   Thumb Code     0  startup_stm32f10x_md.o(.text)
    SPI1_IRQHandler                          0x0800021b   Thumb Code     0  startup_stm32f10x_md.o(.text)
    SPI2_IRQHandler                          0x0800021b   Thumb Code     0  startup_stm32f10x_md.o(.text)
    TAMPER_IRQHandler                        0x0800021b   Thumb Code     0  startup_stm32f10x_md.o(.text)
    TIM1_BRK_IRQHandler                      0x0800021b   Thumb Code     0  startup_stm32f10x_md.o(.text)
    TIM1_CC_IRQHandler                       0x0800021b   Thumb Code     0  startup_stm32f10x_md.o(.text)
    TIM1_TRG_COM_IRQHandler                  0x0800021b   Thumb Code     0  startup_stm32f10x_md.o(.text)
    TIM1_UP_IRQHandler                       0x0800021b   Thumb Code     0  startup_stm32f10x_md.o(.text)
    TIM4_IRQHandler                          0x0800021b   Thumb Code     0  startup_stm32f10x_md.o(.text)
    USART2_IRQHandler                        0x0800021b   Thumb Code     0  startup_stm32f10x_md.o(.text)
    USART3_IRQHandler                        0x0800021b   Thumb Code     0  startup_stm32f10x_md.o(.text)
    USBWakeUp_IRQHandler                     0x0800021b   Thumb Code     0  startup_stm32f10x_md.o(.text)
    USB_HP_CAN1_TX_IRQHandler                0x0800021b   Thumb Code     0  startup_stm32f10x_md.o(.text)
    USB_LP_CAN1_RX0_IRQHandler               0x0800021b   Thumb Code     0  startup_stm32f10x_md.o(.text)
    WWDG_IRQHandler                          0x0800021b   Thumb Code     0  startup_stm32f10x_md.o(.text)
    __user_initial_stackheap                 0x0800021d   Thumb Code     0  startup_stm32f10x_md.o(.text)
    __use_two_region_memory                  0x08000241   Thumb Code     2  heapauxi.o(.text)
    __rt_heap_escrow$2region                 0x08000243   Thumb Code     2  heapauxi.o(.text)
    __rt_heap_expand$2region                 0x08000245   Thumb Code     2  heapauxi.o(.text)
    __read_errno                             0x08000247   Thumb Code    10  _rserrno.o(.text)
    __set_errno                              0x08000251   Thumb Code    12  _rserrno.o(.text)
    __aeabi_errno_addr                       0x0800025d   Thumb Code     8  rt_errno_addr_intlibspace.o(.text)
    __errno$intlibspace                      0x0800025d   Thumb Code     0  rt_errno_addr_intlibspace.o(.text)
    __rt_errno_addr$intlibspace              0x0800025d   Thumb Code     0  rt_errno_addr_intlibspace.o(.text)
    __user_libspace                          0x08000265   Thumb Code     8  libspace.o(.text)
    __user_perproc_libspace                  0x08000265   Thumb Code     0  libspace.o(.text)
    __user_perthread_libspace                0x08000265   Thumb Code     0  libspace.o(.text)
    __user_setup_stackheap                   0x0800026d   Thumb Code    74  sys_stackheap_outer.o(.text)
    exit                                     0x080002b7   Thumb Code    18  exit.o(.text)
    _sys_exit                                0x080002c9   Thumb Code     8  sys_exit.o(.text)
    __I$use$semihosting                      0x080002d5   Thumb Code     0  use_no_semi.o(.text)
    __use_no_semihosting_swi                 0x080002d5   Thumb Code     2  use_no_semi.o(.text)
    __semihosting_library_function           0x080002d7   Thumb Code     0  indicate_semi.o(.text)
    CLOCK_SystickInit                        0x080002d9   Thumb Code    84  clock.o(.text.CLOCK_SystickInit)
    GPIO_B6_PWM                              0x0800032d   Thumb Code    24  gpio.o(.text.GPIO_B6_PWM)
    GPIO_B7_PWM                              0x08000345   Thumb Code    24  gpio.o(.text.GPIO_B7_PWM)
    GPIO_B8_PWM                              0x0800035d   Thumb Code    24  gpio.o(.text.GPIO_B8_PWM)
    GPIO_B9_PWM                              0x08000375   Thumb Code    24  gpio.o(.text.GPIO_B9_PWM)
    GPIO_PINHigh                             0x0800038d   Thumb Code   146  gpio.o(.text.GPIO_PINHigh)
    GPIO_PINLow                              0x08000421   Thumb Code   158  gpio.o(.text.GPIO_PINLow)
    GPIO_PINToggle                           0x080004c1   Thumb Code   216  gpio.o(.text.GPIO_PINToggle)
    GPIO_SetInPut                            0x08000599   Thumb Code  1542  gpio.o(.text.GPIO_SetInPut)
    GPIO_SetOutPut                           0x08000ba1   Thumb Code  1728  gpio.o(.text.GPIO_SetOutPut)
    GPIO_SetPWM                              0x08001261   Thumb Code   424  gpio.o(.text.GPIO_SetPWM)
    GPIO_SetPWMMeasurement                   0x08001409   Thumb Code   398  gpio.o(.text.GPIO_SetPWMMeasurement)
    I2C2_CallAdress                          0x08001599   Thumb Code   138  i2c.o(.text.I2C2_CallAdress)
    I2C2_Init                                0x08001625   Thumb Code   298  i2c.o(.text.I2C2_Init)
    I2C2_Read                                0x08001751   Thumb Code   192  i2c.o(.text.I2C2_Read)
    I2C2_Read1Byte                           0x08001811   Thumb Code    36  i2c.o(.text.I2C2_Read1Byte)
    I2C2_ReadDevice                          0x08001835   Thumb Code    74  i2c.o(.text.I2C2_ReadDevice)
    I2C2_Start                               0x08001881   Thumb Code   104  i2c.o(.text.I2C2_Start)
    I2C2_Stop                                0x080018e9   Thumb Code    26  i2c.o(.text.I2C2_Stop)
    I2C2_Write                               0x08001905   Thumb Code    68  i2c.o(.text.I2C2_Write)
    I2C2_WriteToDevice                       0x08001949   Thumb Code    56  i2c.o(.text.I2C2_WriteToDevice)
    MPU6050_CalculateAngle                   0x08001981   Thumb Code  1250  mpu6050.o(.text.MPU6050_CalculateAngle)
    MPU6050_Calibration                      0x08001e65   Thumb Code   256  mpu6050.o(.text.MPU6050_Calibration)
    MPU6050_Init                             0x08001f65   Thumb Code    96  mpu6050.o(.text.MPU6050_Init)
    MPU6050_Read                             0x08001fc5   Thumb Code    40  mpu6050.o(.text.MPU6050_Read)
    MPU6050_Write                            0x08001fed   Thumb Code    36  mpu6050.o(.text.MPU6050_Write)
    MPU6050_getPara                          0x08002011   Thumb Code   138  mpu6050.o(.text.MPU6050_getPara)
    NVIC_EnableIRQ                           0x0800209d   Thumb Code    36  common.o(.text.NVIC_EnableIRQ)
    NVIC_SetPriority                         0x080020c1   Thumb Code    72  common.o(.text.NVIC_SetPriority)
    PID_GetDesiredAngle                      0x08002109   Thumb Code   162  pid.o(.text.PID_GetDesiredAngle)
    RadianToDegree                           0x080021ad   Thumb Code    62  common.o(.text.RadianToDegree)
    SysTick_Handler                          0x08002319   Thumb Code    24  clock.o(.text.SysTick_Handler)
    SystemInit                               0x08002331   Thumb Code   102  system_stm32f10x.o(.text.SystemInit)
    System_Init                              0x08002399   Thumb Code   122  main.o(.text.System_Init)
    TIM2_IRQHandler                          0x08002415   Thumb Code   258  gpio.o(.text.TIM2_IRQHandler)
    TIM3_IRQHandler                          0x08002519   Thumb Code   216  gpio.o(.text.TIM3_IRQHandler)
    delay                                    0x080025f1   Thumb Code    36  common.o(.text.delay)
    main                                     0x08002615   Thumb Code   218  main.o(.text.main)
    map                                      0x080026f1   Thumb Code   144  common.o(.text.map)
    micros                                   0x08002781   Thumb Code    48  clock.o(.text.micros)
    __ARM_fpclassify                         0x080027b1   Thumb Code    40  fpclassify.o(i.__ARM_fpclassify)
    __ieee754_rem_pio2                       0x080027d9   Thumb Code   828  rred.o(i.__ieee754_rem_pio2)
    __kernel_cos                             0x08002b61   Thumb Code   230  cos_i.o(i.__kernel_cos)
    __kernel_poly                            0x08002c5d   Thumb Code   170  poly.o(i.__kernel_poly)
    __kernel_sin                             0x08002d09   Thumb Code   224  sin_i.o(i.__kernel_sin)
    __mathlib_dbl_infnan                     0x08002df5   Thumb Code     6  dunder.o(i.__mathlib_dbl_infnan)
    __mathlib_dbl_invalid                    0x08002dfb   Thumb Code    12  dunder.o(i.__mathlib_dbl_invalid)
    __mathlib_dbl_underflow                  0x08002e09   Thumb Code    10  dunder.o(i.__mathlib_dbl_underflow)
    atan                                     0x08002e19   Thumb Code   474  atan.o(i.atan)
    sin                                      0x08003039   Thumb Code   150  sin.o(i.sin)
    sqrt                                     0x080030d9   Thumb Code    76  sqrt.o(i.sqrt)
    __aeabi_dadd                             0x08003125   Thumb Code     0  daddsub_clz.o(x$fpl$dadd)
    _dadd                                    0x08003125   Thumb Code   332  daddsub_clz.o(x$fpl$dadd)
    __fpl_dcheck_NaN1                        0x08003275   Thumb Code    10  dcheck1.o(x$fpl$dcheck1)
    __aeabi_ddiv                             0x08003285   Thumb Code     0  ddiv.o(x$fpl$ddiv)
    _ddiv                                    0x08003285   Thumb Code   556  ddiv.o(x$fpl$ddiv)
    __aeabi_d2iz                             0x08003539   Thumb Code     0  dfix.o(x$fpl$dfix)
    _dfix                                    0x08003539   Thumb Code    94  dfix.o(x$fpl$dfix)
    __aeabi_i2d                              0x08003597   Thumb Code     0  dflt_clz.o(x$fpl$dflt)
    _dflt                                    0x08003597   Thumb Code    46  dflt_clz.o(x$fpl$dflt)
    __aeabi_ui2d                             0x080035c5   Thumb Code     0  dflt_clz.o(x$fpl$dfltu)
    _dfltu                                   0x080035c5   Thumb Code    38  dflt_clz.o(x$fpl$dfltu)
    __aeabi_dmul                             0x080035ed   Thumb Code     0  dmul.o(x$fpl$dmul)
    _dmul                                    0x080035ed   Thumb Code   332  dmul.o(x$fpl$dmul)
    __fpl_dnaninf                            0x08003741   Thumb Code   156  dnaninf.o(x$fpl$dnaninf)
    __fpl_dretinf                            0x080037dd   Thumb Code    12  dretinf.o(x$fpl$dretinf)
    __aeabi_drsub                            0x080037e9   Thumb Code     0  daddsub_clz.o(x$fpl$drsb)
    _drsb                                    0x080037e9   Thumb Code    22  daddsub_clz.o(x$fpl$drsb)
    _dsqrt                                   0x08003801   Thumb Code   456  dsqrt_noumaal.o(x$fpl$dsqrt)
    __aeabi_dsub                             0x080039cd   Thumb Code     0  daddsub_clz.o(x$fpl$dsub)
    _dsub                                    0x080039cd   Thumb Code   472  daddsub_clz.o(x$fpl$dsub)
    __fpl_return_NaN                         0x08003ba9   Thumb Code   100  retnan.o(x$fpl$retnan)
    __ARM_scalbn                             0x08003c0d   Thumb Code    92  scalbn.o(x$fpl$scalbn)
    __fpl_cmpreturn                          0x08003c69   Thumb Code    48  trapv.o(x$fpl$trapveneer)
    __I$use$fp                               0x08003c98   Number         0  usenofp.o(x$fpl$usenofp)
    Region$$Table$$Base                      0x08003e58   Number         0  anon$$obj.o(Region$$Table)
    Region$$Table$$Limit                     0x08003e68   Number         0  anon$$obj.o(Region$$Table)
    __libspace_start                         0x20000000   Data          96  libspace.o(.bss)
    __temporary_stack_top$libspace           0x20000060   Data           0  libspace.o(.bss)
    GPIO_PulseWidth                          0x20000088   Data          12  gpio.o(.bss.GPIO_PulseWidth)
    Pitch                                    0x200000e0   Data           8  mpu6050.o(.bss.Pitch)
    Roll                                     0x20000108   Data           8  mpu6050.o(.bss.Roll)



==============================================================================

Memory Map of the image

  Image Entry point : 0x080000ed

  Load Region LR_IROM1 (Base: 0x08000000, Size: 0x00003e68, Max: 0x00010000, ABSOLUTE)

    Execution Region ER_IROM1 (Exec base: 0x08000000, Load base: 0x08000000, Size: 0x00003e68, Max: 0x00010000, ABSOLUTE)

    Exec Addr    Load Addr    Size         Type   Attr      Idx    E Section Name        Object

    0x08000000   0x08000000   0x000000ec   Data   RO          396    RESET               startup_stm32f10x_md.o
    0x080000ec   0x080000ec   0x00000008   Code   RO          424  * !!!main             c_w.l(__main.o)
    0x080000f4   0x080000f4   0x00000034   Code   RO          675    !!!scatter          c_w.l(__scatter.o)
    0x08000128   0x08000128   0x0000001c   Code   RO          677    !!handler_zi        c_w.l(__scatter_zi.o)
    0x08000144   0x08000144   0x00000002   Code   RO          536    .ARM.Collect$$libinit$$00000000  c_w.l(libinit.o)
    0x08000146   0x08000146   0x00000000   Code   RO          542    .ARM.Collect$$libinit$$00000002  c_w.l(libinit2.o)
    0x08000146   0x08000146   0x00000000   Code   RO          544    .ARM.Collect$$libinit$$00000004  c_w.l(libinit2.o)
    0x08000146   0x08000146   0x00000000   Code   RO          546    .ARM.Collect$$libinit$$00000006  c_w.l(libinit2.o)
    0x08000146   0x08000146   0x00000000   Code   RO          549    .ARM.Collect$$libinit$$0000000C  c_w.l(libinit2.o)
    0x08000146   0x08000146   0x00000000   Code   RO          551    .ARM.Collect$$libinit$$0000000E  c_w.l(libinit2.o)
    0x08000146   0x08000146   0x00000000   Code   RO          553    .ARM.Collect$$libinit$$00000010  c_w.l(libinit2.o)
    0x08000146   0x08000146   0x00000000   Code   RO          556    .ARM.Collect$$libinit$$00000013  c_w.l(libinit2.o)
    0x08000146   0x08000146   0x00000000   Code   RO          558    .ARM.Collect$$libinit$$00000015  c_w.l(libinit2.o)
    0x08000146   0x08000146   0x00000000   Code   RO          560    .ARM.Collect$$libinit$$00000017  c_w.l(libinit2.o)
    0x08000146   0x08000146   0x00000000   Code   RO          562    .ARM.Collect$$libinit$$00000019  c_w.l(libinit2.o)
    0x08000146   0x08000146   0x00000000   Code   RO          564    .ARM.Collect$$libinit$$0000001B  c_w.l(libinit2.o)
    0x08000146   0x08000146   0x00000000   Code   RO          566    .ARM.Collect$$libinit$$0000001D  c_w.l(libinit2.o)
    0x08000146   0x08000146   0x00000000   Code   RO          568    .ARM.Collect$$libinit$$0000001F  c_w.l(libinit2.o)
    0x08000146   0x08000146   0x00000000   Code   RO          570    .ARM.Collect$$libinit$$00000021  c_w.l(libinit2.o)
    0x08000146   0x08000146   0x00000000   Code   RO          572    .ARM.Collect$$libinit$$00000023  c_w.l(libinit2.o)
    0x08000146   0x08000146   0x00000000   Code   RO          574    .ARM.Collect$$libinit$$00000025  c_w.l(libinit2.o)
    0x08000146   0x08000146   0x00000000   Code   RO          576    .ARM.Collect$$libinit$$00000027  c_w.l(libinit2.o)
    0x08000146   0x08000146   0x00000000   Code   RO          580    .ARM.Collect$$libinit$$0000002E  c_w.l(libinit2.o)
    0x08000146   0x08000146   0x00000000   Code   RO          582    .ARM.Collect$$libinit$$00000030  c_w.l(libinit2.o)
    0x08000146   0x08000146   0x00000000   Code   RO          584    .ARM.Collect$$libinit$$00000032  c_w.l(libinit2.o)
    0x08000146   0x08000146   0x00000000   Code   RO          586    .ARM.Collect$$libinit$$00000034  c_w.l(libinit2.o)
    0x08000146   0x08000146   0x00000002   Code   RO          587    .ARM.Collect$$libinit$$00000035  c_w.l(libinit2.o)
    0x08000148   0x08000148   0x00000002   Code   RO          611    .ARM.Collect$$libshutdown$$00000000  c_w.l(libshutdown.o)
    0x0800014a   0x0800014a   0x00000000   Code   RO          626    .ARM.Collect$$libshutdown$$00000002  c_w.l(libshutdown2.o)
    0x0800014a   0x0800014a   0x00000000   Code   RO          628    .ARM.Collect$$libshutdown$$00000004  c_w.l(libshutdown2.o)
    0x0800014a   0x0800014a   0x00000000   Code   RO          631    .ARM.Collect$$libshutdown$$00000007  c_w.l(libshutdown2.o)
    0x0800014a   0x0800014a   0x00000000   Code   RO          634    .ARM.Collect$$libshutdown$$0000000A  c_w.l(libshutdown2.o)
    0x0800014a   0x0800014a   0x00000000   Code   RO          636    .ARM.Collect$$libshutdown$$0000000C  c_w.l(libshutdown2.o)
    0x0800014a   0x0800014a   0x00000000   Code   RO          639    .ARM.Collect$$libshutdown$$0000000F  c_w.l(libshutdown2.o)
    0x0800014a   0x0800014a   0x00000002   Code   RO          640    .ARM.Collect$$libshutdown$$00000010  c_w.l(libshutdown2.o)
    0x0800014c   0x0800014c   0x00000000   Code   RO          457    .ARM.Collect$$rtentry$$00000000  c_w.l(__rtentry.o)
    0x0800014c   0x0800014c   0x00000000   Code   RO          499    .ARM.Collect$$rtentry$$00000002  c_w.l(__rtentry2.o)
    0x0800014c   0x0800014c   0x00000006   Code   RO          511    .ARM.Collect$$rtentry$$00000004  c_w.l(__rtentry4.o)
    0x08000152   0x08000152   0x00000000   Code   RO          501    .ARM.Collect$$rtentry$$00000009  c_w.l(__rtentry2.o)
    0x08000152   0x08000152   0x00000004   Code   RO          502    .ARM.Collect$$rtentry$$0000000A  c_w.l(__rtentry2.o)
    0x08000156   0x08000156   0x00000000   Code   RO          504    .ARM.Collect$$rtentry$$0000000C  c_w.l(__rtentry2.o)
    0x08000156   0x08000156   0x00000008   Code   RO          505    .ARM.Collect$$rtentry$$0000000D  c_w.l(__rtentry2.o)
    0x0800015e   0x0800015e   0x00000002   Code   RO          539    .ARM.Collect$$rtexit$$00000000  c_w.l(rtexit.o)
    0x08000160   0x08000160   0x00000000   Code   RO          591    .ARM.Collect$$rtexit$$00000002  c_w.l(rtexit2.o)
    0x08000160   0x08000160   0x00000004   Code   RO          592    .ARM.Collect$$rtexit$$00000003  c_w.l(rtexit2.o)
    0x08000164   0x08000164   0x00000006   Code   RO          593    .ARM.Collect$$rtexit$$00000004  c_w.l(rtexit2.o)
    0x0800016a   0x0800016a   0x00000002   PAD
    0x0800016c   0x0800016c   0x00000092   Code   RO           95    .ram                uart.o
    0x080001fe   0x080001fe   0x00000002   PAD
    0x08000200   0x08000200   0x00000040   Code   RO          397    .text               startup_stm32f10x_md.o
    0x08000240   0x08000240   0x00000006   Code   RO          422    .text               c_w.l(heapauxi.o)
    0x08000246   0x08000246   0x00000016   Code   RO          458    .text               c_w.l(_rserrno.o)
    0x0800025c   0x0800025c   0x00000008   Code   RO          516    .text               c_w.l(rt_errno_addr_intlibspace.o)
    0x08000264   0x08000264   0x00000008   Code   RO          524    .text               c_w.l(libspace.o)
    0x0800026c   0x0800026c   0x0000004a   Code   RO          527    .text               c_w.l(sys_stackheap_outer.o)
    0x080002b6   0x080002b6   0x00000012   Code   RO          529    .text               c_w.l(exit.o)
    0x080002c8   0x080002c8   0x0000000c   Code   RO          601    .text               c_w.l(sys_exit.o)
    0x080002d4   0x080002d4   0x00000002   Code   RO          616    .text               c_w.l(use_no_semi.o)
    0x080002d6   0x080002d6   0x00000000   Code   RO          618    .text               c_w.l(indicate_semi.o)
    0x080002d6   0x080002d6   0x00000002   PAD
    0x080002d8   0x080002d8   0x00000054   Code   RO          110    .text.CLOCK_SystickInit  clock.o
    0x0800032c   0x0800032c   0x00000018   Code   RO           33    .text.GPIO_B6_PWM   gpio.o
    0x08000344   0x08000344   0x00000018   Code   RO           35    .text.GPIO_B7_PWM   gpio.o
    0x0800035c   0x0800035c   0x00000018   Code   RO           37    .text.GPIO_B8_PWM   gpio.o
    0x08000374   0x08000374   0x00000018   Code   RO           39    .text.GPIO_B9_PWM   gpio.o
    0x0800038c   0x0800038c   0x00000092   Code   RO           19    .text.GPIO_PINHigh  gpio.o
    0x0800041e   0x0800041e   0x00000002   PAD
    0x08000420   0x08000420   0x0000009e   Code   RO           17    .text.GPIO_PINLow   gpio.o
    0x080004be   0x080004be   0x00000002   PAD
    0x080004c0   0x080004c0   0x000000d8   Code   RO           21    .text.GPIO_PINToggle  gpio.o
    0x08000598   0x08000598   0x00000606   Code   RO           23    .text.GPIO_SetInPut  gpio.o
    0x08000b9e   0x08000b9e   0x00000002   PAD
    0x08000ba0   0x08000ba0   0x000006c0   Code   RO           15    .text.GPIO_SetOutPut  gpio.o
    0x08001260   0x08001260   0x000001a8   Code   RO           31    .text.GPIO_SetPWM   gpio.o
    0x08001408   0x08001408   0x0000018e   Code   RO           43    .text.GPIO_SetPWMMeasurement  gpio.o
    0x08001596   0x08001596   0x00000002   PAD
    0x08001598   0x08001598   0x0000008a   Code   RO          153    .text.I2C2_CallAdress  i2c.o
    0x08001622   0x08001622   0x00000002   PAD
    0x08001624   0x08001624   0x0000012a   Code   RO          145    .text.I2C2_Init     i2c.o
    0x0800174e   0x0800174e   0x00000002   PAD
    0x08001750   0x08001750   0x000000c0   Code   RO          159    .text.I2C2_Read     i2c.o
    0x08001810   0x08001810   0x00000024   Code   RO          151    .text.I2C2_Read1Byte  i2c.o
    0x08001834   0x08001834   0x0000004a   Code   RO          163    .text.I2C2_ReadDevice  i2c.o
    0x0800187e   0x0800187e   0x00000002   PAD
    0x08001880   0x08001880   0x00000068   Code   RO          147    .text.I2C2_Start    i2c.o
    0x080018e8   0x080018e8   0x0000001a   Code   RO          155    .text.I2C2_Stop     i2c.o
    0x08001902   0x08001902   0x00000002   PAD
    0x08001904   0x08001904   0x00000044   Code   RO          149    .text.I2C2_Write    i2c.o
    0x08001948   0x08001948   0x00000038   Code   RO          161    .text.I2C2_WriteToDevice  i2c.o
    0x08001980   0x08001980   0x000004e2   Code   RO          214    .text.MPU6050_CalculateAngle  mpu6050.o
    0x08001e62   0x08001e62   0x00000002   PAD
    0x08001e64   0x08001e64   0x00000100   Code   RO          216    .text.MPU6050_Calibration  mpu6050.o
    0x08001f64   0x08001f64   0x00000060   Code   RO          210    .text.MPU6050_Init  mpu6050.o
    0x08001fc4   0x08001fc4   0x00000028   Code   RO          208    .text.MPU6050_Read  mpu6050.o
    0x08001fec   0x08001fec   0x00000024   Code   RO          206    .text.MPU6050_Write  mpu6050.o
    0x08002010   0x08002010   0x0000008a   Code   RO          212    .text.MPU6050_getPara  mpu6050.o
    0x0800209a   0x0800209a   0x00000002   PAD
    0x0800209c   0x0800209c   0x00000024   Code   RO           65    .text.NVIC_EnableIRQ  common.o
    0x080020c0   0x080020c0   0x00000048   Code   RO           67    .text.NVIC_SetPriority  common.o
    0x08002108   0x08002108   0x000000a2   Code   RO          190    .text.PID_GetDesiredAngle  pid.o
    0x080021aa   0x080021aa   0x00000002   PAD
    0x080021ac   0x080021ac   0x0000003e   Code   RO           71    .text.RadianToDegree  common.o
    0x080021ea   0x080021ea   0x00000002   PAD
    0x080021ec   0x080021ec   0x00000008   Code   RO          406    .text.SetSysClock   system_stm32f10x.o
    0x080021f4   0x080021f4   0x00000122   Code   RO          410    .text.SetSysClockTo72  system_stm32f10x.o
    0x08002316   0x08002316   0x00000002   PAD
    0x08002318   0x08002318   0x00000018   Code   RO          112    .text.SysTick_Handler  clock.o
    0x08002330   0x08002330   0x00000066   Code   RO          404    .text.SystemInit    system_stm32f10x.o
    0x08002396   0x08002396   0x00000002   PAD
    0x08002398   0x08002398   0x0000007a   Code   RO            4    .text.System_Init   main.o
    0x08002412   0x08002412   0x00000002   PAD
    0x08002414   0x08002414   0x00000102   Code   RO           47    .text.TIM2_IRQHandler  gpio.o
    0x08002516   0x08002516   0x00000002   PAD
    0x08002518   0x08002518   0x000000d8   Code   RO           49    .text.TIM3_IRQHandler  gpio.o
    0x080025f0   0x080025f0   0x00000024   Code   RO           61    .text.delay         common.o
    0x08002614   0x08002614   0x000000da   Code   RO            2    .text.main          main.o
    0x080026ee   0x080026ee   0x00000002   PAD
    0x080026f0   0x080026f0   0x00000090   Code   RO           63    .text.map           common.o
    0x08002780   0x08002780   0x00000030   Code   RO          114    .text.micros        clock.o
    0x080027b0   0x080027b0   0x00000028   Code   RO          486    i.__ARM_fpclassify  m_ws.l(fpclassify.o)
    0x080027d8   0x080027d8   0x00000388   Code   RO          490    i.__ieee754_rem_pio2  m_ws.l(rred.o)
    0x08002b60   0x08002b60   0x000000fc   Code   RO          469    i.__kernel_cos      m_ws.l(cos_i.o)
    0x08002c5c   0x08002c5c   0x000000aa   Code   RO          488    i.__kernel_poly     m_ws.l(poly.o)
    0x08002d06   0x08002d06   0x00000002   PAD
    0x08002d08   0x08002d08   0x000000ec   Code   RO          495    i.__kernel_sin      m_ws.l(sin_i.o)
    0x08002df4   0x08002df4   0x00000006   Code   RO          473    i.__mathlib_dbl_infnan  m_ws.l(dunder.o)
    0x08002dfa   0x08002dfa   0x0000000c   Code   RO          475    i.__mathlib_dbl_invalid  m_ws.l(dunder.o)
    0x08002e06   0x08002e06   0x00000002   PAD
    0x08002e08   0x08002e08   0x00000010   Code   RO          478    i.__mathlib_dbl_underflow  m_ws.l(dunder.o)
    0x08002e18   0x08002e18   0x00000220   Code   RO          445    i.atan              m_ws.l(atan.o)
    0x08003038   0x08003038   0x000000a0   Code   RO          450    i.sin               m_ws.l(sin.o)
    0x080030d8   0x080030d8   0x0000004c   Code   RO          454    i.sqrt              m_ws.l(sqrt.o)
    0x08003124   0x08003124   0x00000150   Code   RO          426    x$fpl$dadd          fz_ws.l(daddsub_clz.o)
    0x08003274   0x08003274   0x00000010   Code   RO          518    x$fpl$dcheck1       fz_ws.l(dcheck1.o)
    0x08003284   0x08003284   0x000002b4   Code   RO          433    x$fpl$ddiv          fz_ws.l(ddiv.o)
    0x08003538   0x08003538   0x0000005e   Code   RO          520    x$fpl$dfix          fz_ws.l(dfix.o)
    0x08003596   0x08003596   0x0000002e   Code   RO          437    x$fpl$dflt          fz_ws.l(dflt_clz.o)
    0x080035c4   0x080035c4   0x00000026   Code   RO          436    x$fpl$dfltu         fz_ws.l(dflt_clz.o)
    0x080035ea   0x080035ea   0x00000002   PAD
    0x080035ec   0x080035ec   0x00000154   Code   RO          442    x$fpl$dmul          fz_ws.l(dmul.o)
    0x08003740   0x08003740   0x0000009c   Code   RO          460    x$fpl$dnaninf       fz_ws.l(dnaninf.o)
    0x080037dc   0x080037dc   0x0000000c   Code   RO          462    x$fpl$dretinf       fz_ws.l(dretinf.o)
    0x080037e8   0x080037e8   0x00000016   Code   RO          427    x$fpl$drsb          fz_ws.l(daddsub_clz.o)
    0x080037fe   0x080037fe   0x00000002   PAD
    0x08003800   0x08003800   0x000001cc   Code   RO          464    x$fpl$dsqrt         fz_ws.l(dsqrt_noumaal.o)
    0x080039cc   0x080039cc   0x000001dc   Code   RO          428    x$fpl$dsub          fz_ws.l(daddsub_clz.o)
    0x08003ba8   0x08003ba8   0x00000064   Code   RO          537    x$fpl$retnan        fz_ws.l(retnan.o)
    0x08003c0c   0x08003c0c   0x0000005c   Code   RO          466    x$fpl$scalbn        fz_ws.l(scalbn.o)
    0x08003c68   0x08003c68   0x00000030   Code   RO          588    x$fpl$trapveneer    fz_ws.l(trapv.o)
    0x08003c98   0x08003c98   0x00000000   Code   RO          468    x$fpl$usenofp       fz_ws.l(usenofp.o)
    0x08003c98   0x08003c98   0x00000098   Data   RO          446    .constdata          m_ws.l(atan.o)
    0x08003d30   0x08003d30   0x00000030   Data   RO          470    .constdata          m_ws.l(cos_i.o)
    0x08003d60   0x08003d60   0x000000cc   Data   RO          492    .constdata          m_ws.l(rred.o)
    0x08003e2c   0x08003e2c   0x00000004   PAD
    0x08003e30   0x08003e30   0x00000028   Data   RO          496    .constdata          m_ws.l(sin_i.o)
    0x08003e58   0x08003e58   0x00000010   Data   RO          674    Region$$Table       anon$$obj.o


    Execution Region RW_IRAM1 (Exec base: 0x20000000, Load base: 0x08003e68, Size: 0x000007d8, Max: 0x00005000, ABSOLUTE)

    Exec Addr    Load Addr    Size         Type   Attr      Idx    E Section Name        Object

    0x20000000        -       0x00000060   Zero   RW          525    .bss                c_w.l(libspace.o)
    0x20000060        -       0x00000002   Zero   RW          223    .bss.Accel_X_Raw    mpu6050.o
    0x20000062        -       0x00000002   Zero   RW          224    .bss.Accel_Y_Raw    mpu6050.o
    0x20000064        -       0x00000002   Zero   RW          225    .bss.Accel_Z_Raw    mpu6050.o
    0x20000066        -       0x0000000e   Zero   RW          222    .bss.Buffer_data    mpu6050.o
    0x20000074   0x08003e68   0x00000004   PAD
    0x20000078        -       0x00000008   Zero   RW          197    .bss.Desired_Pitch  pid.o
    0x20000080        -       0x00000008   Zero   RW          196    .bss.Desired_Roll   pid.o
    0x20000088        -       0x0000000c   Zero   RW           53    .bss.GPIO_PulseWidth  gpio.o
    0x20000094        -       0x00000004   Zero   RW          229    .bss.Gyro_Pitch_Offset  mpu6050.o
    0x20000098        -       0x00000002   Zero   RW          227    .bss.Gyro_Pitch_Raw  mpu6050.o
    0x2000009a   0x08003e68   0x00000002   PAD
    0x2000009c        -       0x00000004   Zero   RW          230    .bss.Gyro_Roll_Offset  mpu6050.o
    0x200000a0        -       0x00000002   Zero   RW          226    .bss.Gyro_Roll_Raw  mpu6050.o
    0x200000a2   0x08003e68   0x00000002   PAD
    0x200000a4        -       0x00000004   Zero   RW          231    .bss.Gyro_Yaw_Offset  mpu6050.o
    0x200000a8        -       0x00000002   Zero   RW          228    .bss.Gyro_Yaw_Raw   mpu6050.o
    0x200000aa   0x08003e68   0x00000006   PAD
    0x200000b0        -       0x00000030   Zero   RW          218    .bss.MPU6050_RawData  mpu6050.o
    0x200000e0        -       0x00000008   Zero   RW          238    .bss.Pitch          mpu6050.o
    0x200000e8        -       0x00000008   Zero   RW          233    .bss.Pitch_Acc      mpu6050.o
    0x200000f0        -       0x00000008   Zero   RW          220    .bss.Pitch_Gyro     mpu6050.o
    0x200000f8        -       0x00000004   Zero   RW           98    .bss.Pointer        uart.o
    0x200000fc        -       0x00000004   Zero   RW           51    .bss.RisingTimeTIM2  gpio.o
    0x20000100        -       0x00000004   Zero   RW           52    .bss.RisingTimeTIM3  gpio.o
    0x20000104   0x08003e68   0x00000004   PAD
    0x20000108        -       0x00000008   Zero   RW          239    .bss.Roll           mpu6050.o
    0x20000110        -       0x00000008   Zero   RW          232    .bss.Roll_Acc       mpu6050.o
    0x20000118        -       0x00000008   Zero   RW          219    .bss.Roll_Gyro      mpu6050.o
    0x20000120        -       0x00000008   Zero   RW          235    .bss.Temp_Pitch_Gyro  mpu6050.o
    0x20000128        -       0x00000008   Zero   RW          234    .bss.Temp_Roll_Gyro  mpu6050.o
    0x20000130        -       0x00000008   Zero   RW          236    .bss.Temp_Yaw_Gyro  mpu6050.o
    0x20000138        -       0x00000080   Zero   RW           97    .bss.USART1_Buffer  uart.o
    0x200001b8        -       0x00000008   Zero   RW          221    .bss.Yaw_Gyro       mpu6050.o
    0x200001c0        -       0x00000001   Zero   RW           99    .bss.bMessageAvail  uart.o
    0x200001c1   0x08003e68   0x00000003   PAD
    0x200001c4        -       0x00000004   Zero   RW          169    .bss.dummy          i2c.o
    0x200001c8        -       0x00000004   Zero   RW            6    .bss.loop_timer     main.o
    0x200001cc        -       0x00000001   Zero   RW          237    .bss.setGyro        mpu6050.o
    0x200001cd   0x08003e68   0x00000003   PAD
    0x200001d0        -       0x00000004   Zero   RW          100    .bss.ui32gDummy     uart.o
    0x200001d4        -       0x00000004   Zero   RW          116    .bss.ui32micros     clock.o
    0x200001d8        -       0x00000200   Zero   RW          395    HEAP                startup_stm32f10x_md.o
    0x200003d8        -       0x00000400   Zero   RW          394    STACK               startup_stm32f10x_md.o


==============================================================================

Image component sizes


      Code (inc. data)   RO Data    RW Data    ZI Data      Debug   Object Name

       156          0          0          0          4       2171   clock.o
       350          0          0          0          0       3186   common.o
      5182          0          0          0         20      10391   gpio.o
       992          0          0          0          4       5107   i2c.o
       340          0          0          0          4       1422   main.o
      1816          0          0          0        167       2752   mpu6050.o
       162          0          0          0         16       1336   pid.o
        64         26        236          0       1536        832   startup_stm32f10x_md.o
       400          0          0          0          0       2857   system_stm32f10x.o
       146          0          0          0        137       3716   uart.o

    ----------------------------------------------------------------------
      9644         26        252          0       1912      33770   Object Totals
         0          0         16          0          0          0   (incl. Generated)
        36          0          0          0         24          0   (incl. Padding)

    ----------------------------------------------------------------------

      Code (inc. data)   RO Data    RW Data    ZI Data      Debug   Library Member Name

         8          0          0          0          0         68   __main.o
         0          0          0          0          0          0   __rtentry.o
        12          0          0          0          0          0   __rtentry2.o
         6          0          0          0          0          0   __rtentry4.o
        52          8          0          0          0          0   __scatter.o
        28          0          0          0          0          0   __scatter_zi.o
        22          0          0          0          0        100   _rserrno.o
        18          0          0          0          0         80   exit.o
         6          0          0          0          0        152   heapauxi.o
         0          0          0          0          0          0   indicate_semi.o
         2          0          0          0          0          0   libinit.o
         2          0          0          0          0          0   libinit2.o
         2          0          0          0          0          0   libshutdown.o
         2          0          0          0          0          0   libshutdown2.o
         8          4          0          0         96         68   libspace.o
         8          4          0          0          0         68   rt_errno_addr_intlibspace.o
         2          0          0          0          0          0   rtexit.o
        10          0          0          0          0          0   rtexit2.o
        12          4          0          0          0         68   sys_exit.o
        74          0          0          0          0         80   sys_stackheap_outer.o
         2          0          0          0          0         68   use_no_semi.o
       834         16          0          0          0        372   daddsub_clz.o
        16          4          0          0          0         68   dcheck1.o
       692        140          0          0          0        216   ddiv.o
        94          4          0          0          0         92   dfix.o
        84          0          0          0          0        136   dflt_clz.o
       340         12          0          0          0        104   dmul.o
       156          4          0          0          0         92   dnaninf.o
        12          0          0          0          0         68   dretinf.o
       460         56          0          0          0        120   dsqrt_noumaal.o
       100          0          0          0          0         68   retnan.o
        92          0          0          0          0         68   scalbn.o
        48          0          0          0          0         68   trapv.o
         0          0          0          0          0          0   usenofp.o
       544         70        152          0          0        124   atan.o
       252         22         48          0          0        124   cos_i.o
        34          6          0          0          0        204   dunder.o
        40          0          0          0          0         68   fpclassify.o
       170          0          0          0          0         96   poly.o
       904         76        204          0          0        140   rred.o
       160         10          0          0          0        108   sin.o
       236         12         40          0          0        128   sin_i.o
        76          0          0          0          0         84   sqrt.o

    ----------------------------------------------------------------------
      5632        452        448          0         96       3300   Library Totals
        12          0          4          0          0          0   (incl. Padding)

    ----------------------------------------------------------------------

      Code (inc. data)   RO Data    RW Data    ZI Data      Debug   Library Name

       276         20          0          0         96        752   c_w.l
      2928        236          0          0          0       1472   fz_ws.l
      2416        196        444          0          0       1076   m_ws.l

    ----------------------------------------------------------------------
      5632        452        448          0         96       3300   Library Totals

    ----------------------------------------------------------------------

==============================================================================


      Code (inc. data)   RO Data    RW Data    ZI Data      Debug   

     15276        478        700          0       2008      35278   Grand Totals
     15276        478        700          0       2008      35278   ELF Image Totals
     15276        478        700          0          0          0   ROM Totals

==============================================================================

    Total RO  Size (Code + RO Data)                15976 (  15.60kB)
    Total RW  Size (RW Data + ZI Data)              2008 (   1.96kB)
    Total ROM Size (Code + RO Data + RW Data)      15976 (  15.60kB)

==============================================================================

