Component: Arm Compiler for Embedded 6.19 Tool: armlink [5e73cb00]

==============================================================================

Section Cross References

    main.o(.text.main) refers to main.o(.text.System_Init) for System_Init
    main.o(.text.main) refers to main.o(.text.FlyingMode_IDLE) for FlyingMode_IDLE
    main.o(.text.main) refers to gpio.o(.bss.GPIO_PulseWidth) for GPIO_PulseWidth
    main.o(.text.main) refers to main.o(.text.ESC_Clibration) for ESC_Clibration
    main.o(.text.main) refers to main.o(.text.GetFlyingState) for GetFlyingState
    main.o(.text.main) refers to main.o(.text.TX_Unavailable) for TX_Unavailable
    main.o(.text.main) refers to main.o(.text.LedWarning_NotInIdleMode) for LedWarning_NotInIdleMode
    main.o(.text.main) refers to gpio.o(.text.GPIO_PINHigh) for GPIO_PINHigh
    main.o(.text.main) refers to clock.o(.text.micros) for micros
    main.o(.text.main) refers to main.o(.bss.loop_timer) for loop_timer
    main.o(.text.main) refers to main.o(.bss.loopCounter) for loopCounter
    main.o(.text.main) refers to mpu6050.o(.text.MPU6050_CalculateAngle) for MPU6050_CalculateAngle
    main.o(.text.main) refers to main.o(.bss.gyro_roll_input) for gyro_roll_input
    main.o(.text.main) refers to mpu6050.o(.bss.Gyro_Y_Raw) for Gyro_Y_Raw
    main.o(.text.main) refers to dflt_clz.o(x$fpl$dflt) for __aeabi_i2d
    main.o(.text.main) refers to ddiv.o(x$fpl$ddiv) for __aeabi_ddiv
    main.o(.text.main) refers to dmul.o(x$fpl$dmul) for __aeabi_dmul
    main.o(.text.main) refers to daddsub_clz.o(x$fpl$dadd) for __aeabi_dadd
    main.o(.text.main) refers to main.o(.bss.gyro_pitch_input) for gyro_pitch_input
    main.o(.text.main) refers to mpu6050.o(.bss.Gyro_X_Raw) for Gyro_X_Raw
    main.o(.text.main) refers to main.o(.bss.gyro_yaw_input) for gyro_yaw_input
    main.o(.text.main) refers to mpu6050.o(.bss.Gyro_Z_Raw) for Gyro_Z_Raw
    main.o(.text.main) refers to mpu6050.o(.bss.Angle_Pitch) for Angle_Pitch
    main.o(.text.main) refers to main.o(.bss.pitch_level_adjust) for pitch_level_adjust
    main.o(.text.main) refers to mpu6050.o(.bss.Angle_Roll) for Angle_Roll
    main.o(.text.main) refers to main.o(.bss.roll_level_adjust) for roll_level_adjust
    main.o(.text.main) refers to main.o(.bss.FlyingState) for FlyingState
    main.o(.text.main) refers to main.o(.bss.PreviousFlyingState) for PreviousFlyingState
    main.o(.text.main) refers to pid.o(.text.PID_Reset) for PID_Reset
    main.o(.text.main) refers to mpu6050.o(.text.MPU6050_AngleReset) for MPU6050_AngleReset
    main.o(.text.main) refers to main.o(.bss.pid_roll_setpoint) for pid_roll_setpoint
    main.o(.text.main) refers to daddsub_clz.o(x$fpl$dsub) for __aeabi_dsub
    main.o(.text.main) refers to main.o(.bss.pid_pitch_setpoint) for pid_pitch_setpoint
    main.o(.text.main) refers to main.o(.bss.pid_yaw_setpoint) for pid_yaw_setpoint
    main.o(.text.main) refers to main.o(.bss.pid_error_temp) for pid_error_temp
    main.o(.text.main) refers to main.o(.data.pid_i_gain_roll) for pid_i_gain_roll
    main.o(.text.main) refers to main.o(.bss.pid_i_mem_roll) for pid_i_mem_roll
    main.o(.text.main) refers to main.o(.data.pid_max_roll) for pid_max_roll
    main.o(.text.main) refers to dcmp.o(x$fpl$fcmp) for __aeabi_dcmple
    main.o(.text.main) refers to main.o(.data.pid_p_gain_roll) for pid_p_gain_roll
    main.o(.text.main) refers to main.o(.data.pid_d_gain_roll) for pid_d_gain_roll
    main.o(.text.main) refers to main.o(.bss.pid_last_roll_d_error) for pid_last_roll_d_error
    main.o(.text.main) refers to main.o(.bss.pid_output_roll) for pid_output_roll
    main.o(.text.main) refers to main.o(.data.pid_i_gain_pitch) for pid_i_gain_pitch
    main.o(.text.main) refers to main.o(.bss.pid_i_mem_pitch) for pid_i_mem_pitch
    main.o(.text.main) refers to main.o(.data.pid_max_pitch) for pid_max_pitch
    main.o(.text.main) refers to main.o(.data.pid_p_gain_pitch) for pid_p_gain_pitch
    main.o(.text.main) refers to main.o(.data.pid_d_gain_pitch) for pid_d_gain_pitch
    main.o(.text.main) refers to main.o(.bss.pid_last_pitch_d_error) for pid_last_pitch_d_error
    main.o(.text.main) refers to main.o(.bss.pid_output_pitch) for pid_output_pitch
    main.o(.text.main) refers to main.o(.data.pid_i_gain_yaw) for pid_i_gain_yaw
    main.o(.text.main) refers to main.o(.bss.pid_i_mem_yaw) for pid_i_mem_yaw
    main.o(.text.main) refers to main.o(.data.pid_max_yaw) for pid_max_yaw
    main.o(.text.main) refers to main.o(.data.pid_p_gain_yaw) for pid_p_gain_yaw
    main.o(.text.main) refers to main.o(.bss.pid_d_gain_yaw) for pid_d_gain_yaw
    main.o(.text.main) refers to main.o(.bss.pid_last_yaw_d_error) for pid_last_yaw_d_error
    main.o(.text.main) refers to main.o(.bss.pid_output_yaw) for pid_output_yaw
    main.o(.text.main) refers to main.o(.bss.throttle) for throttle
    main.o(.text.main) refers to main.o(.bss.Battery) for Battery
[...]
    ../clib/heapalloc.c                      0x00000000   Number         0  hrguard.o ABSOLUTE
    ../clib/heapaux.c                        0x00000000   Number         0  heapauxi.o ABSOLUTE
    ../clib/libinit.s                        0x00000000   Number         0  libinit.o ABSOLUTE
    ../clib/libinit.s                        0x00000000   Number         0  libinit2.o ABSOLUTE
    ../clib/libinit.s                        0x00000000   Number         0  libshutdown.o ABSOLUTE
    ../clib/libinit.s                        0x00000000   Number         0  libshutdown2.o ABSOLUTE
    ../clib/signal.c                         0x00000000   Number         0  defsig_rtmem_outer.o ABSOLUTE
    ../clib/signal.c                         0x00000000   Number         0  defsig_rtmem_formal.o ABSOLUTE
    ../clib/signal.c                         0x00000000   Number         0  defsig_exit.o ABSOLUTE
    ../clib/signal.c                         0x00000000   Number         0  defsig_rtmem_inner.o ABSOLUTE
    ../clib/signal.c                         0x00000000   Number         0  __raise.o ABSOLUTE
    ../clib/signal.c                         0x00000000   Number         0  defsig_general.o ABSOLUTE
    ../clib/signal.c                         0x00000000   Number         0  defsig_abrt_inner.o ABSOLUTE
    ../clib/signal.c                         0x00000000   Number         0  defsig_fpe_inner.o ABSOLUTE
    ../clib/signal.c                         0x00000000   Number         0  defsig_rtred_inner.o ABSOLUTE
    ../clib/signal.c                         0x00000000   Number         0  defsig_stak_inner.o ABSOLUTE
    ../clib/signal.c                         0x00000000   Number         0  defsig_pvfn_inner.o ABSOLUTE
    ../clib/signal.c                         0x00000000   Number         0  defsig_cppl_inner.o ABSOLUTE
    ../clib/signal.c                         0x00000000   Number         0  defsig_segv_inner.o ABSOLUTE
    ../clib/signal.c                         0x00000000   Number         0  defsig_other.o ABSOLUTE
    ../clib/signal.s                         0x00000000   Number         0  defsig.o ABSOLUTE
    ../clib/stdlib.c                         0x00000000   Number         0  exit.o ABSOLUTE
    ../fplib/daddsub.s                       0x00000000   Number         0  daddsub_clz.o ABSOLUTE
    ../fplib/dcheck1.s                       0x00000000   Number         0  dcheck1.o ABSOLUTE
    ../fplib/dcmp.s                          0x00000000   Number         0  dcmp.o ABSOLUTE
    ../fplib/dcmpi.s                         0x00000000   Number         0  dcmpi.o ABSOLUTE
    ../fplib/ddiv.s                          0x00000000   Number         0  ddiv.o ABSOLUTE
    ../fplib/deqf.s                          0x00000000   Number         0  deqf.o ABSOLUTE
    ../fplib/dfix.s                          0x00000000   Number         0  dfix.o ABSOLUTE
    ../fplib/dflt.s                          0x00000000   Number         0  dflt_clz.o ABSOLUTE
    ../fplib/dgeqf.s                         0x00000000   Number         0  dgeqf.o ABSOLUTE
    ../fplib/dleqf.s                         0x00000000   Number         0  dleqf.o ABSOLUTE
    ../fplib/dmul.s                          0x00000000   Number         0  dmul.o ABSOLUTE
    ../fplib/dnaninf.s                       0x00000000   Number         0  dnaninf.o ABSOLUTE
    ../fplib/dretinf.s                       0x00000000   Number         0  dretinf.o ABSOLUTE
    ../fplib/dsqrt.s                         0x00000000   Number         0  dsqrt_noumaal.o ABSOLUTE
    ../fplib/fpinit.s                        0x00000000   Number         0  fpinit.o ABSOLUTE
    ../fplib/fpinit_empty.s                  0x00000000   Number         0  fpinit_empty.o ABSOLUTE
    ../fplib/retnan.s                        0x00000000   Number         0  retnan.o ABSOLUTE
    ../fplib/scalbn.s                        0x00000000   Number         0  scalbn.o ABSOLUTE
    ../fplib/trapv.s                         0x00000000   Number         0  trapv.o ABSOLUTE
    ../fplib/usenofp.s                       0x00000000   Number         0  usenofp.o ABSOLUTE
    ../mathlib/asin.c                        0x00000000   Number         0  asin.o ABSOLUTE
    ../mathlib/cos_i.c                       0x00000000   Number         0  cos_i.o ABSOLUTE
    ../mathlib/dunder.c                      0x00000000   Number         0  dunder.o ABSOLUTE
    ../mathlib/fpclassify.c                  0x00000000   Number         0  fpclassify.o ABSOLUTE
    ../mathlib/poly.c                        0x00000000   Number         0  poly.o ABSOLUTE
    ../mathlib/rred.c                        0x00000000   Number         0  rred.o ABSOLUTE
    ../mathlib/sin.c                         0x00000000   Number         0  sin.o ABSOLUTE
    ../mathlib/sin_i.c                       0x00000000   Number         0  sin_i.o ABSOLUTE
    ../mathlib/sqrt.c                        0x00000000   Number         0  sqrt.o ABSOLUTE
    CLOCK.c                                  0x00000000   Number         0  clock.o ABSOLUTE
    COMMON.c                                 0x00000000   Number         0  common.o ABSOLUTE
    EX_EEPROM.c                              0x00000000   Number         0  ex_eeprom.o ABSOLUTE
    GPIO.c                                   0x00000000   Number         0  gpio.o ABSOLUTE
    GPIO_STM32F10x.c                         0x00000000   Number         0  gpio_stm32f10x.o ABSOLUTE
    I2C.c                                    0x00000000   Number         0  i2c.o ABSOLUTE
    LCD.c                                    0x00000000   Number         0  lcd.o ABSOLUTE
    MPU6050.c                                0x00000000   Number         0  mpu6050.o ABSOLUTE
    PID.c                                    0x00000000   Number         0  pid.o ABSOLUTE
    RTE/Device/STM32F103C8/startup_stm32f10x_md.s 0x00000000   Number         0  startup_stm32f10x_md.o ABSOLUTE
    UART.c                                   0x00000000   Number         0  uart.o ABSOLUTE
    VECTABLE.c                               0x00000000   Number         0  vectable.o ABSOLUTE
    dc.s                                     0x00000000   Number         0  dc.o ABSOLUTE
    main.c                                   0x00000000   Number         0  main.o ABSOLUTE
    misc.c                                   0x00000000   Number         0  misc.o ABSOLUTE
    stm32f10x_gpio.c                         0x00000000   Number         0  stm32f10x_gpio.o ABSOLUTE
    stm32f10x_rcc.c                          0x00000000   Number         0  stm32f10x_rcc.o ABSOLUTE
    system_stm32f10x.c                       0x00000000   Number         0  system_stm32f10x.o ABSOLUTE
    RESET                                    0x08000000   Section      236  startup_stm32f10x_md.o(RESET)
    !!!main                                  0x080000ec   Section        8  __main.o(!!!main)
    !!!scatter                               0x080000f4   Section       52  __scatter.o(!!!scatter)
    !!handler_copy                           0x08000128   Section       26  __scatter_copy.o(!!handler_copy)
    !!handler_zi                             0x08000144   Section       28  __scatter_zi.o(!!handler_zi)
    .ARM.Collect$$libinit$$00000000          0x08000160   Section        2  libinit.o(.ARM.Collect$$libinit$$00000000)
    .ARM.Collect$$libinit$$00000002          0x08000162   Section        0  libinit2.o(.ARM.Collect$$libinit$$00000002)
    .ARM.Collect$$libinit$$00000004          0x08000162   Section        0  libinit2.o(.ARM.Collect$$libinit$$00000004)
    .ARM.Collect$$libinit$$00000006          0x08000162   Section        0  libinit2.o(.ARM.Collect$$libinit$$00000006)
    .ARM.Collect$$libinit$$0000000C          0x08000162   Section        0  libinit2.o(.ARM.Collect$$libinit$$0000000C)
    .ARM.Collect$$libinit$$0000000E          0x08000162   Section        0  libinit2.o(.ARM.Collect$$libinit$$0000000E)
    .ARM.Collect$$libinit$$00000010          0x08000162   Section        0  libinit2.o(.ARM.Collect$$libinit$$00000010)
    .ARM.Collect$$libinit$$00000013          0x08000162   Section        0  libinit2.o(.ARM.Collect$$libinit$$00000013)
    .ARM.Collect$$libinit$$00000015          0x08000162   Section        0  libinit2.o(.ARM.Collect$$libinit$$00000015)
    .ARM.Collect$$libinit$$00000017          0x08000162   Section        0  libinit2.o(.ARM.Collect$$libinit$$00000017)
    .ARM.Collect$$libinit$$00000019          0x08000162   Section        0  libinit2.o(.ARM.Collect$$libinit$$00000019)
    .ARM.Collect$$libinit$$0000001B          0x08000162   Section        0  libinit2.o(.ARM.Collect$$libinit$$0000001B)
    .ARM.Collect$$libinit$$0000001D          0x08000162   Section        0  libinit2.o(.ARM.Collect$$libinit$$0000001D)
    .ARM.Collect$$libinit$$0000001F          0x08000162   Section        0  libinit2.o(.ARM.Collect$$libinit$$0000001F)
    .ARM.Collect$$libinit$$00000021          0x08000162   Section        0  libinit2.o(.ARM.Collect$$libinit$$00000021)
    .ARM.Collect$$libinit$$00000023          0x08000162   Section        0  libinit2.o(.ARM.Collect$$libinit$$00000023)
    .ARM.Collect$$libinit$$00000025          0x08000162   Section        0  libinit2.o(.ARM.Collect$$libinit$$00000025)
    .ARM.Collect$$libinit$$00000027          0x08000162   Section        0  libinit2.o(.ARM.Collect$$libinit$$00000027)
    .ARM.Collect$$libinit$$0000002E          0x08000162   Section        0  libinit2.o(.ARM.Collect$$libinit$$0000002E)
    .ARM.Collect$$libinit$$00000030          0x08000162   Section        0  libinit2.o(.ARM.Collect$$libinit$$00000030)
    .ARM.Collect$$libinit$$00000032          0x08000162   Section        0  libinit2.o(.ARM.Collect$$libinit$$00000032)
    .ARM.Collect$$libinit$$00000034          0x08000162   Section        0  libinit2.o(.ARM.Collect$$libinit$$00000034)
    .ARM.Collect$$libinit$$00000035          0x08000162   Section        2  libinit2.o(.ARM.Collect$$libinit$$00000035)
    .ARM.Collect$$libshutdown$$00000000      0x08000164   Section        2  libshutdown.o(.ARM.Collect$$libshutdown$$00000000)
    .ARM.Collect$$libshutdown$$00000002      0x08000166   Section        0  libshutdown2.o(.ARM.Collect$$libshutdown$$00000002)
    .ARM.Collect$$libshutdown$$00000004      0x08000166   Section        0  libshutdown2.o(.ARM.Collect$$libshutdown$$00000004)
    .ARM.Collect$$libshutdown$$00000007      0x08000166   Section        0  libshutdown2.o(.ARM.Collect$$libshutdown$$00000007)
    .ARM.Collect$$libshutdown$$0000000A      0x08000166   Section        0  libshutdown2.o(.ARM.Collect$$libshutdown$$0000000A)
    .ARM.Collect$$libshutdown$$0000000C      0x08000166   Section        0  libshutdown2.o(.ARM.Collect$$libshutdown$$0000000C)
    .ARM.Collect$$libshutdown$$0000000F      0x08000166   Section        0  libshutdown2.o(.ARM.Collect$$libshutdown$$0000000F)
    .ARM.Collect$$libshutdown$$00000010      0x08000166   Section        2  libshutdown2.o(.ARM.Collect$$libshutdown$$00000010)
    .ARM.Collect$$rtentry$$00000000          0x08000168   Section        0  __rtentry.o(.ARM.Collect$$rtentry$$00000000)
    .ARM.Collect$$rtentry$$00000002          0x08000168   Section        0  __rtentry2.o(.ARM.Collect$$rtentry$$00000002)
    .ARM.Collect$$rtentry$$00000004          0x08000168   Section        6  __rtentry4.o(.ARM.Collect$$rtentry$$00000004)
    .ARM.Collect$$rtentry$$00000009          0x0800016e   Section        0  __rtentry2.o(.ARM.Collect$$rtentry$$00000009)
    .ARM.Collect$$rtentry$$0000000A          0x0800016e   Section        4  __rtentry2.o(.ARM.Collect$$rtentry$$0000000A)
    .ARM.Collect$$rtentry$$0000000C          0x08000172   Section        0  __rtentry2.o(.ARM.Collect$$rtentry$$0000000C)
    .ARM.Collect$$rtentry$$0000000D          0x08000172   Section        8  __rtentry2.o(.ARM.Collect$$rtentry$$0000000D)
    .ARM.Collect$$rtexit$$00000000           0x0800017a   Section        2  rtexit.o(.ARM.Collect$$rtexit$$00000000)
    .ARM.Collect$$rtexit$$00000002           0x0800017c   Section        0  rtexit2.o(.ARM.Collect$$rtexit$$00000002)
    .ARM.Collect$$rtexit$$00000003           0x0800017c   Section        4  rtexit2.o(.ARM.Collect$$rtexit$$00000003)
    .ARM.Collect$$rtexit$$00000004           0x08000180   Section        6  rtexit2.o(.ARM.Collect$$rtexit$$00000004)
    [Anonymous Symbol]                       0x08000188   Section        0  uart.o(.ram)
    .text                                    0x0800021c   Section       64  startup_stm32f10x_md.o(.text)
    .text                                    0x0800025c   Section        0  heapauxi.o(.text)
    .text                                    0x08000262   Section        0  _rserrno.o(.text)
    .text                                    0x08000278   Section        8  rt_errno_addr_intlibspace.o(.text)
    .text                                    0x08000280   Section        8  libspace.o(.text)
    .text                                    0x08000288   Section       74  sys_stackheap_outer.o(.text)
    .text                                    0x080002d2   Section        0  exit.o(.text)
    .text                                    0x080002e4   Section        0  sys_exit.o(.text)
    .text                                    0x080002f0   Section        2  use_no_semi.o(.text)
    .text                                    0x080002f2   Section        0  indicate_semi.o(.text)
    [Anonymous Symbol]                       0x080002f4   Section        0  clock.o(.text.CLOCK_SystickInit)
    [Anonymous Symbol]                       0x08000348   Section        0  main.o(.text.CheckTimeOut)
    [Anonymous Symbol]                       0x08000374   Section        0  main.o(.text.ESC_Clibration)
    [Anonymous Symbol]                       0x080003bc   Section        0  main.o(.text.FlyingMode_IDLE)
    [Anonymous Symbol]                       0x080003e0   Section        0  gpio.o(.text.GPIO_B6_PWM)
    [Anonymous Symbol]                       0x080003f8   Section        0  gpio.o(.text.GPIO_B7_PWM)
    [Anonymous Symbol]                       0x08000410   Section        0  gpio.o(.text.GPIO_B8_PWM)
    [Anonymous Symbol]                       0x08000428   Section        0  gpio.o(.text.GPIO_B9_PWM)
    [Anonymous Symbol]                       0x08000440   Section        0  gpio.o(.text.GPIO_PINHigh)
    [Anonymous Symbol]                       0x080004d4   Section        0  gpio.o(.text.GPIO_PINLow)
    [Anonymous Symbol]                       0x08000574   Section        0  gpio.o(.text.GPIO_PINToggle)
    [Anonymous Symbol]                       0x0800064c   Section        0  gpio.o(.text.GPIO_ReadAnalog)
    [Anonymous Symbol]                       0x08000674   Section        0  gpio.o(.text.GPIO_SetAnalog)
    [Anonymous Symbol]                       0x080009ac   Section        0  gpio.o(.text.GPIO_SetInPut)
    [Anonymous Symbol]                       0x08000fb4   Section        0  gpio.o(.text.GPIO_SetOutPut)
    [Anonymous Symbol]                       0x08001674   Section        0  gpio.o(.text.GPIO_SetPWM)
    [Anonymous Symbol]                       0x0800181c   Section        0  gpio.o(.text.GPIO_SetPWMMeasurement)
    [Anonymous Symbol]                       0x080019ac   Section        0  main.o(.text.GetFlyingState)
    [Anonymous Symbol]                       0x080019f8   Section        0  i2c.o(.text.I2C2_CallAdress)
    [Anonymous Symbol]                       0x08001a84   Section        0  i2c.o(.text.I2C2_CheckDevice)
    [Anonymous Symbol]                       0x08001b08   Section        0  i2c.o(.text.I2C2_Init)
    [Anonymous Symbol]                       0x08001c34   Section        0  i2c.o(.text.I2C2_Read)
    [Anonymous Symbol]                       0x08001cf4   Section        0  i2c.o(.text.I2C2_Read1Byte)
    [Anonymous Symbol]                       0x08001d18   Section        0  i2c.o(.text.I2C2_ReadDevice)
    [Anonymous Symbol]                       0x08001d64   Section        0  i2c.o(.text.I2C2_Start)
    [Anonymous Symbol]                       0x08001dcc   Section        0  i2c.o(.text.I2C2_Stop)
    [Anonymous Symbol]                       0x08001de8   Section        0  i2c.o(.text.I2C2_Write)
    [Anonymous Symbol]                       0x08001e2c   Section        0  i2c.o(.text.I2C2_WriteToDevice)
    [Anonymous Symbol]                       0x08001e64   Section        0  lcd.o(.text.LCD_Check)
    [Anonymous Symbol]                       0x08001e7c   Section        0  lcd.o(.text.LCD_Command)
    LCD_Init                                 0x08001ebd   Thumb Code   188  lcd.o(.text.LCD_Init)
    [Anonymous Symbol]                       0x08001ebc   Section        0  lcd.o(.text.LCD_Init)
    [Anonymous Symbol]                       0x08001f78   Section        0  lcd.o(.text.LCD_Test)
    [Anonymous Symbol]                       0x08001f90   Section        0  main.o(.text.LedWarning_NotInIdleMode)
    [Anonymous Symbol]                       0x08001ffc   Section        0  mpu6050.o(.text.MPU6050_AngleReset)
    [Anonymous Symbol]                       0x08002030   Section        0  mpu6050.o(.text.MPU6050_CalculateAngle)
    [Anonymous Symbol]                       0x0800236c   Section        0  mpu6050.o(.text.MPU6050_Calibration)
    [Anonymous Symbol]                       0x08002490   Section        0  mpu6050.o(.text.MPU6050_Init)
    [Anonymous Symbol]                       0x080024cc   Section        0  mpu6050.o(.text.MPU6050_Read)
    [Anonymous Symbol]                       0x080024f4   Section        0  mpu6050.o(.text.MPU6050_Write)
    [Anonymous Symbol]                       0x08002518   Section        0  mpu6050.o(.text.MPU6050_getPara)
    [Anonymous Symbol]                       0x080025d8   Section        0  common.o(.text.NVIC_EnableIRQ)
    [Anonymous Symbol]                       0x080025fc   Section        0  common.o(.text.NVIC_SetPriority)
    [Anonymous Symbol]                       0x08002644   Section        0  pid.o(.text.PID_Reset)
    SetSysClock                              0x08002691   Thumb Code     8  system_stm32f10x.o(.text.SetSysClock)
    [Anonymous Symbol]                       0x08002690   Section        0  system_stm32f10x.o(.text.SetSysClock)
    SetSysClockTo72                          0x08002699   Thumb Code   290  system_stm32f10x.o(.text.SetSysClockTo72)
    [Anonymous Symbol]                       0x08002698   Section        0  system_stm32f10x.o(.text.SetSysClockTo72)
    [Anonymous Symbol]                       0x080027bc   Section        0  clock.o(.text.SysTick_Handler)
    [Anonymous Symbol]                       0x080027d4   Section        0  system_stm32f10x.o(.text.SystemInit)
    [Anonymous Symbol]                       0x0800283c   Section        0  main.o(.text.System_Init)
    [Anonymous Symbol]                       0x08002928   Section        0  gpio.o(.text.TIM2_IRQHandler)
    [Anonymous Symbol]                       0x08002a2c   Section        0  gpio.o(.text.TIM3_IRQHandler)
    [Anonymous Symbol]                       0x08002b04   Section        0  main.o(.text.TX_Unavailable)
    [Anonymous Symbol]                       0x08002b64   Section        0  common.o(.text.delay)
    [Anonymous Symbol]                       0x08002b88   Section        0  main.o(.text.main)
    [Anonymous Symbol]                       0x08003b64   Section        0  clock.o(.text.micros)
    i.__ARM_fpclassify                       0x08003b94   Section        0  fpclassify.o(i.__ARM_fpclassify)
    i.__ieee754_rem_pio2                     0x08003bbc   Section        0  rred.o(i.__ieee754_rem_pio2)
    i.__kernel_cos                           0x08003f44   Section        0  cos_i.o(i.__kernel_cos)
    i.__kernel_poly                          0x08004040   Section        0  poly.o(i.__kernel_poly)
    i.__kernel_sin                           0x080040ec   Section        0  sin_i.o(i.__kernel_sin)
    i.__mathlib_dbl_infnan                   0x080041d8   Section        0  dunder.o(i.__mathlib_dbl_infnan)
    i.__mathlib_dbl_invalid                  0x080041de   Section        0  dunder.o(i.__mathlib_dbl_invalid)
    i.__mathlib_dbl_underflow                0x080041ec   Section        0  dunder.o(i.__mathlib_dbl_underflow)
    i.asin                                   0x080041fc   Section        0  asin.o(i.asin)
    i.sin                                    0x0800446c   Section        0  sin.o(i.sin)
    i.sqrt                                   0x0800450c   Section        0  sqrt.o(i.sqrt)
    x$fpl$dadd                               0x08004558   Section      336  daddsub_clz.o(x$fpl$dadd)
    _dadd1                                   0x08004569   Thumb Code     0  daddsub_clz.o(x$fpl$dadd)
    x$fpl$dcheck1                            0x080046a8   Section       16  dcheck1.o(x$fpl$dcheck1)
    x$fpl$dcmpinf                            0x080046b8   Section       24  dcmpi.o(x$fpl$dcmpinf)
    x$fpl$ddiv                               0x080046d0   Section      692  ddiv.o(x$fpl$ddiv)
    ddiv_entry                               0x080046d7   Thumb Code     0  ddiv.o(x$fpl$ddiv)
    x$fpl$deqf                               0x08004984   Section      120  deqf.o(x$fpl$deqf)
    x$fpl$dfix                               0x080049fc   Section       94  dfix.o(x$fpl$dfix)
    x$fpl$dflt                               0x08004a5a   Section       46  dflt_clz.o(x$fpl$dflt)
    x$fpl$dfltu                              0x08004a88   Section       38  dflt_clz.o(x$fpl$dfltu)
    x$fpl$dgeqf                              0x08004ab0   Section      120  dgeqf.o(x$fpl$dgeqf)
    x$fpl$dleqf                              0x08004b28   Section      120  dleqf.o(x$fpl$dleqf)
    x$fpl$dmul                               0x08004ba0   Section      340  dmul.o(x$fpl$dmul)
    x$fpl$dnaninf                            0x08004cf4   Section      156  dnaninf.o(x$fpl$dnaninf)
    x$fpl$dretinf                            0x08004d90   Section       12  dretinf.o(x$fpl$dretinf)
    x$fpl$drsb                               0x08004d9c   Section       22  daddsub_clz.o(x$fpl$drsb)
    x$fpl$dsqrt                              0x08004db4   Section      460  dsqrt_noumaal.o(x$fpl$dsqrt)
    x$fpl$dsub                               0x08004f80   Section      476  daddsub_clz.o(x$fpl$dsub)
    _dsub1                                   0x08004f91   Thumb Code     0  daddsub_clz.o(x$fpl$dsub)
    x$fpl$fcmp                               0x0800515c   Section       84  dcmp.o(x$fpl$fcmp)
    x$fpl$retnan                             0x080051b0   Section      100  retnan.o(x$fpl$retnan)
    x$fpl$scalbn                             0x08005214   Section       92  scalbn.o(x$fpl$scalbn)
    x$fpl$trapveneer                         0x08005270   Section       48  trapv.o(x$fpl$trapveneer)
    pS                                       0x080052a0   Data          48  asin.o(.constdata)
    .constdata                               0x080052a0   Section       80  asin.o(.constdata)
    x$fpl$usenofp                            0x080052a0   Section        0  usenofp.o(x$fpl$usenofp)
    qS                                       0x080052d0   Data          32  asin.o(.constdata)
    C                                        0x080052f0   Data          48  cos_i.o(.constdata)
    .constdata                               0x080052f0   Section       48  cos_i.o(.constdata)
    pio2s                                    0x08005320   Data          48  rred.o(.constdata)
    .constdata                               0x08005320   Section      204  rred.o(.constdata)
    twooverpi                                0x08005350   Data         156  rred.o(.constdata)
    S                                        0x080053f0   Data          40  sin_i.o(.constdata)
    .constdata                               0x080053f0   Section       40  sin_i.o(.constdata)
    firstStart                               0x20000000   Data           1  mpu6050.o(.data.firstStart)
    [Anonymous Symbol]                       0x20000000   Section        0  mpu6050.o(.data.firstStart)
    .bss                                     0x20000058   Section       96  libspace.o(.bss)
    Buffer_data                              0x200000d8   Data          14  mpu6050.o(.bss.Buffer_data)
    [Anonymous Symbol]                       0x200000d8   Section        0  mpu6050.o(.bss.Buffer_data)
    Error                                    0x200000e6   Data           1  main.o(.bss.Error)
    [Anonymous Symbol]                       0x200000e6   Section        0  main.o(.bss.Error)
    ErrorTimeout                             0x200000e7   Data           1  main.o(.bss.ErrorTimeout)
    [Anonymous Symbol]                       0x200000e7   Section        0  main.o(.bss.ErrorTimeout)
    FlyingState                              0x200000ec   Data           1  main.o(.bss.FlyingState)
    [Anonymous Symbol]                       0x200000ec   Section        0  main.o(.bss.FlyingState)
    Gyro_X_Offset                            0x200000fc   Data           4  mpu6050.o(.bss.Gyro_X_Offset)
    [Anonymous Symbol]                       0x200000fc   Section        0  mpu6050.o(.bss.Gyro_X_Offset)
    Gyro_Y_Offset                            0x20000104   Data           4  mpu6050.o(.bss.Gyro_Y_Offset)
    [Anonymous Symbol]                       0x20000104   Section        0  mpu6050.o(.bss.Gyro_Y_Offset)
    Gyro_Z_Offset                            0x2000010c   Data           4  mpu6050.o(.bss.Gyro_Z_Offset)
    [Anonymous Symbol]                       0x2000010c   Section        0  mpu6050.o(.bss.Gyro_Z_Offset)
    MPU6050_RawData                          0x20000130   Data          48  mpu6050.o(.bss.MPU6050_RawData)
    [Anonymous Symbol]                       0x20000130   Section        0  mpu6050.o(.bss.MPU6050_RawData)
    Pointer                                  0x20000160   Data           4  uart.o(.bss.Pointer)
    [Anonymous Symbol]                       0x20000160   Section        0  uart.o(.bss.Pointer)
    PreviousFlyingState                      0x20000180   Data           1  main.o(.bss.PreviousFlyingState)
    [Anonymous Symbol]                       0x20000180   Section        0  main.o(.bss.PreviousFlyingState)
    RedLedCnt                                0x20000186   Data           1  main.o(.bss.RedLedCnt)
    [Anonymous Symbol]                       0x20000186   Section        0  main.o(.bss.RedLedCnt)
    RisingTimeTIM2                           0x20000188   Data           4  gpio.o(.bss.RisingTimeTIM2)
    [Anonymous Symbol]                       0x20000188   Section        0  gpio.o(.bss.RisingTimeTIM2)
    RisingTimeTIM3                           0x2000018c   Data           4  gpio.o(.bss.RisingTimeTIM3)
    [Anonymous Symbol]                       0x2000018c   Section        0  gpio.o(.bss.RisingTimeTIM3)
    TotalVector                              0x20000190   Data           4  mpu6050.o(.bss.TotalVector)
    [Anonymous Symbol]                       0x20000190   Section        0  mpu6050.o(.bss.TotalVector)
    USART1_Buffer                            0x20000194   Data         128  uart.o(.bss.USART1_Buffer)
    [Anonymous Symbol]                       0x20000194   Section        0  uart.o(.bss.USART1_Buffer)
    bMessageAvail                            0x20000228   Data           1  uart.o(.bss.bMessageAvail)
    [Anonymous Symbol]                       0x20000228   Section        0  uart.o(.bss.bMessageAvail)
    dummy                                    0x2000022c   Data           4  i2c.o(.bss.dummy)
    [Anonymous Symbol]                       0x2000022c   Section        0  i2c.o(.bss.dummy)
    loopCounter                              0x20000248   Data           1  main.o(.bss.loopCounter)
    [Anonymous Symbol]                       0x20000248   Section        0  main.o(.bss.loopCounter)
    loop_timer                               0x2000024c   Data           4  main.o(.bss.loop_timer)
    [Anonymous Symbol]                       0x2000024c   Section        0  main.o(.bss.loop_timer)
    ui32gDummy                               0x200002d4   Data           4  uart.o(.bss.ui32gDummy)
    [Anonymous Symbol]                       0x200002d4   Section        0  uart.o(.bss.ui32gDummy)
    ui32micros                               0x200002d8   Data           4  clock.o(.bss.ui32micros)
    [Anonymous Symbol]                       0x200002d8   Section        0  clock.o(.bss.ui32micros)
    Heap_Mem                                 0x200002e0   Data         512  startup_stm32f10x_md.o(HEAP)
    HEAP                                     0x200002e0   Section      512  startup_stm32f10x_md.o(HEAP)
    Stack_Mem                                0x200004e0   Data        1024  startup_stm32f10x_md.o(STACK)
    STACK                                    0x200004e0   Section     1024  startup_stm32f10x_md.o(STACK)
    __initial_sp                             0x200008e0   Data           0  startup_stm32f10x_md.o(STACK)

    Global Symbols

    Symbol Name                              Value     Ov Type        Size  Object(Section)

    BuildAttributes$$THM_ISAv4$P$D$K$B$S$PE$A:L22UL41UL21$X:L11$S22US41US21$IEEE1$IW$~IW$USESV6$~STKCKD$USESV7$~SHL$OTIME$ROPI$IEEEX$EBA8$UX$STANDARDLIB$REQ8$PRES8$EABIv2 0x00000000   Number         0  anon$$obj.o ABSOLUTE
    __fp_init_empty                          0x00000000   Number         0  fpinit_empty.o ABSOLUTE
    __ARM_exceptions_init                     - Undefined Weak Reference
    __alloca_initialize                       - Undefined Weak Reference
    __arm_preinit_                            - Undefined Weak Reference
    __arm_relocate_pie_                       - Undefined Weak Reference
    __cpp_initialize__aeabi_                  - Undefined Weak Reference
    __cxa_finalize                            - Undefined Weak Reference
    __rt_locale                               - Undefined Weak Reference
    __sigvec_lookup                           - Undefined Weak Reference
    _atexit_init                              - Undefined Weak Reference
    _call_atexit_fns                          - Undefined Weak Reference
    _clock_init                               - Undefined Weak Reference
    _fp_trap_init                             - Undefined Weak Reference
    _fp_trap_shutdown                         - Undefined Weak Reference
    _get_lc_collate                           - Undefined Weak Reference
    _get_lc_ctype                             - Undefined Weak Reference
    _get_lc_monetary                          - Undefined Weak Reference
    _get_lc_numeric                           - Undefined Weak Reference
    _get_lc_time                              - Undefined Weak Reference
    _getenv_init                              - Undefined Weak Reference
    _handle_redirection                       - Undefined Weak Reference
    _init_alloc                               - Undefined Weak Reference
    _init_user_alloc                          - Undefined Weak Reference
    _initio                                   - Undefined Weak Reference
    _rand_init                                - Undefined Weak Reference
    _signal_finish                            - Undefined Weak Reference
    _signal_init                              - Undefined Weak Reference
    _terminate_alloc                          - Undefined Weak Reference
    _terminate_user_alloc                     - Undefined Weak Reference
    _terminateio                              - Undefined Weak Reference
    __Vectors_Size                           0x000000ec   Number         0  startup_stm32f10x_md.o ABSOLUTE
    __Vectors                                0x08000000   Data           4  startup_stm32f10x_md.o(RESET)
    __Vectors_End                            0x080000ec   Data           0  startup_stm32f10x_md.o(RESET)
    __main                                   0x080000ed   Thumb Code     8  __main.o(!!!main)
    __scatterload                            0x080000f5   Thumb Code     0  __scatter.o(!!!scatter)
    __scatterload_rt2                        0x080000f5   Thumb Code    44  __scatter.o(!!!scatter)
    __scatterload_rt2_thumb_only             0x080000f5   Thumb Code     0  __scatter.o(!!!scatter)
    __scatterload_null                       0x08000103   Thumb Code     0  __scatter.o(!!!scatter)
    __scatterload_copy                       0x08000129   Thumb Code    26  __scatter_copy.o(!!handler_copy)
    __scatterload_zeroinit                   0x08000145   Thumb Code    28  __scatter_zi.o(!!handler_zi)
    __rt_lib_init                            0x08000161   Thumb Code     0  libinit.o(.ARM.Collect$$libinit$$00000000)
    __rt_lib_init_alloca_1                   0x08000163   Thumb Code     0  libinit2.o(.ARM.Collect$$libinit$$00000030)
    __rt_lib_init_argv_1                     0x08000163   Thumb Code     0  libinit2.o(.ARM.Collect$$libinit$$0000002E)
    __rt_lib_init_atexit_1                   0x08000163   Thumb Code     0  libinit2.o(.ARM.Collect$$libinit$$0000001D)
    __rt_lib_init_clock_1                    0x08000163   Thumb Code     0  libinit2.o(.ARM.Collect$$libinit$$00000023)
    __rt_lib_init_cpp_1                      0x08000163   Thumb Code     0  libinit2.o(.ARM.Collect$$libinit$$00000034)
    __rt_lib_init_exceptions_1               0x08000163   Thumb Code     0  libinit2.o(.ARM.Collect$$libinit$$00000032)
    __rt_lib_init_fp_1                       0x08000163   Thumb Code     0  libinit2.o(.ARM.Collect$$libinit$$00000002)
    __rt_lib_init_fp_trap_1                  0x08000163   Thumb Code     0  libinit2.o(.ARM.Collect$$libinit$$00000021)
    __rt_lib_init_getenv_1                   0x08000163   Thumb Code     0  libinit2.o(.ARM.Collect$$libinit$$00000025)
    __rt_lib_init_heap_1                     0x08000163   Thumb Code     0  libinit2.o(.ARM.Collect$$libinit$$0000000C)
    __rt_lib_init_lc_collate_1               0x08000163   Thumb Code     0  libinit2.o(.ARM.Collect$$libinit$$00000013)
    __rt_lib_init_lc_ctype_1                 0x08000163   Thumb Code     0  libinit2.o(.ARM.Collect$$libinit$$00000015)
    __rt_lib_init_lc_monetary_1              0x08000163   Thumb Code     0  libinit2.o(.ARM.Collect$$libinit$$00000017)
    __rt_lib_init_lc_numeric_1               0x08000163   Thumb Code     0  libinit2.o(.ARM.Collect$$libinit$$00000019)
    __rt_lib_init_lc_time_1                  0x08000163   Thumb Code     0  libinit2.o(.ARM.Collect$$libinit$$0000001B)
    __rt_lib_init_preinit_1                  0x08000163   Thumb Code     0  libinit2.o(.ARM.Collect$$libinit$$00000006)
    __rt_lib_init_rand_1                     0x08000163   Thumb Code     0  libinit2.o(.ARM.Collect$$libinit$$00000010)
    __rt_lib_init_relocate_pie_1             0x08000163   Thumb Code     0  libinit2.o(.ARM.Collect$$libinit$$00000004)
    __rt_lib_init_return                     0x08000163   Thumb Code     0  libinit2.o(.ARM.Collect$$libinit$$00000035)
    __rt_lib_init_signal_1                   0x08000163   Thumb Code     0  libinit2.o(.ARM.Collect$$libinit$$0000001F)
    __rt_lib_init_stdio_1                    0x08000163   Thumb Code     0  libinit2.o(.ARM.Collect$$libinit$$00000027)
    __rt_lib_init_user_alloc_1               0x08000163   Thumb Code     0  libinit2.o(.ARM.Collect$$libinit$$0000000E)
    __rt_lib_shutdown                        0x08000165   Thumb Code     0  libshutdown.o(.ARM.Collect$$libshutdown$$00000000)
    __rt_lib_shutdown_cpp_1                  0x08000167   Thumb Code     0  libshutdown2.o(.ARM.Collect$$libshutdown$$00000002)
    __rt_lib_shutdown_fp_trap_1              0x08000167   Thumb Code     0  libshutdown2.o(.ARM.Collect$$libshutdown$$00000007)
    __rt_lib_shutdown_heap_1                 0x08000167   Thumb Code     0  libshutdown2.o(.ARM.Collect$$libshutdown$$0000000F)
    __rt_lib_shutdown_return                 0x08000167   Thumb Code     0  libshutdown2.o(.ARM.Collect$$libshutdown$$00000010)
    __rt_lib_shutdown_signal_1               0x08000167   Thumb Code     0  libshutdown2.o(.ARM.Collect$$libshutdown$$0000000A)
    __rt_lib_shutdown_stdio_1                0x08000167   Thumb Code     0  libshutdown2.o(.ARM.Collect$$libshutdown$$00000004)
    __rt_lib_shutdown_user_alloc_1           0x08000167   Thumb Code     0  libshutdown2.o(.ARM.Collect$$libshutdown$$0000000C)
    __rt_entry                               0x08000169   Thumb Code     0  __rtentry.o(.ARM.Collect$$rtentry$$00000000)
    __rt_entry_presh_1                       0x08000169   Thumb Code     0  __rtentry2.o(.ARM.Collect$$rtentry$$00000002)
    __rt_entry_sh                            0x08000169   Thumb Code     0  __rtentry4.o(.ARM.Collect$$rtentry$$00000004)
    __rt_entry_li                            0x0800016f   Thumb Code     0  __rtentry2.o(.ARM.Collect$$rtentry$$0000000A)
    __rt_entry_postsh_1                      0x0800016f   Thumb Code     0  __rtentry2.o(.ARM.Collect$$rtentry$$00000009)
    __rt_entry_main                          0x08000173   Thumb Code     0  __rtentry2.o(.ARM.Collect$$rtentry$$0000000D)
    __rt_entry_postli_1                      0x08000173   Thumb Code     0  __rtentry2.o(.ARM.Collect$$rtentry$$0000000C)
    __rt_exit                                0x0800017b   Thumb Code     0  rtexit.o(.ARM.Collect$$rtexit$$00000000)
    __rt_exit_ls                             0x0800017d   Thumb Code     0  rtexit2.o(.ARM.Collect$$rtexit$$00000003)
    __rt_exit_prels_1                        0x0800017d   Thumb Code     0  rtexit2.o(.ARM.Collect$$rtexit$$00000002)
    __rt_exit_exit                           0x08000181   Thumb Code     0  rtexit2.o(.ARM.Collect$$rtexit$$00000004)
    USART1_IRQHandler                        0x08000189   Thumb Code   146  uart.o(.ram)
    Reset_Handler                            0x0800021d   Thumb Code     8  startup_stm32f10x_md.o(.text)
    NMI_Handler                              0x08000225   Thumb Code     2  startup_stm32f10x_md.o(.text)
    HardFault_Handler                        0x08000227   Thumb Code     2  startup_stm32f10x_md.o(.text)
    MemManage_Handler                        0x08000229   Thumb Code     2  startup_stm32f10x_md.o(.text)
    BusFault_Handler                         0x0800022b   Thumb Code     2  startup_stm32f10x_md.o(.text)
    UsageFault_Handler                       0x0800022d   Thumb Code     2  startup_stm32f10x_md.o(.text)
    SVC_Handler                              0x0800022f   Thumb Code     2  startup_stm32f10x_md.o(.text)
    DebugMon_Handler                         0x08000231   Thumb Code     2  startup_stm32f10x_md.o(.text)
    PendSV_Handler                           0x08000233   Thumb Code     2  startup_stm32f10x_md.o(.text)
    ADC1_2_IRQHandler                        0x08000237   Thumb Code     0  startup_stm32f10x_md.o(.text)
    CAN1_RX1_IRQHandler                      0x08000237   Thumb Code     0  startup_stm32f10x_md.o(.text)
    CAN1_SCE_IRQHandler                      0x08000237   Thumb Code     0  startup_stm32f10x_md.o(.text)
    DMA1_Channel1_IRQHandler                 0x08000237   Thumb Code     0  startup_stm32f10x_md.o(.text)
    DMA1_Channel2_IRQHandler                 0x08000237   Thumb Code     0  startup_stm32f10x_md.o(.text)
    DMA1_Channel3_IRQHandler                 0x08000237   Thumb Code     0  startup_stm32f10x_md.o(.text)
    DMA1_Channel4_IRQHandler                 0x08000237   Thumb Code     0  startup_stm32f10x_md.o(.text)
    DMA1_Channel5_IRQHandler                 0x08000237   Thumb Code     0  startup_stm32f10x_md.o(.text)
    DMA1_Channel6_IRQHandler                 0x08000237   Thumb Code     0  startup_stm32f10x_md.o(.text)
    DMA1_Channel7_IRQHandler                 0x08000237   Thumb Code     0  startup_stm32f10x_md.o(.text)
    EXTI0_IRQHandler                         0x08000237   Thumb Code     0  startup_stm32f10x_md.o(.text)
    EXTI15_10_IRQHandler                     0x08000237   Thumb Code     0  startup_stm32f10x_md.o(.text)
    EXTI1_IRQHandler                         0x08000237   Thumb Code     0  startup_stm32f10x_md.o(.text)
    EXTI2_IRQHandler                         0x08000237   Thumb Code     0  startup_stm32f10x_md.o(.text)
    EXTI3_IRQHandler                         0x08000237   Thumb Code     0  startup_stm32f10x_md.o(.text)
    EXTI4_IRQHandler                         0x08000237   Thumb Code     0  startup_stm32f10x_md.o(.text)
    EXTI9_5_IRQHandler                       0x08000237   Thumb Code     0  startup_stm32f10x_md.o(.text)
    FLASH_IRQHandler                         0x08000237   Thumb Code     0  startup_stm32f10x_md.o(.text)
    I2C1_ER_IRQHandler                       0x08000237   Thumb Code     0  startup_stm32f10x_md.o(.text)
    I2C1_EV_IRQHandler                       0x08000237   Thumb Code     0  startup_stm32f10x_md.o(.text)
    I2C2_ER_IRQHandler                       0x08000237   Thumb Code     0  startup_stm32f10x_md.o(.text)
    I2C2_EV_IRQHandler                       0x08000237   Thumb Code     0  startup_stm32f10x_md.o(.text)
    PVD_IRQHandler                           0x08000237   Thumb Code     0  startup_stm32f10x_md.o(.text)
    RCC_IRQHandler                           0x08000237   Thumb Code     0  startup_stm32f10x_md.o(.text)
    RTCAlarm_IRQHandler                      0x08000237   Thumb Code     0  startup_stm32f10x_md.o(.text)
    RTC_IRQHandler                           0x08000237   Thumb Code     0  startup_stm32f10x_md.o(.text)
    SPI1_IRQHandler                          0x08000237   Thumb Code     0  startup_stm32f10x_md.o(.text)
    SPI2_IRQHandler                          0x08000237   Thumb Code     0  startup_stm32f10x_md.o(.text)
    TAMPER_IRQHandler                        0x08000237   Thumb Code     0  startup_stm32f10x_md.o(.text)
    TIM1_BRK_IRQHandler                      0x08000237   Thumb Code     0  startup_stm32f10x_md.o(.text)
    TIM1_CC_IRQHandler                       0x08000237   Thumb Code     0  startup_stm32f10x_md.o(.text)
    TIM1_TRG_COM_IRQHandler                  0x08000237   Thumb Code     0  startup_stm32f10x_md.o(.text)
    TIM1_UP_IRQHandler                       0x08000237   Thumb Code     0  startup_stm32f10x_md.o(.text)
    TIM4_IRQHandler                          0x08000237   Thumb Code     0  startup_stm32f10x_md.o(.text)
    USART2_IRQHandler                        0x08000237   Thumb Code     0  startup_stm32f10x_md.o(.text)
    USART3_IRQHandler                        0x08000237   Thumb Code     0  startup_stm32f10x_md.o(.text)
    USBWakeUp_IRQHandler                     0x08000237   Thumb Code     0  startup_stm32f10x_md.o(.text)
    USB_HP_CAN1_TX_IRQHandler                0x08000237   Thumb Code     0  startup_stm32f10x_md.o(.text)
    USB_LP_CAN1_RX0_IRQHandler               0x08000237   Thumb Code     0  startup_stm32f10x_md.o(.text)
    WWDG_IRQHandler                          0x08000237   Thumb Code     0  startup_stm32f10x_md.o(.text)
    __user_initial_stackheap                 0x08000239   Thumb Code     0  startup_stm32f10x_md.o(.text)
    __use_two_region_memory                  0x0800025d   Thumb Code     2  heapauxi.o(.text)
    __rt_heap_escrow$2region                 0x0800025f   Thumb Code     2  heapauxi.o(.text)
    __rt_heap_expand$2region                 0x08000261   Thumb Code     2  heapauxi.o(.text)
    __read_errno                             0x08000263   Thumb Code    10  _rserrno.o(.text)
    __set_errno                              0x0800026d   Thumb Code    12  _rserrno.o(.text)
    __aeabi_errno_addr                       0x08000279   Thumb Code     8  rt_errno_addr_intlibspace.o(.text)
    __errno$intlibspace                      0x08000279   Thumb Code     0  rt_errno_addr_intlibspace.o(.text)
    __rt_errno_addr$intlibspace              0x08000279   Thumb Code     0  rt_errno_addr_intlibspace.o(.text)
    __user_libspace                          0x08000281   Thumb Code     8  libspace.o(.text)
    __user_perproc_libspace                  0x08000281   Thumb Code     0  libspace.o(.text)
    __user_perthread_libspace                0x08000281   Thumb Code     0  libspace.o(.text)
    __user_setup_stackheap                   0x08000289   Thumb Code    74  sys_stackheap_outer.o(.text)
    exit                                     0x080002d3   Thumb Code    18  exit.o(.text)
    _sys_exit                                0x080002e5   Thumb Code     8  sys_exit.o(.text)
    __I$use$semihosting                      0x080002f1   Thumb Code     0  use_no_semi.o(.text)
    __use_no_semihosting_swi                 0x080002f1   Thumb Code     2  use_no_semi.o(.text)
    __semihosting_library_function           0x080002f3   Thumb Code     0  indicate_semi.o(.text)
    CLOCK_SystickInit                        0x080002f5   Thumb Code    84  clock.o(.text.CLOCK_SystickInit)
    CheckTimeOut                             0x08000349   Thumb Code    42  main.o(.text.CheckTimeOut)
    ESC_Clibration                           0x08000375   Thumb Code    70  main.o(.text.ESC_Clibration)
    FlyingMode_IDLE                          0x080003bd   Thumb Code    36  main.o(.text.FlyingMode_IDLE)
    GPIO_B6_PWM                              0x080003e1   Thumb Code    24  gpio.o(.text.GPIO_B6_PWM)
    GPIO_B7_PWM                              0x080003f9   Thumb Code    24  gpio.o(.text.GPIO_B7_PWM)
    GPIO_B8_PWM                              0x08000411   Thumb Code    24  gpio.o(.text.GPIO_B8_PWM)
    GPIO_B9_PWM                              0x08000429   Thumb Code    24  gpio.o(.text.GPIO_B9_PWM)
    GPIO_PINHigh                             0x08000441   Thumb Code   146  gpio.o(.text.GPIO_PINHigh)
    GPIO_PINLow                              0x080004d5   Thumb Code   158  gpio.o(.text.GPIO_PINLow)
    GPIO_PINToggle                           0x08000575   Thumb Code   216  gpio.o(.text.GPIO_PINToggle)
    GPIO_ReadAnalog                          0x0800064d   Thumb Code    38  gpio.o(.text.GPIO_ReadAnalog)
    GPIO_SetAnalog                           0x08000675   Thumb Code   824  gpio.o(.text.GPIO_SetAnalog)
    GPIO_SetInPut                            0x080009ad   Thumb Code  1542  gpio.o(.text.GPIO_SetInPut)
    GPIO_SetOutPut                           0x08000fb5   Thumb Code  1728  gpio.o(.text.GPIO_SetOutPut)
    GPIO_SetPWM                              0x08001675   Thumb Code   424  gpio.o(.text.GPIO_SetPWM)
    GPIO_SetPWMMeasurement                   0x0800181d   Thumb Code   398  gpio.o(.text.GPIO_SetPWMMeasurement)
    GetFlyingState                           0x080019ad   Thumb Code    76  main.o(.text.GetFlyingState)
    I2C2_CallAdress                          0x080019f9   Thumb Code   138  i2c.o(.text.I2C2_CallAdress)
    I2C2_CheckDevice                         0x08001a85   Thumb Code   132  i2c.o(.text.I2C2_CheckDevice)
    I2C2_Init                                0x08001b09   Thumb Code   298  i2c.o(.text.I2C2_Init)
    I2C2_Read                                0x08001c35   Thumb Code   192  i2c.o(.text.I2C2_Read)
    I2C2_Read1Byte                           0x08001cf5   Thumb Code    36  i2c.o(.text.I2C2_Read1Byte)
    I2C2_ReadDevice                          0x08001d19   Thumb Code    74  i2c.o(.text.I2C2_ReadDevice)
    I2C2_Start                               0x08001d65   Thumb Code   104  i2c.o(.text.I2C2_Start)
    I2C2_Stop                                0x08001dcd   Thumb Code    26  i2c.o(.text.I2C2_Stop)
    I2C2_Write                               0x08001de9   Thumb Code    68  i2c.o(.text.I2C2_Write)
    I2C2_WriteToDevice                       0x08001e2d   Thumb Code    56  i2c.o(.text.I2C2_WriteToDevice)
    LCD_Check                                0x08001e65   Thumb Code    22  lcd.o(.text.LCD_Check)
    LCD_Command                              0x08001e7d   Thumb Code    62  lcd.o(.text.LCD_Command)
    LCD_Test                                 0x08001f79   Thumb Code    24  lcd.o(.text.LCD_Test)
    LedWarning_NotInIdleMode                 0x08001f91   Thumb Code   108  main.o(.text.LedWarning_NotInIdleMode)
    MPU6050_AngleReset                       0x08001ffd   Thumb Code    50  mpu6050.o(.text.MPU6050_AngleReset)
    MPU6050_CalculateAngle                   0x08002031   Thumb Code   828  mpu6050.o(.text.MPU6050_CalculateAngle)
    MPU6050_Calibration                      0x0800236d   Thumb Code   290  mpu6050.o(.text.MPU6050_Calibration)
    MPU6050_Init                             0x08002491   Thumb Code    60  mpu6050.o(.text.MPU6050_Init)
    MPU6050_Read                             0x080024cd   Thumb Code    40  mpu6050.o(.text.MPU6050_Read)
    MPU6050_Write                            0x080024f5   Thumb Code    36  mpu6050.o(.text.MPU6050_Write)
    MPU6050_getPara                          0x08002519   Thumb Code   190  mpu6050.o(.text.MPU6050_getPara)
    NVIC_EnableIRQ                           0x080025d9   Thumb Code    36  common.o(.text.NVIC_EnableIRQ)
    NVIC_SetPriority                         0x080025fd   Thumb Code    72  common.o(.text.NVIC_SetPriority)
    PID_Reset                                0x08002645   Thumb Code    76  pid.o(.text.PID_Reset)
    SysTick_Handler                          0x080027bd   Thumb Code    24  clock.o(.text.SysTick_Handler)
    SystemInit                               0x080027d5   Thumb Code   102  system_stm32f10x.o(.text.SystemInit)
    System_Init                              0x0800283d   Thumb Code   234  main.o(.text.System_Init)
    TIM2_IRQHandler                          0x08002929   Thumb Code   258  gpio.o(.text.TIM2_IRQHandler)
    TIM3_IRQHandler                          0x08002a2d   Thumb Code   216  gpio.o(.text.TIM3_IRQHandler)
    TX_Unavailable                           0x08002b05   Thumb Code    96  main.o(.text.TX_Unavailable)
    delay                                    0x08002b65   Thumb Code    36  common.o(.text.delay)
    main                                     0x08002b89   Thumb Code  4058  main.o(.text.main)
    micros                                   0x08003b65   Thumb Code    48  clock.o(.text.micros)
    __ARM_fpclassify                         0x08003b95   Thumb Code    40  fpclassify.o(i.__ARM_fpclassify)
    __ieee754_rem_pio2                       0x08003bbd   Thumb Code   828  rred.o(i.__ieee754_rem_pio2)
    __kernel_cos                             0x08003f45   Thumb Code   230  cos_i.o(i.__kernel_cos)
    __kernel_poly                            0x08004041   Thumb Code   170  poly.o(i.__kernel_poly)
    __kernel_sin                             0x080040ed   Thumb Code   224  sin_i.o(i.__kernel_sin)
    __mathlib_dbl_infnan                     0x080041d9   Thumb Code     6  dunder.o(i.__mathlib_dbl_infnan)
    __mathlib_dbl_invalid                    0x080041df   Thumb Code    12  dunder.o(i.__mathlib_dbl_invalid)
    __mathlib_dbl_underflow                  0x080041ed   Thumb Code    10  dunder.o(i.__mathlib_dbl_underflow)
    asin                                     0x080041fd   Thumb Code   572  asin.o(i.asin)
    sin                                      0x0800446d   Thumb Code   150  sin.o(i.sin)
    sqrt                                     0x0800450d   Thumb Code    76  sqrt.o(i.sqrt)
    __aeabi_dadd                             0x08004559   Thumb Code     0  daddsub_clz.o(x$fpl$dadd)
    _dadd                                    0x08004559   Thumb Code   332  daddsub_clz.o(x$fpl$dadd)
    __fpl_dcheck_NaN1                        0x080046a9   Thumb Code    10  dcheck1.o(x$fpl$dcheck1)
    __fpl_dcmp_Inf                           0x080046b9   Thumb Code    24  dcmpi.o(x$fpl$dcmpinf)
    __aeabi_ddiv                             0x080046d1   Thumb Code     0  ddiv.o(x$fpl$ddiv)
    _ddiv                                    0x080046d1   Thumb Code   556  ddiv.o(x$fpl$ddiv)
    __aeabi_cdcmpeq                          0x08004985   Thumb Code     0  deqf.o(x$fpl$deqf)
    _dcmpeq                                  0x08004985   Thumb Code   120  deqf.o(x$fpl$deqf)
    __aeabi_d2iz                             0x080049fd   Thumb Code     0  dfix.o(x$fpl$dfix)
    _dfix                                    0x080049fd   Thumb Code    94  dfix.o(x$fpl$dfix)
    __aeabi_i2d                              0x08004a5b   Thumb Code     0  dflt_clz.o(x$fpl$dflt)
    _dflt                                    0x08004a5b   Thumb Code    46  dflt_clz.o(x$fpl$dflt)
    __aeabi_ui2d                             0x08004a89   Thumb Code     0  dflt_clz.o(x$fpl$dfltu)
    _dfltu                                   0x08004a89   Thumb Code    38  dflt_clz.o(x$fpl$dfltu)
    __aeabi_cdcmpge                          0x08004ab1   Thumb Code     0  dgeqf.o(x$fpl$dgeqf)
    _dcmpge                                  0x08004ab1   Thumb Code   120  dgeqf.o(x$fpl$dgeqf)
    __aeabi_cdcmple                          0x08004b29   Thumb Code     0  dleqf.o(x$fpl$dleqf)
    _dcmple                                  0x08004b29   Thumb Code   120  dleqf.o(x$fpl$dleqf)
    __fpl_dcmple_InfNaN                      0x08004b8b   Thumb Code     0  dleqf.o(x$fpl$dleqf)
    __aeabi_dmul                             0x08004ba1   Thumb Code     0  dmul.o(x$fpl$dmul)
    _dmul                                    0x08004ba1   Thumb Code   332  dmul.o(x$fpl$dmul)
    __fpl_dnaninf                            0x08004cf5   Thumb Code   156  dnaninf.o(x$fpl$dnaninf)
    __fpl_dretinf                            0x08004d91   Thumb Code    12  dretinf.o(x$fpl$dretinf)
    __aeabi_drsub                            0x08004d9d   Thumb Code     0  daddsub_clz.o(x$fpl$drsb)
    _drsb                                    0x08004d9d   Thumb Code    22  daddsub_clz.o(x$fpl$drsb)
    _dsqrt                                   0x08004db5   Thumb Code   456  dsqrt_noumaal.o(x$fpl$dsqrt)
    __aeabi_dsub                             0x08004f81   Thumb Code     0  daddsub_clz.o(x$fpl$dsub)
    _dsub                                    0x08004f81   Thumb Code   472  daddsub_clz.o(x$fpl$dsub)
    __aeabi_dcmpeq                           0x0800515d   Thumb Code     0  dcmp.o(x$fpl$fcmp)
    _deq                                     0x0800515d   Thumb Code    14  dcmp.o(x$fpl$fcmp)
    _dneq                                    0x0800516b   Thumb Code    14  dcmp.o(x$fpl$fcmp)
    __aeabi_dcmpgt                           0x08005179   Thumb Code     0  dcmp.o(x$fpl$fcmp)
    _dgr                                     0x08005179   Thumb Code    14  dcmp.o(x$fpl$fcmp)
    __aeabi_dcmpge                           0x08005187   Thumb Code     0  dcmp.o(x$fpl$fcmp)
    _dgeq                                    0x08005187   Thumb Code    14  dcmp.o(x$fpl$fcmp)
    __aeabi_dcmple                           0x08005195   Thumb Code     0  dcmp.o(x$fpl$fcmp)
    _dleq                                    0x08005195   Thumb Code    14  dcmp.o(x$fpl$fcmp)
    __aeabi_dcmplt                           0x080051a3   Thumb Code     0  dcmp.o(x$fpl$fcmp)
    _dls                                     0x080051a3   Thumb Code    14  dcmp.o(x$fpl$fcmp)
    __fpl_return_NaN                         0x080051b1   Thumb Code   100  retnan.o(x$fpl$retnan)
    __ARM_scalbn                             0x08005215   Thumb Code    92  scalbn.o(x$fpl$scalbn)
    __fpl_cmpreturn                          0x08005271   Thumb Code    48  trapv.o(x$fpl$trapveneer)
    __I$use$fp                               0x080052a0   Number         0  usenofp.o(x$fpl$usenofp)
    Region$$Table$$Base                      0x08005418   Number         0  anon$$obj.o(Region$$Table)
    Region$$Table$$Limit                     0x08005438   Number         0  anon$$obj.o(Region$$Table)
    pid_d_gain_pitch                         0x20000008   Data           8  main.o(.data.pid_d_gain_pitch)
    pid_d_gain_roll                          0x20000010   Data           8  main.o(.data.pid_d_gain_roll)
    pid_i_gain_pitch                         0x20000018   Data           8  main.o(.data.pid_i_gain_pitch)
    pid_i_gain_roll                          0x20000020   Data           8  main.o(.data.pid_i_gain_roll)
    pid_i_gain_yaw                           0x20000028   Data           8  main.o(.data.pid_i_gain_yaw)
    pid_max_pitch                            0x20000030   Data           4  main.o(.data.pid_max_pitch)
    pid_max_roll                             0x20000034   Data           4  main.o(.data.pid_max_roll)
    pid_max_yaw                              0x20000038   Data           4  main.o(.data.pid_max_yaw)
    pid_p_gain_pitch                         0x20000040   Data           8  main.o(.data.pid_p_gain_pitch)
    pid_p_gain_roll                          0x20000048   Data           8  main.o(.data.pid_p_gain_roll)
    pid_p_gain_yaw                           0x20000050   Data           8  main.o(.data.pid_p_gain_yaw)
    __libspace_start                         0x20000058   Data          96  libspace.o(.bss)
    Accel_X_Raw                              0x200000b8   Data           2  mpu6050.o(.bss.Accel_X_Raw)
    __temporary_stack_top$libspace           0x200000b8   Data           0  libspace.o(.bss)
    Accel_Y_Raw                              0x200000ba   Data           2  mpu6050.o(.bss.Accel_Y_Raw)
    Accel_Z_Raw                              0x200000bc   Data           2  mpu6050.o(.bss.Accel_Z_Raw)
    Angle_Pitch                              0x200000c0   Data           8  mpu6050.o(.bss.Angle_Pitch)
    Angle_Roll                               0x200000c8   Data           8  mpu6050.o(.bss.Angle_Roll)
    Battery                                  0x200000d0   Data           8  main.o(.bss.Battery)
    FL                                       0x200000e8   Data           2  main.o(.bss.FL)
    FR                                       0x200000ea   Data           2  main.o(.bss.FR)
    GPIO_PulseWidth                          0x200000ee   Data          12  gpio.o(.bss.GPIO_PulseWidth)
    Gyro_X_Raw                               0x20000100   Data           2  mpu6050.o(.bss.Gyro_X_Raw)
    Gyro_Y_Raw                               0x20000108   Data           2  mpu6050.o(.bss.Gyro_Y_Raw)
    Gyro_Z_Raw                               0x20000110   Data           2  mpu6050.o(.bss.Gyro_Z_Raw)
    I_Pitch                                  0x20000118   Data           8  pid.o(.bss.I_Pitch)
    I_Roll                                   0x20000120   Data           8  pid.o(.bss.I_Roll)
    I_Yaw                                    0x20000128   Data           8  pid.o(.bss.I_Yaw)
    Pre_Pitch_Error                          0x20000168   Data           8  pid.o(.bss.Pre_Pitch_Error)
    Pre_Roll_Error                           0x20000170   Data           8  pid.o(.bss.Pre_Roll_Error)
    Pre_Yaw_Error                            0x20000178   Data           8  pid.o(.bss.Pre_Yaw_Error)
    RL                                       0x20000182   Data           2  main.o(.bss.RL)
    RR                                       0x20000184   Data           2  main.o(.bss.RR)
    angle_pitch_acc                          0x20000218   Data           8  mpu6050.o(.bss.angle_pitch_acc)
    angle_roll_acc                           0x20000220   Data           8  mpu6050.o(.bss.angle_roll_acc)
    gyro_pitch_input                         0x20000230   Data           8  main.o(.bss.gyro_pitch_input)
    gyro_roll_input                          0x20000238   Data           8  main.o(.bss.gyro_roll_input)
    gyro_yaw_input                           0x20000240   Data           8  main.o(.bss.gyro_yaw_input)
    pid_d_gain_yaw                           0x20000250   Data           8  main.o(.bss.pid_d_gain_yaw)
    pid_error_temp                           0x20000258   Data           8  main.o(.bss.pid_error_temp)
    pid_i_mem_pitch                          0x20000260   Data           8  main.o(.bss.pid_i_mem_pitch)
    pid_i_mem_roll                           0x20000268   Data           8  main.o(.bss.pid_i_mem_roll)
    pid_i_mem_yaw                            0x20000270   Data           8  main.o(.bss.pid_i_mem_yaw)
    pid_last_pitch_d_error                   0x20000278   Data           8  main.o(.bss.pid_last_pitch_d_error)
    pid_last_roll_d_error                    0x20000280   Data           8  main.o(.bss.pid_last_roll_d_error)
    pid_last_yaw_d_error                     0x20000288   Data           8  main.o(.bss.pid_last_yaw_d_error)
    pid_output_pitch                         0x20000290   Data           8  main.o(.bss.pid_output_pitch)
    pid_output_roll                          0x20000298   Data           8  main.o(.bss.pid_output_roll)
    pid_output_yaw                           0x200002a0   Data           8  main.o(.bss.pid_output_yaw)
    pid_pitch_setpoint                       0x200002a8   Data           8  main.o(.bss.pid_pitch_setpoint)
    pid_roll_setpoint                        0x200002b0   Data           8  main.o(.bss.pid_roll_setpoint)
    pid_yaw_setpoint                         0x200002b8   Data           8  main.o(.bss.pid_yaw_setpoint)
    pitch_level_adjust                       0x200002c0   Data           8  main.o(.bss.pitch_level_adjust)
    roll_level_adjust                        0x200002c8   Data           8  main.o(.bss.roll_level_adjust)
    throttle                                 0x200002d0   Data           2  main.o(.bss.throttle)



==============================================================================

Memory Map of the image

  Image Entry point : 0x080000ed

  Load Region LR_IROM1 (Base: 0x08000000, Size: 0x00005490, Max: 0x00010000, ABSOLUTE)

    Execution Region ER_IROM1 (Exec base: 0x08000000, Load base: 0x08000000, Size: 0x00005438, Max: 0x00010000, ABSOLUTE)

    Exec Addr    Load Addr    Size         Type   Attr      Idx    E Section Name        Object

    0x08000000   0x08000000   0x000000ec   Data   RO          503    RESET               startup_stm32f10x_md.o
    0x080000ec   0x080000ec   0x00000008   Code   RO          531  * !!!main             c_w.l(__main.o)
    0x080000f4   0x080000f4   0x00000034   Code   RO          792    !!!scatter          c_w.l(__scatter.o)
    0x08000128   0x08000128   0x0000001a   Code   RO          794    !!handler_copy      c_w.l(__scatter_copy.o)
    0x08000142   0x08000142   0x00000002   PAD
    0x08000144   0x08000144   0x0000001c   Code   RO          796    !!handler_zi        c_w.l(__scatter_zi.o)
    0x08000160   0x08000160   0x00000002   Code   RO          653    .ARM.Collect$$libinit$$00000000  c_w.l(libinit.o)
    0x08000162   0x08000162   0x00000000   Code   RO          659    .ARM.Collect$$libinit$$00000002  c_w.l(libinit2.o)
    0x08000162   0x08000162   0x00000000   Code   RO          661    .ARM.Collect$$libinit$$00000004  c_w.l(libinit2.o)
    0x08000162   0x08000162   0x00000000   Code   RO          663    .ARM.Collect$$libinit$$00000006  c_w.l(libinit2.o)
    0x08000162   0x08000162   0x00000000   Code   RO          666    .ARM.Collect$$libinit$$0000000C  c_w.l(libinit2.o)
    0x08000162   0x08000162   0x00000000   Code   RO          668    .ARM.Collect$$libinit$$0000000E  c_w.l(libinit2.o)
    0x08000162   0x08000162   0x00000000   Code   RO          670    .ARM.Collect$$libinit$$00000010  c_w.l(libinit2.o)
    0x08000162   0x08000162   0x00000000   Code   RO          673    .ARM.Collect$$libinit$$00000013  c_w.l(libinit2.o)
    0x08000162   0x08000162   0x00000000   Code   RO          675    .ARM.Collect$$libinit$$00000015  c_w.l(libinit2.o)
    0x08000162   0x08000162   0x00000000   Code   RO          677    .ARM.Collect$$libinit$$00000017  c_w.l(libinit2.o)
    0x08000162   0x08000162   0x00000000   Code   RO          679    .ARM.Collect$$libinit$$00000019  c_w.l(libinit2.o)
    0x08000162   0x08000162   0x00000000   Code   RO          681    .ARM.Collect$$libinit$$0000001B  c_w.l(libinit2.o)
    0x08000162   0x08000162   0x00000000   Code   RO          683    .ARM.Collect$$libinit$$0000001D  c_w.l(libinit2.o)
    0x08000162   0x08000162   0x00000000   Code   RO          685    .ARM.Collect$$libinit$$0000001F  c_w.l(libinit2.o)
    0x08000162   0x08000162   0x00000000   Code   RO          687    .ARM.Collect$$libinit$$00000021  c_w.l(libinit2.o)
    0x08000162   0x08000162   0x00000000   Code   RO          689    .ARM.Collect$$libinit$$00000023  c_w.l(libinit2.o)
    0x08000162   0x08000162   0x00000000   Code   RO          691    .ARM.Collect$$libinit$$00000025  c_w.l(libinit2.o)
    0x08000162   0x08000162   0x00000000   Code   RO          693    .ARM.Collect$$libinit$$00000027  c_w.l(libinit2.o)
    0x08000162   0x08000162   0x00000000   Code   RO          697    .ARM.Collect$$libinit$$0000002E  c_w.l(libinit2.o)
    0x08000162   0x08000162   0x00000000   Code   RO          699    .ARM.Collect$$libinit$$00000030  c_w.l(libinit2.o)
    0x08000162   0x08000162   0x00000000   Code   RO          701    .ARM.Collect$$libinit$$00000032  c_w.l(libinit2.o)
    0x08000162   0x08000162   0x00000000   Code   RO          703    .ARM.Collect$$libinit$$00000034  c_w.l(libinit2.o)
    0x08000162   0x08000162   0x00000002   Code   RO          704    .ARM.Collect$$libinit$$00000035  c_w.l(libinit2.o)
    0x08000164   0x08000164   0x00000002   Code   RO          728    .ARM.Collect$$libshutdown$$00000000  c_w.l(libshutdown.o)
    0x08000166   0x08000166   0x00000000   Code   RO          743    .ARM.Collect$$libshutdown$$00000002  c_w.l(libshutdown2.o)
    0x08000166   0x08000166   0x00000000   Code   RO          745    .ARM.Collect$$libshutdown$$00000004  c_w.l(libshutdown2.o)
    0x08000166   0x08000166   0x00000000   Code   RO          748    .ARM.Collect$$libshutdown$$00000007  c_w.l(libshutdown2.o)
    0x08000166   0x08000166   0x00000000   Code   RO          751    .ARM.Collect$$libshutdown$$0000000A  c_w.l(libshutdown2.o)
    0x08000166   0x08000166   0x00000000   Code   RO          753    .ARM.Collect$$libshutdown$$0000000C  c_w.l(libshutdown2.o)
    0x08000166   0x08000166   0x00000000   Code   RO          756    .ARM.Collect$$libshutdown$$0000000F  c_w.l(libshutdown2.o)
    0x08000166   0x08000166   0x00000002   Code   RO          757    .ARM.Collect$$libshutdown$$00000010  c_w.l(libshutdown2.o)
    0x08000168   0x08000168   0x00000000   Code   RO          570    .ARM.Collect$$rtentry$$00000000  c_w.l(__rtentry.o)
    0x08000168   0x08000168   0x00000000   Code   RO          618    .ARM.Collect$$rtentry$$00000002  c_w.l(__rtentry2.o)
    0x08000168   0x08000168   0x00000006   Code   RO          630    .ARM.Collect$$rtentry$$00000004  c_w.l(__rtentry4.o)
    0x0800016e   0x0800016e   0x00000000   Code   RO          620    .ARM.Collect$$rtentry$$00000009  c_w.l(__rtentry2.o)
    0x0800016e   0x0800016e   0x00000004   Code   RO          621    .ARM.Collect$$rtentry$$0000000A  c_w.l(__rtentry2.o)
    0x08000172   0x08000172   0x00000000   Code   RO          623    .ARM.Collect$$rtentry$$0000000C  c_w.l(__rtentry2.o)
    0x08000172   0x08000172   0x00000008   Code   RO          624    .ARM.Collect$$rtentry$$0000000D  c_w.l(__rtentry2.o)
    0x0800017a   0x0800017a   0x00000002   Code   RO          656    .ARM.Collect$$rtexit$$00000000  c_w.l(rtexit.o)
    0x0800017c   0x0800017c   0x00000000   Code   RO          708    .ARM.Collect$$rtexit$$00000002  c_w.l(rtexit2.o)
    0x0800017c   0x0800017c   0x00000004   Code   RO          709    .ARM.Collect$$rtexit$$00000003  c_w.l(rtexit2.o)
    0x08000180   0x08000180   0x00000006   Code   RO          710    .ARM.Collect$$rtexit$$00000004  c_w.l(rtexit2.o)
    0x08000186   0x08000186   0x00000002   PAD
    0x08000188   0x08000188   0x00000092   Code   RO          153    .ram                uart.o
    0x0800021a   0x0800021a   0x00000002   PAD
    0x0800021c   0x0800021c   0x00000040   Code   RO          504    .text               startup_stm32f10x_md.o
    0x0800025c   0x0800025c   0x00000006   Code   RO          529    .text               c_w.l(heapauxi.o)
    0x08000262   0x08000262   0x00000016   Code   RO          571    .text               c_w.l(_rserrno.o)
    0x08000278   0x08000278   0x00000008   Code   RO          635    .text               c_w.l(rt_errno_addr_intlibspace.o)
    0x08000280   0x08000280   0x00000008   Code   RO          641    .text               c_w.l(libspace.o)
    0x08000288   0x08000288   0x0000004a   Code   RO          644    .text               c_w.l(sys_stackheap_outer.o)
    0x080002d2   0x080002d2   0x00000012   Code   RO          646    .text               c_w.l(exit.o)
    0x080002e4   0x080002e4   0x0000000c   Code   RO          718    .text               c_w.l(sys_exit.o)
    0x080002f0   0x080002f0   0x00000002   Code   RO          733    .text               c_w.l(use_no_semi.o)
    0x080002f2   0x080002f2   0x00000000   Code   RO          735    .text               c_w.l(indicate_semi.o)
    0x080002f2   0x080002f2   0x00000002   PAD
    0x080002f4   0x080002f4   0x00000054   Code   RO          168    .text.CLOCK_SystickInit  clock.o
    0x08000348   0x08000348   0x0000002a   Code   RO           16    .text.CheckTimeOut  main.o
    0x08000372   0x08000372   0x00000002   PAD
    0x08000374   0x08000374   0x00000046   Code   RO            8    .text.ESC_Clibration  main.o
    0x080003ba   0x080003ba   0x00000002   PAD
    0x080003bc   0x080003bc   0x00000024   Code   RO            6    .text.FlyingMode_IDLE  main.o
    0x080003e0   0x080003e0   0x00000018   Code   RO           91    .text.GPIO_B6_PWM   gpio.o
    0x080003f8   0x080003f8   0x00000018   Code   RO           93    .text.GPIO_B7_PWM   gpio.o
    0x08000410   0x08000410   0x00000018   Code   RO           95    .text.GPIO_B8_PWM   gpio.o
    0x08000428   0x08000428   0x00000018   Code   RO           97    .text.GPIO_B9_PWM   gpio.o
    0x08000440   0x08000440   0x00000092   Code   RO           77    .text.GPIO_PINHigh  gpio.o
    0x080004d2   0x080004d2   0x00000002   PAD
    0x080004d4   0x080004d4   0x0000009e   Code   RO           75    .text.GPIO_PINLow   gpio.o
    0x08000572   0x08000572   0x00000002   PAD
    0x08000574   0x08000574   0x000000d8   Code   RO           79    .text.GPIO_PINToggle  gpio.o
    0x0800064c   0x0800064c   0x00000026   Code   RO           87    .text.GPIO_ReadAnalog  gpio.o
    0x08000672   0x08000672   0x00000002   PAD
    0x08000674   0x08000674   0x00000338   Code   RO           85    .text.GPIO_SetAnalog  gpio.o
    0x080009ac   0x080009ac   0x00000606   Code   RO           81    .text.GPIO_SetInPut  gpio.o
    0x08000fb2   0x08000fb2   0x00000002   PAD
    0x08000fb4   0x08000fb4   0x000006c0   Code   RO           73    .text.GPIO_SetOutPut  gpio.o
    0x08001674   0x08001674   0x000001a8   Code   RO           89    .text.GPIO_SetPWM   gpio.o
    0x0800181c   0x0800181c   0x0000018e   Code   RO          101    .text.GPIO_SetPWMMeasurement  gpio.o
    0x080019aa   0x080019aa   0x00000002   PAD
    0x080019ac   0x080019ac   0x0000004c   Code   RO           10    .text.GetFlyingState  main.o
    0x080019f8   0x080019f8   0x0000008a   Code   RO          211    .text.I2C2_CallAdress  i2c.o
    0x08001a82   0x08001a82   0x00000002   PAD
    0x08001a84   0x08001a84   0x00000084   Code   RO          225    .text.I2C2_CheckDevice  i2c.o
    0x08001b08   0x08001b08   0x0000012a   Code   RO          203    .text.I2C2_Init     i2c.o
    0x08001c32   0x08001c32   0x00000002   PAD
    0x08001c34   0x08001c34   0x000000c0   Code   RO          217    .text.I2C2_Read     i2c.o
    0x08001cf4   0x08001cf4   0x00000024   Code   RO          209    .text.I2C2_Read1Byte  i2c.o
    0x08001d18   0x08001d18   0x0000004a   Code   RO          221    .text.I2C2_ReadDevice  i2c.o
    0x08001d62   0x08001d62   0x00000002   PAD
    0x08001d64   0x08001d64   0x00000068   Code   RO          205    .text.I2C2_Start    i2c.o
    0x08001dcc   0x08001dcc   0x0000001a   Code   RO          213    .text.I2C2_Stop     i2c.o
    0x08001de6   0x08001de6   0x00000002   PAD
    0x08001de8   0x08001de8   0x00000044   Code   RO          207    .text.I2C2_Write    i2c.o
    0x08001e2c   0x08001e2c   0x00000038   Code   RO          219    .text.I2C2_WriteToDevice  i2c.o
    0x08001e64   0x08001e64   0x00000016   Code   RO          335    .text.LCD_Check     lcd.o
    0x08001e7a   0x08001e7a   0x00000002   PAD
    0x08001e7c   0x08001e7c   0x0000003e   Code   RO          337    .text.LCD_Command   lcd.o
    0x08001eba   0x08001eba   0x00000002   PAD
    0x08001ebc   0x08001ebc   0x000000bc   Code   RO          345    .text.LCD_Init      lcd.o
    0x08001f78   0x08001f78   0x00000018   Code   RO          343    .text.LCD_Test      lcd.o
    0x08001f90   0x08001f90   0x0000006c   Code   RO           14    .text.LedWarning_NotInIdleMode  main.o
    0x08001ffc   0x08001ffc   0x00000032   Code   RO          306    .text.MPU6050_AngleReset  mpu6050.o
    0x0800202e   0x0800202e   0x00000002   PAD
    0x08002030   0x08002030   0x0000033c   Code   RO          302    .text.MPU6050_CalculateAngle  mpu6050.o
    0x0800236c   0x0800236c   0x00000122   Code   RO          304    .text.MPU6050_Calibration  mpu6050.o
    0x0800248e   0x0800248e   0x00000002   PAD
    0x08002490   0x08002490   0x0000003c   Code   RO          298    .text.MPU6050_Init  mpu6050.o
    0x080024cc   0x080024cc   0x00000028   Code   RO          296    .text.MPU6050_Read  mpu6050.o
    0x080024f4   0x080024f4   0x00000024   Code   RO          294    .text.MPU6050_Write  mpu6050.o
    0x08002518   0x08002518   0x000000be   Code   RO          300    .text.MPU6050_getPara  mpu6050.o
    0x080025d6   0x080025d6   0x00000002   PAD
    0x080025d8   0x080025d8   0x00000024   Code   RO          123    .text.NVIC_EnableIRQ  common.o
    0x080025fc   0x080025fc   0x00000048   Code   RO          125    .text.NVIC_SetPriority  common.o
    0x08002644   0x08002644   0x0000004c   Code   RO          248    .text.PID_Reset     pid.o
    0x08002690   0x08002690   0x00000008   Code   RO          513    .text.SetSysClock   system_stm32f10x.o
    0x08002698   0x08002698   0x00000122   Code   RO          517    .text.SetSysClockTo72  system_stm32f10x.o
    0x080027ba   0x080027ba   0x00000002   PAD
    0x080027bc   0x080027bc   0x00000018   Code   RO          170    .text.SysTick_Handler  clock.o
    0x080027d4   0x080027d4   0x00000066   Code   RO          511    .text.SystemInit    system_stm32f10x.o
    0x0800283a   0x0800283a   0x00000002   PAD
    0x0800283c   0x0800283c   0x000000ea   Code   RO            4    .text.System_Init   main.o
    0x08002926   0x08002926   0x00000002   PAD
    0x08002928   0x08002928   0x00000102   Code   RO          105    .text.TIM2_IRQHandler  gpio.o
    0x08002a2a   0x08002a2a   0x00000002   PAD
    0x08002a2c   0x08002a2c   0x000000d8   Code   RO          107    .text.TIM3_IRQHandler  gpio.o
    0x08002b04   0x08002b04   0x00000060   Code   RO           12    .text.TX_Unavailable  main.o
    0x08002b64   0x08002b64   0x00000024   Code   RO          119    .text.delay         common.o
    0x08002b88   0x08002b88   0x00000fda   Code   RO            2    .text.main          main.o
    0x08003b62   0x08003b62   0x00000002   PAD
    0x08003b64   0x08003b64   0x00000030   Code   RO          172    .text.micros        clock.o
    0x08003b94   0x08003b94   0x00000028   Code   RO          605    i.__ARM_fpclassify  m_ws.l(fpclassify.o)
    0x08003bbc   0x08003bbc   0x00000388   Code   RO          609    i.__ieee754_rem_pio2  m_ws.l(rred.o)
    0x08003f44   0x08003f44   0x000000fc   Code   RO          588    i.__kernel_cos      m_ws.l(cos_i.o)
    0x08004040   0x08004040   0x000000aa   Code   RO          607    i.__kernel_poly     m_ws.l(poly.o)
    0x080040ea   0x080040ea   0x00000002   PAD
    0x080040ec   0x080040ec   0x000000ec   Code   RO          614    i.__kernel_sin      m_ws.l(sin_i.o)
    0x080041d8   0x080041d8   0x00000006   Code   RO          592    i.__mathlib_dbl_infnan  m_ws.l(dunder.o)
    0x080041de   0x080041de   0x0000000c   Code   RO          594    i.__mathlib_dbl_invalid  m_ws.l(dunder.o)
    0x080041ea   0x080041ea   0x00000002   PAD
    0x080041ec   0x080041ec   0x00000010   Code   RO          597    i.__mathlib_dbl_underflow  m_ws.l(dunder.o)
    0x080041fc   0x080041fc   0x00000270   Code   RO          558    i.asin              m_ws.l(asin.o)
    0x0800446c   0x0800446c   0x000000a0   Code   RO          563    i.sin               m_ws.l(sin.o)
    0x0800450c   0x0800450c   0x0000004c   Code   RO          567    i.sqrt              m_ws.l(sqrt.o)
    0x08004558   0x08004558   0x00000150   Code   RO          533    x$fpl$dadd          fz_ws.l(daddsub_clz.o)
    0x080046a8   0x080046a8   0x00000010   Code   RO          637    x$fpl$dcheck1       fz_ws.l(dcheck1.o)
    0x080046b8   0x080046b8   0x00000018   Code   RO          639    x$fpl$dcmpinf       fz_ws.l(dcmpi.o)
    0x080046d0   0x080046d0   0x000002b4   Code   RO          542    x$fpl$ddiv          fz_ws.l(ddiv.o)
    0x08004984   0x08004984   0x00000078   Code   RO          573    x$fpl$deqf          fz_ws.l(deqf.o)
    0x080049fc   0x080049fc   0x0000005e   Code   RO          545    x$fpl$dfix          fz_ws.l(dfix.o)
    0x08004a5a   0x08004a5a   0x0000002e   Code   RO          550    x$fpl$dflt          fz_ws.l(dflt_clz.o)
    0x08004a88   0x08004a88   0x00000026   Code   RO          549    x$fpl$dfltu         fz_ws.l(dflt_clz.o)
    0x08004aae   0x08004aae   0x00000002   PAD
    0x08004ab0   0x08004ab0   0x00000078   Code   RO          575    x$fpl$dgeqf         fz_ws.l(dgeqf.o)
    0x08004b28   0x08004b28   0x00000078   Code   RO          577    x$fpl$dleqf         fz_ws.l(dleqf.o)
    0x08004ba0   0x08004ba0   0x00000154   Code   RO          555    x$fpl$dmul          fz_ws.l(dmul.o)
    0x08004cf4   0x08004cf4   0x0000009c   Code   RO          579    x$fpl$dnaninf       fz_ws.l(dnaninf.o)
    0x08004d90   0x08004d90   0x0000000c   Code   RO          581    x$fpl$dretinf       fz_ws.l(dretinf.o)
    0x08004d9c   0x08004d9c   0x00000016   Code   RO          534    x$fpl$drsb          fz_ws.l(daddsub_clz.o)
    0x08004db2   0x08004db2   0x00000002   PAD
    0x08004db4   0x08004db4   0x000001cc   Code   RO          583    x$fpl$dsqrt         fz_ws.l(dsqrt_noumaal.o)
    0x08004f80   0x08004f80   0x000001dc   Code   RO          535    x$fpl$dsub          fz_ws.l(daddsub_clz.o)
    0x0800515c   0x0800515c   0x00000054   Code   RO          539    x$fpl$fcmp          fz_ws.l(dcmp.o)
    0x080051b0   0x080051b0   0x00000064   Code   RO          654    x$fpl$retnan        fz_ws.l(retnan.o)
    0x08005214   0x08005214   0x0000005c   Code   RO          585    x$fpl$scalbn        fz_ws.l(scalbn.o)
    0x08005270   0x08005270   0x00000030   Code   RO          705    x$fpl$trapveneer    fz_ws.l(trapv.o)
    0x080052a0   0x080052a0   0x00000000   Code   RO          587    x$fpl$usenofp       fz_ws.l(usenofp.o)
    0x080052a0   0x080052a0   0x00000050   Data   RO          559    .constdata          m_ws.l(asin.o)
    0x080052f0   0x080052f0   0x00000030   Data   RO          589    .constdata          m_ws.l(cos_i.o)
    0x08005320   0x08005320   0x000000cc   Data   RO          611    .constdata          m_ws.l(rred.o)
    0x080053ec   0x080053ec   0x00000004   PAD
    0x080053f0   0x080053f0   0x00000028   Data   RO          615    .constdata          m_ws.l(sin_i.o)
    0x08005418   0x08005418   0x00000020   Data   RO          791    Region$$Table       anon$$obj.o


    Execution Region RW_IRAM1 (Exec base: 0x20000000, Load base: 0x08005438, Size: 0x000008e0, Max: 0x00005000, ABSOLUTE)

    Exec Addr    Load Addr    Size         Type   Attr      Idx    E Section Name        Object

    0x20000000   0x08005438   0x00000001   Data   RW          325    .data.firstStart    mpu6050.o
    0x20000001   0x08005439   0x00000007   PAD
    0x20000008   0x08005440   0x00000008   Data   RW           29    .data.pid_d_gain_pitch  main.o
    0x20000010   0x08005448   0x00000008   Data   RW           25    .data.pid_d_gain_roll  main.o
    0x20000018   0x08005450   0x00000008   Data   RW           28    .data.pid_i_gain_pitch  main.o
    0x20000020   0x08005458   0x00000008   Data   RW           24    .data.pid_i_gain_roll  main.o
    0x20000028   0x08005460   0x00000008   Data   RW           32    .data.pid_i_gain_yaw  main.o
    0x20000030   0x08005468   0x00000004   Data   RW           30    .data.pid_max_pitch  main.o
    0x20000034   0x0800546c   0x00000004   Data   RW           26    .data.pid_max_roll  main.o
    0x20000038   0x08005470   0x00000004   Data   RW           34    .data.pid_max_yaw   main.o
    0x2000003c   0x08005474   0x00000004   PAD
    0x20000040   0x08005478   0x00000008   Data   RW           27    .data.pid_p_gain_pitch  main.o
    0x20000048   0x08005480   0x00000008   Data   RW           23    .data.pid_p_gain_roll  main.o
    0x20000050   0x08005488   0x00000008   Data   RW           31    .data.pid_p_gain_yaw  main.o
    0x20000058        -       0x00000060   Zero   RW          642    .bss                c_w.l(libspace.o)
    0x200000b8        -       0x00000002   Zero   RW          308    .bss.Accel_X_Raw    mpu6050.o
    0x200000ba        -       0x00000002   Zero   RW          309    .bss.Accel_Y_Raw    mpu6050.o
    0x200000bc        -       0x00000002   Zero   RW          310    .bss.Accel_Z_Raw    mpu6050.o
    0x200000be   0x08005490   0x00000002   PAD
    0x200000c0        -       0x00000008   Zero   RW          314    .bss.Angle_Pitch    mpu6050.o
    0x200000c8        -       0x00000008   Zero   RW          315    .bss.Angle_Roll     mpu6050.o
    0x200000d0        -       0x00000008   Zero   RW           22    .bss.Battery        main.o
    0x200000d8        -       0x0000000e   Zero   RW          320    .bss.Buffer_data    mpu6050.o
    0x200000e6        -       0x00000001   Zero   RW           63    .bss.Error          main.o
    0x200000e7        -       0x00000001   Zero   RW           64    .bss.ErrorTimeout   main.o
    0x200000e8        -       0x00000002   Zero   RW           61    .bss.FL             main.o
    0x200000ea        -       0x00000002   Zero   RW           58    .bss.FR             main.o
    0x200000ec        -       0x00000001   Zero   RW           42    .bss.FlyingState    main.o
    0x200000ed   0x08005490   0x00000001   PAD
    0x200000ee        -       0x0000000c   Zero   RW          111    .bss.GPIO_PulseWidth  gpio.o
    0x200000fa   0x08005490   0x00000002   PAD
    0x200000fc        -       0x00000004   Zero   RW          321    .bss.Gyro_X_Offset  mpu6050.o
    0x20000100        -       0x00000002   Zero   RW          311    .bss.Gyro_X_Raw     mpu6050.o
    0x20000102   0x08005490   0x00000002   PAD
    0x20000104        -       0x00000004   Zero   RW          322    .bss.Gyro_Y_Offset  mpu6050.o
    0x20000108        -       0x00000002   Zero   RW          312    .bss.Gyro_Y_Raw     mpu6050.o
    0x2000010a   0x08005490   0x00000002   PAD
    0x2000010c        -       0x00000004   Zero   RW          323    .bss.Gyro_Z_Offset  mpu6050.o
    0x20000110        -       0x00000002   Zero   RW          313    .bss.Gyro_Z_Raw     mpu6050.o
    0x20000112   0x08005490   0x00000006   PAD
    0x20000118        -       0x00000008   Zero   RW          270    .bss.I_Pitch        pid.o
    0x20000120        -       0x00000008   Zero   RW          271    .bss.I_Roll         pid.o
    0x20000128        -       0x00000008   Zero   RW          272    .bss.I_Yaw          pid.o
    0x20000130        -       0x00000030   Zero   RW          319    .bss.MPU6050_RawData  mpu6050.o
    0x20000160        -       0x00000004   Zero   RW          156    .bss.Pointer        uart.o
    0x20000164   0x08005490   0x00000004   PAD
    0x20000168        -       0x00000008   Zero   RW          276    .bss.Pre_Pitch_Error  pid.o
    0x20000170        -       0x00000008   Zero   RW          277    .bss.Pre_Roll_Error  pid.o
    0x20000178        -       0x00000008   Zero   RW          278    .bss.Pre_Yaw_Error  pid.o
    0x20000180        -       0x00000001   Zero   RW           43    .bss.PreviousFlyingState  main.o
    0x20000181   0x08005490   0x00000001   PAD
    0x20000182        -       0x00000002   Zero   RW           60    .bss.RL             main.o
    0x20000184        -       0x00000002   Zero   RW           59    .bss.RR             main.o
    0x20000186        -       0x00000001   Zero   RW           62    .bss.RedLedCnt      main.o
    0x20000187   0x08005490   0x00000001   PAD
    0x20000188        -       0x00000004   Zero   RW          109    .bss.RisingTimeTIM2  gpio.o
    0x2000018c        -       0x00000004   Zero   RW          110    .bss.RisingTimeTIM3  gpio.o
    0x20000190        -       0x00000004   Zero   RW          324    .bss.TotalVector    mpu6050.o
    0x20000194        -       0x00000080   Zero   RW          155    .bss.USART1_Buffer  uart.o
    0x20000214   0x08005490   0x00000004   PAD
    0x20000218        -       0x00000008   Zero   RW          317    .bss.angle_pitch_acc  mpu6050.o
    0x20000220        -       0x00000008   Zero   RW          318    .bss.angle_roll_acc  mpu6050.o
    0x20000228        -       0x00000001   Zero   RW          157    .bss.bMessageAvail  uart.o
    0x20000229   0x08005490   0x00000003   PAD
    0x2000022c        -       0x00000004   Zero   RW          227    .bss.dummy          i2c.o
    0x20000230        -       0x00000008   Zero   RW           38    .bss.gyro_pitch_input  main.o
    0x20000238        -       0x00000008   Zero   RW           37    .bss.gyro_roll_input  main.o
    0x20000240        -       0x00000008   Zero   RW           39    .bss.gyro_yaw_input  main.o
    0x20000248        -       0x00000001   Zero   RW           36    .bss.loopCounter    main.o
    0x20000249   0x08005490   0x00000003   PAD
    0x2000024c        -       0x00000004   Zero   RW           35    .bss.loop_timer     main.o
    0x20000250        -       0x00000008   Zero   RW           33    .bss.pid_d_gain_yaw  main.o
    0x20000258        -       0x00000008   Zero   RW           47    .bss.pid_error_temp  main.o
    0x20000260        -       0x00000008   Zero   RW           51    .bss.pid_i_mem_pitch  main.o
    0x20000268        -       0x00000008   Zero   RW           48    .bss.pid_i_mem_roll  main.o
    0x20000270        -       0x00000008   Zero   RW           54    .bss.pid_i_mem_yaw  main.o
    0x20000278        -       0x00000008   Zero   RW           52    .bss.pid_last_pitch_d_error  main.o
    0x20000280        -       0x00000008   Zero   RW           49    .bss.pid_last_roll_d_error  main.o
    0x20000288        -       0x00000008   Zero   RW           55    .bss.pid_last_yaw_d_error  main.o
    0x20000290        -       0x00000008   Zero   RW           53    .bss.pid_output_pitch  main.o
    0x20000298        -       0x00000008   Zero   RW           50    .bss.pid_output_roll  main.o
    0x200002a0        -       0x00000008   Zero   RW           56    .bss.pid_output_yaw  main.o
    0x200002a8        -       0x00000008   Zero   RW           45    .bss.pid_pitch_setpoint  main.o
    0x200002b0        -       0x00000008   Zero   RW           44    .bss.pid_roll_setpoint  main.o
    0x200002b8        -       0x00000008   Zero   RW           46    .bss.pid_yaw_setpoint  main.o
    0x200002c0        -       0x00000008   Zero   RW           40    .bss.pitch_level_adjust  main.o
    0x200002c8        -       0x00000008   Zero   RW           41    .bss.roll_level_adjust  main.o
    0x200002d0        -       0x00000002   Zero   RW           57    .bss.throttle       main.o
    0x200002d2   0x08005490   0x00000002   PAD
    0x200002d4        -       0x00000004   Zero   RW          158    .bss.ui32gDummy     uart.o
    0x200002d8        -       0x00000004   Zero   RW          174    .bss.ui32micros     clock.o
    0x200002dc   0x08005490   0x00000004   PAD
    0x200002e0        -       0x00000200   Zero   RW          502    HEAP                startup_stm32f10x_md.o
    0x200004e0        -       0x00000400   Zero   RW          501    STACK               startup_stm32f10x_md.o


==============================================================================

Image component sizes


      Code (inc. data)   RO Data    RW Data    ZI Data      Debug   Object Name

       156          0          0          0          4       2177   clock.o
       144          0          0          0          0       3192   common.o
      6044          0          0          0         20      10415   gpio.o
      1124          0          0          0          4       5113   i2c.o
       296          0          0          0          0       1216   lcd.o
      4720          0          0         76        180       6846   main.o
      1494          0          0          1        122       3250   mpu6050.o
        76          0          0          0         48       2666   pid.o
        64         26        236          0       1536        836   startup_stm32f10x_md.o
       400          0          0          0          0       2863   system_stm32f10x.o
       146          0          0          0        137       3722   uart.o

    ----------------------------------------------------------------------
     14708         26        268         88       2088      42296   Object Totals
         0          0         32          0          0          0   (incl. Generated)
        44          0          0         11         37          0   (incl. Padding)

    ----------------------------------------------------------------------

      Code (inc. data)   RO Data    RW Data    ZI Data      Debug   Library Member Name

         8          0          0          0          0         68   __main.o
         0          0          0          0          0          0   __rtentry.o
        12          0          0          0          0          0   __rtentry2.o
         6          0          0          0          0          0   __rtentry4.o
        52          8          0          0          0          0   __scatter.o
        26          0          0          0          0          0   __scatter_copy.o
        28          0          0          0          0          0   __scatter_zi.o
        22          0          0          0          0        100   _rserrno.o
        18          0          0          0          0         80   exit.o
         6          0          0          0          0        152   heapauxi.o
         0          0          0          0          0          0   indicate_semi.o
         2          0          0          0          0          0   libinit.o
         2          0          0          0          0          0   libinit2.o
         2          0          0          0          0          0   libshutdown.o
         2          0          0          0          0          0   libshutdown2.o
         8          4          0          0         96         68   libspace.o
         8          4          0          0          0         68   rt_errno_addr_intlibspace.o
         2          0          0          0          0          0   rtexit.o
        10          0          0          0          0          0   rtexit2.o
        12          4          0          0          0         68   sys_exit.o
        74          0          0          0          0         80   sys_stackheap_outer.o
         2          0          0          0          0         68   use_no_semi.o
       834         16          0          0          0        372   daddsub_clz.o
        16          4          0          0          0         68   dcheck1.o
        84          0          0          0          0        196   dcmp.o
        24          0          0          0          0         68   dcmpi.o
       692        140          0          0          0        216   ddiv.o
       120          4          0          0          0         92   deqf.o
        94          4          0          0          0         92   dfix.o
        84          0          0          0          0        136   dflt_clz.o
       120          4          0          0          0         92   dgeqf.o
       120          4          0          0          0         92   dleqf.o
       340         12          0          0          0        104   dmul.o
       156          4          0          0          0         92   dnaninf.o
        12          0          0          0          0         68   dretinf.o
       460         56          0          0          0        120   dsqrt_noumaal.o
       100          0          0          0          0         68   retnan.o
        92          0          0          0          0         68   scalbn.o
        48          0          0          0          0         68   trapv.o
         0          0          0          0          0          0   usenofp.o
       624         52         80          0          0        168   asin.o
       252         22         48          0          0        124   cos_i.o
        34          6          0          0          0        204   dunder.o
        40          0          0          0          0         68   fpclassify.o
       170          0          0          0          0         96   poly.o
       904         76        204          0          0        140   rred.o
       160         10          0          0          0        108   sin.o
       236         12         40          0          0        128   sin_i.o
        76          0          0          0          0         84   sqrt.o

    ----------------------------------------------------------------------
      6208        446        376          0         96       3884   Library Totals
        14          0          4          0          0          0   (incl. Padding)

    ----------------------------------------------------------------------

      Code (inc. data)   RO Data    RW Data    ZI Data      Debug   Library Name

       302         20          0          0         96        752   c_w.l
      3396        248          0          0          0       2012   fz_ws.l
      2496        178        372          0          0       1120   m_ws.l

    ----------------------------------------------------------------------
      6208        446        376          0         96       3884   Library Totals

    ----------------------------------------------------------------------

==============================================================================


      Code (inc. data)   RO Data    RW Data    ZI Data      Debug   

     20916        472        644         88       2184      44176   Grand Totals
     20916        472        644         88       2184      44176   ELF Image Totals
     20916        472        644         88          0          0   ROM Totals

==============================================================================

    Total RO  Size (Code + RO Data)                21560 (  21.05kB)
    Total RW  Size (RW Data + ZI Data)              2272 (   2.22kB)
    Total ROM Size (Code + RO Data + RW Data)      21648 (  21.14kB)

==============================================================================

