Component: Arm Compiler for Embedded 6.19 Tool: armlink [5e73cb00]

==============================================================================

Section Cross References

    main.o(.text.main) refers to main.o(.text.System_Init) for System_Init
    main.o(.text.main) refers to gpio.o(.text.GPIO_SetPWM) for GPIO_SetPWM
    main.o(.text.main) refers to main.o(.text.FlyingMode_IDLE) for FlyingMode_IDLE
    main.o(.text.main) refers to gpio.o(.bss.GPIO_PulseWidth) for GPIO_PulseWidth
    main.o(.text.main) refers to main.o(.text.ESC_Clibration) for ESC_Clibration
    main.o(.text.main) refers to main.o(.text.GetFlyingState) for GetFlyingState
    main.o(.text.main) refers to main.o(.text.TX_Unavailable) for TX_Unavailable
    main.o(.text.main) refers to main.o(.text.LedWarning_NotInIdleMode) for LedWarning_NotInIdleMode
    main.o(.text.main) refers to gpio.o(.text.GPIO_PINHigh) for GPIO_PINHigh
    main.o(.text.main) refers to clock.o(.text.micros) for micros
    main.o(.text.main) refers to main.o(.bss.loop_timer) for loop_timer
    main.o(.text.main) refers to main.o(.bss.FlyingState) for FlyingState
    main.o(.text.main) refers to main.o(.text.FlyingMode_TAKE_OFF) for FlyingMode_TAKE_OFF
    main.o(.text.main) refers to main.o(.text.CheckTimeOut) for CheckTimeOut
    main.o(.ARM.exidx.text.main) refers to main.o(.text.main) for [Anonymous Symbol]
    main.o(.text.System_Init) refers to clock.o(.text.CLOCK_SystickInit) for CLOCK_SystickInit
    main.o(.text.System_Init) refers to gpio.o(.text.GPIO_SetPWMMeasurement) for GPIO_SetPWMMeasurement
    main.o(.text.System_Init) refers to gpio.o(.text.GPIO_SetOutPut) for GPIO_SetOutPut
    main.o(.text.System_Init) refers to gpio.o(.text.GPIO_PINHigh) for GPIO_PINHigh
    main.o(.text.System_Init) refers to gpio.o(.text.GPIO_SetAnalog) for GPIO_SetAnalog
    main.o(.text.System_Init) refers to gpio.o(.text.GPIO_PINToggle) for GPIO_PINToggle
    main.o(.text.System_Init) refers to common.o(.text.delay) for delay
    main.o(.text.System_Init) refers to i2c.o(.text.I2C2_Init) for I2C2_Init
    main.o(.text.System_Init) refers to mpu6050.o(.text.MPU6050_Init) for MPU6050_Init
    main.o(.text.System_Init) refers to mpu6050.o(.text.MPU6050_Calibration) for MPU6050_Calibration
    main.o(.ARM.exidx.text.System_Init) refers to main.o(.text.System_Init) for [Anonymous Symbol]
    main.o(.text.FlyingMode_IDLE) refers to gpio.o(.text.GPIO_PINHigh) for GPIO_PINHigh
    main.o(.text.FlyingMode_IDLE) refers to gpio.o(.text.GPIO_B6_PWM) for GPIO_B6_PWM
    main.o(.text.FlyingMode_IDLE) refers to gpio.o(.text.GPIO_B7_PWM) for GPIO_B7_PWM
    main.o(.text.FlyingMode_IDLE) refers to gpio.o(.text.GPIO_B8_PWM) for GPIO_B8_PWM
    main.o(.text.FlyingMode_IDLE) refers to gpio.o(.text.GPIO_B9_PWM) for GPIO_B9_PWM
    main.o(.text.FlyingMode_IDLE) refers to pid.o(.text.PID_Reset) for PID_Reset
    main.o(.ARM.exidx.text.FlyingMode_IDLE) refers to main.o(.text.FlyingMode_IDLE) for [Anonymous Symbol]
    main.o(.text.ESC_Clibration) refers to gpio.o(.bss.GPIO_PulseWidth) for GPIO_PulseWidth
    main.o(.text.ESC_Clibration) refers to gpio.o(.text.GPIO_B6_PWM) for GPIO_B6_PWM
    main.o(.text.ESC_Clibration) refers to gpio.o(.text.GPIO_B7_PWM) for GPIO_B7_PWM
    main.o(.text.ESC_Clibration) refers to gpio.o(.text.GPIO_B8_PWM) for GPIO_B8_PWM
    main.o(.text.ESC_Clibration) refers to gpio.o(.text.GPIO_B9_PWM) for GPIO_B9_PWM
    main.o(.ARM.exidx.text.ESC_Clibration) refers to main.o(.text.ESC_Clibration) for [Anonymous Symbol]
    main.o(.text.GetFlyingState) refers to gpio.o(.bss.GPIO_PulseWidth) for GPIO_PulseWidth
    main.o(.ARM.exidx.text.GetFlyingState) refers to main.o(.text.GetFlyingState) for [Anonymous Symbol]
    main.o(.text.TX_Unavailable) refers to gpio.o(.bss.GPIO_PulseWidth) for GPIO_PulseWidth
    main.o(.ARM.exidx.text.TX_Unavailable) refers to main.o(.text.TX_Unavailable) for [Anonymous Symbol]
    main.o(.text.LedWarning_NotInIdleMode) refers to gpio.o(.text.GPIO_PINHigh) for GPIO_PINHigh
    main.o(.text.LedWarning_NotInIdleMode) refers to gpio.o(.text.GPIO_PINToggle) for GPIO_PINToggle
    main.o(.text.LedWarning_NotInIdleMode) refers to common.o(.text.delay) for delay
    main.o(.ARM.exidx.text.LedWarning_NotInIdleMode) refers to main.o(.text.LedWarning_NotInIdleMode) for [Anonymous Symbol]
    main.o(.text.FlyingMode_TAKE_OFF) refers to main.o(.bss.loopCounter) for loopCounter
    main.o(.text.FlyingMode_TAKE_OFF) refers to mpu6050.o(.text.MPU6050_CalculateAngle) for MPU6050_CalculateAngle
    main.o(.text.FlyingMode_TAKE_OFF) refers to gpio.o(.bss.GPIO_PulseWidth) for GPIO_PulseWidth
    main.o(.text.FlyingMode_TAKE_OFF) refers to main.o(.bss.Battery) for Battery
    main.o(.text.FlyingMode_TAKE_OFF) refers to mpu6050.o(.bss.Pitch) for Pitch
    main.o(.text.FlyingMode_TAKE_OFF) refers to mpu6050.o(.bss.Roll) for Roll
    main.o(.text.FlyingMode_TAKE_OFF) refers to mpu6050.o(.bss.Yaw) for Yaw
[...]
    ../clib/angel/kernel.s                   0x00000000   Number         0  rtexit2.o ABSOLUTE
    ../clib/angel/rt.s                       0x00000000   Number         0  rt_errno_addr.o ABSOLUTE
    ../clib/angel/rt.s                       0x00000000   Number         0  rt_errno_addr_intlibspace.o ABSOLUTE
    ../clib/angel/rt.s                       0x00000000   Number         0  rt_raise.o ABSOLUTE
    ../clib/angel/scatter.s                  0x00000000   Number         0  __scatter.o ABSOLUTE
    ../clib/angel/startup.s                  0x00000000   Number         0  __main.o ABSOLUTE
    ../clib/angel/sys.s                      0x00000000   Number         0  libspace.o ABSOLUTE
    ../clib/angel/sys.s                      0x00000000   Number         0  sys_stackheap_outer.o ABSOLUTE
    ../clib/angel/sys.s                      0x00000000   Number         0  use_no_semi.o ABSOLUTE
    ../clib/angel/sys.s                      0x00000000   Number         0  indicate_semi.o ABSOLUTE
    ../clib/angel/sysapp.c                   0x00000000   Number         0  sys_exit.o ABSOLUTE
    ../clib/angel/sysapp.c                   0x00000000   Number         0  sys_exit_hlt.o ABSOLUTE
    ../clib/angel/sysapp.c                   0x00000000   Number         0  sys_command.o ABSOLUTE
    ../clib/angel/sysapp.c                   0x00000000   Number         0  sys_command_hlt.o ABSOLUTE
    ../clib/angel/sysapp.c                   0x00000000   Number         0  sys_wrch.o ABSOLUTE
    ../clib/angel/sysapp.c                   0x00000000   Number         0  sys_wrch_hlt.o ABSOLUTE
    ../clib/armsys.c                         0x00000000   Number         0  argv_veneer.o ABSOLUTE
    ../clib/armsys.c                         0x00000000   Number         0  argv_veneer.o ABSOLUTE
    ../clib/armsys.c                         0x00000000   Number         0  _get_argv_nomalloc.o ABSOLUTE
    ../clib/armsys.c                         0x00000000   Number         0  no_argv.o ABSOLUTE
    ../clib/fenv.c                           0x00000000   Number         0  _rserrno.o ABSOLUTE
    ../clib/heapalloc.c                      0x00000000   Number         0  hrguard.o ABSOLUTE
    ../clib/heapaux.c                        0x00000000   Number         0  heapauxi.o ABSOLUTE
    ../clib/libinit.s                        0x00000000   Number         0  libinit.o ABSOLUTE
    ../clib/libinit.s                        0x00000000   Number         0  libinit2.o ABSOLUTE
    ../clib/libinit.s                        0x00000000   Number         0  libshutdown.o ABSOLUTE
    ../clib/libinit.s                        0x00000000   Number         0  libshutdown2.o ABSOLUTE
    ../clib/signal.c                         0x00000000   Number         0  defsig_rtmem_outer.o ABSOLUTE
    ../clib/signal.c                         0x00000000   Number         0  defsig_rtmem_formal.o ABSOLUTE
    ../clib/signal.c                         0x00000000   Number         0  defsig_exit.o ABSOLUTE
    ../clib/signal.c                         0x00000000   Number         0  defsig_rtmem_inner.o ABSOLUTE
    ../clib/signal.c                         0x00000000   Number         0  __raise.o ABSOLUTE
    ../clib/signal.c                         0x00000000   Number         0  defsig_general.o ABSOLUTE
    ../clib/signal.c                         0x00000000   Number         0  defsig_abrt_inner.o ABSOLUTE
    ../clib/signal.c                         0x00000000   Number         0  defsig_fpe_inner.o ABSOLUTE
    ../clib/signal.c                         0x00000000   Number         0  defsig_rtred_inner.o ABSOLUTE
    ../clib/signal.c                         0x00000000   Number         0  defsig_stak_inner.o ABSOLUTE
    ../clib/signal.c                         0x00000000   Number         0  defsig_pvfn_inner.o ABSOLUTE
    ../clib/signal.c                         0x00000000   Number         0  defsig_cppl_inner.o ABSOLUTE
    ../clib/signal.c                         0x00000000   Number         0  defsig_segv_inner.o ABSOLUTE
    ../clib/signal.c                         0x00000000   Number         0  defsig_other.o ABSOLUTE
    ../clib/signal.s                         0x00000000   Number         0  defsig.o ABSOLUTE
    ../clib/stdlib.c                         0x00000000   Number         0  exit.o ABSOLUTE
    ../fplib/daddsub.s                       0x00000000   Number         0  daddsub_clz.o ABSOLUTE
    ../fplib/dcheck1.s                       0x00000000   Number         0  dcheck1.o ABSOLUTE
    ../fplib/dcmp.s                          0x00000000   Number         0  dcmp.o ABSOLUTE
    ../fplib/dcmpi.s                         0x00000000   Number         0  dcmpi.o ABSOLUTE
    ../fplib/ddiv.s                          0x00000000   Number         0  ddiv.o ABSOLUTE
    ../fplib/deqf.s                          0x00000000   Number         0  deqf.o ABSOLUTE
    ../fplib/dfix.s                          0x00000000   Number         0  dfix.o ABSOLUTE
    ../fplib/dflt.s                          0x00000000   Number         0  dflt_clz.o ABSOLUTE
    ../fplib/dgeqf.s                         0x00000000   Number         0  dgeqf.o ABSOLUTE
    ../fplib/dleqf.s                         0x00000000   Number         0  dleqf.o ABSOLUTE
    ../fplib/dmul.s                          0x00000000   Number         0  dmul.o ABSOLUTE
    ../fplib/dnaninf.s                       0x00000000   Number         0  dnaninf.o ABSOLUTE
    ../fplib/dretinf.s                       0x00000000   Number         0  dretinf.o ABSOLUTE
    ../fplib/dsqrt.s                         0x00000000   Number         0  dsqrt_noumaal.o ABSOLUTE
    ../fplib/fpinit.s                        0x00000000   Number         0  fpinit.o ABSOLUTE
    ../fplib/fpinit_empty.s                  0x00000000   Number         0  fpinit_empty.o ABSOLUTE
    ../fplib/retnan.s                        0x00000000   Number         0  retnan.o ABSOLUTE
    ../fplib/scalbn.s                        0x00000000   Number         0  scalbn.o ABSOLUTE
    ../fplib/trapv.s                         0x00000000   Number         0  trapv.o ABSOLUTE
    ../fplib/usenofp.s                       0x00000000   Number         0  usenofp.o ABSOLUTE
    ../mathlib/atan.c                        0x00000000   Number         0  atan.o ABSOLUTE
    ../mathlib/cos_i.c                       0x00000000   Number         0  cos_i.o ABSOLUTE
    ../mathlib/dunder.c                      0x00000000   Number         0  dunder.o ABSOLUTE
    ../mathlib/fpclassify.c                  0x00000000   Number         0  fpclassify.o ABSOLUTE
    ../mathlib/poly.c                        0x00000000   Number         0  poly.o ABSOLUTE
    ../mathlib/rred.c                        0x00000000   Number         0  rred.o ABSOLUTE
    ../mathlib/sin.c                         0x00000000   Number         0  sin.o ABSOLUTE
    ../mathlib/sin_i.c                       0x00000000   Number         0  sin_i.o ABSOLUTE
    ../mathlib/sqrt.c                        0x00000000   Number         0  sqrt.o ABSOLUTE
    CLOCK.c                                  0x00000000   Number         0  clock.o ABSOLUTE
    COMMON.c                                 0x00000000   Number         0  common.o ABSOLUTE
    EX_EEPROM.c                              0x00000000   Number         0  ex_eeprom.o ABSOLUTE
    GPIO.c                                   0x00000000   Number         0  gpio.o ABSOLUTE
    GPIO_STM32F10x.c                         0x00000000   Number         0  gpio_stm32f10x.o ABSOLUTE
    I2C.c                                    0x00000000   Number         0  i2c.o ABSOLUTE
    MPU6050.c                                0x00000000   Number         0  mpu6050.o ABSOLUTE
    PID.c                                    0x00000000   Number         0  pid.o ABSOLUTE
    RTE/Device/STM32F103C8/startup_stm32f10x_md.s 0x00000000   Number         0  startup_stm32f10x_md.o ABSOLUTE
    UART.c                                   0x00000000   Number         0  uart.o ABSOLUTE
    VECTABLE.c                               0x00000000   Number         0  vectable.o ABSOLUTE
    dc.s                                     0x00000000   Number         0  dc.o ABSOLUTE
    main.c                                   0x00000000   Number         0  main.o ABSOLUTE
    misc.c                                   0x00000000   Number         0  misc.o ABSOLUTE
    stm32f10x_gpio.c                         0x00000000   Number         0  stm32f10x_gpio.o ABSOLUTE
    stm32f10x_rcc.c                          0x00000000   Number         0  stm32f10x_rcc.o ABSOLUTE
    system_stm32f10x.c                       0x00000000   Number         0  system_stm32f10x.o ABSOLUTE
    RESET                                    0x08000000   Section      236  startup_stm32f10x_md.o(RESET)
    !!!main                                  0x080000ec   Section        8  __main.o(!!!main)
    !!!scatter                               0x080000f4   Section       52  __scatter.o(!!!scatter)
    !!handler_copy                           0x08000128   Section       26  __scatter_copy.o(!!handler_copy)
    !!handler_zi                             0x08000144   Section       28  __scatter_zi.o(!!handler_zi)
    .ARM.Collect$$libinit$$00000000          0x08000160   Section        2  libinit.o(.ARM.Collect$$libinit$$00000000)
    .ARM.Collect$$libinit$$00000002          0x08000162   Section        0  libinit2.o(.ARM.Collect$$libinit$$00000002)
    .ARM.Collect$$libinit$$00000004          0x08000162   Section        0  libinit2.o(.ARM.Collect$$libinit$$00000004)
    .ARM.Collect$$libinit$$00000006          0x08000162   Section        0  libinit2.o(.ARM.Collect$$libinit$$00000006)
    .ARM.Collect$$libinit$$0000000C          0x08000162   Section        0  libinit2.o(.ARM.Collect$$libinit$$0000000C)
    .ARM.Collect$$libinit$$0000000E          0x08000162   Section        0  libinit2.o(.ARM.Collect$$libinit$$0000000E)
    .ARM.Collect$$libinit$$00000010          0x08000162   Section        0  libinit2.o(.ARM.Collect$$libinit$$00000010)
    .ARM.Collect$$libinit$$00000013          0x08000162   Section        0  libinit2.o(.ARM.Collect$$libinit$$00000013)
    .ARM.Collect$$libinit$$00000015          0x08000162   Section        0  libinit2.o(.ARM.Collect$$libinit$$00000015)
    .ARM.Collect$$libinit$$00000017          0x08000162   Section        0  libinit2.o(.ARM.Collect$$libinit$$00000017)
    .ARM.Collect$$libinit$$00000019          0x08000162   Section        0  libinit2.o(.ARM.Collect$$libinit$$00000019)
    .ARM.Collect$$libinit$$0000001B          0x08000162   Section        0  libinit2.o(.ARM.Collect$$libinit$$0000001B)
    .ARM.Collect$$libinit$$0000001D          0x08000162   Section        0  libinit2.o(.ARM.Collect$$libinit$$0000001D)
    .ARM.Collect$$libinit$$0000001F          0x08000162   Section        0  libinit2.o(.ARM.Collect$$libinit$$0000001F)
    .ARM.Collect$$libinit$$00000021          0x08000162   Section        0  libinit2.o(.ARM.Collect$$libinit$$00000021)
    .ARM.Collect$$libinit$$00000023          0x08000162   Section        0  libinit2.o(.ARM.Collect$$libinit$$00000023)
    .ARM.Collect$$libinit$$00000025          0x08000162   Section        0  libinit2.o(.ARM.Collect$$libinit$$00000025)
    .ARM.Collect$$libinit$$00000027          0x08000162   Section        0  libinit2.o(.ARM.Collect$$libinit$$00000027)
    .ARM.Collect$$libinit$$0000002E          0x08000162   Section        0  libinit2.o(.ARM.Collect$$libinit$$0000002E)
    .ARM.Collect$$libinit$$00000030          0x08000162   Section        0  libinit2.o(.ARM.Collect$$libinit$$00000030)
    .ARM.Collect$$libinit$$00000032          0x08000162   Section        0  libinit2.o(.ARM.Collect$$libinit$$00000032)
    .ARM.Collect$$libinit$$00000034          0x08000162   Section        0  libinit2.o(.ARM.Collect$$libinit$$00000034)
    .ARM.Collect$$libinit$$00000035          0x08000162   Section        2  libinit2.o(.ARM.Collect$$libinit$$00000035)
    .ARM.Collect$$libshutdown$$00000000      0x08000164   Section        2  libshutdown.o(.ARM.Collect$$libshutdown$$00000000)
    .ARM.Collect$$libshutdown$$00000002      0x08000166   Section        0  libshutdown2.o(.ARM.Collect$$libshutdown$$00000002)
    .ARM.Collect$$libshutdown$$00000004      0x08000166   Section        0  libshutdown2.o(.ARM.Collect$$libshutdown$$00000004)
    .ARM.Collect$$libshutdown$$00000007      0x08000166   Section        0  libshutdown2.o(.ARM.Collect$$libshutdown$$00000007)
    .ARM.Collect$$libshutdown$$0000000A      0x08000166   Section        0  libshutdown2.o(.ARM.Collect$$libshutdown$$0000000A)
    .ARM.Collect$$libshutdown$$0000000C      0x08000166   Section        0  libshutdown2.o(.ARM.Collect$$libshutdown$$0000000C)
    .ARM.Collect$$libshutdown$$0000000F      0x08000166   Section        0  libshutdown2.o(.ARM.Collect$$libshutdown$$0000000F)
    .ARM.Collect$$libshutdown$$00000010      0x08000166   Section        2  libshutdown2.o(.ARM.Collect$$libshutdown$$00000010)
    .ARM.Collect$$rtentry$$00000000          0x08000168   Section        0  __rtentry.o(.ARM.Collect$$rtentry$$00000000)
    .ARM.Collect$$rtentry$$00000002          0x08000168   Section        0  __rtentry2.o(.ARM.Collect$$rtentry$$00000002)
    .ARM.Collect$$rtentry$$00000004          0x08000168   Section        6  __rtentry4.o(.ARM.Collect$$rtentry$$00000004)
    .ARM.Collect$$rtentry$$00000009          0x0800016e   Section        0  __rtentry2.o(.ARM.Collect$$rtentry$$00000009)
    .ARM.Collect$$rtentry$$0000000A          0x0800016e   Section        4  __rtentry2.o(.ARM.Collect$$rtentry$$0000000A)
    .ARM.Collect$$rtentry$$0000000C          0x08000172   Section        0  __rtentry2.o(.ARM.Collect$$rtentry$$0000000C)
    .ARM.Collect$$rtentry$$0000000D          0x08000172   Section        8  __rtentry2.o(.ARM.Collect$$rtentry$$0000000D)
    .ARM.Collect$$rtexit$$00000000           0x0800017a   Section        2  rtexit.o(.ARM.Collect$$rtexit$$00000000)
    .ARM.Collect$$rtexit$$00000002           0x0800017c   Section        0  rtexit2.o(.ARM.Collect$$rtexit$$00000002)
    .ARM.Collect$$rtexit$$00000003           0x0800017c   Section        4  rtexit2.o(.ARM.Collect$$rtexit$$00000003)
    .ARM.Collect$$rtexit$$00000004           0x08000180   Section        6  rtexit2.o(.ARM.Collect$$rtexit$$00000004)
    [Anonymous Symbol]                       0x08000188   Section        0  uart.o(.ram)
    .text                                    0x0800021c   Section       64  startup_stm32f10x_md.o(.text)
    .text                                    0x0800025c   Section        0  heapauxi.o(.text)
    .text                                    0x08000262   Section        0  _rserrno.o(.text)
    .text                                    0x08000278   Section        8  rt_errno_addr_intlibspace.o(.text)
    .text                                    0x08000280   Section        8  libspace.o(.text)
    .text                                    0x08000288   Section       74  sys_stackheap_outer.o(.text)
    .text                                    0x080002d2   Section        0  exit.o(.text)
    .text                                    0x080002e4   Section        0  sys_exit.o(.text)
    .text                                    0x080002f0   Section        2  use_no_semi.o(.text)
    .text                                    0x080002f2   Section        0  indicate_semi.o(.text)
    [Anonymous Symbol]                       0x080002f4   Section        0  clock.o(.text.CLOCK_SystickInit)
    [Anonymous Symbol]                       0x08000348   Section        0  main.o(.text.CheckTimeOut)
    [Anonymous Symbol]                       0x0800038c   Section        0  main.o(.text.ESC_Clibration)
    [Anonymous Symbol]                       0x080003d4   Section        0  main.o(.text.FlyingMode_IDLE)
    [Anonymous Symbol]                       0x08000404   Section        0  main.o(.text.FlyingMode_TAKE_OFF)
    [Anonymous Symbol]                       0x08000638   Section        0  gpio.o(.text.GPIO_B6_PWM)
    [Anonymous Symbol]                       0x08000650   Section        0  gpio.o(.text.GPIO_B7_PWM)
    [Anonymous Symbol]                       0x08000668   Section        0  gpio.o(.text.GPIO_B8_PWM)
    [Anonymous Symbol]                       0x08000680   Section        0  gpio.o(.text.GPIO_B9_PWM)
    [Anonymous Symbol]                       0x08000698   Section        0  gpio.o(.text.GPIO_PINHigh)
    [Anonymous Symbol]                       0x0800072c   Section        0  gpio.o(.text.GPIO_PINLow)
    [Anonymous Symbol]                       0x080007cc   Section        0  gpio.o(.text.GPIO_PINToggle)
    [Anonymous Symbol]                       0x080008a4   Section        0  gpio.o(.text.GPIO_ReadAnalog)
    [Anonymous Symbol]                       0x080008cc   Section        0  gpio.o(.text.GPIO_SetAnalog)
    [Anonymous Symbol]                       0x08000c04   Section        0  gpio.o(.text.GPIO_SetInPut)
    [Anonymous Symbol]                       0x0800120c   Section        0  gpio.o(.text.GPIO_SetOutPut)
    [Anonymous Symbol]                       0x080018cc   Section        0  gpio.o(.text.GPIO_SetPWM)
    [Anonymous Symbol]                       0x08001a74   Section        0  gpio.o(.text.GPIO_SetPWMMeasurement)
    [Anonymous Symbol]                       0x08001c04   Section        0  main.o(.text.GetFlyingState)
    [Anonymous Symbol]                       0x08001c50   Section        0  i2c.o(.text.I2C2_CallAdress)
    [Anonymous Symbol]                       0x08001cdc   Section        0  i2c.o(.text.I2C2_Init)
    [Anonymous Symbol]                       0x08001e08   Section        0  i2c.o(.text.I2C2_Read)
    [Anonymous Symbol]                       0x08001ec8   Section        0  i2c.o(.text.I2C2_Read1Byte)
    [Anonymous Symbol]                       0x08001eec   Section        0  i2c.o(.text.I2C2_ReadDevice)
    [Anonymous Symbol]                       0x08001f38   Section        0  i2c.o(.text.I2C2_Start)
    [Anonymous Symbol]                       0x08001fa0   Section        0  i2c.o(.text.I2C2_Stop)
    [Anonymous Symbol]                       0x08001fbc   Section        0  i2c.o(.text.I2C2_Write)
    [Anonymous Symbol]                       0x08002000   Section        0  i2c.o(.text.I2C2_WriteToDevice)
    [Anonymous Symbol]                       0x08002038   Section        0  main.o(.text.LedWarning_NotInIdleMode)
    [Anonymous Symbol]                       0x080020a4   Section        0  mpu6050.o(.text.MPU6050_CalculateAngle)
    [Anonymous Symbol]                       0x080025a0   Section        0  mpu6050.o(.text.MPU6050_Calibration)
    [Anonymous Symbol]                       0x08002884   Section        0  mpu6050.o(.text.MPU6050_Init)
    [Anonymous Symbol]                       0x080028e4   Section        0  mpu6050.o(.text.MPU6050_Read)
    [Anonymous Symbol]                       0x0800290c   Section        0  mpu6050.o(.text.MPU6050_Write)
    [Anonymous Symbol]                       0x08002930   Section        0  mpu6050.o(.text.MPU6050_getPara)
    [Anonymous Symbol]                       0x080029bc   Section        0  common.o(.text.NVIC_EnableIRQ)
    [Anonymous Symbol]                       0x080029e0   Section        0  common.o(.text.NVIC_SetPriority)
    [Anonymous Symbol]                       0x08002a28   Section        0  pid.o(.text.PID_Calculate)
    [Anonymous Symbol]                       0x08003274   Section        0  pid.o(.text.PID_Reset)
    [Anonymous Symbol]                       0x0800329c   Section        0  common.o(.text.RadianToDegree)
    SetSysClock                              0x080032dd   Thumb Code     8  system_stm32f10x.o(.text.SetSysClock)
    [Anonymous Symbol]                       0x080032dc   Section        0  system_stm32f10x.o(.text.SetSysClock)
    SetSysClockTo72                          0x080032e5   Thumb Code   290  system_stm32f10x.o(.text.SetSysClockTo72)
    [Anonymous Symbol]                       0x080032e4   Section        0  system_stm32f10x.o(.text.SetSysClockTo72)
    [Anonymous Symbol]                       0x08003408   Section        0  clock.o(.text.SysTick_Handler)
    [Anonymous Symbol]                       0x08003420   Section        0  system_stm32f10x.o(.text.SystemInit)
    [Anonymous Symbol]                       0x08003488   Section        0  main.o(.text.System_Init)
    [Anonymous Symbol]                       0x08003508   Section        0  gpio.o(.text.TIM2_IRQHandler)
    [Anonymous Symbol]                       0x0800360c   Section        0  gpio.o(.text.TIM3_IRQHandler)
    [Anonymous Symbol]                       0x080036e4   Section        0  main.o(.text.TX_Unavailable)
    [Anonymous Symbol]                       0x08003744   Section        0  common.o(.text.delay)
    [Anonymous Symbol]                       0x08003768   Section        0  main.o(.text.main)
    [Anonymous Symbol]                       0x08003860   Section        0  common.o(.text.map)
    [Anonymous Symbol]                       0x080038f0   Section        0  clock.o(.text.micros)
    i.__ARM_fpclassify                       0x08003920   Section        0  fpclassify.o(i.__ARM_fpclassify)
    i.__ieee754_rem_pio2                     0x08003948   Section        0  rred.o(i.__ieee754_rem_pio2)
    i.__kernel_cos                           0x08003cd0   Section        0  cos_i.o(i.__kernel_cos)
    i.__kernel_poly                          0x08003dcc   Section        0  poly.o(i.__kernel_poly)
    i.__kernel_sin                           0x08003e78   Section        0  sin_i.o(i.__kernel_sin)
    i.__mathlib_dbl_infnan                   0x08003f64   Section        0  dunder.o(i.__mathlib_dbl_infnan)
    i.__mathlib_dbl_invalid                  0x08003f6a   Section        0  dunder.o(i.__mathlib_dbl_invalid)
    i.__mathlib_dbl_underflow                0x08003f78   Section        0  dunder.o(i.__mathlib_dbl_underflow)
    i.atan                                   0x08003f88   Section        0  atan.o(i.atan)
    i.sin                                    0x080041a8   Section        0  sin.o(i.sin)
    i.sqrt                                   0x08004248   Section        0  sqrt.o(i.sqrt)
    x$fpl$dadd                               0x08004294   Section      336  daddsub_clz.o(x$fpl$dadd)
    _dadd1                                   0x080042a5   Thumb Code     0  daddsub_clz.o(x$fpl$dadd)
    x$fpl$dcheck1                            0x080043e4   Section       16  dcheck1.o(x$fpl$dcheck1)
    x$fpl$dcmpinf                            0x080043f4   Section       24  dcmpi.o(x$fpl$dcmpinf)
    x$fpl$ddiv                               0x0800440c   Section      692  ddiv.o(x$fpl$ddiv)
    ddiv_entry                               0x08004413   Thumb Code     0  ddiv.o(x$fpl$ddiv)
    x$fpl$deqf                               0x080046c0   Section      120  deqf.o(x$fpl$deqf)
    x$fpl$dfix                               0x08004738   Section       94  dfix.o(x$fpl$dfix)
    x$fpl$dflt                               0x08004796   Section       46  dflt_clz.o(x$fpl$dflt)
    x$fpl$dfltu                              0x080047c4   Section       38  dflt_clz.o(x$fpl$dfltu)
    x$fpl$dgeqf                              0x080047ec   Section      120  dgeqf.o(x$fpl$dgeqf)
    x$fpl$dleqf                              0x08004864   Section      120  dleqf.o(x$fpl$dleqf)
    x$fpl$dmul                               0x080048dc   Section      340  dmul.o(x$fpl$dmul)
    x$fpl$dnaninf                            0x08004a30   Section      156  dnaninf.o(x$fpl$dnaninf)
    x$fpl$dretinf                            0x08004acc   Section       12  dretinf.o(x$fpl$dretinf)
    x$fpl$drsb                               0x08004ad8   Section       22  daddsub_clz.o(x$fpl$drsb)
    x$fpl$dsqrt                              0x08004af0   Section      460  dsqrt_noumaal.o(x$fpl$dsqrt)
    x$fpl$dsub                               0x08004cbc   Section      476  daddsub_clz.o(x$fpl$dsub)
    _dsub1                                   0x08004ccd   Thumb Code     0  daddsub_clz.o(x$fpl$dsub)
    x$fpl$fcmp                               0x08004e98   Section       84  dcmp.o(x$fpl$fcmp)
    x$fpl$retnan                             0x08004eec   Section      100  retnan.o(x$fpl$retnan)
    x$fpl$scalbn                             0x08004f50   Section       92  scalbn.o(x$fpl$scalbn)
    x$fpl$trapveneer                         0x08004fac   Section       48  trapv.o(x$fpl$trapveneer)
    x$fpl$usenofp                            0x08004fdc   Section        0  usenofp.o(x$fpl$usenofp)
    atanhi                                   0x08004fe0   Data          32  atan.o(.constdata)
    .constdata                               0x08004fe0   Section      152  atan.o(.constdata)
    atanlo                                   0x08005000   Data          32  atan.o(.constdata)
    aTodd                                    0x08005020   Data          40  atan.o(.constdata)
    aTeven                                   0x08005048   Data          48  atan.o(.constdata)
    C                                        0x08005078   Data          48  cos_i.o(.constdata)
    .constdata                               0x08005078   Section       48  cos_i.o(.constdata)
    pio2s                                    0x080050a8   Data          48  rred.o(.constdata)
    .constdata                               0x080050a8   Section      204  rred.o(.constdata)
    twooverpi                                0x080050d8   Data         156  rred.o(.constdata)
    S                                        0x08005178   Data          40  sin_i.o(.constdata)
    .constdata                               0x08005178   Section       40  sin_i.o(.constdata)
    Battery_Compensation                     0x20000000   Data           8  pid.o(.data.Battery_Compensation)
    [Anonymous Symbol]                       0x20000000   Section        0  pid.o(.data.Battery_Compensation)
    .bss                                     0x20000008   Section       96  libspace.o(.bss)
    Accel_X_Raw                              0x20000068   Data           2  mpu6050.o(.bss.Accel_X_Raw)
    [Anonymous Symbol]                       0x20000068   Section        0  mpu6050.o(.bss.Accel_X_Raw)
    Accel_Y_Raw                              0x2000006a   Data           2  mpu6050.o(.bss.Accel_Y_Raw)
    [Anonymous Symbol]                       0x2000006a   Section        0  mpu6050.o(.bss.Accel_Y_Raw)
    Accel_Z_Raw                              0x2000006c   Data           2  mpu6050.o(.bss.Accel_Z_Raw)
    [Anonymous Symbol]                       0x2000006c   Section        0  mpu6050.o(.bss.Accel_Z_Raw)
    Battery                                  0x20000070   Data           8  main.o(.bss.Battery)
    [Anonymous Symbol]                       0x20000070   Section        0  main.o(.bss.Battery)
    Buffer_data                              0x20000078   Data          14  mpu6050.o(.bss.Buffer_data)
    [Anonymous Symbol]                       0x20000078   Section        0  mpu6050.o(.bss.Buffer_data)
    D_Pitch                                  0x20000088   Data           8  pid.o(.bss.D_Pitch)
    [Anonymous Symbol]                       0x20000088   Section        0  pid.o(.bss.D_Pitch)
    D_Roll                                   0x20000090   Data           8  pid.o(.bss.D_Roll)
    [Anonymous Symbol]                       0x20000090   Section        0  pid.o(.bss.D_Roll)
    Desired_Pitch                            0x200000a0   Data           8  pid.o(.bss.Desired_Pitch)
    [Anonymous Symbol]                       0x200000a0   Section        0  pid.o(.bss.Desired_Pitch)
    Desired_Roll                             0x200000a8   Data           8  pid.o(.bss.Desired_Roll)
    [Anonymous Symbol]                       0x200000a8   Section        0  pid.o(.bss.Desired_Roll)
    ErrorIdx                                 0x200000b8   Data           1  main.o(.bss.ErrorIdx)
    [Anonymous Symbol]                       0x200000b8   Section        0  main.o(.bss.ErrorIdx)
    FlyingState                              0x200000b9   Data           1  main.o(.bss.FlyingState)
    [Anonymous Symbol]                       0x200000b9   Section        0  main.o(.bss.FlyingState)
    Gyro_Pitch_Offset                        0x200000c8   Data           4  mpu6050.o(.bss.Gyro_Pitch_Offset)
    [Anonymous Symbol]                       0x200000c8   Section        0  mpu6050.o(.bss.Gyro_Pitch_Offset)
    Gyro_Pitch_Raw                           0x200000cc   Data           2  mpu6050.o(.bss.Gyro_Pitch_Raw)
    [Anonymous Symbol]                       0x200000cc   Section        0  mpu6050.o(.bss.Gyro_Pitch_Raw)
    Gyro_Roll_Offset                         0x200000d0   Data           4  mpu6050.o(.bss.Gyro_Roll_Offset)
    [Anonymous Symbol]                       0x200000d0   Section        0  mpu6050.o(.bss.Gyro_Roll_Offset)
    Gyro_Roll_Raw                            0x200000d4   Data           2  mpu6050.o(.bss.Gyro_Roll_Raw)
    [Anonymous Symbol]                       0x200000d4   Section        0  mpu6050.o(.bss.Gyro_Roll_Raw)
    Gyro_Yaw_Offset                          0x200000d8   Data           4  mpu6050.o(.bss.Gyro_Yaw_Offset)
    [Anonymous Symbol]                       0x200000d8   Section        0  mpu6050.o(.bss.Gyro_Yaw_Offset)
    Gyro_Yaw_Raw                             0x200000dc   Data           2  mpu6050.o(.bss.Gyro_Yaw_Raw)
    [Anonymous Symbol]                       0x200000dc   Section        0  mpu6050.o(.bss.Gyro_Yaw_Raw)
    I_Pitch                                  0x200000e0   Data           8  pid.o(.bss.I_Pitch)
    [Anonymous Symbol]                       0x200000e0   Section        0  pid.o(.bss.I_Pitch)
    I_Roll                                   0x200000e8   Data           8  pid.o(.bss.I_Roll)
    [Anonymous Symbol]                       0x200000e8   Section        0  pid.o(.bss.I_Roll)
    MPU6050_RawData                          0x200000f8   Data          48  mpu6050.o(.bss.MPU6050_RawData)
    [Anonymous Symbol]                       0x200000f8   Section        0  mpu6050.o(.bss.MPU6050_RawData)
    P_Pitch                                  0x20000130   Data           8  pid.o(.bss.P_Pitch)
    [Anonymous Symbol]                       0x20000130   Section        0  pid.o(.bss.P_Pitch)
    P_Roll                                   0x20000138   Data           8  pid.o(.bss.P_Roll)
    [Anonymous Symbol]                       0x20000138   Section        0  pid.o(.bss.P_Roll)
    Pitch_Acc                                0x20000150   Data           8  mpu6050.o(.bss.Pitch_Acc)
    [Anonymous Symbol]                       0x20000150   Section        0  mpu6050.o(.bss.Pitch_Acc)
    Pitch_Error                              0x20000158   Data           8  pid.o(.bss.Pitch_Error)
    [Anonymous Symbol]                       0x20000158   Section        0  pid.o(.bss.Pitch_Error)
    Pitch_Gyro                               0x20000160   Data           8  mpu6050.o(.bss.Pitch_Gyro)
    [Anonymous Symbol]                       0x20000160   Section        0  mpu6050.o(.bss.Pitch_Gyro)
    Pointer                                  0x20000168   Data           4  uart.o(.bss.Pointer)
    [Anonymous Symbol]                       0x20000168   Section        0  uart.o(.bss.Pointer)
    Pre_Pitch_Error                          0x20000170   Data           8  pid.o(.bss.Pre_Pitch_Error)
    [Anonymous Symbol]                       0x20000170   Section        0  pid.o(.bss.Pre_Pitch_Error)
    Pre_Roll_Error                           0x20000178   Data           8  pid.o(.bss.Pre_Roll_Error)
    [Anonymous Symbol]                       0x20000178   Section        0  pid.o(.bss.Pre_Roll_Error)
    Pre_Yaw_Error                            0x20000180   Data           8  pid.o(.bss.Pre_Yaw_Error)
    [Anonymous Symbol]                       0x20000180   Section        0  pid.o(.bss.Pre_Yaw_Error)
    RisingTimeTIM2                           0x20000188   Data           4  gpio.o(.bss.RisingTimeTIM2)
    [Anonymous Symbol]                       0x20000188   Section        0  gpio.o(.bss.RisingTimeTIM2)
    RisingTimeTIM3                           0x2000018c   Data           4  gpio.o(.bss.RisingTimeTIM3)
    [Anonymous Symbol]                       0x2000018c   Section        0  gpio.o(.bss.RisingTimeTIM3)
    Roll_Acc                                 0x20000198   Data           8  mpu6050.o(.bss.Roll_Acc)
    [Anonymous Symbol]                       0x20000198   Section        0  mpu6050.o(.bss.Roll_Acc)
    Roll_Error                               0x200001a0   Data           8  pid.o(.bss.Roll_Error)
    [Anonymous Symbol]                       0x200001a0   Section        0  pid.o(.bss.Roll_Error)
    Roll_Gyro                                0x200001a8   Data           8  mpu6050.o(.bss.Roll_Gyro)
    [Anonymous Symbol]                       0x200001a8   Section        0  mpu6050.o(.bss.Roll_Gyro)
    Temp_Pitch_Gyro                          0x200001b0   Data           8  mpu6050.o(.bss.Temp_Pitch_Gyro)
    [Anonymous Symbol]                       0x200001b0   Section        0  mpu6050.o(.bss.Temp_Pitch_Gyro)
    Temp_Roll_Gyro                           0x200001b8   Data           8  mpu6050.o(.bss.Temp_Roll_Gyro)
    [Anonymous Symbol]                       0x200001b8   Section        0  mpu6050.o(.bss.Temp_Roll_Gyro)
    Temp_Yaw_Gyro                            0x200001c0   Data           8  mpu6050.o(.bss.Temp_Yaw_Gyro)
    [Anonymous Symbol]                       0x200001c0   Section        0  mpu6050.o(.bss.Temp_Yaw_Gyro)
    USART1_Buffer                            0x200001c8   Data         128  uart.o(.bss.USART1_Buffer)
    [Anonymous Symbol]                       0x200001c8   Section        0  uart.o(.bss.USART1_Buffer)
    Yaw_Gyro                                 0x20000258   Data           8  mpu6050.o(.bss.Yaw_Gyro)
    [Anonymous Symbol]                       0x20000258   Section        0  mpu6050.o(.bss.Yaw_Gyro)
    bMessageAvail                            0x20000260   Data           1  uart.o(.bss.bMessageAvail)
    [Anonymous Symbol]                       0x20000260   Section        0  uart.o(.bss.bMessageAvail)
    dummy                                    0x20000264   Data           4  i2c.o(.bss.dummy)
    [Anonymous Symbol]                       0x20000264   Section        0  i2c.o(.bss.dummy)
    loopCounter                              0x20000268   Data           1  main.o(.bss.loopCounter)
    [Anonymous Symbol]                       0x20000268   Section        0  main.o(.bss.loopCounter)
    loop_timer                               0x2000026c   Data           4  main.o(.bss.loop_timer)
    [Anonymous Symbol]                       0x2000026c   Section        0  main.o(.bss.loop_timer)
    setGyro                                  0x20000270   Data           1  mpu6050.o(.bss.setGyro)
    [Anonymous Symbol]                       0x20000270   Section        0  mpu6050.o(.bss.setGyro)
    ui32gDummy                               0x20000274   Data           4  uart.o(.bss.ui32gDummy)
    [Anonymous Symbol]                       0x20000274   Section        0  uart.o(.bss.ui32gDummy)
    ui32micros                               0x20000278   Data           4  clock.o(.bss.ui32micros)
    [Anonymous Symbol]                       0x20000278   Section        0  clock.o(.bss.ui32micros)
    Heap_Mem                                 0x20000280   Data         512  startup_stm32f10x_md.o(HEAP)
    HEAP                                     0x20000280   Section      512  startup_stm32f10x_md.o(HEAP)
    Stack_Mem                                0x20000480   Data        1024  startup_stm32f10x_md.o(STACK)
    STACK                                    0x20000480   Section     1024  startup_stm32f10x_md.o(STACK)
    __initial_sp                             0x20000880   Data           0  startup_stm32f10x_md.o(STACK)

    Global Symbols

    Symbol Name                              Value     Ov Type        Size  Object(Section)

    BuildAttributes$$THM_ISAv4$P$D$K$B$S$PE$A:L22UL41UL21$X:L11$S22US41US21$IEEE1$IW$~IW$USESV6$~STKCKD$USESV7$~SHL$OTIME$ROPI$IEEEX$EBA8$UX$STANDARDLIB$REQ8$PRES8$EABIv2 0x00000000   Number         0  anon$$obj.o ABSOLUTE
    __fp_init_empty                          0x00000000   Number         0  fpinit_empty.o ABSOLUTE
    __ARM_exceptions_init                     - Undefined Weak Reference
    __alloca_initialize                       - Undefined Weak Reference
    __arm_preinit_                            - Undefined Weak Reference
    __arm_relocate_pie_                       - Undefined Weak Reference
    __cpp_initialize__aeabi_                  - Undefined Weak Reference
    __cxa_finalize                            - Undefined Weak Reference
    __rt_locale                               - Undefined Weak Reference
    __sigvec_lookup                           - Undefined Weak Reference
    _atexit_init                              - Undefined Weak Reference
    _call_atexit_fns                          - Undefined Weak Reference
    _clock_init                               - Undefined Weak Reference
    _fp_trap_init                             - Undefined Weak Reference
    _fp_trap_shutdown                         - Undefined Weak Reference
    _get_lc_collate                           - Undefined Weak Reference
    _get_lc_ctype                             - Undefined Weak Reference
    _get_lc_monetary                          - Undefined Weak Reference
    _get_lc_numeric                           - Undefined Weak Reference
    _get_lc_time                              - Undefined Weak Reference
    _getenv_init                              - Undefined Weak Reference
    _handle_redirection                       - Undefined Weak Reference
    _init_alloc                               - Undefined Weak Reference
    _init_user_alloc                          - Undefined Weak Reference
    _initio                                   - Undefined Weak Reference
    _rand_init                                - Undefined Weak Reference
    _signal_finish                            - Undefined Weak Reference
    _signal_init                              - Undefined Weak Reference
    _terminate_alloc                          - Undefined Weak Reference
    _terminate_user_alloc                     - Undefined Weak Reference
    _terminateio                              - Undefined Weak Reference
    __Vectors_Size                           0x000000ec   Number         0  startup_stm32f10x_md.o ABSOLUTE
    __Vectors                                0x08000000   Data           4  startup_stm32f10x_md.o(RESET)
    __Vectors_End                            0x080000ec   Data           0  startup_stm32f10x_md.o(RESET)
    __main                                   0x080000ed   Thumb Code     8  __main.o(!!!main)
    __scatterload                            0x080000f5   Thumb Code     0  __scatter.o(!!!scatter)
    __scatterload_rt2                        0x080000f5   Thumb Code    44  __scatter.o(!!!scatter)
    __scatterload_rt2_thumb_only             0x080000f5   Thumb Code     0  __scatter.o(!!!scatter)
    __scatterload_null                       0x08000103   Thumb Code     0  __scatter.o(!!!scatter)
    __scatterload_copy                       0x08000129   Thumb Code    26  __scatter_copy.o(!!handler_copy)
    __scatterload_zeroinit                   0x08000145   Thumb Code    28  __scatter_zi.o(!!handler_zi)
    __rt_lib_init                            0x08000161   Thumb Code     0  libinit.o(.ARM.Collect$$libinit$$00000000)
    __rt_lib_init_alloca_1                   0x08000163   Thumb Code     0  libinit2.o(.ARM.Collect$$libinit$$00000030)
    __rt_lib_init_argv_1                     0x08000163   Thumb Code     0  libinit2.o(.ARM.Collect$$libinit$$0000002E)
    __rt_lib_init_atexit_1                   0x08000163   Thumb Code     0  libinit2.o(.ARM.Collect$$libinit$$0000001D)
    __rt_lib_init_clock_1                    0x08000163   Thumb Code     0  libinit2.o(.ARM.Collect$$libinit$$00000023)
    __rt_lib_init_cpp_1                      0x08000163   Thumb Code     0  libinit2.o(.ARM.Collect$$libinit$$00000034)
    __rt_lib_init_exceptions_1               0x08000163   Thumb Code     0  libinit2.o(.ARM.Collect$$libinit$$00000032)
    __rt_lib_init_fp_1                       0x08000163   Thumb Code     0  libinit2.o(.ARM.Collect$$libinit$$00000002)
    __rt_lib_init_fp_trap_1                  0x08000163   Thumb Code     0  libinit2.o(.ARM.Collect$$libinit$$00000021)
    __rt_lib_init_getenv_1                   0x08000163   Thumb Code     0  libinit2.o(.ARM.Collect$$libinit$$00000025)
    __rt_lib_init_heap_1                     0x08000163   Thumb Code     0  libinit2.o(.ARM.Collect$$libinit$$0000000C)
    __rt_lib_init_lc_collate_1               0x08000163   Thumb Code     0  libinit2.o(.ARM.Collect$$libinit$$00000013)
    __rt_lib_init_lc_ctype_1                 0x08000163   Thumb Code     0  libinit2.o(.ARM.Collect$$libinit$$00000015)
    __rt_lib_init_lc_monetary_1              0x08000163   Thumb Code     0  libinit2.o(.ARM.Collect$$libinit$$00000017)
    __rt_lib_init_lc_numeric_1               0x08000163   Thumb Code     0  libinit2.o(.ARM.Collect$$libinit$$00000019)
    __rt_lib_init_lc_time_1                  0x08000163   Thumb Code     0  libinit2.o(.ARM.Collect$$libinit$$0000001B)
    __rt_lib_init_preinit_1                  0x08000163   Thumb Code     0  libinit2.o(.ARM.Collect$$libinit$$00000006)
    __rt_lib_init_rand_1                     0x08000163   Thumb Code     0  libinit2.o(.ARM.Collect$$libinit$$00000010)
    __rt_lib_init_relocate_pie_1             0x08000163   Thumb Code     0  libinit2.o(.ARM.Collect$$libinit$$00000004)
    __rt_lib_init_return                     0x08000163   Thumb Code     0  libinit2.o(.ARM.Collect$$libinit$$00000035)
    __rt_lib_init_signal_1                   0x08000163   Thumb Code     0  libinit2.o(.ARM.Collect$$libinit$$0000001F)
    __rt_lib_init_stdio_1                    0x08000163   Thumb Code     0  libinit2.o(.ARM.Collect$$libinit$$00000027)
    __rt_lib_init_user_alloc_1               0x08000163   Thumb Code     0  libinit2.o(.ARM.Collect$$libinit$$0000000E)
    __rt_lib_shutdown                        0x08000165   Thumb Code     0  libshutdown.o(.ARM.Collect$$libshutdown$$00000000)
    __rt_lib_shutdown_cpp_1                  0x08000167   Thumb Code     0  libshutdown2.o(.ARM.Collect$$libshutdown$$00000002)
    __rt_lib_shutdown_fp_trap_1              0x08000167   Thumb Code     0  libshutdown2.o(.ARM.Collect$$libshutdown$$00000007)
    __rt_lib_shutdown_heap_1                 0x08000167   Thumb Code     0  libshutdown2.o(.ARM.Collect$$libshutdown$$0000000F)
    __rt_lib_shutdown_return                 0x08000167   Thumb Code     0  libshutdown2.o(.ARM.Collect$$libshutdown$$00000010)
    __rt_lib_shutdown_signal_1               0x08000167   Thumb Code     0  libshutdown2.o(.ARM.Collect$$libshutdown$$0000000A)
    __rt_lib_shutdown_stdio_1                0x08000167   Thumb Code     0  libshutdown2.o(.ARM.Collect$$libshutdown$$00000004)
    __rt_lib_shutdown_user_alloc_1           0x08000167   Thumb Code     0  libshutdown2.o(.ARM.Collect$$libshutdown$$0000000C)
    __rt_entry                               0x08000169   Thumb Code     0  __rtentry.o(.ARM.Collect$$rtentry$$00000000)
    __rt_entry_presh_1                       0x08000169   Thumb Code     0  __rtentry2.o(.ARM.Collect$$rtentry$$00000002)
    __rt_entry_sh                            0x08000169   Thumb Code     0  __rtentry4.o(.ARM.Collect$$rtentry$$00000004)
    __rt_entry_li                            0x0800016f   Thumb Code     0  __rtentry2.o(.ARM.Collect$$rtentry$$0000000A)
    __rt_entry_postsh_1                      0x0800016f   Thumb Code     0  __rtentry2.o(.ARM.Collect$$rtentry$$00000009)
    __rt_entry_main                          0x08000173   Thumb Code     0  __rtentry2.o(.ARM.Collect$$rtentry$$0000000D)
    __rt_entry_postli_1                      0x08000173   Thumb Code     0  __rtentry2.o(.ARM.Collect$$rtentry$$0000000C)
    __rt_exit                                0x0800017b   Thumb Code     0  rtexit.o(.ARM.Collect$$rtexit$$00000000)
    __rt_exit_ls                             0x0800017d   Thumb Code     0  rtexit2.o(.ARM.Collect$$rtexit$$00000003)
    __rt_exit_prels_1                        0x0800017d   Thumb Code     0  rtexit2.o(.ARM.Collect$$rtexit$$00000002)
    __rt_exit_exit                           0x08000181   Thumb Code     0  rtexit2.o(.ARM.Collect$$rtexit$$00000004)
    USART1_IRQHandler                        0x08000189   Thumb Code   146  uart.o(.ram)
    Reset_Handler                            0x0800021d   Thumb Code     8  startup_stm32f10x_md.o(.text)
    NMI_Handler                              0x08000225   Thumb Code     2  startup_stm32f10x_md.o(.text)
    HardFault_Handler                        0x08000227   Thumb Code     2  startup_stm32f10x_md.o(.text)
    MemManage_Handler                        0x08000229   Thumb Code     2  startup_stm32f10x_md.o(.text)
    BusFault_Handler                         0x0800022b   Thumb Code     2  startup_stm32f10x_md.o(.text)
    UsageFault_Handler                       0x0800022d   Thumb Code     2  startup_stm32f10x_md.o(.text)
    SVC_Handler                              0x0800022f   Thumb Code     2  startup_stm32f10x_md.o(.text)
    DebugMon_Handler                         0x08000231   Thumb Code     2  startup_stm32f10x_md.o(.text)
    PendSV_Handler                           0x08000233   Thumb Code     2  startup_stm32f10x_md.o(.text)
    ADC1_2_IRQHandler                        0x08000237   Thumb Code     0  startup_stm32f10x_md.o(.text)
    CAN1_RX1_IRQHandler                      0x08000237   Thumb Code     0  startup_stm32f10x_md.o(.text)
    CAN1_SCE_IRQHandler                      0x08000237   Thumb Code     0  startup_stm32f10x_md.o(.text)
    DMA1_Channel1_IRQHandler                 0x08000237   Thumb Code     0  startup_stm32f10x_md.o(.text)
    DMA1_Channel2_IRQHandler                 0x08000237   Thumb Code     0  startup_stm32f10x_md.o(.text)
    DMA1_Channel3_IRQHandler                 0x08000237   Thumb Code     0  startup_stm32f10x_md.o(.text)
    DMA1_Channel4_IRQHandler                 0x08000237   Thumb Code     0  startup_stm32f10x_md.o(.text)
    DMA1_Channel5_IRQHandler                 0x08000237   Thumb Code     0  startup_stm32f10x_md.o(.text)
    DMA1_Channel6_IRQHandler                 0x08000237   Thumb Code     0  startup_stm32f10x_md.o(.text)
    DMA1_Channel7_IRQHandler                 0x08000237   Thumb Code     0  startup_stm32f10x_md.o(.text)
    EXTI0_IRQHandler                         0x08000237   Thumb Code     0  startup_stm32f10x_md.o(.text)
    EXTI15_10_IRQHandler                     0x08000237   Thumb Code     0  startup_stm32f10x_md.o(.text)
    EXTI1_IRQHandler                         0x08000237   Thumb Code     0  startup_stm32f10x_md.o(.text)
    EXTI2_IRQHandler                         0x08000237   Thumb Code     0  startup_stm32f10x_md.o(.text)
    EXTI3_IRQHandler                         0x08000237   Thumb Code     0  startup_stm32f10x_md.o(.text)
    EXTI4_IRQHandler                         0x08000237   Thumb Code     0  startup_stm32f10x_md.o(.text)
    EXTI9_5_IRQHandler                       0x08000237   Thumb Code     0  startup_stm32f10x_md.o(.text)
    FLASH_IRQHandler                         0x08000237   Thumb Code     0  startup_stm32f10x_md.o(.text)
    I2C1_ER_IRQHandler                       0x08000237   Thumb Code     0  startup_stm32f10x_md.o(.text)
    I2C1_EV_IRQHandler                       0x08000237   Thumb Code     0  startup_stm32f10x_md.o(.text)
    I2C2_ER_IRQHandler                       0x08000237   Thumb Code     0  startup_stm32f10x_md.o(.text)
    I2C2_EV_IRQHandler                       0x08000237   Thumb Code     0  startup_stm32f10x_md.o(.text)
    PVD_IRQHandler                           0x08000237   Thumb Code     0  startup_stm32f10x_md.o(.text)
    RCC_IRQHandler                           0x08000237   Thumb Code     0  startup_stm32f10x_md.o(.text)
    RTCAlarm_IRQHandler                      0x08000237   Thumb Code     0  startup_stm32f10x_md.o(.text)
    RTC_IRQHandler                           0x08000237   Thumb Code     0  startup_stm32f10x_md.o(.text)
    SPI1_IRQHandler                          0x08000237   Thumb Code     0  startup_stm32f10x_md.o(.text)
    SPI2_IRQHandler                          0x08000237   Thumb Code     0  startup_stm32f10x_md.o(.text)
    TAMPER_IRQHandler                        0x08000237   Thumb Code     0  startup_stm32f10x_md.o(.text)
    TIM1_BRK_IRQHandler                      0x08000237   Thumb Code     0  startup_stm32f10x_md.o(.text)
    TIM1_CC_IRQHandler                       0x08000237   Thumb Code     0  startup_stm32f10x_md.o(.text)
    TIM1_TRG_COM_IRQHandler                  0x08000237   Thumb Code     0  startup_stm32f10x_md.o(.text)
    TIM1_UP_IRQHandler                       0x08000237   Thumb Code     0  startup_stm32f10x_md.o(.text)
    TIM4_IRQHandler                          0x08000237   Thumb Code     0  startup_stm32f10x_md.o(.text)
    USART2_IRQHandler                        0x08000237   Thumb Code     0  startup_stm32f10x_md.o(.text)
    USART3_IRQHandler                        0x08000237   Thumb Code     0  startup_stm32f10x_md.o(.text)
    USBWakeUp_IRQHandler                     0x08000237   Thumb Code     0  startup_stm32f10x_md.o(.text)
    USB_HP_CAN1_TX_IRQHandler                0x08000237   Thumb Code     0  startup_stm32f10x_md.o(.text)
    USB_LP_CAN1_RX0_IRQHandler               0x08000237   Thumb Code     0  startup_stm32f10x_md.o(.text)
    WWDG_IRQHandler                          0x08000237   Thumb Code     0  startup_stm32f10x_md.o(.text)
    __user_initial_stackheap                 0x08000239   Thumb Code     0  startup_stm32f10x_md.o(.text)
    __use_two_region_memory                  0x0800025d   Thumb Code     2  heapauxi.o(.text)
    __rt_heap_escrow$2region                 0x0800025f   Thumb Code     2  heapauxi.o(.text)
    __rt_heap_expand$2region                 0x08000261   Thumb Code     2  heapauxi.o(.text)
    __read_errno                             0x08000263   Thumb Code    10  _rserrno.o(.text)
    __set_errno                              0x0800026d   Thumb Code    12  _rserrno.o(.text)
    __aeabi_errno_addr                       0x08000279   Thumb Code     8  rt_errno_addr_intlibspace.o(.text)
    __errno$intlibspace                      0x08000279   Thumb Code     0  rt_errno_addr_intlibspace.o(.text)
    __rt_errno_addr$intlibspace              0x08000279   Thumb Code     0  rt_errno_addr_intlibspace.o(.text)
    __user_libspace                          0x08000281   Thumb Code     8  libspace.o(.text)
    __user_perproc_libspace                  0x08000281   Thumb Code     0  libspace.o(.text)
    __user_perthread_libspace                0x08000281   Thumb Code     0  libspace.o(.text)
    __user_setup_stackheap                   0x08000289   Thumb Code    74  sys_stackheap_outer.o(.text)
    exit                                     0x080002d3   Thumb Code    18  exit.o(.text)
    _sys_exit                                0x080002e5   Thumb Code     8  sys_exit.o(.text)
    __I$use$semihosting                      0x080002f1   Thumb Code     0  use_no_semi.o(.text)
    __use_no_semihosting_swi                 0x080002f1   Thumb Code     2  use_no_semi.o(.text)
    __semihosting_library_function           0x080002f3   Thumb Code     0  indicate_semi.o(.text)
    CLOCK_SystickInit                        0x080002f5   Thumb Code    84  clock.o(.text.CLOCK_SystickInit)
    CheckTimeOut                             0x08000349   Thumb Code    66  main.o(.text.CheckTimeOut)
    ESC_Clibration                           0x0800038d   Thumb Code    70  main.o(.text.ESC_Clibration)
    FlyingMode_IDLE                          0x080003d5   Thumb Code    46  main.o(.text.FlyingMode_IDLE)
    FlyingMode_TAKE_OFF                      0x08000405   Thumb Code   562  main.o(.text.FlyingMode_TAKE_OFF)
    GPIO_B6_PWM                              0x08000639   Thumb Code    24  gpio.o(.text.GPIO_B6_PWM)
    GPIO_B7_PWM                              0x08000651   Thumb Code    24  gpio.o(.text.GPIO_B7_PWM)
    GPIO_B8_PWM                              0x08000669   Thumb Code    24  gpio.o(.text.GPIO_B8_PWM)
    GPIO_B9_PWM                              0x08000681   Thumb Code    24  gpio.o(.text.GPIO_B9_PWM)
    GPIO_PINHigh                             0x08000699   Thumb Code   146  gpio.o(.text.GPIO_PINHigh)
    GPIO_PINLow                              0x0800072d   Thumb Code   158  gpio.o(.text.GPIO_PINLow)
    GPIO_PINToggle                           0x080007cd   Thumb Code   216  gpio.o(.text.GPIO_PINToggle)
    GPIO_ReadAnalog                          0x080008a5   Thumb Code    38  gpio.o(.text.GPIO_ReadAnalog)
    GPIO_SetAnalog                           0x080008cd   Thumb Code   824  gpio.o(.text.GPIO_SetAnalog)
    GPIO_SetInPut                            0x08000c05   Thumb Code  1542  gpio.o(.text.GPIO_SetInPut)
    GPIO_SetOutPut                           0x0800120d   Thumb Code  1728  gpio.o(.text.GPIO_SetOutPut)
    GPIO_SetPWM                              0x080018cd   Thumb Code   424  gpio.o(.text.GPIO_SetPWM)
    GPIO_SetPWMMeasurement                   0x08001a75   Thumb Code   398  gpio.o(.text.GPIO_SetPWMMeasurement)
    GetFlyingState                           0x08001c05   Thumb Code    76  main.o(.text.GetFlyingState)
    I2C2_CallAdress                          0x08001c51   Thumb Code   138  i2c.o(.text.I2C2_CallAdress)
    I2C2_Init                                0x08001cdd   Thumb Code   298  i2c.o(.text.I2C2_Init)
    I2C2_Read                                0x08001e09   Thumb Code   192  i2c.o(.text.I2C2_Read)
    I2C2_Read1Byte                           0x08001ec9   Thumb Code    36  i2c.o(.text.I2C2_Read1Byte)
    I2C2_ReadDevice                          0x08001eed   Thumb Code    74  i2c.o(.text.I2C2_ReadDevice)
    I2C2_Start                               0x08001f39   Thumb Code   104  i2c.o(.text.I2C2_Start)
    I2C2_Stop                                0x08001fa1   Thumb Code    26  i2c.o(.text.I2C2_Stop)
    I2C2_Write                               0x08001fbd   Thumb Code    68  i2c.o(.text.I2C2_Write)
    I2C2_WriteToDevice                       0x08002001   Thumb Code    56  i2c.o(.text.I2C2_WriteToDevice)
    LedWarning_NotInIdleMode                 0x08002039   Thumb Code   108  main.o(.text.LedWarning_NotInIdleMode)
    MPU6050_CalculateAngle                   0x080020a5   Thumb Code  1274  mpu6050.o(.text.MPU6050_CalculateAngle)
    MPU6050_Calibration                      0x080025a1   Thumb Code   740  mpu6050.o(.text.MPU6050_Calibration)
    MPU6050_Init                             0x08002885   Thumb Code    96  mpu6050.o(.text.MPU6050_Init)
    MPU6050_Read                             0x080028e5   Thumb Code    40  mpu6050.o(.text.MPU6050_Read)
    MPU6050_Write                            0x0800290d   Thumb Code    36  mpu6050.o(.text.MPU6050_Write)
    MPU6050_getPara                          0x08002931   Thumb Code   138  mpu6050.o(.text.MPU6050_getPara)
    NVIC_EnableIRQ                           0x080029bd   Thumb Code    36  common.o(.text.NVIC_EnableIRQ)
    NVIC_SetPriority                         0x080029e1   Thumb Code    72  common.o(.text.NVIC_SetPriority)
    PID_Calculate                            0x08002a29   Thumb Code  2124  pid.o(.text.PID_Calculate)
    PID_Reset                                0x08003275   Thumb Code    40  pid.o(.text.PID_Reset)
    RadianToDegree                           0x0800329d   Thumb Code    62  common.o(.text.RadianToDegree)
    SysTick_Handler                          0x08003409   Thumb Code    24  clock.o(.text.SysTick_Handler)
    SystemInit                               0x08003421   Thumb Code   102  system_stm32f10x.o(.text.SystemInit)
    System_Init                              0x08003489   Thumb Code   128  main.o(.text.System_Init)
    TIM2_IRQHandler                          0x08003509   Thumb Code   258  gpio.o(.text.TIM2_IRQHandler)
    TIM3_IRQHandler                          0x0800360d   Thumb Code   216  gpio.o(.text.TIM3_IRQHandler)
    TX_Unavailable                           0x080036e5   Thumb Code    96  main.o(.text.TX_Unavailable)
    delay                                    0x08003745   Thumb Code    36  common.o(.text.delay)
    main                                     0x08003769   Thumb Code   248  main.o(.text.main)
    map                                      0x08003861   Thumb Code   144  common.o(.text.map)
    micros                                   0x080038f1   Thumb Code    48  clock.o(.text.micros)
    __ARM_fpclassify                         0x08003921   Thumb Code    40  fpclassify.o(i.__ARM_fpclassify)
    __ieee754_rem_pio2                       0x08003949   Thumb Code   828  rred.o(i.__ieee754_rem_pio2)
    __kernel_cos                             0x08003cd1   Thumb Code   230  cos_i.o(i.__kernel_cos)
    __kernel_poly                            0x08003dcd   Thumb Code   170  poly.o(i.__kernel_poly)
    __kernel_sin                             0x08003e79   Thumb Code   224  sin_i.o(i.__kernel_sin)
    __mathlib_dbl_infnan                     0x08003f65   Thumb Code     6  dunder.o(i.__mathlib_dbl_infnan)
    __mathlib_dbl_invalid                    0x08003f6b   Thumb Code    12  dunder.o(i.__mathlib_dbl_invalid)
    __mathlib_dbl_underflow                  0x08003f79   Thumb Code    10  dunder.o(i.__mathlib_dbl_underflow)
    atan                                     0x08003f89   Thumb Code   474  atan.o(i.atan)
    sin                                      0x080041a9   Thumb Code   150  sin.o(i.sin)
    sqrt                                     0x08004249   Thumb Code    76  sqrt.o(i.sqrt)
    __aeabi_dadd                             0x08004295   Thumb Code     0  daddsub_clz.o(x$fpl$dadd)
    _dadd                                    0x08004295   Thumb Code   332  daddsub_clz.o(x$fpl$dadd)
    __fpl_dcheck_NaN1                        0x080043e5   Thumb Code    10  dcheck1.o(x$fpl$dcheck1)
    __fpl_dcmp_Inf                           0x080043f5   Thumb Code    24  dcmpi.o(x$fpl$dcmpinf)
    __aeabi_ddiv                             0x0800440d   Thumb Code     0  ddiv.o(x$fpl$ddiv)
    _ddiv                                    0x0800440d   Thumb Code   556  ddiv.o(x$fpl$ddiv)
    __aeabi_cdcmpeq                          0x080046c1   Thumb Code     0  deqf.o(x$fpl$deqf)
    _dcmpeq                                  0x080046c1   Thumb Code   120  deqf.o(x$fpl$deqf)
    __aeabi_d2iz                             0x08004739   Thumb Code     0  dfix.o(x$fpl$dfix)
    _dfix                                    0x08004739   Thumb Code    94  dfix.o(x$fpl$dfix)
    __aeabi_i2d                              0x08004797   Thumb Code     0  dflt_clz.o(x$fpl$dflt)
    _dflt                                    0x08004797   Thumb Code    46  dflt_clz.o(x$fpl$dflt)
    __aeabi_ui2d                             0x080047c5   Thumb Code     0  dflt_clz.o(x$fpl$dfltu)
    _dfltu                                   0x080047c5   Thumb Code    38  dflt_clz.o(x$fpl$dfltu)
    __aeabi_cdcmpge                          0x080047ed   Thumb Code     0  dgeqf.o(x$fpl$dgeqf)
    _dcmpge                                  0x080047ed   Thumb Code   120  dgeqf.o(x$fpl$dgeqf)
    __aeabi_cdcmple                          0x08004865   Thumb Code     0  dleqf.o(x$fpl$dleqf)
    _dcmple                                  0x08004865   Thumb Code   120  dleqf.o(x$fpl$dleqf)
    __fpl_dcmple_InfNaN                      0x080048c7   Thumb Code     0  dleqf.o(x$fpl$dleqf)
    __aeabi_dmul                             0x080048dd   Thumb Code     0  dmul.o(x$fpl$dmul)
    _dmul                                    0x080048dd   Thumb Code   332  dmul.o(x$fpl$dmul)
    __fpl_dnaninf                            0x08004a31   Thumb Code   156  dnaninf.o(x$fpl$dnaninf)
    __fpl_dretinf                            0x08004acd   Thumb Code    12  dretinf.o(x$fpl$dretinf)
    __aeabi_drsub                            0x08004ad9   Thumb Code     0  daddsub_clz.o(x$fpl$drsb)
    _drsb                                    0x08004ad9   Thumb Code    22  daddsub_clz.o(x$fpl$drsb)
    _dsqrt                                   0x08004af1   Thumb Code   456  dsqrt_noumaal.o(x$fpl$dsqrt)
    __aeabi_dsub                             0x08004cbd   Thumb Code     0  daddsub_clz.o(x$fpl$dsub)
    _dsub                                    0x08004cbd   Thumb Code   472  daddsub_clz.o(x$fpl$dsub)
    __aeabi_dcmpeq                           0x08004e99   Thumb Code     0  dcmp.o(x$fpl$fcmp)
    _deq                                     0x08004e99   Thumb Code    14  dcmp.o(x$fpl$fcmp)
    _dneq                                    0x08004ea7   Thumb Code    14  dcmp.o(x$fpl$fcmp)
    __aeabi_dcmpgt                           0x08004eb5   Thumb Code     0  dcmp.o(x$fpl$fcmp)
    _dgr                                     0x08004eb5   Thumb Code    14  dcmp.o(x$fpl$fcmp)
    __aeabi_dcmpge                           0x08004ec3   Thumb Code     0  dcmp.o(x$fpl$fcmp)
    _dgeq                                    0x08004ec3   Thumb Code    14  dcmp.o(x$fpl$fcmp)
    __aeabi_dcmple                           0x08004ed1   Thumb Code     0  dcmp.o(x$fpl$fcmp)
    _dleq                                    0x08004ed1   Thumb Code    14  dcmp.o(x$fpl$fcmp)
    __aeabi_dcmplt                           0x08004edf   Thumb Code     0  dcmp.o(x$fpl$fcmp)
    _dls                                     0x08004edf   Thumb Code    14  dcmp.o(x$fpl$fcmp)
    __fpl_return_NaN                         0x08004eed   Thumb Code   100  retnan.o(x$fpl$retnan)
    __ARM_scalbn                             0x08004f51   Thumb Code    92  scalbn.o(x$fpl$scalbn)
    __fpl_cmpreturn                          0x08004fad   Thumb Code    48  trapv.o(x$fpl$trapveneer)
    __I$use$fp                               0x08004fdc   Number         0  usenofp.o(x$fpl$usenofp)
    Region$$Table$$Base                      0x080051a0   Number         0  anon$$obj.o(Region$$Table)
    Region$$Table$$Limit                     0x080051c0   Number         0  anon$$obj.o(Region$$Table)
    __libspace_start                         0x20000008   Data          96  libspace.o(.bss)
    __temporary_stack_top$libspace           0x20000068   Data           0  libspace.o(.bss)
    D_Yaw                                    0x20000098   Data           8  pid.o(.bss.D_Yaw)
    Desired_Yaw                              0x200000b0   Data           8  pid.o(.bss.Desired_Yaw)
    GPIO_PulseWidth                          0x200000ba   Data          12  gpio.o(.bss.GPIO_PulseWidth)
    I_Yaw                                    0x200000f0   Data           8  pid.o(.bss.I_Yaw)
    PID_Pwm                                  0x20000128   Data           8  pid.o(.bss.PID_Pwm)
    P_Yaw                                    0x20000140   Data           8  pid.o(.bss.P_Yaw)
    Pitch                                    0x20000148   Data           8  mpu6050.o(.bss.Pitch)
    Roll                                     0x20000190   Data           8  mpu6050.o(.bss.Roll)
    Yaw                                      0x20000248   Data           8  mpu6050.o(.bss.Yaw)
    Yaw_Error                                0x20000250   Data           8  pid.o(.bss.Yaw_Error)



==============================================================================

Memory Map of the image

  Image Entry point : 0x080000ed

  Load Region LR_IROM1 (Base: 0x08000000, Size: 0x000051c8, Max: 0x00010000, ABSOLUTE)

    Execution Region ER_IROM1 (Exec base: 0x08000000, Load base: 0x08000000, Size: 0x000051c0, Max: 0x00010000, ABSOLUTE)

    Exec Addr    Load Addr    Size         Type   Attr      Idx    E Section Name        Object

    0x08000000   0x08000000   0x000000ec   Data   RO          432    RESET               startup_stm32f10x_md.o
    0x080000ec   0x080000ec   0x00000008   Code   RO          460  * !!!main             c_w.l(__main.o)
    0x080000f4   0x080000f4   0x00000034   Code   RO          721    !!!scatter          c_w.l(__scatter.o)
    0x08000128   0x08000128   0x0000001a   Code   RO          723    !!handler_copy      c_w.l(__scatter_copy.o)
    0x08000142   0x08000142   0x00000002   PAD
    0x08000144   0x08000144   0x0000001c   Code   RO          725    !!handler_zi        c_w.l(__scatter_zi.o)
    0x08000160   0x08000160   0x00000002   Code   RO          582    .ARM.Collect$$libinit$$00000000  c_w.l(libinit.o)
    0x08000162   0x08000162   0x00000000   Code   RO          588    .ARM.Collect$$libinit$$00000002  c_w.l(libinit2.o)
    0x08000162   0x08000162   0x00000000   Code   RO          590    .ARM.Collect$$libinit$$00000004  c_w.l(libinit2.o)
    0x08000162   0x08000162   0x00000000   Code   RO          592    .ARM.Collect$$libinit$$00000006  c_w.l(libinit2.o)
    0x08000162   0x08000162   0x00000000   Code   RO          595    .ARM.Collect$$libinit$$0000000C  c_w.l(libinit2.o)
    0x08000162   0x08000162   0x00000000   Code   RO          597    .ARM.Collect$$libinit$$0000000E  c_w.l(libinit2.o)
    0x08000162   0x08000162   0x00000000   Code   RO          599    .ARM.Collect$$libinit$$00000010  c_w.l(libinit2.o)
    0x08000162   0x08000162   0x00000000   Code   RO          602    .ARM.Collect$$libinit$$00000013  c_w.l(libinit2.o)
    0x08000162   0x08000162   0x00000000   Code   RO          604    .ARM.Collect$$libinit$$00000015  c_w.l(libinit2.o)
    0x08000162   0x08000162   0x00000000   Code   RO          606    .ARM.Collect$$libinit$$00000017  c_w.l(libinit2.o)
    0x08000162   0x08000162   0x00000000   Code   RO          608    .ARM.Collect$$libinit$$00000019  c_w.l(libinit2.o)
    0x08000162   0x08000162   0x00000000   Code   RO          610    .ARM.Collect$$libinit$$0000001B  c_w.l(libinit2.o)
    0x08000162   0x08000162   0x00000000   Code   RO          612    .ARM.Collect$$libinit$$0000001D  c_w.l(libinit2.o)
    0x08000162   0x08000162   0x00000000   Code   RO          614    .ARM.Collect$$libinit$$0000001F  c_w.l(libinit2.o)
    0x08000162   0x08000162   0x00000000   Code   RO          616    .ARM.Collect$$libinit$$00000021  c_w.l(libinit2.o)
    0x08000162   0x08000162   0x00000000   Code   RO          618    .ARM.Collect$$libinit$$00000023  c_w.l(libinit2.o)
    0x08000162   0x08000162   0x00000000   Code   RO          620    .ARM.Collect$$libinit$$00000025  c_w.l(libinit2.o)
    0x08000162   0x08000162   0x00000000   Code   RO          622    .ARM.Collect$$libinit$$00000027  c_w.l(libinit2.o)
    0x08000162   0x08000162   0x00000000   Code   RO          626    .ARM.Collect$$libinit$$0000002E  c_w.l(libinit2.o)
    0x08000162   0x08000162   0x00000000   Code   RO          628    .ARM.Collect$$libinit$$00000030  c_w.l(libinit2.o)
    0x08000162   0x08000162   0x00000000   Code   RO          630    .ARM.Collect$$libinit$$00000032  c_w.l(libinit2.o)
    0x08000162   0x08000162   0x00000000   Code   RO          632    .ARM.Collect$$libinit$$00000034  c_w.l(libinit2.o)
    0x08000162   0x08000162   0x00000002   Code   RO          633    .ARM.Collect$$libinit$$00000035  c_w.l(libinit2.o)
    0x08000164   0x08000164   0x00000002   Code   RO          657    .ARM.Collect$$libshutdown$$00000000  c_w.l(libshutdown.o)
    0x08000166   0x08000166   0x00000000   Code   RO          672    .ARM.Collect$$libshutdown$$00000002  c_w.l(libshutdown2.o)
    0x08000166   0x08000166   0x00000000   Code   RO          674    .ARM.Collect$$libshutdown$$00000004  c_w.l(libshutdown2.o)
    0x08000166   0x08000166   0x00000000   Code   RO          677    .ARM.Collect$$libshutdown$$00000007  c_w.l(libshutdown2.o)
    0x08000166   0x08000166   0x00000000   Code   RO          680    .ARM.Collect$$libshutdown$$0000000A  c_w.l(libshutdown2.o)
    0x08000166   0x08000166   0x00000000   Code   RO          682    .ARM.Collect$$libshutdown$$0000000C  c_w.l(libshutdown2.o)
    0x08000166   0x08000166   0x00000000   Code   RO          685    .ARM.Collect$$libshutdown$$0000000F  c_w.l(libshutdown2.o)
    0x08000166   0x08000166   0x00000002   Code   RO          686    .ARM.Collect$$libshutdown$$00000010  c_w.l(libshutdown2.o)
    0x08000168   0x08000168   0x00000000   Code   RO          499    .ARM.Collect$$rtentry$$00000000  c_w.l(__rtentry.o)
    0x08000168   0x08000168   0x00000000   Code   RO          547    .ARM.Collect$$rtentry$$00000002  c_w.l(__rtentry2.o)
    0x08000168   0x08000168   0x00000006   Code   RO          559    .ARM.Collect$$rtentry$$00000004  c_w.l(__rtentry4.o)
    0x0800016e   0x0800016e   0x00000000   Code   RO          549    .ARM.Collect$$rtentry$$00000009  c_w.l(__rtentry2.o)
    0x0800016e   0x0800016e   0x00000004   Code   RO          550    .ARM.Collect$$rtentry$$0000000A  c_w.l(__rtentry2.o)
    0x08000172   0x08000172   0x00000000   Code   RO          552    .ARM.Collect$$rtentry$$0000000C  c_w.l(__rtentry2.o)
    0x08000172   0x08000172   0x00000008   Code   RO          553    .ARM.Collect$$rtentry$$0000000D  c_w.l(__rtentry2.o)
    0x0800017a   0x0800017a   0x00000002   Code   RO          585    .ARM.Collect$$rtexit$$00000000  c_w.l(rtexit.o)
    0x0800017c   0x0800017c   0x00000000   Code   RO          637    .ARM.Collect$$rtexit$$00000002  c_w.l(rtexit2.o)
    0x0800017c   0x0800017c   0x00000004   Code   RO          638    .ARM.Collect$$rtexit$$00000003  c_w.l(rtexit2.o)
    0x08000180   0x08000180   0x00000006   Code   RO          639    .ARM.Collect$$rtexit$$00000004  c_w.l(rtexit2.o)
    0x08000186   0x08000186   0x00000002   PAD
    0x08000188   0x08000188   0x00000092   Code   RO          115    .ram                uart.o
    0x0800021a   0x0800021a   0x00000002   PAD
    0x0800021c   0x0800021c   0x00000040   Code   RO          433    .text               startup_stm32f10x_md.o
    0x0800025c   0x0800025c   0x00000006   Code   RO          458    .text               c_w.l(heapauxi.o)
    0x08000262   0x08000262   0x00000016   Code   RO          500    .text               c_w.l(_rserrno.o)
    0x08000278   0x08000278   0x00000008   Code   RO          564    .text               c_w.l(rt_errno_addr_intlibspace.o)
    0x08000280   0x08000280   0x00000008   Code   RO          570    .text               c_w.l(libspace.o)
    0x08000288   0x08000288   0x0000004a   Code   RO          573    .text               c_w.l(sys_stackheap_outer.o)
    0x080002d2   0x080002d2   0x00000012   Code   RO          575    .text               c_w.l(exit.o)
    0x080002e4   0x080002e4   0x0000000c   Code   RO          647    .text               c_w.l(sys_exit.o)
    0x080002f0   0x080002f0   0x00000002   Code   RO          662    .text               c_w.l(use_no_semi.o)
    0x080002f2   0x080002f2   0x00000000   Code   RO          664    .text               c_w.l(indicate_semi.o)
    0x080002f2   0x080002f2   0x00000002   PAD
    0x080002f4   0x080002f4   0x00000054   Code   RO          130    .text.CLOCK_SystickInit  clock.o
    0x08000348   0x08000348   0x00000042   Code   RO           18    .text.CheckTimeOut  main.o
    0x0800038a   0x0800038a   0x00000002   PAD
    0x0800038c   0x0800038c   0x00000046   Code   RO            8    .text.ESC_Clibration  main.o
    0x080003d2   0x080003d2   0x00000002   PAD
    0x080003d4   0x080003d4   0x0000002e   Code   RO            6    .text.FlyingMode_IDLE  main.o
    0x08000402   0x08000402   0x00000002   PAD
    0x08000404   0x08000404   0x00000232   Code   RO           16    .text.FlyingMode_TAKE_OFF  main.o
    0x08000636   0x08000636   0x00000002   PAD
    0x08000638   0x08000638   0x00000018   Code   RO           53    .text.GPIO_B6_PWM   gpio.o
    0x08000650   0x08000650   0x00000018   Code   RO           55    .text.GPIO_B7_PWM   gpio.o
    0x08000668   0x08000668   0x00000018   Code   RO           57    .text.GPIO_B8_PWM   gpio.o
    0x08000680   0x08000680   0x00000018   Code   RO           59    .text.GPIO_B9_PWM   gpio.o
    0x08000698   0x08000698   0x00000092   Code   RO           39    .text.GPIO_PINHigh  gpio.o
    0x0800072a   0x0800072a   0x00000002   PAD
    0x0800072c   0x0800072c   0x0000009e   Code   RO           37    .text.GPIO_PINLow   gpio.o
    0x080007ca   0x080007ca   0x00000002   PAD
    0x080007cc   0x080007cc   0x000000d8   Code   RO           41    .text.GPIO_PINToggle  gpio.o
    0x080008a4   0x080008a4   0x00000026   Code   RO           49    .text.GPIO_ReadAnalog  gpio.o
    0x080008ca   0x080008ca   0x00000002   PAD
    0x080008cc   0x080008cc   0x00000338   Code   RO           47    .text.GPIO_SetAnalog  gpio.o
    0x08000c04   0x08000c04   0x00000606   Code   RO           43    .text.GPIO_SetInPut  gpio.o
    0x0800120a   0x0800120a   0x00000002   PAD
    0x0800120c   0x0800120c   0x000006c0   Code   RO           35    .text.GPIO_SetOutPut  gpio.o
    0x080018cc   0x080018cc   0x000001a8   Code   RO           51    .text.GPIO_SetPWM   gpio.o
    0x08001a74   0x08001a74   0x0000018e   Code   RO           63    .text.GPIO_SetPWMMeasurement  gpio.o
    0x08001c02   0x08001c02   0x00000002   PAD
    0x08001c04   0x08001c04   0x0000004c   Code   RO           10    .text.GetFlyingState  main.o
    0x08001c50   0x08001c50   0x0000008a   Code   RO          173    .text.I2C2_CallAdress  i2c.o
    0x08001cda   0x08001cda   0x00000002   PAD
    0x08001cdc   0x08001cdc   0x0000012a   Code   RO          165    .text.I2C2_Init     i2c.o
    0x08001e06   0x08001e06   0x00000002   PAD
    0x08001e08   0x08001e08   0x000000c0   Code   RO          179    .text.I2C2_Read     i2c.o
    0x08001ec8   0x08001ec8   0x00000024   Code   RO          171    .text.I2C2_Read1Byte  i2c.o
    0x08001eec   0x08001eec   0x0000004a   Code   RO          183    .text.I2C2_ReadDevice  i2c.o
    0x08001f36   0x08001f36   0x00000002   PAD
    0x08001f38   0x08001f38   0x00000068   Code   RO          167    .text.I2C2_Start    i2c.o
    0x08001fa0   0x08001fa0   0x0000001a   Code   RO          175    .text.I2C2_Stop     i2c.o
    0x08001fba   0x08001fba   0x00000002   PAD
    0x08001fbc   0x08001fbc   0x00000044   Code   RO          169    .text.I2C2_Write    i2c.o
    0x08002000   0x08002000   0x00000038   Code   RO          181    .text.I2C2_WriteToDevice  i2c.o
    0x08002038   0x08002038   0x0000006c   Code   RO           14    .text.LedWarning_NotInIdleMode  main.o
    0x080020a4   0x080020a4   0x000004fa   Code   RO          249    .text.MPU6050_CalculateAngle  mpu6050.o
    0x0800259e   0x0800259e   0x00000002   PAD
    0x080025a0   0x080025a0   0x000002e4   Code   RO          251    .text.MPU6050_Calibration  mpu6050.o
    0x08002884   0x08002884   0x00000060   Code   RO          245    .text.MPU6050_Init  mpu6050.o
    0x080028e4   0x080028e4   0x00000028   Code   RO          243    .text.MPU6050_Read  mpu6050.o
    0x0800290c   0x0800290c   0x00000024   Code   RO          241    .text.MPU6050_Write  mpu6050.o
    0x08002930   0x08002930   0x0000008a   Code   RO          247    .text.MPU6050_getPara  mpu6050.o
    0x080029ba   0x080029ba   0x00000002   PAD
    0x080029bc   0x080029bc   0x00000024   Code   RO           85    .text.NVIC_EnableIRQ  common.o
    0x080029e0   0x080029e0   0x00000048   Code   RO           87    .text.NVIC_SetPriority  common.o
    0x08002a28   0x08002a28   0x0000084c   Code   RO          212    .text.PID_Calculate  pid.o
    0x08003274   0x08003274   0x00000028   Code   RO          210    .text.PID_Reset     pid.o
    0x0800329c   0x0800329c   0x0000003e   Code   RO           91    .text.RadianToDegree  common.o
    0x080032da   0x080032da   0x00000002   PAD
    0x080032dc   0x080032dc   0x00000008   Code   RO          442    .text.SetSysClock   system_stm32f10x.o
    0x080032e4   0x080032e4   0x00000122   Code   RO          446    .text.SetSysClockTo72  system_stm32f10x.o
    0x08003406   0x08003406   0x00000002   PAD
    0x08003408   0x08003408   0x00000018   Code   RO          132    .text.SysTick_Handler  clock.o
    0x08003420   0x08003420   0x00000066   Code   RO          440    .text.SystemInit    system_stm32f10x.o
    0x08003486   0x08003486   0x00000002   PAD
    0x08003488   0x08003488   0x00000080   Code   RO            4    .text.System_Init   main.o
    0x08003508   0x08003508   0x00000102   Code   RO           67    .text.TIM2_IRQHandler  gpio.o
    0x0800360a   0x0800360a   0x00000002   PAD
    0x0800360c   0x0800360c   0x000000d8   Code   RO           69    .text.TIM3_IRQHandler  gpio.o
    0x080036e4   0x080036e4   0x00000060   Code   RO           12    .text.TX_Unavailable  main.o
    0x08003744   0x08003744   0x00000024   Code   RO           81    .text.delay         common.o
    0x08003768   0x08003768   0x000000f8   Code   RO            2    .text.main          main.o
    0x08003860   0x08003860   0x00000090   Code   RO           83    .text.map           common.o
    0x080038f0   0x080038f0   0x00000030   Code   RO          134    .text.micros        clock.o
    0x08003920   0x08003920   0x00000028   Code   RO          534    i.__ARM_fpclassify  m_ws.l(fpclassify.o)
    0x08003948   0x08003948   0x00000388   Code   RO          538    i.__ieee754_rem_pio2  m_ws.l(rred.o)
    0x08003cd0   0x08003cd0   0x000000fc   Code   RO          517    i.__kernel_cos      m_ws.l(cos_i.o)
    0x08003dcc   0x08003dcc   0x000000aa   Code   RO          536    i.__kernel_poly     m_ws.l(poly.o)
    0x08003e76   0x08003e76   0x00000002   PAD
    0x08003e78   0x08003e78   0x000000ec   Code   RO          543    i.__kernel_sin      m_ws.l(sin_i.o)
    0x08003f64   0x08003f64   0x00000006   Code   RO          521    i.__mathlib_dbl_infnan  m_ws.l(dunder.o)
    0x08003f6a   0x08003f6a   0x0000000c   Code   RO          523    i.__mathlib_dbl_invalid  m_ws.l(dunder.o)
    0x08003f76   0x08003f76   0x00000002   PAD
    0x08003f78   0x08003f78   0x00000010   Code   RO          526    i.__mathlib_dbl_underflow  m_ws.l(dunder.o)
    0x08003f88   0x08003f88   0x00000220   Code   RO          487    i.atan              m_ws.l(atan.o)
    0x080041a8   0x080041a8   0x000000a0   Code   RO          492    i.sin               m_ws.l(sin.o)
    0x08004248   0x08004248   0x0000004c   Code   RO          496    i.sqrt              m_ws.l(sqrt.o)
    0x08004294   0x08004294   0x00000150   Code   RO          462    x$fpl$dadd          fz_ws.l(daddsub_clz.o)
    0x080043e4   0x080043e4   0x00000010   Code   RO          566    x$fpl$dcheck1       fz_ws.l(dcheck1.o)
    0x080043f4   0x080043f4   0x00000018   Code   RO          568    x$fpl$dcmpinf       fz_ws.l(dcmpi.o)
    0x0800440c   0x0800440c   0x000002b4   Code   RO          471    x$fpl$ddiv          fz_ws.l(ddiv.o)
    0x080046c0   0x080046c0   0x00000078   Code   RO          502    x$fpl$deqf          fz_ws.l(deqf.o)
    0x08004738   0x08004738   0x0000005e   Code   RO          474    x$fpl$dfix          fz_ws.l(dfix.o)
    0x08004796   0x08004796   0x0000002e   Code   RO          479    x$fpl$dflt          fz_ws.l(dflt_clz.o)
    0x080047c4   0x080047c4   0x00000026   Code   RO          478    x$fpl$dfltu         fz_ws.l(dflt_clz.o)
    0x080047ea   0x080047ea   0x00000002   PAD
    0x080047ec   0x080047ec   0x00000078   Code   RO          504    x$fpl$dgeqf         fz_ws.l(dgeqf.o)
    0x08004864   0x08004864   0x00000078   Code   RO          506    x$fpl$dleqf         fz_ws.l(dleqf.o)
    0x080048dc   0x080048dc   0x00000154   Code   RO          484    x$fpl$dmul          fz_ws.l(dmul.o)
    0x08004a30   0x08004a30   0x0000009c   Code   RO          508    x$fpl$dnaninf       fz_ws.l(dnaninf.o)
    0x08004acc   0x08004acc   0x0000000c   Code   RO          510    x$fpl$dretinf       fz_ws.l(dretinf.o)
    0x08004ad8   0x08004ad8   0x00000016   Code   RO          463    x$fpl$drsb          fz_ws.l(daddsub_clz.o)
    0x08004aee   0x08004aee   0x00000002   PAD
    0x08004af0   0x08004af0   0x000001cc   Code   RO          512    x$fpl$dsqrt         fz_ws.l(dsqrt_noumaal.o)
    0x08004cbc   0x08004cbc   0x000001dc   Code   RO          464    x$fpl$dsub          fz_ws.l(daddsub_clz.o)
    0x08004e98   0x08004e98   0x00000054   Code   RO          468    x$fpl$fcmp          fz_ws.l(dcmp.o)
    0x08004eec   0x08004eec   0x00000064   Code   RO          583    x$fpl$retnan        fz_ws.l(retnan.o)
    0x08004f50   0x08004f50   0x0000005c   Code   RO          514    x$fpl$scalbn        fz_ws.l(scalbn.o)
    0x08004fac   0x08004fac   0x00000030   Code   RO          634    x$fpl$trapveneer    fz_ws.l(trapv.o)
    0x08004fdc   0x08004fdc   0x00000000   Code   RO          516    x$fpl$usenofp       fz_ws.l(usenofp.o)
    0x08004fdc   0x08004fdc   0x00000004   PAD
    0x08004fe0   0x08004fe0   0x00000098   Data   RO          488    .constdata          m_ws.l(atan.o)
    0x08005078   0x08005078   0x00000030   Data   RO          518    .constdata          m_ws.l(cos_i.o)
    0x080050a8   0x080050a8   0x000000cc   Data   RO          540    .constdata          m_ws.l(rred.o)
    0x08005174   0x08005174   0x00000004   PAD
    0x08005178   0x08005178   0x00000028   Data   RO          544    .constdata          m_ws.l(sin_i.o)
    0x080051a0   0x080051a0   0x00000020   Data   RO          720    Region$$Table       anon$$obj.o


    Execution Region RW_IRAM1 (Exec base: 0x20000000, Load base: 0x080051c0, Size: 0x00000880, Max: 0x00005000, ABSOLUTE)

    Exec Addr    Load Addr    Size         Type   Attr      Idx    E Section Name        Object

    0x20000000   0x080051c0   0x00000008   Data   RW          233    .data.Battery_Compensation  pid.o
    0x20000008        -       0x00000060   Zero   RW          571    .bss                c_w.l(libspace.o)
    0x20000068        -       0x00000002   Zero   RW          258    .bss.Accel_X_Raw    mpu6050.o
    0x2000006a        -       0x00000002   Zero   RW          259    .bss.Accel_Y_Raw    mpu6050.o
    0x2000006c        -       0x00000002   Zero   RW          260    .bss.Accel_Z_Raw    mpu6050.o
    0x2000006e   0x080051c8   0x00000002   PAD
    0x20000070        -       0x00000008   Zero   RW           25    .bss.Battery        main.o
    0x20000078        -       0x0000000e   Zero   RW          257    .bss.Buffer_data    mpu6050.o
    0x20000086   0x080051c8   0x00000002   PAD
    0x20000088        -       0x00000008   Zero   RW          228    .bss.D_Pitch        pid.o
    0x20000090        -       0x00000008   Zero   RW          230    .bss.D_Roll         pid.o
    0x20000098        -       0x00000008   Zero   RW          217    .bss.D_Yaw          pid.o
    0x200000a0        -       0x00000008   Zero   RW          221    .bss.Desired_Pitch  pid.o
    0x200000a8        -       0x00000008   Zero   RW          220    .bss.Desired_Roll   pid.o
    0x200000b0        -       0x00000008   Zero   RW          222    .bss.Desired_Yaw    pid.o
    0x200000b8        -       0x00000001   Zero   RW           26    .bss.ErrorIdx       main.o
    0x200000b9        -       0x00000001   Zero   RW           23    .bss.FlyingState    main.o
    0x200000ba        -       0x0000000c   Zero   RW           73    .bss.GPIO_PulseWidth  gpio.o
    0x200000c6   0x080051c8   0x00000002   PAD
    0x200000c8        -       0x00000004   Zero   RW          264    .bss.Gyro_Pitch_Offset  mpu6050.o
    0x200000cc        -       0x00000002   Zero   RW          262    .bss.Gyro_Pitch_Raw  mpu6050.o
    0x200000ce   0x080051c8   0x00000002   PAD
    0x200000d0        -       0x00000004   Zero   RW          265    .bss.Gyro_Roll_Offset  mpu6050.o
    0x200000d4        -       0x00000002   Zero   RW          261    .bss.Gyro_Roll_Raw  mpu6050.o
    0x200000d6   0x080051c8   0x00000002   PAD
    0x200000d8        -       0x00000004   Zero   RW          266    .bss.Gyro_Yaw_Offset  mpu6050.o
    0x200000dc        -       0x00000002   Zero   RW          263    .bss.Gyro_Yaw_Raw   mpu6050.o
    0x200000de   0x080051c8   0x00000002   PAD
    0x200000e0        -       0x00000008   Zero   RW          218    .bss.I_Pitch        pid.o
    0x200000e8        -       0x00000008   Zero   RW          219    .bss.I_Roll         pid.o
    0x200000f0        -       0x00000008   Zero   RW          216    .bss.I_Yaw          pid.o
    0x200000f8        -       0x00000030   Zero   RW          253    .bss.MPU6050_RawData  mpu6050.o
    0x20000128        -       0x00000008   Zero   RW          232    .bss.PID_Pwm        pid.o
    0x20000130        -       0x00000008   Zero   RW          225    .bss.P_Pitch        pid.o
    0x20000138        -       0x00000008   Zero   RW          226    .bss.P_Roll         pid.o
    0x20000140        -       0x00000008   Zero   RW          215    .bss.P_Yaw          pid.o
    0x20000148        -       0x00000008   Zero   RW          273    .bss.Pitch          mpu6050.o
    0x20000150        -       0x00000008   Zero   RW          268    .bss.Pitch_Acc      mpu6050.o
    0x20000158        -       0x00000008   Zero   RW          223    .bss.Pitch_Error    pid.o
    0x20000160        -       0x00000008   Zero   RW          255    .bss.Pitch_Gyro     mpu6050.o
    0x20000168        -       0x00000004   Zero   RW          118    .bss.Pointer        uart.o
    0x2000016c   0x080051c8   0x00000004   PAD
    0x20000170        -       0x00000008   Zero   RW          227    .bss.Pre_Pitch_Error  pid.o
    0x20000178        -       0x00000008   Zero   RW          229    .bss.Pre_Roll_Error  pid.o
    0x20000180        -       0x00000008   Zero   RW          231    .bss.Pre_Yaw_Error  pid.o
    0x20000188        -       0x00000004   Zero   RW           71    .bss.RisingTimeTIM2  gpio.o
    0x2000018c        -       0x00000004   Zero   RW           72    .bss.RisingTimeTIM3  gpio.o
    0x20000190        -       0x00000008   Zero   RW          274    .bss.Roll           mpu6050.o
    0x20000198        -       0x00000008   Zero   RW          267    .bss.Roll_Acc       mpu6050.o
    0x200001a0        -       0x00000008   Zero   RW          224    .bss.Roll_Error     pid.o
    0x200001a8        -       0x00000008   Zero   RW          254    .bss.Roll_Gyro      mpu6050.o
    0x200001b0        -       0x00000008   Zero   RW          270    .bss.Temp_Pitch_Gyro  mpu6050.o
    0x200001b8        -       0x00000008   Zero   RW          269    .bss.Temp_Roll_Gyro  mpu6050.o
    0x200001c0        -       0x00000008   Zero   RW          271    .bss.Temp_Yaw_Gyro  mpu6050.o
    0x200001c8        -       0x00000080   Zero   RW          117    .bss.USART1_Buffer  uart.o
    0x20000248        -       0x00000008   Zero   RW          275    .bss.Yaw            mpu6050.o
    0x20000250        -       0x00000008   Zero   RW          214    .bss.Yaw_Error      pid.o
    0x20000258        -       0x00000008   Zero   RW          256    .bss.Yaw_Gyro       mpu6050.o
    0x20000260        -       0x00000001   Zero   RW          119    .bss.bMessageAvail  uart.o
    0x20000261   0x080051c8   0x00000003   PAD
    0x20000264        -       0x00000004   Zero   RW          189    .bss.dummy          i2c.o
    0x20000268        -       0x00000001   Zero   RW           24    .bss.loopCounter    main.o
    0x20000269   0x080051c8   0x00000003   PAD
    0x2000026c        -       0x00000004   Zero   RW           22    .bss.loop_timer     main.o
    0x20000270        -       0x00000001   Zero   RW          272    .bss.setGyro        mpu6050.o
    0x20000271   0x080051c8   0x00000003   PAD
    0x20000274        -       0x00000004   Zero   RW          120    .bss.ui32gDummy     uart.o
    0x20000278        -       0x00000004   Zero   RW          136    .bss.ui32micros     clock.o
    0x2000027c   0x080051c8   0x00000004   PAD
    0x20000280        -       0x00000200   Zero   RW          431    HEAP                startup_stm32f10x_md.o
    0x20000480        -       0x00000400   Zero   RW          430    STACK               startup_stm32f10x_md.o


==============================================================================

Image component sizes


      Code (inc. data)   RO Data    RW Data    ZI Data      Debug   Object Name

       156          0          0          0          4       2177   clock.o
       350          0          0          0          0       3192   common.o
      6044          0          0          0         20      10415   gpio.o
       992          0          0          0          4       5113   i2c.o
      1400          0          0          0         15       3492   main.o
      2324          0          0          0        175       2948   mpu6050.o
      2164          0          0          8        152       2877   pid.o
        64         26        236          0       1536        836   startup_stm32f10x_md.o
       400          0          0          0          0       2863   system_stm32f10x.o
       146          0          0          0        137       3722   uart.o

    ----------------------------------------------------------------------
     14080         26        268          8       2072      37635   Object Totals
         0          0         32          0          0          0   (incl. Generated)
        40          0          0          0         29          0   (incl. Padding)

    ----------------------------------------------------------------------

      Code (inc. data)   RO Data    RW Data    ZI Data      Debug   Library Member Name

         8          0          0          0          0         68   __main.o
         0          0          0          0          0          0   __rtentry.o
        12          0          0          0          0          0   __rtentry2.o
         6          0          0          0          0          0   __rtentry4.o
        52          8          0          0          0          0   __scatter.o
        26          0          0          0          0          0   __scatter_copy.o
        28          0          0          0          0          0   __scatter_zi.o
        22          0          0          0          0        100   _rserrno.o
        18          0          0          0          0         80   exit.o
         6          0          0          0          0        152   heapauxi.o
         0          0          0          0          0          0   indicate_semi.o
         2          0          0          0          0          0   libinit.o
         2          0          0          0          0          0   libinit2.o
         2          0          0          0          0          0   libshutdown.o
         2          0          0          0          0          0   libshutdown2.o
         8          4          0          0         96         68   libspace.o
         8          4          0          0          0         68   rt_errno_addr_intlibspace.o
         2          0          0          0          0          0   rtexit.o
        10          0          0          0          0          0   rtexit2.o
        12          4          0          0          0         68   sys_exit.o
        74          0          0          0          0         80   sys_stackheap_outer.o
         2          0          0          0          0         68   use_no_semi.o
       834         16          0          0          0        372   daddsub_clz.o
        16          4          0          0          0         68   dcheck1.o
        84          0          0          0          0        196   dcmp.o
        24          0          0          0          0         68   dcmpi.o
       692        140          0          0          0        216   ddiv.o
       120          4          0          0          0         92   deqf.o
        94          4          0          0          0         92   dfix.o
        84          0          0          0          0        136   dflt_clz.o
       120          4          0          0          0         92   dgeqf.o
       120          4          0          0          0         92   dleqf.o
       340         12          0          0          0        104   dmul.o
       156          4          0          0          0         92   dnaninf.o
        12          0          0          0          0         68   dretinf.o
       460         56          0          0          0        120   dsqrt_noumaal.o
       100          0          0          0          0         68   retnan.o
        92          0          0          0          0         68   scalbn.o
        48          0          0          0          0         68   trapv.o
         0          0          0          0          0          0   usenofp.o
       544         70        152          0          0        124   atan.o
       252         22         48          0          0        124   cos_i.o
        34          6          0          0          0        204   dunder.o
        40          0          0          0          0         68   fpclassify.o
       170          0          0          0          0         96   poly.o
       904         76        204          0          0        140   rred.o
       160         10          0          0          0        108   sin.o
       236         12         40          0          0        128   sin_i.o
        76          0          0          0          0         84   sqrt.o

    ----------------------------------------------------------------------
      6132        464        448          0         96       3840   Library Totals
        18          0          4          0          0          0   (incl. Padding)

    ----------------------------------------------------------------------

      Code (inc. data)   RO Data    RW Data    ZI Data      Debug   Library Name

       302         20          0          0         96        752   c_w.l
      3396        248          0          0          0       2012   fz_ws.l
      2416        196        444          0          0       1076   m_ws.l

    ----------------------------------------------------------------------
      6132        464        448          0         96       3840   Library Totals

    ----------------------------------------------------------------------

==============================================================================


      Code (inc. data)   RO Data    RW Data    ZI Data      Debug   

     20212        490        716          8       2168      39491   Grand Totals
     20212        490        716          8       2168      39491   ELF Image Totals
     20212        490        716          8          0          0   ROM Totals

==============================================================================

    Total RO  Size (Code + RO Data)                20928 (  20.44kB)
    Total RW  Size (RW Data + ZI Data)              2176 (   2.12kB)
    Total ROM Size (Code + RO Data + RW Data)      20936 (  20.45kB)

==============================================================================

