Component: Arm Compiler for Embedded 6.19 Tool: armlink [5e73cb00]

==============================================================================

Section Cross References

    main.o(.text.main) refers to main.o(.text.System_Init) for System_Init
    main.o(.text.main) refers to main.o(.text.FlyingMode_IDLE) for FlyingMode_IDLE
    main.o(.text.main) refers to gpio.o(.bss.GPIO_PulseWidth) for GPIO_PulseWidth
    main.o(.text.main) refers to main.o(.text.ESC_Clibration) for ESC_Clibration
    main.o(.text.main) refers to gpio.o(.text.GPIO_PINHigh) for GPIO_PINHigh
    main.o(.text.main) refers to clock.o(.text.micros) for micros
    main.o(.text.main) refers to main.o(.bss.loop_timer) for loop_timer
    main.o(.text.main) refers to main.o(.bss.loopCounter) for loopCounter
    main.o(.text.main) refers to mpu6050.o(.text.MPU6050_CalculateAngle) for MPU6050_CalculateAngle
    main.o(.text.main) refers to main.o(.bss.Battery) for Battery
    main.o(.text.main) refers to gpio.o(.text.GPIO_ReadAnalog) for GPIO_ReadAnalog
    main.o(.text.main) refers to dflt_clz.o(x$fpl$dflt) for __aeabi_i2d
    main.o(.text.main) refers to dmul.o(x$fpl$dmul) for __aeabi_dmul
    main.o(.text.main) refers to ddiv.o(x$fpl$ddiv) for __aeabi_ddiv
    main.o(.text.main) refers to daddsub_clz.o(x$fpl$dadd) for __aeabi_dadd
    main.o(.text.main) refers to mpu6050.o(.bss.angle_roll_output) for angle_roll_output
    main.o(.text.main) refers to mpu6050.o(.bss.angle_pitch_output) for angle_pitch_output
    main.o(.text.main) refers to pid.o(.text.PID_Calculate) for PID_Calculate
    main.o(.text.main) refers to main.o(.text.GetFlyingState) for GetFlyingState
    main.o(.text.main) refers to main.o(.bss.FlyingState) for FlyingState
    main.o(.text.main) refers to main.o(.bss.PreviousFlyingState) for PreviousFlyingState
    main.o(.text.main) refers to pid.o(.text.PID_Reset) for PID_Reset
    main.o(.text.main) refers to mpu6050.o(.text.MPU6050_AngleReset) for MPU6050_AngleReset
    main.o(.text.main) refers to main.o(.text.FlyingMode_TAKE_OFF) for FlyingMode_TAKE_OFF
    main.o(.text.main) refers to gpio.o(.text.GPIO_PINToggle) for GPIO_PINToggle
    main.o(.text.main) refers to main.o(.bss.RedLedCnt) for RedLedCnt
    main.o(.text.main) refers to main.o(.bss.Error) for Error
    main.o(.text.main) refers to main.o(.text.CheckTimeOut) for CheckTimeOut
    main.o(.text.main) refers to dcmp.o(x$fpl$fcmp) for __aeabi_dcmpge
    main.o(.text.main) refers to main.o(.bss.ErrorTimeout) for ErrorTimeout
    main.o(.ARM.exidx.text.main) refers to main.o(.text.main) for [Anonymous Symbol]
    main.o(.text.System_Init) refers to gpio.o(.text.GPIO_SetPWM) for GPIO_SetPWM
    main.o(.text.System_Init) refers to clock.o(.text.CLOCK_SystickInit) for CLOCK_SystickInit
    main.o(.text.System_Init) refers to gpio.o(.text.GPIO_SetPWMMeasurement) for GPIO_SetPWMMeasurement
    main.o(.text.System_Init) refers to gpio.o(.text.GPIO_SetOutPut) for GPIO_SetOutPut
    main.o(.text.System_Init) refers to gpio.o(.text.GPIO_PINHigh) for GPIO_PINHigh
    main.o(.text.System_Init) refers to gpio.o(.text.GPIO_SetAnalog) for GPIO_SetAnalog
    main.o(.text.System_Init) refers to gpio.o(.text.GPIO_ReadAnalog) for GPIO_ReadAnalog
    main.o(.text.System_Init) refers to dflt_clz.o(x$fpl$dflt) for __aeabi_i2d
    main.o(.text.System_Init) refers to dmul.o(x$fpl$dmul) for __aeabi_dmul
    main.o(.text.System_Init) refers to ddiv.o(x$fpl$ddiv) for __aeabi_ddiv
    main.o(.text.System_Init) refers to main.o(.bss.Battery) for Battery
    main.o(.text.System_Init) refers to gpio.o(.text.GPIO_PINToggle) for GPIO_PINToggle
    main.o(.text.System_Init) refers to common.o(.text.delay) for delay
    main.o(.text.System_Init) refers to i2c.o(.text.I2C2_Init) for I2C2_Init
    main.o(.text.System_Init) refers to lcd.o(.text.LCD_Check) for LCD_Check
    main.o(.text.System_Init) refers to lcd.o(.text.LCD_Test) for LCD_Test
    main.o(.text.System_Init) refers to mpu6050.o(.text.MPU6050_Init) for MPU6050_Init
    main.o(.text.System_Init) refers to mpu6050.o(.text.MPU6050_Calibration) for MPU6050_Calibration
    main.o(.ARM.exidx.text.System_Init) refers to main.o(.text.System_Init) for [Anonymous Symbol]
    main.o(.text.FlyingMode_IDLE) refers to gpio.o(.text.GPIO_B6_PWM) for GPIO_B6_PWM
    main.o(.text.FlyingMode_IDLE) refers to gpio.o(.text.GPIO_B7_PWM) for GPIO_B7_PWM
    main.o(.text.FlyingMode_IDLE) refers to gpio.o(.text.GPIO_B8_PWM) for GPIO_B8_PWM
    main.o(.text.FlyingMode_IDLE) refers to gpio.o(.text.GPIO_B9_PWM) for GPIO_B9_PWM
    main.o(.ARM.exidx.text.FlyingMode_IDLE) refers to main.o(.text.FlyingMode_IDLE) for [Anonymous Symbol]
    main.o(.text.ESC_Clibration) refers to gpio.o(.bss.GPIO_PulseWidth) for GPIO_PulseWidth
    main.o(.text.ESC_Clibration) refers to gpio.o(.text.GPIO_B6_PWM) for GPIO_B6_PWM
    main.o(.text.ESC_Clibration) refers to gpio.o(.text.GPIO_B7_PWM) for GPIO_B7_PWM
    main.o(.text.ESC_Clibration) refers to gpio.o(.text.GPIO_B8_PWM) for GPIO_B8_PWM
    main.o(.text.ESC_Clibration) refers to gpio.o(.text.GPIO_B9_PWM) for GPIO_B9_PWM
    main.o(.ARM.exidx.text.ESC_Clibration) refers to main.o(.text.ESC_Clibration) for [Anonymous Symbol]
    main.o(.text.GetFlyingState) refers to gpio.o(.bss.GPIO_PulseWidth) for GPIO_PulseWidth
    main.o(.ARM.exidx.text.GetFlyingState) refers to main.o(.text.GetFlyingState) for [Anonymous Symbol]
    main.o(.text.FlyingMode_TAKE_OFF) refers to pid.o(.bss.PID_Pwm) for PID_Pwm
    main.o(.text.FlyingMode_TAKE_OFF) refers to gpio.o(.text.GPIO_B6_PWM) for GPIO_B6_PWM
    main.o(.text.FlyingMode_TAKE_OFF) refers to gpio.o(.text.GPIO_B7_PWM) for GPIO_B7_PWM
    main.o(.text.FlyingMode_TAKE_OFF) refers to gpio.o(.text.GPIO_B8_PWM) for GPIO_B8_PWM
    main.o(.text.FlyingMode_TAKE_OFF) refers to gpio.o(.text.GPIO_B9_PWM) for GPIO_B9_PWM
    main.o(.ARM.exidx.text.FlyingMode_TAKE_OFF) refers to main.o(.text.FlyingMode_TAKE_OFF) for [Anonymous Symbol]
    main.o(.text.CheckTimeOut) refers to clock.o(.text.micros) for micros
    main.o(.text.CheckTimeOut) refers to main.o(.bss.loop_timer) for loop_timer
    main.o(.text.CheckTimeOut) refers to main.o(.bss.ErrorTimeout) for ErrorTimeout
    main.o(.ARM.exidx.text.CheckTimeOut) refers to main.o(.text.CheckTimeOut) for [Anonymous Symbol]
    main.o(.ARM.exidx.text.FlyingMode_STAND_BY) refers to main.o(.text.FlyingMode_STAND_BY) for [Anonymous Symbol]
    main.o(.text.LedWarning_NotInIdleMode) refers to gpio.o(.text.GPIO_PINHigh) for GPIO_PINHigh
    main.o(.text.LedWarning_NotInIdleMode) refers to gpio.o(.text.GPIO_PINToggle) for GPIO_PINToggle
    main.o(.text.LedWarning_NotInIdleMode) refers to common.o(.text.delay) for delay
    main.o(.ARM.exidx.text.LedWarning_NotInIdleMode) refers to main.o(.text.LedWarning_NotInIdleMode) for [Anonymous Symbol]
    main.o(.text.TX_Unavailable) refers to gpio.o(.bss.GPIO_PulseWidth) for GPIO_PulseWidth
    main.o(.ARM.exidx.text.TX_Unavailable) refers to main.o(.text.TX_Unavailable) for [Anonymous Symbol]
    gpio.o(.ARM.exidx.text.GPIO_SetOutPut) refers to gpio.o(.text.GPIO_SetOutPut) for [Anonymous Symbol]
    gpio.o(.ARM.exidx.text.GPIO_PINLow) refers to gpio.o(.text.GPIO_PINLow) for [Anonymous Symbol]
    gpio.o(.ARM.exidx.text.GPIO_PINHigh) refers to gpio.o(.text.GPIO_PINHigh) for [Anonymous Symbol]
    gpio.o(.text.GPIO_PINToggle) refers to gpio.o(.text.GPIO_PINLow) for GPIO_PINLow
    gpio.o(.text.GPIO_PINToggle) refers to gpio.o(.text.GPIO_PINHigh) for GPIO_PINHigh
    gpio.o(.ARM.exidx.text.GPIO_PINToggle) refers to gpio.o(.text.GPIO_PINToggle) for [Anonymous Symbol]
    gpio.o(.ARM.exidx.text.GPIO_SetInPut) refers to gpio.o(.text.GPIO_SetInPut) for [Anonymous Symbol]
    gpio.o(.ARM.exidx.text.GPIO_ReadPIN) refers to gpio.o(.text.GPIO_ReadPIN) for [Anonymous Symbol]
    gpio.o(.text.GPIO_SetAnalog) refers to common.o(.text.delay) for delay
    gpio.o(.ARM.exidx.text.GPIO_SetAnalog) refers to gpio.o(.text.GPIO_SetAnalog) for [Anonymous Symbol]
    gpio.o(.ARM.exidx.text.GPIO_ReadAnalog) refers to gpio.o(.text.GPIO_ReadAnalog) for [Anonymous Symbol]
    gpio.o(.text.GPIO_SetPWM) refers to gpio.o(.text.GPIO_SetOutPut) for GPIO_SetOutPut
    gpio.o(.ARM.exidx.text.GPIO_SetPWM) refers to gpio.o(.text.GPIO_SetPWM) for [Anonymous Symbol]
    gpio.o(.ARM.exidx.text.GPIO_B6_PWM) refers to gpio.o(.text.GPIO_B6_PWM) for [Anonymous Symbol]
    gpio.o(.ARM.exidx.text.GPIO_B7_PWM) refers to gpio.o(.text.GPIO_B7_PWM) for [Anonymous Symbol]
    gpio.o(.ARM.exidx.text.GPIO_B8_PWM) refers to gpio.o(.text.GPIO_B8_PWM) for [Anonymous Symbol]
    gpio.o(.ARM.exidx.text.GPIO_B9_PWM) refers to gpio.o(.text.GPIO_B9_PWM) for [Anonymous Symbol]
    gpio.o(.text.GPIO_SetInterrupt) refers to common.o(.text.NVIC_EnableIRQ) for NVIC_EnableIRQ
    gpio.o(.ARM.exidx.text.GPIO_SetInterrupt) refers to gpio.o(.text.GPIO_SetInterrupt) for [Anonymous Symbol]
    gpio.o(.text.GPIO_SetPWMMeasurement) refers to gpio.o(.bss.RisingTimeTIM2) for RisingTimeTIM2
    gpio.o(.text.GPIO_SetPWMMeasurement) refers to gpio.o(.bss.RisingTimeTIM3) for RisingTimeTIM3
    gpio.o(.text.GPIO_SetPWMMeasurement) refers to gpio.o(.bss.GPIO_PulseWidth) for GPIO_PulseWidth
    gpio.o(.text.GPIO_SetPWMMeasurement) refers to gpio.o(.text.GPIO_SetInPut) for GPIO_SetInPut
    gpio.o(.text.GPIO_SetPWMMeasurement) refers to common.o(.text.NVIC_EnableIRQ) for NVIC_EnableIRQ
    gpio.o(.ARM.exidx.text.GPIO_SetPWMMeasurement) refers to gpio.o(.text.GPIO_SetPWMMeasurement) for [Anonymous Symbol]
    gpio.o(.text.GPIO_GetPWM) refers to gpio.o(.bss.GPIO_PulseWidth) for GPIO_PulseWidth
    gpio.o(.ARM.exidx.text.GPIO_GetPWM) refers to gpio.o(.text.GPIO_GetPWM) for [Anonymous Symbol]
    gpio.o(.text.TIM2_IRQHandler) refers to gpio.o(.bss.RisingTimeTIM2) for RisingTimeTIM2
    gpio.o(.text.TIM2_IRQHandler) refers to gpio.o(.bss.GPIO_PulseWidth) for GPIO_PulseWidth
    gpio.o(.ARM.exidx.text.TIM2_IRQHandler) refers to gpio.o(.text.TIM2_IRQHandler) for [Anonymous Symbol]
    gpio.o(.text.TIM3_IRQHandler) refers to gpio.o(.bss.RisingTimeTIM3) for RisingTimeTIM3
    gpio.o(.text.TIM3_IRQHandler) refers to gpio.o(.bss.GPIO_PulseWidth) for GPIO_PulseWidth
    gpio.o(.ARM.exidx.text.TIM3_IRQHandler) refers to gpio.o(.text.TIM3_IRQHandler) for [Anonymous Symbol]
    common.o(.ARM.exidx.text.delay) refers to common.o(.text.delay) for [Anonymous Symbol]
    common.o(.text.map) refers to daddsub_clz.o(x$fpl$dsub) for __aeabi_dsub
    common.o(.text.map) refers to dmul.o(x$fpl$dmul) for __aeabi_dmul
    common.o(.text.map) refers to ddiv.o(x$fpl$ddiv) for __aeabi_ddiv
    common.o(.text.map) refers to daddsub_clz.o(x$fpl$dadd) for __aeabi_dadd
    common.o(.ARM.exidx.text.map) refers to common.o(.text.map) for [Anonymous Symbol]
    common.o(.ARM.exidx.text.NVIC_EnableIRQ) refers to common.o(.text.NVIC_EnableIRQ) for [Anonymous Symbol]
    common.o(.ARM.exidx.text.NVIC_SetPriority) refers to common.o(.text.NVIC_SetPriority) for [Anonymous Symbol]
    common.o(.text.DegreeToRadian) refers to dmul.o(x$fpl$dmul) for __aeabi_dmul
    common.o(.text.DegreeToRadian) refers to ddiv.o(x$fpl$ddiv) for __aeabi_ddiv
    common.o(.ARM.exidx.text.DegreeToRadian) refers to common.o(.text.DegreeToRadian) for [Anonymous Symbol]
    common.o(.text.RadianToDegree) refers to dmul.o(x$fpl$dmul) for __aeabi_dmul
    common.o(.text.RadianToDegree) refers to ddiv.o(x$fpl$ddiv) for __aeabi_ddiv
    common.o(.ARM.exidx.text.RadianToDegree) refers to common.o(.text.RadianToDegree) for [Anonymous Symbol]
    uart.o(.text.UART1_Init) refers to uart.o(.bss.Pointer) for Pointer
    uart.o(.text.UART1_Init) refers to uart.o(.bss.USART1_Buffer) for USART1_Buffer
    uart.o(.text.UART1_Init) refers to uart.o(.text.UART1_EnaleReceiveIRQ) for UART1_EnaleReceiveIRQ
    uart.o(.ARM.exidx.text.UART1_Init) refers to uart.o(.text.UART1_Init) for [Anonymous Symbol]
    uart.o(.text.UART1_EnaleReceiveIRQ) refers to common.o(.text.NVIC_EnableIRQ) for NVIC_EnableIRQ
    uart.o(.ARM.exidx.text.UART1_EnaleReceiveIRQ) refers to uart.o(.text.UART1_EnaleReceiveIRQ) for [Anonymous Symbol]
    uart.o(.ARM.exidx.text.UART1_sendByte) refers to uart.o(.text.UART1_sendByte) for [Anonymous Symbol]
    uart.o(.text.UART1_sendStr) refers to uart.o(.text.UART1_sendByte) for UART1_sendByte
    uart.o(.ARM.exidx.text.UART1_sendStr) refers to uart.o(.text.UART1_sendStr) for [Anonymous Symbol]
    uart.o(.text.UART1_sendNum) refers to uart.o(.text.UART1_sendByte) for UART1_sendByte
    uart.o(.ARM.exidx.text.UART1_sendNum) refers to uart.o(.text.UART1_sendNum) for [Anonymous Symbol]
    uart.o(.text.UART1_CheckMessageAvail) refers to uart.o(.bss.bMessageAvail) for bMessageAvail
    uart.o(.ARM.exidx.text.UART1_CheckMessageAvail) refers to uart.o(.text.UART1_CheckMessageAvail) for [Anonymous Symbol]
    uart.o(.text.UART1_GetStr) refers to uart.o(.bss.bMessageAvail) for bMessageAvail
    uart.o(.text.UART1_GetStr) refers to uart.o(.bss.USART1_Buffer) for USART1_Buffer
    uart.o(.ARM.exidx.text.UART1_GetStr) refers to uart.o(.text.UART1_GetStr) for [Anonymous Symbol]
    uart.o(.ram) refers to uart.o(.bss.Pointer) for Pointer
    uart.o(.ram) refers to uart.o(.bss.ui32gDummy) for ui32gDummy
    uart.o(.ram) refers to uart.o(.bss.bMessageAvail) for bMessageAvail
    uart.o(.ram) refers to uart.o(.bss.USART1_Buffer) for USART1_Buffer
    uart.o(.ARM.exidx.ram) refers to uart.o(.ram) for [Anonymous Symbol]
    clock.o(.ARM.exidx.text.CLOCK_ExternCrystal72Mhz) refers to clock.o(.text.CLOCK_ExternCrystal72Mhz) for [Anonymous Symbol]
    clock.o(.text.CLOCK_SystickInit) refers to clock.o(.bss.ui32micros) for ui32micros
    clock.o(.text.CLOCK_SystickInit) refers to common.o(.text.NVIC_SetPriority) for NVIC_SetPriority
    clock.o(.ARM.exidx.text.CLOCK_SystickInit) refers to clock.o(.text.CLOCK_SystickInit) for [Anonymous Symbol]
    clock.o(.text.SysTick_Handler) refers to clock.o(.bss.ui32micros) for ui32micros
    clock.o(.ARM.exidx.text.SysTick_Handler) refers to clock.o(.text.SysTick_Handler) for [Anonymous Symbol]
    clock.o(.text.micros) refers to clock.o(.bss.ui32micros) for ui32micros
    clock.o(.ARM.exidx.text.micros) refers to clock.o(.text.micros) for [Anonymous Symbol]
    vectable.o(.text.VEC_TABLE_MoveVECTAB) refers to vectable.o(.bss.ui32vectorTable_RAM) for ui32vectorTable_RAM
    vectable.o(.ARM.exidx.text.VEC_TABLE_MoveVECTAB) refers to vectable.o(.text.VEC_TABLE_MoveVECTAB) for [Anonymous Symbol]
    i2c.o(.text.I2C1_Init) refers to gpio.o(.text.GPIO_SetOutPut) for GPIO_SetOutPut
    i2c.o(.text.I2C1_Init) refers to common.o(.text.delay) for delay
    i2c.o(.ARM.exidx.text.I2C1_Init) refers to i2c.o(.text.I2C1_Init) for [Anonymous Symbol]
    i2c.o(.ARM.exidx.text.I2C1_Start) refers to i2c.o(.text.I2C1_Start) for [Anonymous Symbol]
    i2c.o(.ARM.exidx.text.I2C1_Write) refers to i2c.o(.text.I2C1_Write) for [Anonymous Symbol]
    i2c.o(.text.I2C1_CallAdress) refers to i2c.o(.bss.dummy) for dummy
    i2c.o(.ARM.exidx.text.I2C1_CallAdress) refers to i2c.o(.text.I2C1_CallAdress) for [Anonymous Symbol]
    i2c.o(.ARM.exidx.text.I2C1_Stop) refers to i2c.o(.text.I2C1_Stop) for [Anonymous Symbol]
    i2c.o(.ARM.exidx.text.I2C1_MultiWrite) refers to i2c.o(.text.I2C1_MultiWrite) for [Anonymous Symbol]
    i2c.o(.text.I2C2_Init) refers to gpio.o(.text.GPIO_SetOutPut) for GPIO_SetOutPut
    i2c.o(.text.I2C2_Init) refers to common.o(.text.delay) for delay
    i2c.o(.ARM.exidx.text.I2C2_Init) refers to i2c.o(.text.I2C2_Init) for [Anonymous Symbol]
    i2c.o(.ARM.exidx.text.I2C2_Start) refers to i2c.o(.text.I2C2_Start) for [Anonymous Symbol]
    i2c.o(.ARM.exidx.text.I2C2_Write) refers to i2c.o(.text.I2C2_Write) for [Anonymous Symbol]
    i2c.o(.ARM.exidx.text.I2C2_Read1Byte) refers to i2c.o(.text.I2C2_Read1Byte) for [Anonymous Symbol]
    i2c.o(.text.I2C2_CallAdress) refers to i2c.o(.bss.dummy) for dummy
    i2c.o(.ARM.exidx.text.I2C2_CallAdress) refers to i2c.o(.text.I2C2_CallAdress) for [Anonymous Symbol]
    i2c.o(.ARM.exidx.text.I2C2_Stop) refers to i2c.o(.text.I2C2_Stop) for [Anonymous Symbol]
    i2c.o(.ARM.exidx.text.I2C2_MultiWrite) refers to i2c.o(.text.I2C2_MultiWrite) for [Anonymous Symbol]
    i2c.o(.text.I2C2_Read) refers to i2c.o(.text.I2C2_CallAdress) for I2C2_CallAdress
    i2c.o(.text.I2C2_Read) refers to i2c.o(.text.I2C2_Stop) for I2C2_Stop
    i2c.o(.text.I2C2_Read) refers to i2c.o(.text.I2C2_Read1Byte) for I2C2_Read1Byte
    i2c.o(.ARM.exidx.text.I2C2_Read) refers to i2c.o(.text.I2C2_Read) for [Anonymous Symbol]
    i2c.o(.text.I2C2_WriteToDevice) refers to i2c.o(.text.I2C2_Start) for I2C2_Start
    i2c.o(.text.I2C2_WriteToDevice) refers to i2c.o(.text.I2C2_CallAdress) for I2C2_CallAdress
    i2c.o(.text.I2C2_WriteToDevice) refers to i2c.o(.text.I2C2_Write) for I2C2_Write
    i2c.o(.text.I2C2_WriteToDevice) refers to i2c.o(.text.I2C2_Stop) for I2C2_Stop
    i2c.o(.ARM.exidx.text.I2C2_WriteToDevice) refers to i2c.o(.text.I2C2_WriteToDevice) for [Anonymous Symbol]
    i2c.o(.text.I2C2_ReadDevice) refers to i2c.o(.text.I2C2_Start) for I2C2_Start
    i2c.o(.text.I2C2_ReadDevice) refers to i2c.o(.text.I2C2_CallAdress) for I2C2_CallAdress
    i2c.o(.text.I2C2_ReadDevice) refers to i2c.o(.text.I2C2_Write) for I2C2_Write
    i2c.o(.text.I2C2_ReadDevice) refers to i2c.o(.text.I2C2_Read) for I2C2_Read
    i2c.o(.text.I2C2_ReadDevice) refers to i2c.o(.text.I2C2_Stop) for I2C2_Stop
    i2c.o(.ARM.exidx.text.I2C2_ReadDevice) refers to i2c.o(.text.I2C2_ReadDevice) for [Anonymous Symbol]
    i2c.o(.text.I2C2_WriteBit) refers to i2c.o(.text.I2C2_ReadDevice) for I2C2_ReadDevice
    i2c.o(.text.I2C2_WriteBit) refers to i2c.o(.text.I2C2_WriteToDevice) for I2C2_WriteToDevice
    i2c.o(.ARM.exidx.text.I2C2_WriteBit) refers to i2c.o(.text.I2C2_WriteBit) for [Anonymous Symbol]
    i2c.o(.text.I2C2_CheckDevice) refers to i2c.o(.text.I2C2_Start) for I2C2_Start
    i2c.o(.text.I2C2_CheckDevice) refers to common.o(.text.delay) for delay
    i2c.o(.text.I2C2_CheckDevice) refers to i2c.o(.bss.dummy) for dummy
    i2c.o(.text.I2C2_CheckDevice) refers to i2c.o(.text.I2C2_Stop) for I2C2_Stop
    i2c.o(.ARM.exidx.text.I2C2_CheckDevice) refers to i2c.o(.text.I2C2_CheckDevice) for [Anonymous Symbol]
    ex_eeprom.o(.text.EEPROM_CheckDevice) refers to i2c.o(.text.I2C2_CheckDevice) for I2C2_CheckDevice
    ex_eeprom.o(.ARM.exidx.text.EEPROM_CheckDevice) refers to ex_eeprom.o(.text.EEPROM_CheckDevice) for [Anonymous Symbol]
    ex_eeprom.o(.text.EEPROM_Write) refers to i2c.o(.text.I2C2_Start) for I2C2_Start
    ex_eeprom.o(.text.EEPROM_Write) refers to i2c.o(.text.I2C2_CallAdress) for I2C2_CallAdress
    ex_eeprom.o(.text.EEPROM_Write) refers to i2c.o(.text.I2C2_Write) for I2C2_Write
    ex_eeprom.o(.text.EEPROM_Write) refers to i2c.o(.text.I2C2_Stop) for I2C2_Stop
    ex_eeprom.o(.ARM.exidx.text.EEPROM_Write) refers to ex_eeprom.o(.text.EEPROM_Write) for [Anonymous Symbol]
    ex_eeprom.o(.text.EEPROM_Read) refers to i2c.o(.text.I2C2_Start) for I2C2_Start
    ex_eeprom.o(.text.EEPROM_Read) refers to i2c.o(.text.I2C2_CallAdress) for I2C2_CallAdress
    ex_eeprom.o(.text.EEPROM_Read) refers to i2c.o(.text.I2C2_Write) for I2C2_Write
    ex_eeprom.o(.text.EEPROM_Read) refers to i2c.o(.text.I2C2_Stop) for I2C2_Stop
    ex_eeprom.o(.text.EEPROM_Read) refers to i2c.o(.text.I2C2_Read1Byte) for I2C2_Read1Byte
    ex_eeprom.o(.ARM.exidx.text.EEPROM_Read) refers to ex_eeprom.o(.text.EEPROM_Read) for [Anonymous Symbol]
    pid.o(.text.PID_Reset) refers to pid.o(.bss.I_Pitch) for I_Pitch
    pid.o(.text.PID_Reset) refers to pid.o(.bss.I_Roll) for I_Roll
    pid.o(.text.PID_Reset) refers to pid.o(.bss.I_Yaw) for I_Yaw
    pid.o(.text.PID_Reset) refers to pid.o(.bss.Pre_Pitch_Error) for Pre_Pitch_Error
    pid.o(.text.PID_Reset) refers to pid.o(.bss.Pre_Roll_Error) for Pre_Roll_Error
    pid.o(.text.PID_Reset) refers to pid.o(.bss.Pre_Yaw_Error) for Pre_Yaw_Error
    pid.o(.ARM.exidx.text.PID_Reset) refers to pid.o(.text.PID_Reset) for [Anonymous Symbol]
    pid.o(.text.PID_Calculate) refers to gpio.o(.bss.GPIO_PulseWidth) for GPIO_PulseWidth
    pid.o(.text.PID_Calculate) refers to dflt_clz.o(x$fpl$dfltu) for __aeabi_ui2d
    pid.o(.text.PID_Calculate) refers to common.o(.text.map) for map
    pid.o(.text.PID_Calculate) refers to pid.o(.bss.Desired_Roll) for Desired_Roll
    pid.o(.text.PID_Calculate) refers to pid.o(.bss.Desired_Pitch) for Desired_Pitch
    pid.o(.text.PID_Calculate) refers to pid.o(.bss.Desired_Yaw) for Desired_Yaw
    pid.o(.text.PID_Calculate) refers to pid.o(.bss.I_Yaw) for I_Yaw
    pid.o(.text.PID_Calculate) refers to daddsub_clz.o(x$fpl$dsub) for __aeabi_dsub
    pid.o(.text.PID_Calculate) refers to pid.o(.bss.Pitch_Error) for Pitch_Error
    pid.o(.text.PID_Calculate) refers to pid.o(.bss.Roll_Error) for Roll_Error
    pid.o(.text.PID_Calculate) refers to pid.o(.bss.Yaw_Error) for Yaw_Error
    pid.o(.text.PID_Calculate) refers to dmul.o(x$fpl$dmul) for __aeabi_dmul
    pid.o(.text.PID_Calculate) refers to pid.o(.bss.P_Pitch) for P_Pitch
    pid.o(.text.PID_Calculate) refers to pid.o(.bss.P_Roll) for P_Roll
    pid.o(.text.PID_Calculate) refers to pid.o(.bss.P_Yaw) for P_Yaw
    pid.o(.text.PID_Calculate) refers to pid.o(.bss.Pre_Pitch_Error) for Pre_Pitch_Error
    pid.o(.text.PID_Calculate) refers to pid.o(.bss.D_Pitch) for D_Pitch
    pid.o(.text.PID_Calculate) refers to pid.o(.bss.Pre_Roll_Error) for Pre_Roll_Error
    pid.o(.text.PID_Calculate) refers to pid.o(.bss.D_Roll) for D_Roll
    pid.o(.text.PID_Calculate) refers to pid.o(.bss.D_Yaw) for D_Yaw
    pid.o(.text.PID_Calculate) refers to pid.o(.bss.I_Pitch) for I_Pitch
    pid.o(.text.PID_Calculate) refers to daddsub_clz.o(x$fpl$dadd) for __aeabi_dadd
    pid.o(.text.PID_Calculate) refers to pid.o(.bss.I_Roll) for I_Roll
    pid.o(.text.PID_Calculate) refers to dcmp.o(x$fpl$fcmp) for __aeabi_dcmple
    pid.o(.text.PID_Calculate) refers to pid.o(.bss.PID_OutputPitch) for PID_OutputPitch
    pid.o(.text.PID_Calculate) refers to pid.o(.bss.PID_OutputRoll) for PID_OutputRoll
    pid.o(.text.PID_Calculate) refers to pid.o(.bss.PID_OutputYaw) for PID_OutputYaw
    pid.o(.text.PID_Calculate) refers to dfix.o(x$fpl$dfix) for __aeabi_d2iz
    pid.o(.text.PID_Calculate) refers to pid.o(.bss.PID_Pwm) for PID_Pwm
    pid.o(.text.PID_Calculate) refers to pid.o(.data.Battery_Compensation) for Battery_Compensation
    pid.o(.text.PID_Calculate) refers to pid.o(.bss.Pre_Yaw_Error) for Pre_Yaw_Error
    pid.o(.ARM.exidx.text.PID_Calculate) refers to pid.o(.text.PID_Calculate) for [Anonymous Symbol]
    mpu6050.o(.text.MPU6050_Write) refers to i2c.o(.text.I2C2_WriteToDevice) for I2C2_WriteToDevice
    mpu6050.o(.ARM.exidx.text.MPU6050_Write) refers to mpu6050.o(.text.MPU6050_Write) for [Anonymous Symbol]
    mpu6050.o(.text.MPU6050_Read) refers to i2c.o(.text.I2C2_ReadDevice) for I2C2_ReadDevice
    mpu6050.o(.ARM.exidx.text.MPU6050_Read) refers to mpu6050.o(.text.MPU6050_Read) for [Anonymous Symbol]
    mpu6050.o(.text.MPU6050_Init) refers to mpu6050.o(.bss.MPU6050_RawData) for MPU6050_RawData
    mpu6050.o(.text.MPU6050_Init) refers to mpu6050.o(.text.MPU6050_Write) for MPU6050_Write
    mpu6050.o(.ARM.exidx.text.MPU6050_Init) refers to mpu6050.o(.text.MPU6050_Init) for [Anonymous Symbol]
    mpu6050.o(.text.MPU6050_getPara) refers to mpu6050.o(.bss.Buffer_data) for Buffer_data
    mpu6050.o(.text.MPU6050_getPara) refers to mpu6050.o(.text.MPU6050_Read) for MPU6050_Read
    mpu6050.o(.text.MPU6050_getPara) refers to mpu6050.o(.bss.Accel_X_Raw) for Accel_X_Raw
    mpu6050.o(.text.MPU6050_getPara) refers to mpu6050.o(.bss.Accel_Y_Raw) for Accel_Y_Raw
    mpu6050.o(.text.MPU6050_getPara) refers to mpu6050.o(.bss.Accel_Z_Raw) for Accel_Z_Raw
    mpu6050.o(.text.MPU6050_getPara) refers to mpu6050.o(.bss.Gyro_X_Raw) for Gyro_X_Raw
    mpu6050.o(.text.MPU6050_getPara) refers to mpu6050.o(.bss.Gyro_Y_Raw) for Gyro_Y_Raw
    mpu6050.o(.text.MPU6050_getPara) refers to mpu6050.o(.bss.Gyro_Z_Raw) for Gyro_Z_Raw
    mpu6050.o(.text.MPU6050_getPara) refers to mpu6050.o(.bss.Gyro_X_Offset) for Gyro_X_Offset
    mpu6050.o(.text.MPU6050_getPara) refers to mpu6050.o(.bss.Gyro_Y_Offset) for Gyro_Y_Offset
    mpu6050.o(.text.MPU6050_getPara) refers to mpu6050.o(.bss.Gyro_Z_Offset) for Gyro_Z_Offset
    mpu6050.o(.ARM.exidx.text.MPU6050_getPara) refers to mpu6050.o(.text.MPU6050_getPara) for [Anonymous Symbol]
    mpu6050.o(.text.MPU6050_CalculateAngle) refers to mpu6050.o(.text.MPU6050_getPara) for MPU6050_getPara
    mpu6050.o(.text.MPU6050_CalculateAngle) refers to mpu6050.o(.bss.Gyro_X_Raw) for Gyro_X_Raw
    mpu6050.o(.text.MPU6050_CalculateAngle) refers to dflt_clz.o(x$fpl$dflt) for __aeabi_i2d
    mpu6050.o(.text.MPU6050_CalculateAngle) refers to dmul.o(x$fpl$dmul) for __aeabi_dmul
    mpu6050.o(.text.MPU6050_CalculateAngle) refers to daddsub_clz.o(x$fpl$dadd) for __aeabi_dadd
    mpu6050.o(.text.MPU6050_CalculateAngle) refers to mpu6050.o(.bss.Gyro_Y_Raw) for Gyro_Y_Raw
    mpu6050.o(.text.MPU6050_CalculateAngle) refers to mpu6050.o(.bss.Gyro_Z_Raw) for Gyro_Z_Raw
    mpu6050.o(.text.MPU6050_CalculateAngle) refers to sin.o(i.sin) for sin
    mpu6050.o(.text.MPU6050_CalculateAngle) refers to daddsub_clz.o(x$fpl$dsub) for __aeabi_dsub
    mpu6050.o(.text.MPU6050_CalculateAngle) refers to mpu6050.o(.bss.Accel_X_Raw) for Accel_X_Raw
    mpu6050.o(.text.MPU6050_CalculateAngle) refers to mpu6050.o(.bss.Accel_Y_Raw) for Accel_Y_Raw
    mpu6050.o(.text.MPU6050_CalculateAngle) refers to mpu6050.o(.bss.Accel_Z_Raw) for Accel_Z_Raw
    mpu6050.o(.text.MPU6050_CalculateAngle) refers to mpu6050.o(.bss.TotalVector) for TotalVector
    mpu6050.o(.text.MPU6050_CalculateAngle) refers to sqrt.o(i.sqrt) for sqrt
    mpu6050.o(.text.MPU6050_CalculateAngle) refers to ddiv.o(x$fpl$ddiv) for __aeabi_ddiv
    mpu6050.o(.text.MPU6050_CalculateAngle) refers to asin.o(i.asin) for asin
    mpu6050.o(.text.MPU6050_CalculateAngle) refers to mpu6050.o(.bss.angle_pitch_acc) for angle_pitch_acc
    mpu6050.o(.text.MPU6050_CalculateAngle) refers to mpu6050.o(.bss.angle_roll_acc) for angle_roll_acc
    mpu6050.o(.text.MPU6050_CalculateAngle) refers to mpu6050.o(.data.firstStart) for firstStart
    mpu6050.o(.text.MPU6050_CalculateAngle) refers to mpu6050.o(.bss.angle_pitch_output) for angle_pitch_output
    mpu6050.o(.text.MPU6050_CalculateAngle) refers to mpu6050.o(.bss.angle_roll_output) for angle_roll_output
    mpu6050.o(.ARM.exidx.text.MPU6050_CalculateAngle) refers to mpu6050.o(.text.MPU6050_CalculateAngle) for [Anonymous Symbol]
    mpu6050.o(.text.MPU6050_Calibration) refers to mpu6050.o(.bss.Gyro_X_Offset) for Gyro_X_Offset
    mpu6050.o(.text.MPU6050_Calibration) refers to mpu6050.o(.bss.Gyro_Y_Offset) for Gyro_Y_Offset
    mpu6050.o(.text.MPU6050_Calibration) refers to mpu6050.o(.bss.Gyro_Z_Offset) for Gyro_Z_Offset
    mpu6050.o(.text.MPU6050_Calibration) refers to clock.o(.text.micros) for micros
    mpu6050.o(.text.MPU6050_Calibration) refers to gpio.o(.text.GPIO_PINToggle) for GPIO_PINToggle
    mpu6050.o(.text.MPU6050_Calibration) refers to mpu6050.o(.text.MPU6050_getPara) for MPU6050_getPara
    mpu6050.o(.text.MPU6050_Calibration) refers to mpu6050.o(.bss.Gyro_X_Raw) for Gyro_X_Raw
    mpu6050.o(.text.MPU6050_Calibration) refers to mpu6050.o(.bss.Gyro_Y_Raw) for Gyro_Y_Raw
    mpu6050.o(.text.MPU6050_Calibration) refers to mpu6050.o(.bss.Gyro_Z_Raw) for Gyro_Z_Raw
    mpu6050.o(.ARM.exidx.text.MPU6050_Calibration) refers to mpu6050.o(.text.MPU6050_Calibration) for [Anonymous Symbol]
    mpu6050.o(.text.MPU6050_AngleReset) refers to mpu6050.o(.bss.angle_pitch_acc) for angle_pitch_acc
    mpu6050.o(.text.MPU6050_AngleReset) refers to mpu6050.o(.bss.angle_roll_acc) for angle_roll_acc
    mpu6050.o(.ARM.exidx.text.MPU6050_AngleReset) refers to mpu6050.o(.text.MPU6050_AngleReset) for [Anonymous Symbol]
    lcd.o(.text.LCD_Check) refers to i2c.o(.text.I2C2_CheckDevice) for I2C2_CheckDevice
    lcd.o(.ARM.exidx.text.LCD_Check) refers to lcd.o(.text.LCD_Check) for [Anonymous Symbol]
    lcd.o(.text.LCD_Command) refers to i2c.o(.text.I2C2_Start) for I2C2_Start
    lcd.o(.text.LCD_Command) refers to i2c.o(.text.I2C2_CallAdress) for I2C2_CallAdress
    lcd.o(.text.LCD_Command) refers to i2c.o(.text.I2C2_Write) for I2C2_Write
    lcd.o(.text.LCD_Command) refers to i2c.o(.text.I2C2_Stop) for I2C2_Stop
    lcd.o(.ARM.exidx.text.LCD_Command) refers to lcd.o(.text.LCD_Command) for [Anonymous Symbol]
    lcd.o(.ARM.exidx.text.LCD_GotoXY) refers to lcd.o(.text.LCD_GotoXY) for [Anonymous Symbol]
    lcd.o(.ARM.exidx.text.LCD_Display) refers to lcd.o(.text.LCD_Display) for [Anonymous Symbol]
    lcd.o(.text.LCD_Test) refers to lcd.o(.text.LCD_Init) for LCD_Init
    lcd.o(.text.LCD_Test) refers to lcd.o(.text.LCD_Command) for LCD_Command
    lcd.o(.text.LCD_Test) refers to common.o(.text.delay) for delay
    lcd.o(.ARM.exidx.text.LCD_Test) refers to lcd.o(.text.LCD_Test) for [Anonymous Symbol]
    lcd.o(.text.LCD_Init) refers to i2c.o(.text.I2C2_Start) for I2C2_Start
    lcd.o(.text.LCD_Init) refers to i2c.o(.text.I2C2_CallAdress) for I2C2_CallAdress
    lcd.o(.text.LCD_Init) refers to i2c.o(.text.I2C2_Write) for I2C2_Write
    lcd.o(.text.LCD_Init) refers to i2c.o(.text.I2C2_Stop) for I2C2_Stop
    lcd.o(.ARM.exidx.text.LCD_Init) refers to lcd.o(.text.LCD_Init) for [Anonymous Symbol]
    misc.o(.ARM.exidx.text.NVIC_PriorityGroupConfig) refers to misc.o(.text.NVIC_PriorityGroupConfig) for [Anonymous Symbol]
    misc.o(.ARM.exidx.text.NVIC_Init) refers to misc.o(.text.NVIC_Init) for [Anonymous Symbol]
    misc.o(.ARM.exidx.text.NVIC_SetVectorTable) refers to misc.o(.text.NVIC_SetVectorTable) for [Anonymous Symbol]
    misc.o(.ARM.exidx.text.NVIC_SystemLPConfig) refers to misc.o(.text.NVIC_SystemLPConfig) for [Anonymous Symbol]
    misc.o(.ARM.exidx.text.SysTick_CLKSourceConfig) refers to misc.o(.text.SysTick_CLKSourceConfig) for [Anonymous Symbol]
    stm32f10x_gpio.o(.text.GPIO_DeInit) refers to stm32f10x_rcc.o(.text.RCC_APB2PeriphResetCmd) for RCC_APB2PeriphResetCmd
    stm32f10x_gpio.o(.ARM.exidx.text.GPIO_DeInit) refers to stm32f10x_gpio.o(.text.GPIO_DeInit) for [Anonymous Symbol]
    stm32f10x_gpio.o(.text.GPIO_AFIODeInit) refers to stm32f10x_rcc.o(.text.RCC_APB2PeriphResetCmd) for RCC_APB2PeriphResetCmd
    stm32f10x_gpio.o(.ARM.exidx.text.GPIO_AFIODeInit) refers to stm32f10x_gpio.o(.text.GPIO_AFIODeInit) for [Anonymous Symbol]
    stm32f10x_gpio.o(.ARM.exidx.text.GPIO_Init) refers to stm32f10x_gpio.o(.text.GPIO_Init) for [Anonymous Symbol]
    stm32f10x_gpio.o(.ARM.exidx.text.GPIO_StructInit) refers to stm32f10x_gpio.o(.text.GPIO_StructInit) for [Anonymous Symbol]
    stm32f10x_gpio.o(.ARM.exidx.text.GPIO_ReadInputDataBit) refers to stm32f10x_gpio.o(.text.GPIO_ReadInputDataBit) for [Anonymous Symbol]
    stm32f10x_gpio.o(.ARM.exidx.text.GPIO_ReadInputData) refers to stm32f10x_gpio.o(.text.GPIO_ReadInputData) for [Anonymous Symbol]
    stm32f10x_gpio.o(.ARM.exidx.text.GPIO_ReadOutputDataBit) refers to stm32f10x_gpio.o(.text.GPIO_ReadOutputDataBit) for [Anonymous Symbol]
    stm32f10x_gpio.o(.ARM.exidx.text.GPIO_ReadOutputData) refers to stm32f10x_gpio.o(.text.GPIO_ReadOutputData) for [Anonymous Symbol]
    stm32f10x_gpio.o(.ARM.exidx.text.GPIO_SetBits) refers to stm32f10x_gpio.o(.text.GPIO_SetBits) for [Anonymous Symbol]
    stm32f10x_gpio.o(.ARM.exidx.text.GPIO_ResetBits) refers to stm32f10x_gpio.o(.text.GPIO_ResetBits) for [Anonymous Symbol]
    stm32f10x_gpio.o(.ARM.exidx.text.GPIO_WriteBit) refers to stm32f10x_gpio.o(.text.GPIO_WriteBit) for [Anonymous Symbol]
    stm32f10x_gpio.o(.ARM.exidx.text.GPIO_Write) refers to stm32f10x_gpio.o(.text.GPIO_Write) for [Anonymous Symbol]
    stm32f10x_gpio.o(.ARM.exidx.text.GPIO_PinLockConfig) refers to stm32f10x_gpio.o(.text.GPIO_PinLockConfig) for [Anonymous Symbol]
    stm32f10x_gpio.o(.ARM.exidx.text.GPIO_EventOutputConfig) refers to stm32f10x_gpio.o(.text.GPIO_EventOutputConfig) for [Anonymous Symbol]
    stm32f10x_gpio.o(.ARM.exidx.text.GPIO_EventOutputCmd) refers to stm32f10x_gpio.o(.text.GPIO_EventOutputCmd) for [Anonymous Symbol]
    stm32f10x_gpio.o(.ARM.exidx.text.GPIO_PinRemapConfig) refers to stm32f10x_gpio.o(.text.GPIO_PinRemapConfig) for [Anonymous Symbol]
    stm32f10x_gpio.o(.ARM.exidx.text.GPIO_EXTILineConfig) refers to stm32f10x_gpio.o(.text.GPIO_EXTILineConfig) for [Anonymous Symbol]
    stm32f10x_gpio.o(.ARM.exidx.text.GPIO_ETH_MediaInterfaceConfig) refers to stm32f10x_gpio.o(.text.GPIO_ETH_MediaInterfaceConfig) for [Anonymous Symbol]
    stm32f10x_rcc.o(.ARM.exidx.text.RCC_DeInit) refers to stm32f10x_rcc.o(.text.RCC_DeInit) for [Anonymous Symbol]
    stm32f10x_rcc.o(.ARM.exidx.text.RCC_HSEConfig) refers to stm32f10x_rcc.o(.text.RCC_HSEConfig) for [Anonymous Symbol]
    stm32f10x_rcc.o(.text.RCC_WaitForHSEStartUp) refers to stm32f10x_rcc.o(.text.RCC_GetFlagStatus) for RCC_GetFlagStatus
    stm32f10x_rcc.o(.ARM.exidx.text.RCC_WaitForHSEStartUp) refers to stm32f10x_rcc.o(.text.RCC_WaitForHSEStartUp) for [Anonymous Symbol]
    stm32f10x_rcc.o(.ARM.exidx.text.RCC_GetFlagStatus) refers to stm32f10x_rcc.o(.text.RCC_GetFlagStatus) for [Anonymous Symbol]
    stm32f10x_rcc.o(.ARM.exidx.text.RCC_AdjustHSICalibrationValue) refers to stm32f10x_rcc.o(.text.RCC_AdjustHSICalibrationValue) for [Anonymous Symbol]
    stm32f10x_rcc.o(.ARM.exidx.text.RCC_HSICmd) refers to stm32f10x_rcc.o(.text.RCC_HSICmd) for [Anonymous Symbol]
    stm32f10x_rcc.o(.ARM.exidx.text.RCC_PLLConfig) refers to stm32f10x_rcc.o(.text.RCC_PLLConfig) for [Anonymous Symbol]
    stm32f10x_rcc.o(.ARM.exidx.text.RCC_PLLCmd) refers to stm32f10x_rcc.o(.text.RCC_PLLCmd) for [Anonymous Symbol]
    stm32f10x_rcc.o(.ARM.exidx.text.RCC_SYSCLKConfig) refers to stm32f10x_rcc.o(.text.RCC_SYSCLKConfig) for [Anonymous Symbol]
    stm32f10x_rcc.o(.ARM.exidx.text.RCC_GetSYSCLKSource) refers to stm32f10x_rcc.o(.text.RCC_GetSYSCLKSource) for [Anonymous Symbol]
    stm32f10x_rcc.o(.ARM.exidx.text.RCC_HCLKConfig) refers to stm32f10x_rcc.o(.text.RCC_HCLKConfig) for [Anonymous Symbol]
    stm32f10x_rcc.o(.ARM.exidx.text.RCC_PCLK1Config) refers to stm32f10x_rcc.o(.text.RCC_PCLK1Config) for [Anonymous Symbol]
    stm32f10x_rcc.o(.ARM.exidx.text.RCC_PCLK2Config) refers to stm32f10x_rcc.o(.text.RCC_PCLK2Config) for [Anonymous Symbol]
    stm32f10x_rcc.o(.ARM.exidx.text.RCC_ITConfig) refers to stm32f10x_rcc.o(.text.RCC_ITConfig) for [Anonymous Symbol]
    stm32f10x_rcc.o(.ARM.exidx.text.RCC_USBCLKConfig) refers to stm32f10x_rcc.o(.text.RCC_USBCLKConfig) for [Anonymous Symbol]
    stm32f10x_rcc.o(.ARM.exidx.text.RCC_ADCCLKConfig) refers to stm32f10x_rcc.o(.text.RCC_ADCCLKConfig) for [Anonymous Symbol]
    stm32f10x_rcc.o(.ARM.exidx.text.RCC_LSEConfig) refers to stm32f10x_rcc.o(.text.RCC_LSEConfig) for [Anonymous Symbol]
    stm32f10x_rcc.o(.ARM.exidx.text.RCC_LSICmd) refers to stm32f10x_rcc.o(.text.RCC_LSICmd) for [Anonymous Symbol]
    stm32f10x_rcc.o(.ARM.exidx.text.RCC_RTCCLKConfig) refers to stm32f10x_rcc.o(.text.RCC_RTCCLKConfig) for [Anonymous Symbol]
    stm32f10x_rcc.o(.ARM.exidx.text.RCC_RTCCLKCmd) refers to stm32f10x_rcc.o(.text.RCC_RTCCLKCmd) for [Anonymous Symbol]
    stm32f10x_rcc.o(.text.RCC_GetClocksFreq) refers to stm32f10x_rcc.o(.rodata.APBAHBPrescTable) for APBAHBPrescTable
    stm32f10x_rcc.o(.text.RCC_GetClocksFreq) refers to stm32f10x_rcc.o(.rodata.ADCPrescTable) for ADCPrescTable
    stm32f10x_rcc.o(.ARM.exidx.text.RCC_GetClocksFreq) refers to stm32f10x_rcc.o(.text.RCC_GetClocksFreq) for [Anonymous Symbol]
    stm32f10x_rcc.o(.ARM.exidx.text.RCC_AHBPeriphClockCmd) refers to stm32f10x_rcc.o(.text.RCC_AHBPeriphClockCmd) for [Anonymous Symbol]
    stm32f10x_rcc.o(.ARM.exidx.text.RCC_APB2PeriphClockCmd) refers to stm32f10x_rcc.o(.text.RCC_APB2PeriphClockCmd) for [Anonymous Symbol]
    stm32f10x_rcc.o(.ARM.exidx.text.RCC_APB1PeriphClockCmd) refers to stm32f10x_rcc.o(.text.RCC_APB1PeriphClockCmd) for [Anonymous Symbol]
    stm32f10x_rcc.o(.ARM.exidx.text.RCC_APB2PeriphResetCmd) refers to stm32f10x_rcc.o(.text.RCC_APB2PeriphResetCmd) for [Anonymous Symbol]
    stm32f10x_rcc.o(.ARM.exidx.text.RCC_APB1PeriphResetCmd) refers to stm32f10x_rcc.o(.text.RCC_APB1PeriphResetCmd) for [Anonymous Symbol]
    stm32f10x_rcc.o(.ARM.exidx.text.RCC_BackupResetCmd) refers to stm32f10x_rcc.o(.text.RCC_BackupResetCmd) for [Anonymous Symbol]
    stm32f10x_rcc.o(.ARM.exidx.text.RCC_ClockSecuritySystemCmd) refers to stm32f10x_rcc.o(.text.RCC_ClockSecuritySystemCmd) for [Anonymous Symbol]
    stm32f10x_rcc.o(.ARM.exidx.text.RCC_MCOConfig) refers to stm32f10x_rcc.o(.text.RCC_MCOConfig) for [Anonymous Symbol]
    stm32f10x_rcc.o(.ARM.exidx.text.RCC_ClearFlag) refers to stm32f10x_rcc.o(.text.RCC_ClearFlag) for [Anonymous Symbol]
    stm32f10x_rcc.o(.ARM.exidx.text.RCC_GetITStatus) refers to stm32f10x_rcc.o(.text.RCC_GetITStatus) for [Anonymous Symbol]
    stm32f10x_rcc.o(.ARM.exidx.text.RCC_ClearITPendingBit) refers to stm32f10x_rcc.o(.text.RCC_ClearITPendingBit) for [Anonymous Symbol]
    gpio_stm32f10x.o(.ARM.exidx.text.GPIO_PortClock) refers to gpio_stm32f10x.o(.text.GPIO_PortClock) for [Anonymous Symbol]
    gpio_stm32f10x.o(.ARM.exidx.text.GPIO_GetPortClockState) refers to gpio_stm32f10x.o(.text.GPIO_GetPortClockState) for [Anonymous Symbol]
    gpio_stm32f10x.o(.text.GPIO_PinConfigure) refers to gpio_stm32f10x.o(.text.GPIO_GetPortClockState) for GPIO_GetPortClockState
    gpio_stm32f10x.o(.text.GPIO_PinConfigure) refers to gpio_stm32f10x.o(.text.GPIO_PortClock) for GPIO_PortClock
    gpio_stm32f10x.o(.ARM.exidx.text.GPIO_PinConfigure) refers to gpio_stm32f10x.o(.text.GPIO_PinConfigure) for [Anonymous Symbol]
    gpio_stm32f10x.o(.ARM.exidx.text.GPIO_AFConfigure) refers to gpio_stm32f10x.o(.text.GPIO_AFConfigure) for [Anonymous Symbol]
    startup_stm32f10x_md.o(STACK) refers (Special) to heapauxi.o(.text) for __use_two_region_memory
    startup_stm32f10x_md.o(HEAP) refers (Special) to heapauxi.o(.text) for __use_two_region_memory
    startup_stm32f10x_md.o(RESET) refers (Special) to heapauxi.o(.text) for __use_two_region_memory
    startup_stm32f10x_md.o(RESET) refers to startup_stm32f10x_md.o(STACK) for __initial_sp
    startup_stm32f10x_md.o(RESET) refers to startup_stm32f10x_md.o(.text) for Reset_Handler
    startup_stm32f10x_md.o(RESET) refers to clock.o(.text.SysTick_Handler) for SysTick_Handler
    startup_stm32f10x_md.o(RESET) refers to gpio.o(.text.TIM2_IRQHandler) for TIM2_IRQHandler
    startup_stm32f10x_md.o(RESET) refers to gpio.o(.text.TIM3_IRQHandler) for TIM3_IRQHandler
    startup_stm32f10x_md.o(RESET) refers to uart.o(.ram) for USART1_IRQHandler
    startup_stm32f10x_md.o(.text) refers (Special) to heapauxi.o(.text) for __use_two_region_memory
    startup_stm32f10x_md.o(.text) refers to system_stm32f10x.o(.text.SystemInit) for SystemInit
    startup_stm32f10x_md.o(.text) refers to __main.o(!!!main) for __main
    startup_stm32f10x_md.o(.text) refers to startup_stm32f10x_md.o(HEAP) for Heap_Mem
    startup_stm32f10x_md.o(.text) refers to startup_stm32f10x_md.o(STACK) for Stack_Mem
    system_stm32f10x.o(.text.SystemInit) refers to system_stm32f10x.o(.text.SetSysClock) for SetSysClock
    system_stm32f10x.o(.ARM.exidx.text.SystemInit) refers to system_stm32f10x.o(.text.SystemInit) for [Anonymous Symbol]
    system_stm32f10x.o(.text.SetSysClock) refers to system_stm32f10x.o(.text.SetSysClockTo72) for SetSysClockTo72
    system_stm32f10x.o(.ARM.exidx.text.SetSysClock) refers to system_stm32f10x.o(.text.SetSysClock) for [Anonymous Symbol]
    system_stm32f10x.o(.text.SystemCoreClockUpdate) refers to system_stm32f10x.o(.data.SystemCoreClock) for SystemCoreClock
    system_stm32f10x.o(.text.SystemCoreClockUpdate) refers to system_stm32f10x.o(.rodata.AHBPrescTable) for AHBPrescTable
    system_stm32f10x.o(.ARM.exidx.text.SystemCoreClockUpdate) refers to system_stm32f10x.o(.text.SystemCoreClockUpdate) for [Anonymous Symbol]
    system_stm32f10x.o(.ARM.exidx.text.SetSysClockTo72) refers to system_stm32f10x.o(.text.SetSysClockTo72) for [Anonymous Symbol]
    __main.o(!!!main) refers to __rtentry.o(.ARM.Collect$$rtentry$$00000000) for __rt_entry
    daddsub_clz.o(x$fpl$dadd) refers (Special) to usenofp.o(x$fpl$usenofp) for __I$use$fp
    daddsub_clz.o(x$fpl$dadd) refers to daddsub_clz.o(x$fpl$dsub) for _dsub1
    daddsub_clz.o(x$fpl$dadd) refers to dretinf.o(x$fpl$dretinf) for __fpl_dretinf
    daddsub_clz.o(x$fpl$dadd) refers to dnaninf.o(x$fpl$dnaninf) for __fpl_dnaninf
    daddsub_clz.o(x$fpl$drsb) refers (Special) to usenofp.o(x$fpl$usenofp) for __I$use$fp
    daddsub_clz.o(x$fpl$drsb) refers to daddsub_clz.o(x$fpl$dadd) for _dadd1
    daddsub_clz.o(x$fpl$drsb) refers to daddsub_clz.o(x$fpl$dsub) for _dsub1
    daddsub_clz.o(x$fpl$dsub) refers (Special) to usenofp.o(x$fpl$usenofp) for __I$use$fp
    daddsub_clz.o(x$fpl$dsub) refers to daddsub_clz.o(x$fpl$dadd) for _dadd1
    daddsub_clz.o(x$fpl$dsub) refers to dnaninf.o(x$fpl$dnaninf) for __fpl_dnaninf
    dcmp.o(x$fpl$fcmp) refers (Special) to usenofp.o(x$fpl$usenofp) for __I$use$fp
    dcmp.o(x$fpl$fcmp) refers to deqf.o(x$fpl$deqf) for _dcmpeq
    dcmp.o(x$fpl$fcmp) refers to dgeqf.o(x$fpl$dgeqf) for _dcmpge
    dcmp.o(x$fpl$fcmp) refers to dleqf.o(x$fpl$dleqf) for _dcmple
    ddiv.o(x$fpl$drdiv) refers (Special) to usenofp.o(x$fpl$usenofp) for __I$use$fp
    ddiv.o(x$fpl$drdiv) refers to ddiv.o(x$fpl$ddiv) for ddiv_entry
    ddiv.o(x$fpl$ddiv) refers (Special) to usenofp.o(x$fpl$usenofp) for __I$use$fp
    ddiv.o(x$fpl$ddiv) refers to dretinf.o(x$fpl$dretinf) for __fpl_dretinf
    ddiv.o(x$fpl$ddiv) refers to dnaninf.o(x$fpl$dnaninf) for __fpl_dnaninf
    dfix.o(x$fpl$dfix) refers (Special) to usenofp.o(x$fpl$usenofp) for __I$use$fp
    dfix.o(x$fpl$dfix) refers to dnaninf.o(x$fpl$dnaninf) for __fpl_dnaninf
    dfix.o(x$fpl$dfixr) refers (Special) to usenofp.o(x$fpl$usenofp) for __I$use$fp
    dfix.o(x$fpl$dfixr) refers to dnaninf.o(x$fpl$dnaninf) for __fpl_dnaninf
    dflt_clz.o(x$fpl$dfltu) refers (Special) to usenofp.o(x$fpl$usenofp) for __I$use$fp
    dflt_clz.o(x$fpl$dflt) refers (Special) to usenofp.o(x$fpl$usenofp) for __I$use$fp
    dflt_clz.o(x$fpl$dfltn) refers (Special) to usenofp.o(x$fpl$usenofp) for __I$use$fp
    dmul.o(x$fpl$dmul) refers (Special) to usenofp.o(x$fpl$usenofp) for __I$use$fp
    dmul.o(x$fpl$dmul) refers to dretinf.o(x$fpl$dretinf) for __fpl_dretinf
    dmul.o(x$fpl$dmul) refers to dnaninf.o(x$fpl$dnaninf) for __fpl_dnaninf
    asin.o(i.__softfp_asin) refers (Special) to usenofp.o(x$fpl$usenofp) for __I$use$fp
    asin.o(i.__softfp_asin) refers to asin.o(i.asin) for asin
    asin.o(i.asin) refers (Special) to usenofp.o(x$fpl$usenofp) for __I$use$fp
    asin.o(i.asin) refers to dunder.o(i.__mathlib_dbl_infnan) for __mathlib_dbl_infnan
    asin.o(i.asin) refers to dmul.o(x$fpl$dmul) for __aeabi_dmul
    asin.o(i.asin) refers to daddsub_clz.o(x$fpl$dadd) for __aeabi_dadd
    asin.o(i.asin) refers to _rserrno.o(.text) for __set_errno
    asin.o(i.asin) refers to dunder.o(i.__mathlib_dbl_invalid) for __mathlib_dbl_invalid
    asin.o(i.asin) refers to fpclassify.o(i.__ARM_fpclassify) for __ARM_fpclassify
    asin.o(i.asin) refers to dunder.o(i.__mathlib_dbl_underflow) for __mathlib_dbl_underflow
    asin.o(i.asin) refers to poly.o(i.__kernel_poly) for __kernel_poly
    asin.o(i.asin) refers to ddiv.o(x$fpl$ddiv) for __aeabi_ddiv
    asin.o(i.asin) refers to daddsub_clz.o(x$fpl$drsb) for __aeabi_drsub
    asin.o(i.asin) refers to scalbn.o(x$fpl$scalbn) for __ARM_scalbn
    asin.o(i.asin) refers to sqrt.o(i.sqrt) for sqrt
    asin.o(i.asin) refers to daddsub_clz.o(x$fpl$dsub) for __aeabi_dsub
    asin.o(i.asin) refers to asin.o(.constdata) for .constdata
    asin.o(.constdata) refers (Special) to usenofp.o(x$fpl$usenofp) for __I$use$fp
    sin.o(i.__softfp_sin) refers (Special) to usenofp.o(x$fpl$usenofp) for __I$use$fp
    sin.o(i.__softfp_sin) refers to sin.o(i.sin) for sin
    sin.o(i.sin) refers (Special) to usenofp.o(x$fpl$usenofp) for __I$use$fp
    sin.o(i.sin) refers to _rserrno.o(.text) for __set_errno
    sin.o(i.sin) refers to dunder.o(i.__mathlib_dbl_invalid) for __mathlib_dbl_invalid
    sin.o(i.sin) refers to dunder.o(i.__mathlib_dbl_infnan) for __mathlib_dbl_infnan
    sin.o(i.sin) refers to rred.o(i.__ieee754_rem_pio2) for __ieee754_rem_pio2
    sin.o(i.sin) refers to cos_i.o(i.__kernel_cos) for __kernel_cos
    sin.o(i.sin) refers to sin_i.o(i.__kernel_sin) for __kernel_sin
    sqrt.o(i.__softfp_sqrt) refers (Special) to usenofp.o(x$fpl$usenofp) for __I$use$fp
    sqrt.o(i.__softfp_sqrt) refers to dsqrt_noumaal.o(x$fpl$dsqrt) for _dsqrt
    sqrt.o(i.__softfp_sqrt) refers to _rserrno.o(.text) for __set_errno
    sqrt.o(i.sqrt) refers (Special) to usenofp.o(x$fpl$usenofp) for __I$use$fp
    sqrt.o(i.sqrt) refers to dsqrt_noumaal.o(x$fpl$dsqrt) for _dsqrt
    sqrt.o(i.sqrt) refers to _rserrno.o(.text) for __set_errno
    __rtentry.o(.ARM.Collect$$rtentry$$00000000) refers (Special) to __rtentry2.o(.ARM.Collect$$rtentry$$0000000A) for __rt_entry_li
    __rtentry.o(.ARM.Collect$$rtentry$$00000000) refers (Special) to __rtentry2.o(.ARM.Collect$$rtentry$$0000000D) for __rt_entry_main
    __rtentry.o(.ARM.Collect$$rtentry$$00000000) refers (Special) to __rtentry2.o(.ARM.Collect$$rtentry$$0000000C) for __rt_entry_postli_1
    __rtentry.o(.ARM.Collect$$rtentry$$00000000) refers (Special) to __rtentry2.o(.ARM.Collect$$rtentry$$00000009) for __rt_entry_postsh_1
    __rtentry.o(.ARM.Collect$$rtentry$$00000000) refers (Special) to __rtentry2.o(.ARM.Collect$$rtentry$$00000002) for __rt_entry_presh_1
    __rtentry.o(.ARM.Collect$$rtentry$$00000000) refers (Special) to __rtentry4.o(.ARM.Collect$$rtentry$$00000004) for __rt_entry_sh
    _rserrno.o(.text) refers to rt_errno_addr_intlibspace.o(.text) for __aeabi_errno_addr
    deqf.o(x$fpl$deqf) refers (Special) to usenofp.o(x$fpl$usenofp) for __I$use$fp
    deqf.o(x$fpl$deqf) refers to dnaninf.o(x$fpl$dnaninf) for __fpl_dnaninf
    deqf.o(x$fpl$deqf) refers to dcmpi.o(x$fpl$dcmpinf) for __fpl_dcmp_Inf
    dgeqf.o(x$fpl$dgeqf) refers (Special) to usenofp.o(x$fpl$usenofp) for __I$use$fp
    dgeqf.o(x$fpl$dgeqf) refers to dnaninf.o(x$fpl$dnaninf) for __fpl_dnaninf
    dgeqf.o(x$fpl$dgeqf) refers to dcmpi.o(x$fpl$dcmpinf) for __fpl_dcmp_Inf
    dleqf.o(x$fpl$dleqf) refers (Special) to usenofp.o(x$fpl$usenofp) for __I$use$fp
    dleqf.o(x$fpl$dleqf) refers to dnaninf.o(x$fpl$dnaninf) for __fpl_dnaninf
    dleqf.o(x$fpl$dleqf) refers to dcmpi.o(x$fpl$dcmpinf) for __fpl_dcmp_Inf
    dnaninf.o(x$fpl$dnaninf) refers (Special) to usenofp.o(x$fpl$usenofp) for __I$use$fp
    dretinf.o(x$fpl$dretinf) refers (Special) to usenofp.o(x$fpl$usenofp) for __I$use$fp
    dsqrt_noumaal.o(x$fpl$dsqrt) refers (Special) to usenofp.o(x$fpl$usenofp) for __I$use$fp
    dsqrt_noumaal.o(x$fpl$dsqrt) refers to dnaninf.o(x$fpl$dnaninf) for __fpl_dnaninf
    scalbn.o(x$fpl$scalbn) refers (Special) to usenofp.o(x$fpl$usenofp) for __I$use$fp
    scalbn.o(x$fpl$scalbn) refers to dcheck1.o(x$fpl$dcheck1) for __fpl_dcheck_NaN1
    cos_i.o(i.__kernel_cos) refers (Special) to usenofp.o(x$fpl$usenofp) for __I$use$fp
    cos_i.o(i.__kernel_cos) refers to dfix.o(x$fpl$dfix) for __aeabi_d2iz
    cos_i.o(i.__kernel_cos) refers to dmul.o(x$fpl$dmul) for __aeabi_dmul
    cos_i.o(i.__kernel_cos) refers to poly.o(i.__kernel_poly) for __kernel_poly
    cos_i.o(i.__kernel_cos) refers to daddsub_clz.o(x$fpl$dsub) for __aeabi_dsub
    cos_i.o(i.__kernel_cos) refers to scalbn.o(x$fpl$scalbn) for __ARM_scalbn
    cos_i.o(i.__kernel_cos) refers to daddsub_clz.o(x$fpl$drsb) for __aeabi_drsub
    cos_i.o(i.__kernel_cos) refers to cos_i.o(.constdata) for .constdata
    cos_i.o(.constdata) refers (Special) to usenofp.o(x$fpl$usenofp) for __I$use$fp
    dunder.o(i.__mathlib_dbl_divzero) refers to ddiv.o(x$fpl$ddiv) for __aeabi_ddiv
    dunder.o(i.__mathlib_dbl_infnan) refers to scalbn.o(x$fpl$scalbn) for __ARM_scalbn
    dunder.o(i.__mathlib_dbl_infnan2) refers to daddsub_clz.o(x$fpl$dadd) for __aeabi_dadd
    dunder.o(i.__mathlib_dbl_invalid) refers to ddiv.o(x$fpl$ddiv) for __aeabi_ddiv
    dunder.o(i.__mathlib_dbl_overflow) refers to scalbn.o(x$fpl$scalbn) for __ARM_scalbn
    dunder.o(i.__mathlib_dbl_posinfnan) refers to dmul.o(x$fpl$dmul) for __aeabi_dmul
    dunder.o(i.__mathlib_dbl_underflow) refers to scalbn.o(x$fpl$scalbn) for __ARM_scalbn
    fpclassify.o(i.__ARM_fpclassify) refers (Special) to usenofp.o(x$fpl$usenofp) for __I$use$fp
    poly.o(i.__kernel_poly) refers (Special) to usenofp.o(x$fpl$usenofp) for __I$use$fp
    poly.o(i.__kernel_poly) refers to dmul.o(x$fpl$dmul) for __aeabi_dmul
    poly.o(i.__kernel_poly) refers to daddsub_clz.o(x$fpl$dadd) for __aeabi_dadd
    rred.o(i.__ieee754_rem_pio2) refers (Special) to usenofp.o(x$fpl$usenofp) for __I$use$fp
    rred.o(i.__ieee754_rem_pio2) refers to daddsub_clz.o(x$fpl$dsub) for __aeabi_dsub
    rred.o(i.__ieee754_rem_pio2) refers to daddsub_clz.o(x$fpl$dadd) for __aeabi_dadd
    rred.o(i.__ieee754_rem_pio2) refers to dmul.o(x$fpl$dmul) for __aeabi_dmul
    rred.o(i.__ieee754_rem_pio2) refers to dfix.o(x$fpl$dfix) for __aeabi_d2iz
    rred.o(i.__ieee754_rem_pio2) refers to dflt_clz.o(x$fpl$dflt) for __aeabi_i2d
    rred.o(i.__ieee754_rem_pio2) refers to daddsub_clz.o(x$fpl$drsb) for __aeabi_drsub
    rred.o(i.__ieee754_rem_pio2) refers to dflt_clz.o(x$fpl$dfltu) for __aeabi_ui2d
    rred.o(i.__ieee754_rem_pio2) refers to scalbn.o(x$fpl$scalbn) for __ARM_scalbn
    rred.o(i.__ieee754_rem_pio2) refers to rred.o(.constdata) for .constdata
    rred.o(i.__use_accurate_range_reduction) refers (Special) to usenofp.o(x$fpl$usenofp) for __I$use$fp
    rred.o(.constdata) refers (Special) to usenofp.o(x$fpl$usenofp) for __I$use$fp
    sin_i.o(i.__kernel_sin) refers (Special) to usenofp.o(x$fpl$usenofp) for __I$use$fp
    sin_i.o(i.__kernel_sin) refers to fpclassify.o(i.__ARM_fpclassify) for __ARM_fpclassify
    sin_i.o(i.__kernel_sin) refers to dunder.o(i.__mathlib_dbl_underflow) for __mathlib_dbl_underflow
    sin_i.o(i.__kernel_sin) refers to dmul.o(x$fpl$dmul) for __aeabi_dmul
    sin_i.o(i.__kernel_sin) refers to poly.o(i.__kernel_poly) for __kernel_poly
    sin_i.o(i.__kernel_sin) refers to scalbn.o(x$fpl$scalbn) for __ARM_scalbn
    sin_i.o(i.__kernel_sin) refers to daddsub_clz.o(x$fpl$dsub) for __aeabi_dsub
    sin_i.o(i.__kernel_sin) refers to daddsub_clz.o(x$fpl$drsb) for __aeabi_drsub
    sin_i.o(i.__kernel_sin) refers to daddsub_clz.o(x$fpl$dadd) for __aeabi_dadd
    sin_i.o(i.__kernel_sin) refers to sin_i.o(.constdata) for .constdata
    sin_i.o(.constdata) refers (Special) to usenofp.o(x$fpl$usenofp) for __I$use$fp
    __rtentry2.o(.ARM.Collect$$rtentry$$00000008) refers to boardinit2.o(.text) for _platform_post_stackheap_init
    __rtentry2.o(.ARM.Collect$$rtentry$$0000000A) refers to libinit.o(.ARM.Collect$$libinit$$00000000) for __rt_lib_init
    __rtentry2.o(.ARM.Collect$$rtentry$$0000000B) refers to boardinit3.o(.text) for _platform_post_lib_init
    __rtentry2.o(.ARM.Collect$$rtentry$$0000000D) refers to main.o(.text.main) for main
    __rtentry2.o(.ARM.Collect$$rtentry$$0000000D) refers to exit.o(.text) for exit
    __rtentry2.o(.ARM.exidx) refers to __rtentry2.o(.ARM.Collect$$rtentry$$00000001) for .ARM.Collect$$rtentry$$00000001
    __rtentry2.o(.ARM.exidx) refers to __rtentry2.o(.ARM.Collect$$rtentry$$00000008) for .ARM.Collect$$rtentry$$00000008
    __rtentry2.o(.ARM.exidx) refers to __rtentry2.o(.ARM.Collect$$rtentry$$0000000A) for .ARM.Collect$$rtentry$$0000000A
    __rtentry2.o(.ARM.exidx) refers to __rtentry2.o(.ARM.Collect$$rtentry$$0000000B) for .ARM.Collect$$rtentry$$0000000B
    __rtentry2.o(.ARM.exidx) refers to __rtentry2.o(.ARM.Collect$$rtentry$$0000000D) for .ARM.Collect$$rtentry$$0000000D
    __rtentry4.o(.ARM.Collect$$rtentry$$00000004) refers to sys_stackheap_outer.o(.text) for __user_setup_stackheap
    __rtentry4.o(.ARM.exidx) refers to __rtentry4.o(.ARM.Collect$$rtentry$$00000004) for .ARM.Collect$$rtentry$$00000004
    rt_errno_addr.o(.text) refers to rt_errno_addr.o(.bss) for __aeabi_errno_addr_data
    rt_errno_addr_intlibspace.o(.text) refers to libspace.o(.bss) for __libspace_start
    dcheck1.o(x$fpl$dcheck1) refers (Special) to usenofp.o(x$fpl$usenofp) for __I$use$fp
    dcheck1.o(x$fpl$dcheck1) refers to retnan.o(x$fpl$retnan) for __fpl_return_NaN
    dcmpi.o(x$fpl$dcmpinf) refers (Special) to usenofp.o(x$fpl$usenofp) for __I$use$fp
    libspace.o(.text) refers to libspace.o(.bss) for __libspace_start
    sys_stackheap_outer.o(.text) refers to libspace.o(.text) for __user_perproc_libspace
    sys_stackheap_outer.o(.text) refers to startup_stm32f10x_md.o(.text) for __user_initial_stackheap
    exit.o(.text) refers to rtexit.o(.ARM.Collect$$rtexit$$00000000) for __rt_exit
    libinit.o(.ARM.Collect$$libinit$$00000000) refers (Special) to libinit2.o(.ARM.Collect$$libinit$$00000030) for __rt_lib_init_alloca_1
    libinit.o(.ARM.Collect$$libinit$$00000000) refers (Special) to libinit2.o(.ARM.Collect$$libinit$$0000002E) for __rt_lib_init_argv_1
    libinit.o(.ARM.Collect$$libinit$$00000000) refers (Special) to libinit2.o(.ARM.Collect$$libinit$$0000001D) for __rt_lib_init_atexit_1
    libinit.o(.ARM.Collect$$libinit$$00000000) refers (Special) to libinit2.o(.ARM.Collect$$libinit$$00000023) for __rt_lib_init_clock_1
    libinit.o(.ARM.Collect$$libinit$$00000000) refers (Special) to libinit2.o(.ARM.Collect$$libinit$$00000034) for __rt_lib_init_cpp_1
    libinit.o(.ARM.Collect$$libinit$$00000000) refers (Special) to libinit2.o(.ARM.Collect$$libinit$$00000032) for __rt_lib_init_exceptions_1
    libinit.o(.ARM.Collect$$libinit$$00000000) refers (Special) to libinit2.o(.ARM.Collect$$libinit$$00000002) for __rt_lib_init_fp_1
    libinit.o(.ARM.Collect$$libinit$$00000000) refers (Special) to libinit2.o(.ARM.Collect$$libinit$$00000021) for __rt_lib_init_fp_trap_1
    libinit.o(.ARM.Collect$$libinit$$00000000) refers (Special) to libinit2.o(.ARM.Collect$$libinit$$00000025) for __rt_lib_init_getenv_1
    libinit.o(.ARM.Collect$$libinit$$00000000) refers (Special) to libinit2.o(.ARM.Collect$$libinit$$0000000C) for __rt_lib_init_heap_1
    libinit.o(.ARM.Collect$$libinit$$00000000) refers (Special) to libinit2.o(.ARM.Collect$$libinit$$00000013) for __rt_lib_init_lc_collate_1
    libinit.o(.ARM.Collect$$libinit$$00000000) refers (Special) to libinit2.o(.ARM.Collect$$libinit$$00000015) for __rt_lib_init_lc_ctype_1
    libinit.o(.ARM.Collect$$libinit$$00000000) refers (Special) to libinit2.o(.ARM.Collect$$libinit$$00000017) for __rt_lib_init_lc_monetary_1
    libinit.o(.ARM.Collect$$libinit$$00000000) refers (Special) to libinit2.o(.ARM.Collect$$libinit$$00000019) for __rt_lib_init_lc_numeric_1
    libinit.o(.ARM.Collect$$libinit$$00000000) refers (Special) to libinit2.o(.ARM.Collect$$libinit$$0000001B) for __rt_lib_init_lc_time_1
    libinit.o(.ARM.Collect$$libinit$$00000000) refers (Special) to libinit2.o(.ARM.Collect$$libinit$$00000006) for __rt_lib_init_preinit_1
    libinit.o(.ARM.Collect$$libinit$$00000000) refers (Special) to libinit2.o(.ARM.Collect$$libinit$$00000010) for __rt_lib_init_rand_1
    libinit.o(.ARM.Collect$$libinit$$00000000) refers (Special) to libinit2.o(.ARM.Collect$$libinit$$00000004) for __rt_lib_init_relocate_pie_1
    libinit.o(.ARM.Collect$$libinit$$00000000) refers (Special) to libinit2.o(.ARM.Collect$$libinit$$00000035) for __rt_lib_init_return
    libinit.o(.ARM.Collect$$libinit$$00000000) refers (Special) to libinit2.o(.ARM.Collect$$libinit$$0000001F) for __rt_lib_init_signal_1
    libinit.o(.ARM.Collect$$libinit$$00000000) refers (Special) to libinit2.o(.ARM.Collect$$libinit$$00000027) for __rt_lib_init_stdio_1
    libinit.o(.ARM.Collect$$libinit$$00000000) refers (Special) to libinit2.o(.ARM.Collect$$libinit$$0000000E) for __rt_lib_init_user_alloc_1
    retnan.o(x$fpl$retnan) refers (Special) to usenofp.o(x$fpl$usenofp) for __I$use$fp
    retnan.o(x$fpl$retnan) refers to trapv.o(x$fpl$trapveneer) for __fpl_cmpreturn
    rtexit.o(.ARM.Collect$$rtexit$$00000000) refers (Special) to rtexit2.o(.ARM.Collect$$rtexit$$00000004) for __rt_exit_exit
    rtexit.o(.ARM.Collect$$rtexit$$00000000) refers (Special) to rtexit2.o(.ARM.Collect$$rtexit$$00000003) for __rt_exit_ls
    rtexit.o(.ARM.Collect$$rtexit$$00000000) refers (Special) to rtexit2.o(.ARM.Collect$$rtexit$$00000002) for __rt_exit_prels_1
    rtexit.o(.ARM.exidx) refers (Special) to rtexit2.o(.ARM.Collect$$rtexit$$00000004) for __rt_exit_exit
    rtexit.o(.ARM.exidx) refers (Special) to rtexit2.o(.ARM.Collect$$rtexit$$00000003) for __rt_exit_ls
    rtexit.o(.ARM.exidx) refers (Special) to rtexit2.o(.ARM.Collect$$rtexit$$00000002) for __rt_exit_prels_1
    rtexit.o(.ARM.exidx) refers to rtexit.o(.ARM.Collect$$rtexit$$00000000) for .ARM.Collect$$rtexit$$00000000
    libinit2.o(.ARM.Collect$$libinit$$00000012) refers to libinit2.o(.ARM.Collect$$libinit$$00000011) for .ARM.Collect$$libinit$$00000011
    libinit2.o(.ARM.Collect$$libinit$$00000014) refers to libinit2.o(.ARM.Collect$$libinit$$00000011) for .ARM.Collect$$libinit$$00000011
    libinit2.o(.ARM.Collect$$libinit$$00000016) refers to libinit2.o(.ARM.Collect$$libinit$$00000011) for .ARM.Collect$$libinit$$00000011
    libinit2.o(.ARM.Collect$$libinit$$00000018) refers to libinit2.o(.ARM.Collect$$libinit$$00000011) for .ARM.Collect$$libinit$$00000011
    libinit2.o(.ARM.Collect$$libinit$$0000001A) refers to libinit2.o(.ARM.Collect$$libinit$$00000011) for .ARM.Collect$$libinit$$00000011
    libinit2.o(.ARM.Collect$$libinit$$00000028) refers to argv_veneer.o(.emb_text) for __ARM_argv_veneer
    libinit2.o(.ARM.Collect$$libinit$$00000029) refers to argv_veneer.o(.emb_text) for __ARM_argv_veneer
    trapv.o(x$fpl$trapveneer) refers (Special) to usenofp.o(x$fpl$usenofp) for __I$use$fp
    rtexit2.o(.ARM.Collect$$rtexit$$00000003) refers to libshutdown.o(.ARM.Collect$$libshutdown$$00000000) for __rt_lib_shutdown
    rtexit2.o(.ARM.Collect$$rtexit$$00000004) refers to sys_exit.o(.text) for _sys_exit
    rtexit2.o(.ARM.exidx) refers to rtexit2.o(.ARM.Collect$$rtexit$$00000001) for .ARM.Collect$$rtexit$$00000001
    rtexit2.o(.ARM.exidx) refers to rtexit2.o(.ARM.Collect$$rtexit$$00000003) for .ARM.Collect$$rtexit$$00000003
    rtexit2.o(.ARM.exidx) refers to rtexit2.o(.ARM.Collect$$rtexit$$00000004) for .ARM.Collect$$rtexit$$00000004
    argv_veneer.o(.emb_text) refers to no_argv.o(.text) for __ARM_get_argv
    sys_exit.o(.text) refers (Special) to use_no_semi.o(.text) for __I$use$semihosting
    sys_exit.o(.text) refers (Special) to indicate_semi.o(.text) for __semihosting_library_function
    sys_exit_hlt.o(.text) refers (Special) to use_no_semi.o(.text) for __I$use$semihosting
    sys_exit_hlt.o(.text) refers (Special) to indicate_semi.o(.text) for __semihosting_library_function
    _get_argv_nomalloc.o(.text) refers (Special) to hrguard.o(.text) for __heap_region$guard
    _get_argv_nomalloc.o(.text) refers to defsig_rtmem_outer.o(.text) for __rt_SIGRTMEM
    _get_argv_nomalloc.o(.text) refers to sys_command.o(.text) for _sys_command_string
    libshutdown.o(.ARM.Collect$$libshutdown$$00000000) refers (Special) to libshutdown2.o(.ARM.Collect$$libshutdown$$00000002) for __rt_lib_shutdown_cpp_1
    libshutdown.o(.ARM.Collect$$libshutdown$$00000000) refers (Special) to libshutdown2.o(.ARM.Collect$$libshutdown$$00000007) for __rt_lib_shutdown_fp_trap_1
    libshutdown.o(.ARM.Collect$$libshutdown$$00000000) refers (Special) to libshutdown2.o(.ARM.Collect$$libshutdown$$0000000F) for __rt_lib_shutdown_heap_1
    libshutdown.o(.ARM.Collect$$libshutdown$$00000000) refers (Special) to libshutdown2.o(.ARM.Collect$$libshutdown$$00000010) for __rt_lib_shutdown_return
    libshutdown.o(.ARM.Collect$$libshutdown$$00000000) refers (Special) to libshutdown2.o(.ARM.Collect$$libshutdown$$0000000A) for __rt_lib_shutdown_signal_1
    libshutdown.o(.ARM.Collect$$libshutdown$$00000000) refers (Special) to libshutdown2.o(.ARM.Collect$$libshutdown$$00000004) for __rt_lib_shutdown_stdio_1
    libshutdown.o(.ARM.Collect$$libshutdown$$00000000) refers (Special) to libshutdown2.o(.ARM.Collect$$libshutdown$$0000000C) for __rt_lib_shutdown_user_alloc_1
    sys_command.o(.text) refers (Special) to use_no_semi.o(.text) for __I$use$semihosting
    sys_command.o(.text) refers (Special) to indicate_semi.o(.text) for __semihosting_library_function
    sys_command_hlt.o(.text) refers (Special) to use_no_semi.o(.text) for __I$use$semihosting
    sys_command_hlt.o(.text) refers (Special) to indicate_semi.o(.text) for __semihosting_library_function
    defsig_rtmem_outer.o(.text) refers to defsig_rtmem_inner.o(.text) for __rt_SIGRTMEM_inner
    defsig_rtmem_outer.o(.text) refers to defsig_exit.o(.text) for __sig_exit
    defsig_rtmem_formal.o(.text) refers to rt_raise.o(.text) for __rt_raise
    rt_raise.o(.text) refers to __raise.o(.text) for __raise
    rt_raise.o(.text) refers to sys_exit.o(.text) for _sys_exit
    defsig_exit.o(.text) refers to sys_exit.o(.text) for _sys_exit
    defsig_rtmem_inner.o(.text) refers to defsig_general.o(.text) for __default_signal_display
    __raise.o(.text) refers to defsig.o(CL$$defsig) for __default_signal_handler
    defsig_general.o(.text) refers to sys_wrch.o(.text) for _ttywrch
    sys_wrch.o(.text) refers (Special) to use_no_semi.o(.text) for __I$use$semihosting
    sys_wrch.o(.text) refers (Special) to indicate_semi.o(.text) for __semihosting_library_function
    sys_wrch_hlt.o(.text) refers (Special) to use_no_semi.o(.text) for __I$use$semihosting
    sys_wrch_hlt.o(.text) refers (Special) to indicate_semi.o(.text) for __semihosting_library_function
    defsig.o(CL$$defsig) refers to defsig_rtmem_inner.o(.text) for __rt_SIGRTMEM_inner
    defsig_abrt_inner.o(.text) refers to defsig_general.o(.text) for __default_signal_display
    defsig_fpe_inner.o(.text) refers to defsig_general.o(.text) for __default_signal_display
    defsig_rtred_inner.o(.text) refers to defsig_general.o(.text) for __default_signal_display
    defsig_stak_inner.o(.text) refers to defsig_general.o(.text) for __default_signal_display
    defsig_pvfn_inner.o(.text) refers to defsig_general.o(.text) for __default_signal_display
    defsig_cppl_inner.o(.text) refers to defsig_general.o(.text) for __default_signal_display
    defsig_segv_inner.o(.text) refers to defsig_general.o(.text) for __default_signal_display
    defsig_other.o(.text) refers to defsig_general.o(.text) for __default_signal_display


==============================================================================

Removing Unused input sections from the image.

    Removing main.o(.text), (0 bytes).
    Removing main.o(.ARM.exidx.text.main), (8 bytes).
    Removing main.o(.ARM.exidx.text.System_Init), (8 bytes).
    Removing main.o(.ARM.exidx.text.FlyingMode_IDLE), (8 bytes).
    Removing main.o(.ARM.exidx.text.ESC_Clibration), (8 bytes).
    Removing main.o(.ARM.exidx.text.GetFlyingState), (8 bytes).
    Removing main.o(.ARM.exidx.text.FlyingMode_TAKE_OFF), (8 bytes).
    Removing main.o(.ARM.exidx.text.CheckTimeOut), (8 bytes).
    Removing main.o(.text.FlyingMode_STAND_BY), (2 bytes).
    Removing main.o(.ARM.exidx.text.FlyingMode_STAND_BY), (8 bytes).
    Removing main.o(.text.LedWarning_NotInIdleMode), (108 bytes).
    Removing main.o(.ARM.exidx.text.LedWarning_NotInIdleMode), (8 bytes).
    Removing main.o(.text.TX_Unavailable), (96 bytes).
    Removing main.o(.ARM.exidx.text.TX_Unavailable), (8 bytes).
    Removing main.o(.ARM.use_no_argv), (4 bytes).
    Removing gpio.o(.text), (0 bytes).
    Removing gpio.o(.ARM.exidx.text.GPIO_SetOutPut), (8 bytes).
    Removing gpio.o(.ARM.exidx.text.GPIO_PINLow), (8 bytes).
    Removing gpio.o(.ARM.exidx.text.GPIO_PINHigh), (8 bytes).
    Removing gpio.o(.ARM.exidx.text.GPIO_PINToggle), (8 bytes).
    Removing gpio.o(.ARM.exidx.text.GPIO_SetInPut), (8 bytes).
    Removing gpio.o(.text.GPIO_ReadPIN), (144 bytes).
    Removing gpio.o(.ARM.exidx.text.GPIO_ReadPIN), (8 bytes).
    Removing gpio.o(.ARM.exidx.text.GPIO_SetAnalog), (8 bytes).
    Removing gpio.o(.ARM.exidx.text.GPIO_ReadAnalog), (8 bytes).
    Removing gpio.o(.ARM.exidx.text.GPIO_SetPWM), (8 bytes).
    Removing gpio.o(.ARM.exidx.text.GPIO_B6_PWM), (8 bytes).
    Removing gpio.o(.ARM.exidx.text.GPIO_B7_PWM), (8 bytes).
    Removing gpio.o(.ARM.exidx.text.GPIO_B8_PWM), (8 bytes).
    Removing gpio.o(.ARM.exidx.text.GPIO_B9_PWM), (8 bytes).
    Removing gpio.o(.text.GPIO_SetInterrupt), (318 bytes).
    Removing gpio.o(.ARM.exidx.text.GPIO_SetInterrupt), (8 bytes).
    Removing gpio.o(.ARM.exidx.text.GPIO_SetPWMMeasurement), (8 bytes).
    Removing gpio.o(.text.GPIO_GetPWM), (10 bytes).
    Removing gpio.o(.ARM.exidx.text.GPIO_GetPWM), (8 bytes).
    Removing gpio.o(.ARM.exidx.text.TIM2_IRQHandler), (8 bytes).
    Removing gpio.o(.ARM.exidx.text.TIM3_IRQHandler), (8 bytes).
    Removing common.o(.text), (0 bytes).
    Removing common.o(.ARM.exidx.text.delay), (8 bytes).
    Removing common.o(.ARM.exidx.text.map), (8 bytes).
    Removing common.o(.ARM.exidx.text.NVIC_EnableIRQ), (8 bytes).
    Removing common.o(.ARM.exidx.text.NVIC_SetPriority), (8 bytes).
    Removing common.o(.text.DegreeToRadian), (66 bytes).
    Removing common.o(.ARM.exidx.text.DegreeToRadian), (8 bytes).
    Removing common.o(.text.RadianToDegree), (62 bytes).
    Removing common.o(.ARM.exidx.text.RadianToDegree), (8 bytes).
    Removing common.o(.rodata.pi), (8 bytes).
    Removing uart.o(.text), (0 bytes).
    Removing uart.o(.text.UART1_Init), (324 bytes).
    Removing uart.o(.ARM.exidx.text.UART1_Init), (8 bytes).
    Removing uart.o(.text.UART1_EnaleReceiveIRQ), (34 bytes).
    Removing uart.o(.ARM.exidx.text.UART1_EnaleReceiveIRQ), (8 bytes).
    Removing uart.o(.text.UART1_sendByte), (46 bytes).
    Removing uart.o(.ARM.exidx.text.UART1_sendByte), (8 bytes).
    Removing uart.o(.text.UART1_sendStr), (36 bytes).
    Removing uart.o(.ARM.exidx.text.UART1_sendStr), (8 bytes).
    Removing uart.o(.text.UART1_sendNum), (214 bytes).
    Removing uart.o(.ARM.exidx.text.UART1_sendNum), (8 bytes).
    Removing uart.o(.text.UART1_CheckMessageAvail), (12 bytes).
    Removing uart.o(.ARM.exidx.text.UART1_CheckMessageAvail), (8 bytes).
    Removing uart.o(.text.UART1_GetStr), (22 bytes).
    Removing uart.o(.ARM.exidx.text.UART1_GetStr), (8 bytes).
    Removing uart.o(.ARM.exidx.ram), (8 bytes).
    Removing clock.o(.text), (0 bytes).
    Removing clock.o(.text.CLOCK_ExternCrystal72Mhz), (204 bytes).
    Removing clock.o(.ARM.exidx.text.CLOCK_ExternCrystal72Mhz), (8 bytes).
    Removing clock.o(.ARM.exidx.text.CLOCK_SystickInit), (8 bytes).
    Removing clock.o(.ARM.exidx.text.SysTick_Handler), (8 bytes).
    Removing clock.o(.ARM.exidx.text.micros), (8 bytes).
    Removing vectable.o(.text), (0 bytes).
    Removing vectable.o(.text.VEC_TABLE_MoveVECTAB), (86 bytes).
    Removing vectable.o(.ARM.exidx.text.VEC_TABLE_MoveVECTAB), (8 bytes).
    Removing vectable.o(.bss.ui32vectorTable_RAM), (960 bytes).
    Removing i2c.o(.text), (0 bytes).
    Removing i2c.o(.text.I2C1_Init), (280 bytes).
    Removing i2c.o(.ARM.exidx.text.I2C1_Init), (8 bytes).
    Removing i2c.o(.text.I2C1_Start), (104 bytes).
    Removing i2c.o(.ARM.exidx.text.I2C1_Start), (8 bytes).
    Removing i2c.o(.text.I2C1_Write), (68 bytes).
    Removing i2c.o(.ARM.exidx.text.I2C1_Write), (8 bytes).
    Removing i2c.o(.text.I2C1_CallAdress), (138 bytes).
    Removing i2c.o(.ARM.exidx.text.I2C1_CallAdress), (8 bytes).
    Removing i2c.o(.text.I2C1_Stop), (18 bytes).
    Removing i2c.o(.ARM.exidx.text.I2C1_Stop), (8 bytes).
    Removing i2c.o(.text.I2C1_MultiWrite), (114 bytes).
    Removing i2c.o(.ARM.exidx.text.I2C1_MultiWrite), (8 bytes).
    Removing i2c.o(.ARM.exidx.text.I2C2_Init), (8 bytes).
    Removing i2c.o(.ARM.exidx.text.I2C2_Start), (8 bytes).
    Removing i2c.o(.ARM.exidx.text.I2C2_Write), (8 bytes).
    Removing i2c.o(.ARM.exidx.text.I2C2_Read1Byte), (8 bytes).
    Removing i2c.o(.ARM.exidx.text.I2C2_CallAdress), (8 bytes).
    Removing i2c.o(.ARM.exidx.text.I2C2_Stop), (8 bytes).
    Removing i2c.o(.text.I2C2_MultiWrite), (92 bytes).
    Removing i2c.o(.ARM.exidx.text.I2C2_MultiWrite), (8 bytes).
    Removing i2c.o(.ARM.exidx.text.I2C2_Read), (8 bytes).
    Removing i2c.o(.ARM.exidx.text.I2C2_WriteToDevice), (8 bytes).
    Removing i2c.o(.ARM.exidx.text.I2C2_ReadDevice), (8 bytes).
    Removing i2c.o(.text.I2C2_WriteBit), (114 bytes).
    Removing i2c.o(.ARM.exidx.text.I2C2_WriteBit), (8 bytes).
    Removing i2c.o(.ARM.exidx.text.I2C2_CheckDevice), (8 bytes).
    Removing ex_eeprom.o(.text), (0 bytes).
    Removing ex_eeprom.o(.text.EEPROM_CheckDevice), (36 bytes).
    Removing ex_eeprom.o(.ARM.exidx.text.EEPROM_CheckDevice), (8 bytes).
    Removing ex_eeprom.o(.text.EEPROM_Write), (70 bytes).
    Removing ex_eeprom.o(.ARM.exidx.text.EEPROM_Write), (8 bytes).
    Removing ex_eeprom.o(.text.EEPROM_Read), (220 bytes).
    Removing ex_eeprom.o(.ARM.exidx.text.EEPROM_Read), (8 bytes).
    Removing pid.o(.text), (0 bytes).
    Removing pid.o(.ARM.exidx.text.PID_Reset), (8 bytes).
    Removing pid.o(.ARM.exidx.text.PID_Calculate), (8 bytes).
    Removing mpu6050.o(.text), (0 bytes).
    Removing mpu6050.o(.ARM.exidx.text.MPU6050_Write), (8 bytes).
    Removing mpu6050.o(.ARM.exidx.text.MPU6050_Read), (8 bytes).
    Removing mpu6050.o(.ARM.exidx.text.MPU6050_Init), (8 bytes).
    Removing mpu6050.o(.ARM.exidx.text.MPU6050_getPara), (8 bytes).
    Removing mpu6050.o(.ARM.exidx.text.MPU6050_CalculateAngle), (8 bytes).
    Removing mpu6050.o(.ARM.exidx.text.MPU6050_Calibration), (8 bytes).
    Removing mpu6050.o(.ARM.exidx.text.MPU6050_AngleReset), (8 bytes).
    Removing mpu6050.o(.bss.Pitch_Acc), (8 bytes).
    Removing mpu6050.o(.bss.Roll_Acc), (8 bytes).
    Removing lcd.o(.text), (0 bytes).
    Removing lcd.o(.ARM.exidx.text.LCD_Check), (8 bytes).
    Removing lcd.o(.ARM.exidx.text.LCD_Command), (8 bytes).
    Removing lcd.o(.text.LCD_GotoXY), (10 bytes).
    Removing lcd.o(.ARM.exidx.text.LCD_GotoXY), (8 bytes).
    Removing lcd.o(.text.LCD_Display), (8 bytes).
    Removing lcd.o(.ARM.exidx.text.LCD_Display), (8 bytes).
    Removing lcd.o(.ARM.exidx.text.LCD_Test), (8 bytes).
    Removing lcd.o(.ARM.exidx.text.LCD_Init), (8 bytes).
    Removing misc.o(.text), (0 bytes).
    Removing misc.o(.text.NVIC_PriorityGroupConfig), (28 bytes).
    Removing misc.o(.ARM.exidx.text.NVIC_PriorityGroupConfig), (8 bytes).
    Removing misc.o(.text.NVIC_Init), (170 bytes).
    Removing misc.o(.ARM.exidx.text.NVIC_Init), (8 bytes).
    Removing misc.o(.text.NVIC_SetVectorTable), (36 bytes).
    Removing misc.o(.ARM.exidx.text.NVIC_SetVectorTable), (8 bytes).
    Removing misc.o(.text.NVIC_SystemLPConfig), (62 bytes).
    Removing misc.o(.ARM.exidx.text.NVIC_SystemLPConfig), (8 bytes).
    Removing misc.o(.text.SysTick_CLKSourceConfig), (52 bytes).
    Removing misc.o(.ARM.exidx.text.SysTick_CLKSourceConfig), (8 bytes).
    Removing stm32f10x_gpio.o(.text), (0 bytes).
    Removing stm32f10x_gpio.o(.text.GPIO_DeInit), (276 bytes).
    Removing stm32f10x_gpio.o(.ARM.exidx.text.GPIO_DeInit), (8 bytes).
    Removing stm32f10x_gpio.o(.text.GPIO_AFIODeInit), (26 bytes).
    Removing stm32f10x_gpio.o(.ARM.exidx.text.GPIO_AFIODeInit), (8 bytes).
    Removing stm32f10x_gpio.o(.text.GPIO_Init), (390 bytes).
    Removing stm32f10x_gpio.o(.ARM.exidx.text.GPIO_Init), (8 bytes).
    Removing stm32f10x_gpio.o(.text.GPIO_StructInit), (28 bytes).
    Removing stm32f10x_gpio.o(.ARM.exidx.text.GPIO_StructInit), (8 bytes).
    Removing stm32f10x_gpio.o(.text.GPIO_ReadInputDataBit), (52 bytes).
    Removing stm32f10x_gpio.o(.ARM.exidx.text.GPIO_ReadInputDataBit), (8 bytes).
    Removing stm32f10x_gpio.o(.text.GPIO_ReadInputData), (14 bytes).
    Removing stm32f10x_gpio.o(.ARM.exidx.text.GPIO_ReadInputData), (8 bytes).
    Removing stm32f10x_gpio.o(.text.GPIO_ReadOutputDataBit), (52 bytes).
    Removing stm32f10x_gpio.o(.ARM.exidx.text.GPIO_ReadOutputDataBit), (8 bytes).
    Removing stm32f10x_gpio.o(.text.GPIO_ReadOutputData), (14 bytes).
    Removing stm32f10x_gpio.o(.ARM.exidx.text.GPIO_ReadOutputData), (8 bytes).
    Removing stm32f10x_gpio.o(.text.GPIO_SetBits), (20 bytes).
    Removing stm32f10x_gpio.o(.ARM.exidx.text.GPIO_SetBits), (8 bytes).
    Removing stm32f10x_gpio.o(.text.GPIO_ResetBits), (20 bytes).
    Removing stm32f10x_gpio.o(.ARM.exidx.text.GPIO_ResetBits), (8 bytes).
    Removing stm32f10x_gpio.o(.text.GPIO_WriteBit), (44 bytes).
    Removing stm32f10x_gpio.o(.ARM.exidx.text.GPIO_WriteBit), (8 bytes).
    Removing stm32f10x_gpio.o(.text.GPIO_Write), (20 bytes).
    Removing stm32f10x_gpio.o(.ARM.exidx.text.GPIO_Write), (8 bytes).
    Removing stm32f10x_gpio.o(.text.GPIO_PinLockConfig), (60 bytes).
    Removing stm32f10x_gpio.o(.ARM.exidx.text.GPIO_PinLockConfig), (8 bytes).
    Removing stm32f10x_gpio.o(.text.GPIO_EventOutputConfig), (64 bytes).
    Removing stm32f10x_gpio.o(.ARM.exidx.text.GPIO_EventOutputConfig), (8 bytes).
    Removing stm32f10x_gpio.o(.text.GPIO_EventOutputCmd), (22 bytes).
    Removing stm32f10x_gpio.o(.ARM.exidx.text.GPIO_EventOutputCmd), (8 bytes).
    Removing stm32f10x_gpio.o(.text.GPIO_PinRemapConfig), (250 bytes).
    Removing stm32f10x_gpio.o(.ARM.exidx.text.GPIO_PinRemapConfig), (8 bytes).
    Removing stm32f10x_gpio.o(.text.GPIO_EXTILineConfig), (84 bytes).
    Removing stm32f10x_gpio.o(.ARM.exidx.text.GPIO_EXTILineConfig), (8 bytes).
    Removing stm32f10x_gpio.o(.text.GPIO_ETH_MediaInterfaceConfig), (18 bytes).
    Removing stm32f10x_gpio.o(.ARM.exidx.text.GPIO_ETH_MediaInterfaceConfig), (8 bytes).
    Removing stm32f10x_rcc.o(.text), (0 bytes).
    Removing stm32f10x_rcc.o(.text.RCC_DeInit), (82 bytes).
    Removing stm32f10x_rcc.o(.ARM.exidx.text.RCC_DeInit), (8 bytes).
    Removing stm32f10x_rcc.o(.text.RCC_HSEConfig), (92 bytes).
    Removing stm32f10x_rcc.o(.ARM.exidx.text.RCC_HSEConfig), (8 bytes).
    Removing stm32f10x_rcc.o(.text.RCC_WaitForHSEStartUp), (108 bytes).
    Removing stm32f10x_rcc.o(.ARM.exidx.text.RCC_WaitForHSEStartUp), (8 bytes).
    Removing stm32f10x_rcc.o(.text.RCC_GetFlagStatus), (130 bytes).
    Removing stm32f10x_rcc.o(.ARM.exidx.text.RCC_GetFlagStatus), (8 bytes).
    Removing stm32f10x_rcc.o(.text.RCC_AdjustHSICalibrationValue), (50 bytes).
    Removing stm32f10x_rcc.o(.ARM.exidx.text.RCC_AdjustHSICalibrationValue), (8 bytes).
    Removing stm32f10x_rcc.o(.text.RCC_HSICmd), (22 bytes).
    Removing stm32f10x_rcc.o(.ARM.exidx.text.RCC_HSICmd), (8 bytes).
    Removing stm32f10x_rcc.o(.text.RCC_PLLConfig), (50 bytes).
    Removing stm32f10x_rcc.o(.ARM.exidx.text.RCC_PLLConfig), (8 bytes).
    Removing stm32f10x_rcc.o(.text.RCC_PLLCmd), (22 bytes).
    Removing stm32f10x_rcc.o(.ARM.exidx.text.RCC_PLLCmd), (8 bytes).
    Removing stm32f10x_rcc.o(.text.RCC_SYSCLKConfig), (44 bytes).
    Removing stm32f10x_rcc.o(.ARM.exidx.text.RCC_SYSCLKConfig), (8 bytes).
    Removing stm32f10x_rcc.o(.text.RCC_GetSYSCLKSource), (16 bytes).
    Removing stm32f10x_rcc.o(.ARM.exidx.text.RCC_GetSYSCLKSource), (8 bytes).
    Removing stm32f10x_rcc.o(.text.RCC_HCLKConfig), (44 bytes).
    Removing stm32f10x_rcc.o(.ARM.exidx.text.RCC_HCLKConfig), (8 bytes).
    Removing stm32f10x_rcc.o(.text.RCC_PCLK1Config), (44 bytes).
    Removing stm32f10x_rcc.o(.ARM.exidx.text.RCC_PCLK1Config), (8 bytes).
    Removing stm32f10x_rcc.o(.text.RCC_PCLK2Config), (46 bytes).
    Removing stm32f10x_rcc.o(.ARM.exidx.text.RCC_PCLK2Config), (8 bytes).
    Removing stm32f10x_rcc.o(.text.RCC_ITConfig), (62 bytes).
    Removing stm32f10x_rcc.o(.ARM.exidx.text.RCC_ITConfig), (8 bytes).
    Removing stm32f10x_rcc.o(.text.RCC_USBCLKConfig), (18 bytes).
    Removing stm32f10x_rcc.o(.ARM.exidx.text.RCC_USBCLKConfig), (8 bytes).
    Removing stm32f10x_rcc.o(.text.RCC_ADCCLKConfig), (44 bytes).
    Removing stm32f10x_rcc.o(.ARM.exidx.text.RCC_ADCCLKConfig), (8 bytes).
    Removing stm32f10x_rcc.o(.text.RCC_LSEConfig), (76 bytes).
    Removing stm32f10x_rcc.o(.ARM.exidx.text.RCC_LSEConfig), (8 bytes).
    Removing stm32f10x_rcc.o(.text.RCC_LSICmd), (24 bytes).
    Removing stm32f10x_rcc.o(.ARM.exidx.text.RCC_LSICmd), (8 bytes).
    Removing stm32f10x_rcc.o(.text.RCC_RTCCLKConfig), (24 bytes).
    Removing stm32f10x_rcc.o(.ARM.exidx.text.RCC_RTCCLKConfig), (8 bytes).
    Removing stm32f10x_rcc.o(.text.RCC_RTCCLKCmd), (24 bytes).
    Removing stm32f10x_rcc.o(.ARM.exidx.text.RCC_RTCCLKCmd), (8 bytes).
    Removing stm32f10x_rcc.o(.text.RCC_GetClocksFreq), (370 bytes).
    Removing stm32f10x_rcc.o(.ARM.exidx.text.RCC_GetClocksFreq), (8 bytes).
    Removing stm32f10x_rcc.o(.text.RCC_AHBPeriphClockCmd), (56 bytes).
    Removing stm32f10x_rcc.o(.ARM.exidx.text.RCC_AHBPeriphClockCmd), (8 bytes).
    Removing stm32f10x_rcc.o(.text.RCC_APB2PeriphClockCmd), (56 bytes).
    Removing stm32f10x_rcc.o(.ARM.exidx.text.RCC_APB2PeriphClockCmd), (8 bytes).
    Removing stm32f10x_rcc.o(.text.RCC_APB1PeriphClockCmd), (56 bytes).
    Removing stm32f10x_rcc.o(.ARM.exidx.text.RCC_APB1PeriphClockCmd), (8 bytes).
    Removing stm32f10x_rcc.o(.text.RCC_APB2PeriphResetCmd), (56 bytes).
    Removing stm32f10x_rcc.o(.ARM.exidx.text.RCC_APB2PeriphResetCmd), (8 bytes).
    Removing stm32f10x_rcc.o(.text.RCC_APB1PeriphResetCmd), (56 bytes).
    Removing stm32f10x_rcc.o(.ARM.exidx.text.RCC_APB1PeriphResetCmd), (8 bytes).
    Removing stm32f10x_rcc.o(.text.RCC_BackupResetCmd), (24 bytes).
    Removing stm32f10x_rcc.o(.ARM.exidx.text.RCC_BackupResetCmd), (8 bytes).
    Removing stm32f10x_rcc.o(.text.RCC_ClockSecuritySystemCmd), (22 bytes).
    Removing stm32f10x_rcc.o(.ARM.exidx.text.RCC_ClockSecuritySystemCmd), (8 bytes).
    Removing stm32f10x_rcc.o(.text.RCC_MCOConfig), (24 bytes).
    Removing stm32f10x_rcc.o(.ARM.exidx.text.RCC_MCOConfig), (8 bytes).
    Removing stm32f10x_rcc.o(.text.RCC_ClearFlag), (18 bytes).
    Removing stm32f10x_rcc.o(.ARM.exidx.text.RCC_ClearFlag), (8 bytes).
    Removing stm32f10x_rcc.o(.text.RCC_GetITStatus), (56 bytes).
    Removing stm32f10x_rcc.o(.ARM.exidx.text.RCC_GetITStatus), (8 bytes).
    Removing stm32f10x_rcc.o(.text.RCC_ClearITPendingBit), (24 bytes).
    Removing stm32f10x_rcc.o(.ARM.exidx.text.RCC_ClearITPendingBit), (8 bytes).
    Removing stm32f10x_rcc.o(.rodata.APBAHBPrescTable), (16 bytes).
    Removing stm32f10x_rcc.o(.rodata.ADCPrescTable), (4 bytes).
    Removing gpio_stm32f10x.o(.text), (0 bytes).
    Removing gpio_stm32f10x.o(.text.GPIO_PortClock), (528 bytes).
    Removing gpio_stm32f10x.o(.ARM.exidx.text.GPIO_PortClock), (8 bytes).
    Removing gpio_stm32f10x.o(.text.GPIO_GetPortClockState), (284 bytes).
    Removing gpio_stm32f10x.o(.ARM.exidx.text.GPIO_GetPortClockState), (8 bytes).
    Removing gpio_stm32f10x.o(.text.GPIO_PinConfigure), (222 bytes).
    Removing gpio_stm32f10x.o(.ARM.exidx.text.GPIO_PinConfigure), (8 bytes).
    Removing gpio_stm32f10x.o(.text.GPIO_AFConfigure), (228 bytes).
    Removing gpio_stm32f10x.o(.ARM.exidx.text.GPIO_AFConfigure), (8 bytes).
    Removing system_stm32f10x.o(.text), (0 bytes).
    Removing system_stm32f10x.o(.ARM.exidx.text.SystemInit), (8 bytes).
    Removing system_stm32f10x.o(.ARM.exidx.text.SetSysClock), (8 bytes).
    Removing system_stm32f10x.o(.text.SystemCoreClockUpdate), (290 bytes).
    Removing system_stm32f10x.o(.ARM.exidx.text.SystemCoreClockUpdate), (8 bytes).
    Removing system_stm32f10x.o(.ARM.exidx.text.SetSysClockTo72), (8 bytes).
    Removing system_stm32f10x.o(.data.SystemCoreClock), (4 bytes).
    Removing system_stm32f10x.o(.rodata.AHBPrescTable), (16 bytes).

261 unused section(s) (total 10446 bytes) removed from the image.
